make: Entering directory '/home/user01/GreenSQL'
query_runner configuration:
  QUERY_DIR      = queries/tpch/tpch-queries
  LOG_FILE       = logs/shared_buffers/sb_4GB/query_timing_tpch.csv
  SAMPLE_FILE    = logs/shared_buffers/sb_4GB/query_samples_tpch.csv
  CATALOG_FILE   = logs/shared_buffers/sb_4GB/query_catalog_tpch.csv
  SLOPE_FILE     = logs/shared_buffers/sb_4GB/query_slope_tpch.csv
  DB_NAME        = tpch
  DB_USER        = postgres
  PGPORT         = 5434
  PG_VERSION     = 18.4  (as reported by the server on that port)
  BATCHNUM       = 5 (slope sizes: 1 copy and 5 copies)
  RUNS           = 3 (measured batches per size)
  WARMUP         = 2 (single-copy; #1 primes cache, warm ones = N=1 anchor)
  WORKERS        = (planner default)
  STATEMENT_TIMEOUT = 900
  SIGLESS_ADDR   = (disabled)
Found 53 queries under queries/tpch/tpch-queries

Catalog snapshot: 11 relations -> logs/shared_buffers/sb_4GB/query_catalog_tpch.csv
[1/53] queries/tpch/tpch-queries/q01/base.sql (2 warmup [warm ones = N=1 anchor] + 3 x5)
  warmup 1/2: 1.966014 sec, 1 copy (cache prime)
  warmup 2/2: 1.874253 sec, 1 copy (N=1 anchor)
  batch 1/3: 9.509929 sec, 5 copies (server sum 9417.389 ms)
  batch 2/3: 10.014280 sec, 5 copies (server sum 9915.039 ms)
  batch 3/3: 10.184454 sec, 5 copies (server sum 10089.714 ms)
  slope: pkg 45.43 J/exec (intercept 7.67 J), wall 2.007159 s/exec (intercept -0.132906 s)
[2/53] queries/tpch/tpch-queries/q01/v1_materialized.sql (2 warmup [warm ones = N=1 anchor] + 3 x5)
  warmup 1/2: 2.108956 sec, 1 copy (cache prime)
  warmup 2/2: 2.120782 sec, 1 copy (N=1 anchor)
  batch 1/3: 10.203065 sec, 5 copies (server sum 10105.418 ms)
  batch 2/3: 10.215771 sec, 5 copies (server sum 10103.925 ms)
  batch 3/3: 10.198634 sec, 5 copies (server sum 10099.568 ms)
  slope: pkg 44.35 J/exec (intercept 2.21 J), wall 2.021260 s/exec (intercept 0.099522 s)
[3/53] queries/tpch/tpch-queries/q02/base.sql (2 warmup [warm ones = N=1 anchor] + 3 x5)
  warmup 1/2: 53.423755 sec, 1 copy (cache prime)
  warmup 2/2: 52.469788 sec, 1 copy (N=1 anchor)
  batch 1/3: 261.365314 sec, 5 copies (server sum 261268.348 ms)
  batch 2/3: 261.456182 sec, 5 copies (server sum 261354.011 ms)
  batch 3/3: 260.758712 sec, 5 copies (server sum 260649.310 ms)
  slope: pkg 450.6 J/exec (intercept 10.94 J), wall 52.180904 s/exec (intercept 0.288885 s)
[4/53] queries/tpch/tpch-queries/q02/v1_materialized.sql (2 warmup [warm ones = N=1 anchor] + 3 x5)
  warmup 1/2: 53.264131 sec, 1 copy (cache prime)
  warmup 2/2: 53.129523 sec, 1 copy (N=1 anchor)
  batch 1/3: 261.438698 sec, 5 copies (server sum 261341.479 ms)
  batch 2/3: 260.802515 sec, 5 copies (server sum 260701.940 ms)
  batch 3/3: 258.504607 sec, 5 copies (server sum 258402.455 ms)
  slope: pkg 472.6 J/exec (intercept -18.59 J), wall 51.779771 s/exec (intercept 1.349753 s)
[5/53] queries/tpch/tpch-queries/q02/v2_decorrelate.sql (2 warmup [warm ones = N=1 anchor] + 3 x5)
  warmup 1/2: 0.329811 sec, 1 copy (cache prime)
  warmup 2/2: 0.326622 sec, 1 copy (N=1 anchor)
  batch 1/3: 1.200799 sec, 5 copies (server sum 1101.881 ms)
  batch 2/3: 1.231160 sec, 5 copies (server sum 1111.752 ms)
  batch 3/3: 1.218600 sec, 5 copies (server sum 1112.636 ms)
  slope: pkg 3.31 J/exec (intercept 0.7596 J), wall 0.222558 s/exec (intercept 0.104064 s)
[6/53] queries/tpch/tpch-queries/q03/base.sql (2 warmup [warm ones = N=1 anchor] + 3 x5)
  warmup 1/2: 0.520940 sec, 1 copy (cache prime)
  warmup 2/2: 0.417799 sec, 1 copy (N=1 anchor)
  batch 1/3: 1.562540 sec, 5 copies (server sum 1467.321 ms)
  batch 2/3: 1.563387 sec, 5 copies (server sum 1471.283 ms)
  batch 3/3: 1.564209 sec, 5 copies (server sum 1468.992 ms)
  slope: pkg 7.36 J/exec (intercept 1.154 J), wall 0.286395 s/exec (intercept 0.131403 s)
[7/53] queries/tpch/tpch-queries/q03/v1_materialized.sql (2 warmup [warm ones = N=1 anchor] + 3 x5)
  warmup 1/2: 0.416390 sec, 1 copy (cache prime)
  warmup 2/2: 0.408645 sec, 1 copy (N=1 anchor)
  batch 1/3: 1.598051 sec, 5 copies (server sum 1493.231 ms)
  batch 2/3: 1.523912 sec, 5 copies (server sum 1479.752 ms)
  batch 3/3: 1.573565 sec, 5 copies (server sum 1481.383 ms)
  slope: pkg 7.444 J/exec (intercept 1.303 J), wall 0.289133 s/exec (intercept 0.119512 s)
[8/53] queries/tpch/tpch-queries/q04/base.sql (2 warmup [warm ones = N=1 anchor] + 3 x5)
  warmup 1/2: 0.210724 sec, 1 copy (cache prime)
  warmup 2/2: 0.167917 sec, 1 copy (N=1 anchor)
  batch 1/3: 0.670500 sec, 5 copies (server sum 575.693 ms)
  batch 2/3: 0.667255 sec, 5 copies (server sum 575.093 ms)
  batch 3/3: 0.667492 sec, 5 copies (server sum 574.308 ms)
  slope: pkg 3.068 J/exec (intercept 0.8989 J), wall 0.125125 s/exec (intercept 0.042792 s)
[9/53] queries/tpch/tpch-queries/q04/v1_materialized.sql (2 warmup [warm ones = N=1 anchor] + 3 x5)
  warmup 1/2: 0.217666 sec, 1 copy (cache prime)
  warmup 2/2: 0.222439 sec, 1 copy (N=1 anchor)
  batch 1/3: 0.613408 sec, 5 copies (server sum 571.207 ms)
  batch 2/3: 0.679125 sec, 5 copies (server sum 582.035 ms)
  batch 3/3: 0.674027 sec, 5 copies (server sum 577.281 ms)
  slope: pkg 3.057 J/exec (intercept 0.9136 J), wall 0.108270 s/exec (intercept 0.114169 s)
[10/53] queries/tpch/tpch-queries/q04/v2_in.sql (2 warmup [warm ones = N=1 anchor] + 3 x5)
  warmup 1/2: 0.224548 sec, 1 copy (cache prime)
  warmup 2/2: 0.216524 sec, 1 copy (N=1 anchor)
  batch 1/3: 0.611319 sec, 5 copies (server sum 568.777 ms)
  batch 2/3: 0.668165 sec, 5 copies (server sum 575.386 ms)
  batch 3/3: 0.667185 sec, 5 copies (server sum 573.427 ms)
  slope: pkg 3.083 J/exec (intercept 1.015 J), wall 0.108091 s/exec (intercept 0.108432 s)
[11/53] queries/tpch/tpch-queries/q05/base.sql (2 warmup [warm ones = N=1 anchor] + 3 x5)
  warmup 1/2: 0.367126 sec, 1 copy (cache prime)
  warmup 2/2: 0.372678 sec, 1 copy (N=1 anchor)
  batch 1/3: 1.370817 sec, 5 copies (server sum 1268.642 ms)
  batch 2/3: 1.377259 sec, 5 copies (server sum 1270.938 ms)
  batch 3/3: 1.378005 sec, 5 copies (server sum 1268.039 ms)
  slope: pkg 3.465 J/exec (intercept 1.237 J), wall 0.250671 s/exec (intercept 0.122007 s)
[12/53] queries/tpch/tpch-queries/q05/v1_materialized.sql (2 warmup [warm ones = N=1 anchor] + 3 x5)
  warmup 1/2: 0.365126 sec, 1 copy (cache prime)
  warmup 2/2: 0.365923 sec, 1 copy (N=1 anchor)
  batch 1/3: 1.359207 sec, 5 copies (server sum 1256.772 ms)
  batch 2/3: 1.362191 sec, 5 copies (server sum 1256.791 ms)
  batch 3/3: 1.291150 sec, 5 copies (server sum 1241.482 ms)
  slope: pkg 3.598 J/exec (intercept 1.052 J), wall 0.242898 s/exec (intercept 0.123025 s)
[13/53] queries/tpch/tpch-queries/q06/base.sql (2 warmup [warm ones = N=1 anchor] + 3 x5)
  warmup 1/2: 0.414741 sec, 1 copy (cache prime)
  warmup 2/2: 0.398273 sec, 1 copy (N=1 anchor)
  batch 1/3: 1.544468 sec, 5 copies (server sum 1441.129 ms)
  batch 2/3: 1.530803 sec, 5 copies (server sum 1439.807 ms)
  batch 3/3: 1.539451 sec, 5 copies (server sum 1443.385 ms)
  slope: pkg 8.182 J/exec (intercept 1.027 J), wall 0.284992 s/exec (intercept 0.113282 s)
[14/53] queries/tpch/tpch-queries/q06/v1_materialized.sql (2 warmup [warm ones = N=1 anchor] + 3 x5)
  warmup 1/2: 0.397861 sec, 1 copy (cache prime)
  warmup 2/2: 0.381476 sec, 1 copy (N=1 anchor)
  batch 1/3: 1.521226 sec, 5 copies (server sum 1429.728 ms)
  batch 2/3: 1.547708 sec, 5 copies (server sum 1451.410 ms)
  batch 3/3: 1.554930 sec, 5 copies (server sum 1453.640 ms)
  slope: pkg 8.205 J/exec (intercept 0.5541 J), wall 0.289953 s/exec (intercept 0.091524 s)
[15/53] queries/tpch/tpch-queries/q07/base.sql (2 warmup [warm ones = N=1 anchor] + 3 x5)
  warmup 1/2: 0.434378 sec, 1 copy (cache prime)
  warmup 2/2: 0.408294 sec, 1 copy (N=1 anchor)
  batch 1/3: 1.581073 sec, 5 copies (server sum 1485.967 ms)
  batch 2/3: 1.587100 sec, 5 copies (server sum 1484.009 ms)
  batch 3/3: 1.568706 sec, 5 copies (server sum 1466.905 ms)
  slope: pkg 4.812 J/exec (intercept 1.35 J), wall 0.292666 s/exec (intercept 0.115627 s)
[16/53] queries/tpch/tpch-queries/q07/v1_materialized.sql (2 warmup [warm ones = N=1 anchor] + 3 x5)
  warmup 1/2: 0.400469 sec, 1 copy (cache prime)
  warmup 2/2: 0.405619 sec, 1 copy (N=1 anchor)
  batch 1/3: 1.576031 sec, 5 copies (server sum 1478.128 ms)
  batch 2/3: 1.562537 sec, 5 copies (server sum 1465.353 ms)
  batch 3/3: 1.565713 sec, 5 copies (server sum 1468.447 ms)
  slope: pkg 4.904 J/exec (intercept 1.178 J), wall 0.290619 s/exec (intercept 0.115001 s)
[17/53] queries/tpch/tpch-queries/q07/v2_union_all.sql (2 warmup [warm ones = N=1 anchor] + 3 x5)
  warmup 1/2: 0.423865 sec, 1 copy (cache prime)
  warmup 2/2: 0.411431 sec, 1 copy (N=1 anchor)
  batch 1/3: 1.590744 sec, 5 copies (server sum 1492.247 ms)
  batch 2/3: 1.585731 sec, 5 copies (server sum 1482.773 ms)
  batch 3/3: 1.586420 sec, 5 copies (server sum 1488.654 ms)
  slope: pkg 4.959 J/exec (intercept 1.298 J), wall 0.294050 s/exec (intercept 0.117380 s)
[18/53] queries/tpch/tpch-queries/q08/base.sql (2 warmup [warm ones = N=1 anchor] + 3 x5)
  warmup 1/2: 0.507427 sec, 1 copy (cache prime)
  warmup 2/2: 0.485221 sec, 1 copy (N=1 anchor)
  batch 1/3: 1.927249 sec, 5 copies (server sum 1824.570 ms)
  batch 2/3: 1.906538 sec, 5 copies (server sum 1808.235 ms)
  batch 3/3: 1.907925 sec, 5 copies (server sum 1809.184 ms)
  slope: pkg 6.096 J/exec (intercept 1.704 J), wall 0.357171 s/exec (intercept 0.128051 s)
[19/53] queries/tpch/tpch-queries/q08/v1_materialized.sql (2 warmup [warm ones = N=1 anchor] + 3 x5)
  warmup 1/2: 0.489006 sec, 1 copy (cache prime)
  warmup 2/2: 0.488181 sec, 1 copy (N=1 anchor)
  batch 1/3: 1.905955 sec, 5 copies (server sum 1807.542 ms)
  batch 2/3: 1.916821 sec, 5 copies (server sum 1817.122 ms)
  batch 3/3: 1.913057 sec, 5 copies (server sum 1812.765 ms)
  slope: pkg 6.175 J/exec (intercept 1.523 J), wall 0.355941 s/exec (intercept 0.132240 s)
[20/53] queries/tpch/tpch-queries/q08/v2_filter.sql (2 warmup [warm ones = N=1 anchor] + 3 x5)
  warmup 1/2: 0.482668 sec, 1 copy (cache prime)
  warmup 2/2: 0.489790 sec, 1 copy (N=1 anchor)
  batch 1/3: 1.918953 sec, 5 copies (server sum 1819.780 ms)
  batch 2/3: 1.906308 sec, 5 copies (server sum 1806.094 ms)
  batch 3/3: 1.841848 sec, 5 copies (server sum 1792.818 ms)
  slope: pkg 6.236 J/exec (intercept 1.554 J), wall 0.349811 s/exec (intercept 0.139979 s)
[21/53] queries/tpch/tpch-queries/q09/base.sql (2 warmup [warm ones = N=1 anchor] + 3 x5)
  warmup 1/2: 1.258396 sec, 1 copy (cache prime)
  warmup 2/2: 1.251628 sec, 1 copy (N=1 anchor)
  batch 1/3: 5.806242 sec, 5 copies (server sum 5687.881 ms)
  batch 2/3: 5.843581 sec, 5 copies (server sum 5745.320 ms)
  batch 3/3: 5.789786 sec, 5 copies (server sum 5692.699 ms)
  slope: pkg 26 J/exec (intercept 0.8643 J), wall 1.140394 s/exec (intercept 0.111235 s)
[22/53] queries/tpch/tpch-queries/q09/v1_materialized.sql (2 warmup [warm ones = N=1 anchor] + 3 x5)
  warmup 1/2: 1.255727 sec, 1 copy (cache prime)
  warmup 2/2: 1.260423 sec, 1 copy (N=1 anchor)
  batch 1/3: 5.817170 sec, 5 copies (server sum 5721.418 ms)
  batch 2/3: 5.780592 sec, 5 copies (server sum 5678.999 ms)
  batch 3/3: 5.819040 sec, 5 copies (server sum 5713.749 ms)
  slope: pkg 25.91 J/exec (intercept 1.148 J), wall 1.136294 s/exec (intercept 0.124128 s)
[23/53] queries/tpch/tpch-queries/q10/base.sql (2 warmup [warm ones = N=1 anchor] + 3 x5)
  warmup 1/2: 0.480415 sec, 1 copy (cache prime)
  warmup 2/2: 0.481788 sec, 1 copy (N=1 anchor)
  batch 1/3: 1.935662 sec, 5 copies (server sum 1839.232 ms)
  batch 2/3: 1.916862 sec, 5 copies (server sum 1819.728 ms)
  batch 3/3: 1.934222 sec, 5 copies (server sum 1840.136 ms)
  slope: pkg 8.338 J/exec (intercept 1.56 J), wall 0.361782 s/exec (intercept 0.120006 s)
[24/53] queries/tpch/tpch-queries/q10/v1_materialized.sql (2 warmup [warm ones = N=1 anchor] + 3 x5)
  warmup 1/2: 0.496085 sec, 1 copy (cache prime)
  warmup 2/2: 0.492971 sec, 1 copy (N=1 anchor)
  batch 1/3: 2.009531 sec, 5 copies (server sum 1912.657 ms)
  batch 2/3: 2.036807 sec, 5 copies (server sum 1943.223 ms)
  batch 3/3: 2.024787 sec, 5 copies (server sum 1929.280 ms)
  slope: pkg 8.586 J/exec (intercept 1.624 J), wall 0.382684 s/exec (intercept 0.110287 s)
[25/53] queries/tpch/tpch-queries/q11/base.sql (2 warmup [warm ones = N=1 anchor] + 3 x5)
  warmup 1/2: 0.186985 sec, 1 copy (cache prime)
  warmup 2/2: 0.130356 sec, 1 copy (N=1 anchor)
  batch 1/3: 0.559260 sec, 5 copies (server sum 452.106 ms)
  batch 2/3: 0.574522 sec, 5 copies (server sum 469.764 ms)
  batch 3/3: 0.584407 sec, 5 copies (server sum 480.243 ms)
  slope: pkg 2.306 J/exec (intercept 0.7958 J), wall 0.110593 s/exec (intercept 0.019763 s)
[26/53] queries/tpch/tpch-queries/q11/v1_materialized.sql (2 warmup [warm ones = N=1 anchor] + 3 x5)
  warmup 1/2: 0.237900 sec, 1 copy (cache prime)
  warmup 2/2: 0.204487 sec, 1 copy (N=1 anchor)
  batch 1/3: 0.487321 sec, 5 copies (server sum 444.253 ms)
  batch 2/3: 0.577727 sec, 5 copies (server sum 472.519 ms)
  batch 3/3: 0.602525 sec, 5 copies (server sum 490.256 ms)
  slope: pkg 2.327 J/exec (intercept 0.8585 J), wall 0.087843 s/exec (intercept 0.116645 s)
[27/53] queries/tpch/tpch-queries/q11/v2_cte_threshold.sql (2 warmup [warm ones = N=1 anchor] + 3 x5)
  warmup 1/2: 0.226035 sec, 1 copy (cache prime)
  warmup 2/2: 0.203147 sec, 1 copy (N=1 anchor)
  batch 1/3: 0.487011 sec, 5 copies (server sum 443.735 ms)
  batch 2/3: 0.589282 sec, 5 copies (server sum 481.982 ms)
  batch 3/3: 0.583789 sec, 5 copies (server sum 478.703 ms)
  slope: pkg 2.326 J/exec (intercept 0.8106 J), wall 0.087553 s/exec (intercept 0.115593 s)
[28/53] queries/tpch/tpch-queries/q12/base.sql (2 warmup [warm ones = N=1 anchor] + 3 x5)
  warmup 1/2: 0.644813 sec, 1 copy (cache prime)
  warmup 2/2: 0.632347 sec, 1 copy (N=1 anchor)
  batch 1/3: 2.704717 sec, 5 copies (server sum 2600.025 ms)
  batch 2/3: 2.789513 sec, 5 copies (server sum 2691.443 ms)
  batch 3/3: 2.858582 sec, 5 copies (server sum 2763.894 ms)
  slope: pkg 12.73 J/exec (intercept 1.99 J), wall 0.537981 s/exec (intercept 0.094366 s)
[29/53] queries/tpch/tpch-queries/q12/v1_materialized.sql (2 warmup [warm ones = N=1 anchor] + 3 x5)
  warmup 1/2: 0.664033 sec, 1 copy (cache prime)
  warmup 2/2: 0.656061 sec, 1 copy (N=1 anchor)
  batch 1/3: 2.842340 sec, 5 copies (server sum 2745.996 ms)
  batch 2/3: 2.850349 sec, 5 copies (server sum 2748.500 ms)
  batch 3/3: 2.861093 sec, 5 copies (server sum 2755.627 ms)
  slope: pkg 12.06 J/exec (intercept 2.249 J), wall 0.548800 s/exec (intercept 0.107261 s)
[30/53] queries/tpch/tpch-queries/q12/v2_filter.sql (2 warmup [warm ones = N=1 anchor] + 3 x5)
  warmup 1/2: 0.651206 sec, 1 copy (cache prime)
  warmup 2/2: 0.659138 sec, 1 copy (N=1 anchor)
  batch 1/3: 2.843271 sec, 5 copies (server sum 2746.746 ms)
  batch 2/3: 2.805195 sec, 5 copies (server sum 2755.560 ms)
  batch 3/3: 2.839169 sec, 5 copies (server sum 2736.085 ms)
  slope: pkg 11.96 J/exec (intercept 2.382 J), wall 0.542518 s/exec (intercept 0.116620 s)
[31/53] queries/tpch/tpch-queries/q13/base.sql (2 warmup [warm ones = N=1 anchor] + 3 x5)
  warmup 1/2: 0.891752 sec, 1 copy (cache prime)
  warmup 2/2: 0.910364 sec, 1 copy (N=1 anchor)
  batch 1/3: 4.050422 sec, 5 copies (server sum 3952.505 ms)
  batch 2/3: 4.052331 sec, 5 copies (server sum 3950.658 ms)
  batch 3/3: 4.016989 sec, 5 copies (server sum 3918.824 ms)
  slope: pkg 10.04 J/exec (intercept 0.5822 J), wall 0.782387 s/exec (intercept 0.127977 s)
[32/53] queries/tpch/tpch-queries/q13/v1_materialized.sql (2 warmup [warm ones = N=1 anchor] + 3 x5)
  warmup 1/2: 0.934704 sec, 1 copy (cache prime)
  warmup 2/2: 0.905560 sec, 1 copy (N=1 anchor)
  batch 1/3: 3.940354 sec, 5 copies (server sum 3830.401 ms)
  batch 2/3: 3.600348 sec, 5 copies (server sum 3492.217 ms)
  batch 3/3: 3.562210 sec, 5 copies (server sum 3458.550 ms)
  slope: pkg 10.93 J/exec (intercept -0.2475 J), wall 0.698853 s/exec (intercept 0.206707 s)
[33/53] queries/tpch/tpch-queries/q13/v2_correlated.sql (2 warmup [warm ones = N=1 anchor] + 3 x5)
  warmup 1/2: 2.340952 sec, 1 copy (cache prime)
  warmup 2/2: 2.255744 sec, 1 copy (N=1 anchor)
  batch 1/3: 10.661834 sec, 5 copies (server sum 10568.759 ms)
  batch 2/3: 10.455240 sec, 5 copies (server sum 10411.459 ms)
  batch 3/3: 10.457321 sec, 5 copies (server sum 10360.403 ms)
  slope: pkg 19.59 J/exec (intercept 1.496 J), wall 2.067264 s/exec (intercept 0.188480 s)
[34/53] queries/tpch/tpch-queries/q14/base.sql (2 warmup [warm ones = N=1 anchor] + 3 x5)
  warmup 1/2: 0.425003 sec, 1 copy (cache prime)
  warmup 2/2: 0.426922 sec, 1 copy (N=1 anchor)
  batch 1/3: 1.674476 sec, 5 copies (server sum 1565.740 ms)
  batch 2/3: 1.662846 sec, 5 copies (server sum 1559.952 ms)
  batch 3/3: 1.657442 sec, 5 copies (server sum 1554.854 ms)
  slope: pkg 8.193 J/exec (intercept 0.9997 J), wall 0.309500 s/exec (intercept 0.117423 s)
[35/53] queries/tpch/tpch-queries/q14/v1_materialized.sql (2 warmup [warm ones = N=1 anchor] + 3 x5)
  warmup 1/2: 0.434189 sec, 1 copy (cache prime)
  warmup 2/2: 0.453332 sec, 1 copy (N=1 anchor)
  batch 1/3: 1.602020 sec, 5 copies (server sum 1557.810 ms)
  batch 2/3: 1.661658 sec, 5 copies (server sum 1558.790 ms)
  batch 3/3: 1.667735 sec, 5 copies (server sum 1568.303 ms)
  slope: pkg 8.395 J/exec (intercept 0.811 J), wall 0.297618 s/exec (intercept 0.155714 s)
[36/53] queries/tpch/tpch-queries/q14/v2_filter.sql (2 warmup [warm ones = N=1 anchor] + 3 x5)
  warmup 1/2: 0.437508 sec, 1 copy (cache prime)
  warmup 2/2: 0.432788 sec, 1 copy (N=1 anchor)
  batch 1/3: 1.651141 sec, 5 copies (server sum 1557.032 ms)
  batch 2/3: 1.669294 sec, 5 copies (server sum 1570.292 ms)
  batch 3/3: 1.646508 sec, 5 copies (server sum 1551.965 ms)
  slope: pkg 8.479 J/exec (intercept 0.8071 J), wall 0.305715 s/exec (intercept 0.127073 s)
[37/53] queries/tpch/tpch-queries/q15/base.sql (2 warmup [warm ones = N=1 anchor] + 3 x5)
  warmup 1/2: 0.464324 sec, 1 copy (cache prime)
  warmup 2/2: 0.449776 sec, 1 copy (N=1 anchor)
  batch 1/3: 1.716237 sec, 5 copies (server sum 1611.087 ms)
  batch 2/3: 1.722178 sec, 5 copies (server sum 1606.990 ms)
  batch 3/3: 1.650476 sec, 5 copies (server sum 1607.498 ms)
  slope: pkg 8.538 J/exec (intercept 2.725 J), wall 0.311630 s/exec (intercept 0.138145 s)
[38/53] queries/tpch/tpch-queries/q15/v1_materialized.sql (2 warmup [warm ones = N=1 anchor] + 3 x5)
  warmup 1/2: 0.431827 sec, 1 copy (cache prime)
  warmup 2/2: 0.441483 sec, 1 copy (N=1 anchor)
  batch 1/3: 1.704527 sec, 5 copies (server sum 1609.098 ms)
  batch 2/3: 1.716686 sec, 5 copies (server sum 1616.624 ms)
  batch 3/3: 1.717722 sec, 5 copies (server sum 1623.836 ms)
  slope: pkg 8.851 J/exec (intercept 0.9639 J), wall 0.317874 s/exec (intercept 0.123609 s)
[39/53] queries/tpch/tpch-queries/q16/base.sql (2 warmup [warm ones = N=1 anchor] + 3 x5)
  warmup 1/2: 0.340264 sec, 1 copy (cache prime)
  warmup 2/2: 0.351262 sec, 1 copy (N=1 anchor)
  batch 1/3: 1.389421 sec, 5 copies (server sum 1276.558 ms)
  batch 2/3: 1.399256 sec, 5 copies (server sum 1288.934 ms)
  batch 3/3: 1.371983 sec, 5 copies (server sum 1275.320 ms)
  slope: pkg 5.992 J/exec (intercept 0.7992 J), wall 0.258906 s/exec (intercept 0.092355 s)
[40/53] queries/tpch/tpch-queries/q16/v1_materialized.sql (2 warmup [warm ones = N=1 anchor] + 3 x5)
  warmup 1/2: 0.361932 sec, 1 copy (cache prime)
  warmup 2/2: 0.347921 sec, 1 copy (N=1 anchor)
  batch 1/3: 1.421906 sec, 5 copies (server sum 1315.117 ms)
  batch 2/3: 1.421168 sec, 5 copies (server sum 1313.003 ms)
  batch 3/3: 1.413892 sec, 5 copies (server sum 1303.717 ms)
  slope: pkg 6.143 J/exec (intercept 0.795 J), wall 0.267767 s/exec (intercept 0.080154 s)
[41/53] queries/tpch/tpch-queries/q16/v2_not_exists.sql (2 warmup [warm ones = N=1 anchor] + 3 x5)
  warmup 1/2: 0.339255 sec, 1 copy (cache prime)
  warmup 2/2: 0.348070 sec, 1 copy (N=1 anchor)
  batch 1/3: 1.330876 sec, 5 copies (server sum 1228.002 ms)
  batch 2/3: 1.316750 sec, 5 copies (server sum 1213.651 ms)
  batch 3/3: 1.298106 sec, 5 copies (server sum 1196.161 ms)
  slope: pkg 5.559 J/exec (intercept 0.7645 J), wall 0.241793 s/exec (intercept 0.106276 s)
[42/53] queries/tpch/tpch-queries/q17/v2_decorrelate.sql (2 warmup [warm ones = N=1 anchor] + 3 x5)
  warmup 1/2: 2.892499 sec, 1 copy (cache prime)
  warmup 2/2: 2.780706 sec, 1 copy (N=1 anchor)
  batch 1/3: 12.991408 sec, 5 copies (server sum 12896.378 ms)
  batch 2/3: 12.943015 sec, 5 copies (server sum 12871.036 ms)
  batch 3/3: 12.930005 sec, 5 copies (server sum 12836.205 ms)
  slope: pkg 56.01 J/exec (intercept 2.947 J), wall 2.543526 s/exec (intercept 0.237180 s)
[43/53] queries/tpch/tpch-queries/q18/base.sql (2 warmup [warm ones = N=1 anchor] + 3 x5)
  warmup 1/2: 2.350774 sec, 1 copy (cache prime)
  warmup 2/2: 2.430801 sec, 1 copy (N=1 anchor)
  batch 1/3: 11.976421 sec, 5 copies (server sum 11879.675 ms)
  batch 2/3: 11.876919 sec, 5 copies (server sum 11775.156 ms)
  batch 3/3: 11.972010 sec, 5 copies (server sum 11868.484 ms)
  slope: pkg 51.08 J/exec (intercept 6.269 J), wall 2.377746 s/exec (intercept 0.053056 s)
[44/53] queries/tpch/tpch-queries/q18/v1_materialized.sql (2 warmup [warm ones = N=1 anchor] + 3 x5)
  warmup 1/2: 2.686837 sec, 1 copy (cache prime)
  warmup 2/2: 2.643150 sec, 1 copy (N=1 anchor)
  batch 1/3: 12.582118 sec, 5 copies (server sum 12484.013 ms)
  batch 2/3: 12.544237 sec, 5 copies (server sum 12442.932 ms)
  batch 3/3: 12.761263 sec, 5 copies (server sum 12641.376 ms)
  slope: pkg 54.65 J/exec (intercept 3.831 J), wall 2.496514 s/exec (intercept 0.146636 s)
[45/53] queries/tpch/tpch-queries/q18/v2_join.sql (2 warmup [warm ones = N=1 anchor] + 3 x5)
  warmup 1/2: 2.485937 sec, 1 copy (cache prime)
  warmup 2/2: 2.420556 sec, 1 copy (N=1 anchor)
  batch 1/3: 11.857370 sec, 5 copies (server sum 11754.772 ms)
  batch 2/3: 11.662163 sec, 5 copies (server sum 11556.613 ms)
  batch 3/3: 12.059243 sec, 5 copies (server sum 11958.067 ms)
  slope: pkg 51.72 J/exec (intercept 1.436 J), wall 2.359759 s/exec (intercept 0.060797 s)
[46/53] queries/tpch/tpch-queries/q19/base.sql (2 warmup [warm ones = N=1 anchor] + 3 x5)
  warmup 1/2: 0.589725 sec, 1 copy (cache prime)
  warmup 2/2: 0.591234 sec, 1 copy (N=1 anchor)
  batch 1/3: 2.578473 sec, 5 copies (server sum 2478.119 ms)
  batch 2/3: 2.586667 sec, 5 copies (server sum 2478.140 ms)
  batch 3/3: 2.576088 sec, 5 copies (server sum 2479.683 ms)
  slope: pkg 10.9 J/exec (intercept 2.161 J), wall 0.497294 s/exec (intercept 0.093941 s)
[47/53] queries/tpch/tpch-queries/q19/v1_materialized.sql (2 warmup [warm ones = N=1 anchor] + 3 x5)
  warmup 1/2: 0.560681 sec, 1 copy (cache prime)
  warmup 2/2: 0.611746 sec, 1 copy (N=1 anchor)
  batch 1/3: 2.583451 sec, 5 copies (server sum 2467.957 ms)
  batch 2/3: 2.588075 sec, 5 copies (server sum 2490.322 ms)
  batch 3/3: 2.586735 sec, 5 copies (server sum 2487.748 ms)
  slope: pkg 10.92 J/exec (intercept 2.256 J), wall 0.493585 s/exec (intercept 0.118160 s)
[48/53] queries/tpch/tpch-queries/q19/v2_union_all.sql (2 warmup [warm ones = N=1 anchor] + 3 x5)
  warmup 1/2: 1.771831 sec, 1 copy (cache prime)
  warmup 2/2: 1.768563 sec, 1 copy (N=1 anchor)
  batch 1/3: 8.350921 sec, 5 copies (server sum 8254.610 ms)
  batch 2/3: 8.386307 sec, 5 copies (server sum 8286.226 ms)
  batch 3/3: 8.357531 sec, 5 copies (server sum 8256.829 ms)
  slope: pkg 36.17 J/exec (intercept 2.704 J), wall 1.649089 s/exec (intercept 0.119474 s)
[49/53] queries/tpch/tpch-queries/q21/base.sql (2 warmup [warm ones = N=1 anchor] + 3 x5)
  warmup 1/2: 0.760093 sec, 1 copy (cache prime)
  warmup 2/2: 0.725156 sec, 1 copy (N=1 anchor)
  batch 1/3: 3.146025 sec, 5 copies (server sum 3045.266 ms)
  batch 2/3: 3.164335 sec, 5 copies (server sum 3066.010 ms)
  batch 3/3: 3.179919 sec, 5 copies (server sum 3070.124 ms)
  slope: pkg 13.55 J/exec (intercept 2.021 J), wall 0.609568 s/exec (intercept 0.115588 s)
[50/53] queries/tpch/tpch-queries/q21/v1_materialized.sql (2 warmup [warm ones = N=1 anchor] + 3 x5)
  warmup 1/2: 0.684666 sec, 1 copy (cache prime)
  warmup 2/2: 0.732022 sec, 1 copy (N=1 anchor)
  batch 1/3: 3.158866 sec, 5 copies (server sum 3060.664 ms)
  batch 2/3: 3.175591 sec, 5 copies (server sum 3078.556 ms)
  batch 3/3: 3.174650 sec, 5 copies (server sum 3075.097 ms)
  slope: pkg 13.61 J/exec (intercept 1.732 J), wall 0.609420 s/exec (intercept 0.122602 s)
[51/53] queries/tpch/tpch-queries/q22/base.sql (2 warmup [warm ones = N=1 anchor] + 3 x5)
  warmup 1/2: 0.145796 sec, 1 copy (cache prime)
  warmup 2/2: 0.097352 sec, 1 copy (N=1 anchor)
  batch 1/3: 0.328981 sec, 5 copies (server sum 284.219 ms)
  batch 2/3: 0.410171 sec, 5 copies (server sum 292.514 ms)
  batch 3/3: 0.417976 sec, 5 copies (server sum 307.290 ms)
  slope: pkg 1.473 J/exec (intercept 0.6988 J), wall 0.072089 s/exec (intercept 0.025262 s)
[52/53] queries/tpch/tpch-queries/q22/v1_materialized.sql (2 warmup [warm ones = N=1 anchor] + 3 x5)
  warmup 1/2: 0.201325 sec, 1 copy (cache prime)
  warmup 2/2: 0.113889 sec, 1 copy (N=1 anchor)
  batch 1/3: 0.324914 sec, 5 copies (server sum 278.911 ms)
  batch 2/3: 0.418742 sec, 5 copies (server sum 311.068 ms)
  batch 3/3: 0.322893 sec, 5 copies (server sum 278.223 ms)
  slope: pkg 1.587 J/exec (intercept 0.3559 J), wall 0.060407 s/exec (intercept 0.053482 s)
[53/53] queries/tpch/tpch-queries/q22/v2_anti_join.sql (2 warmup [warm ones = N=1 anchor] + 3 x5)
  warmup 1/2: 0.253509 sec, 1 copy (cache prime)
  warmup 2/2: 0.157717 sec, 1 copy (N=1 anchor)
  batch 1/3: 0.713784 sec, 5 copies (server sum 610.213 ms)
  batch 2/3: 0.670067 sec, 5 copies (server sum 625.856 ms)
  batch 3/3: 0.740844 sec, 5 copies (server sum 632.603 ms)
  slope: pkg 3.224 J/exec (intercept 0.7298 J), wall 0.137629 s/exec (intercept 0.020088 s)

Done. Batch rows appended to logs/shared_buffers/sb_4GB/query_timing_tpch.csv
Per-copy samples appended to logs/shared_buffers/sb_4GB/query_samples_tpch.csv
Relation sizes appended to logs/shared_buffers/sb_4GB/query_catalog_tpch.csv
Per-query slope/intercept appended to logs/shared_buffers/sb_4GB/query_slope_tpch.csv
make: Leaving directory '/home/user01/GreenSQL'
