make: Entering directory '/home/user01/GreenSQL'
query_runner configuration:
  QUERY_DIR      = queries/tpch/tpch-queries
  LOG_FILE       = logs/shared_buffers/sb_4GB/query_timing_tpch_idx.csv
  SAMPLE_FILE    = logs/shared_buffers/sb_4GB/query_samples_tpch_idx.csv
  CATALOG_FILE   = logs/shared_buffers/sb_4GB/query_catalog_tpch_idx.csv
  SLOPE_FILE     = logs/shared_buffers/sb_4GB/query_slope_tpch_idx.csv
  DB_NAME        = tpch_idx
  DB_USER        = postgres
  PGPORT         = 5434
  PG_VERSION     = 18.4  (as reported by the server on that port)
  BATCHNUM       = 5 (slope sizes: 1 copy and 5 copies)
  RUNS           = 3 (measured batches per size)
  WARMUP         = 2 (single-copy; #1 primes cache, warm ones = N=1 anchor)
  WORKERS        = (planner default)
  STATEMENT_TIMEOUT = 900
  SIGLESS_ADDR   = (disabled)
Found 53 queries under queries/tpch/tpch-queries

Catalog snapshot: 37 relations -> logs/shared_buffers/sb_4GB/query_catalog_tpch_idx.csv
[1/53] queries/tpch/tpch-queries/q01/base.sql (2 warmup [warm ones = N=1 anchor] + 3 x5)
  warmup 1/2: 2.145557 sec, 1 copy (cache prime)
  warmup 2/2: 2.098450 sec, 1 copy (N=1 anchor)
  batch 1/3: 10.231030 sec, 5 copies (server sum 10134.099 ms)
  batch 2/3: 10.329566 sec, 5 copies (server sum 10216.730 ms)
  batch 3/3: 10.247656 sec, 5 copies (server sum 10128.308 ms)
  slope: pkg 44.87 J/exec (intercept 0.8508 J), wall 2.042742 s/exec (intercept 0.055708 s)
[2/53] queries/tpch/tpch-queries/q01/v1_materialized.sql (2 warmup [warm ones = N=1 anchor] + 3 x5)
  warmup 1/2: 2.115638 sec, 1 copy (cache prime)
  warmup 2/2: 2.120174 sec, 1 copy (N=1 anchor)
  batch 1/3: 10.181917 sec, 5 copies (server sum 10133.499 ms)
  batch 2/3: 10.183875 sec, 5 copies (server sum 10134.799 ms)
  batch 3/3: 10.243309 sec, 5 copies (server sum 10145.312 ms)
  slope: pkg 44.35 J/exec (intercept 2.178 J), wall 2.020715 s/exec (intercept 0.099460 s)
[3/53] queries/tpch/tpch-queries/q02/base.sql (2 warmup [warm ones = N=1 anchor] + 3 x5)
  warmup 1/2: 0.503164 sec, 1 copy (cache prime)
  warmup 2/2: 0.239438 sec, 1 copy (N=1 anchor)
  batch 1/3: 1.075345 sec, 5 copies (server sum 975.050 ms)
  batch 2/3: 0.994157 sec, 5 copies (server sum 942.995 ms)
  batch 3/3: 1.054041 sec, 5 copies (server sum 952.225 ms)
  slope: pkg 2.148 J/exec (intercept 0.7872 J), wall 0.200436 s/exec (intercept 0.039002 s)
[4/53] queries/tpch/tpch-queries/q02/v1_materialized.sql (2 warmup [warm ones = N=1 anchor] + 3 x5)
  warmup 1/2: 0.318370 sec, 1 copy (cache prime)
  warmup 2/2: 0.327804 sec, 1 copy (N=1 anchor)
  batch 1/3: 1.209139 sec, 5 copies (server sum 1095.512 ms)
  batch 2/3: 1.199152 sec, 5 copies (server sum 1098.176 ms)
  batch 3/3: 1.183147 sec, 5 copies (server sum 1084.535 ms)
  slope: pkg 1.959 J/exec (intercept 0.822 J), wall 0.217335 s/exec (intercept 0.110469 s)
[5/53] queries/tpch/tpch-queries/q02/v2_decorrelate.sql (2 warmup [warm ones = N=1 anchor] + 3 x5)
  warmup 1/2: 0.312460 sec, 1 copy (cache prime)
  warmup 2/2: 0.317988 sec, 1 copy (N=1 anchor)
  batch 1/3: 1.190348 sec, 5 copies (server sum 1072.195 ms)
  batch 2/3: 1.154368 sec, 5 copies (server sum 1049.506 ms)
  batch 3/3: 1.153829 sec, 5 copies (server sum 1049.033 ms)
  slope: pkg 1.453 J/exec (intercept 0.8535 J), wall 0.212048 s/exec (intercept 0.105939 s)
[6/53] queries/tpch/tpch-queries/q03/base.sql (2 warmup [warm ones = N=1 anchor] + 3 x5)
  warmup 1/2: 0.506180 sec, 1 copy (cache prime)
  warmup 2/2: 0.402959 sec, 1 copy (N=1 anchor)
  batch 1/3: 1.526261 sec, 5 copies (server sum 1427.393 ms)
  batch 2/3: 1.524941 sec, 5 copies (server sum 1431.063 ms)
  batch 3/3: 1.522893 sec, 5 copies (server sum 1429.590 ms)
  slope: pkg 7.629 J/exec (intercept 0.9963 J), wall 0.280435 s/exec (intercept 0.122524 s)
[7/53] queries/tpch/tpch-queries/q03/v1_materialized.sql (2 warmup [warm ones = N=1 anchor] + 3 x5)
  warmup 1/2: 0.400706 sec, 1 copy (cache prime)
  warmup 2/2: 0.404908 sec, 1 copy (N=1 anchor)
  batch 1/3: 1.485680 sec, 5 copies (server sum 1440.477 ms)
  batch 2/3: 1.529109 sec, 5 copies (server sum 1432.715 ms)
  batch 3/3: 1.489630 sec, 5 copies (server sum 1444.556 ms)
  slope: pkg 7.662 J/exec (intercept 1.213 J), wall 0.274141 s/exec (intercept 0.130766 s)
[8/53] queries/tpch/tpch-queries/q04/base.sql (2 warmup [warm ones = N=1 anchor] + 3 x5)
  warmup 1/2: 0.205345 sec, 1 copy (cache prime)
  warmup 2/2: 0.160832 sec, 1 copy (N=1 anchor)
  batch 1/3: 0.581829 sec, 5 copies (server sum 510.648 ms)
  batch 2/3: 0.610371 sec, 5 copies (server sum 515.551 ms)
  batch 3/3: 0.614808 sec, 5 copies (server sum 518.038 ms)
  slope: pkg 2.565 J/exec (intercept 1.108 J), wall 0.110376 s/exec (intercept 0.050456 s)
[9/53] queries/tpch/tpch-queries/q04/v1_materialized.sql (2 warmup [warm ones = N=1 anchor] + 3 x5)
  warmup 1/2: 0.211015 sec, 1 copy (cache prime)
  warmup 2/2: 0.155695 sec, 1 copy (N=1 anchor)
  batch 1/3: 0.591614 sec, 5 copies (server sum 511.420 ms)
  batch 2/3: 0.607824 sec, 5 copies (server sum 512.566 ms)
  batch 3/3: 0.556861 sec, 5 copies (server sum 511.672 ms)
  slope: pkg 2.604 J/exec (intercept 1.022 J), wall 0.107434 s/exec (intercept 0.048261 s)
[10/53] queries/tpch/tpch-queries/q04/v2_in.sql (2 warmup [warm ones = N=1 anchor] + 3 x5)
  warmup 1/2: 0.212660 sec, 1 copy (cache prime)
  warmup 2/2: 0.214982 sec, 1 copy (N=1 anchor)
  batch 1/3: 0.575518 sec, 5 copies (server sum 532.256 ms)
  batch 2/3: 0.554783 sec, 5 copies (server sum 511.195 ms)
  batch 3/3: 0.611670 sec, 5 copies (server sum 517.370 ms)
  slope: pkg 2.934 J/exec (intercept 0.701 J), wall 0.091419 s/exec (intercept 0.123563 s)
[11/53] queries/tpch/tpch-queries/q05/base.sql (2 warmup [warm ones = N=1 anchor] + 3 x5)
  warmup 1/2: 0.375754 sec, 1 copy (cache prime)
  warmup 2/2: 0.364930 sec, 1 copy (N=1 anchor)
  batch 1/3: 1.447662 sec, 5 copies (server sum 1322.131 ms)
  batch 2/3: 1.405220 sec, 5 copies (server sum 1295.512 ms)
  batch 3/3: 1.384580 sec, 5 copies (server sum 1282.082 ms)
  slope: pkg 3.465 J/exec (intercept 1.517 J), wall 0.261889 s/exec (intercept 0.103041 s)
[12/53] queries/tpch/tpch-queries/q05/v1_materialized.sql (2 warmup [warm ones = N=1 anchor] + 3 x5)
  warmup 1/2: 0.372664 sec, 1 copy (cache prime)
  warmup 2/2: 0.312587 sec, 1 copy (N=1 anchor)
  batch 1/3: 1.393968 sec, 5 copies (server sum 1292.077 ms)
  batch 2/3: 1.392590 sec, 5 copies (server sum 1289.561 ms)
  batch 3/3: 1.376120 sec, 5 copies (server sum 1272.764 ms)
  slope: pkg 3.596 J/exec (intercept 1.255 J), wall 0.268743 s/exec (intercept 0.043844 s)
[13/53] queries/tpch/tpch-queries/q06/base.sql (2 warmup [warm ones = N=1 anchor] + 3 x5)
  warmup 1/2: 0.187510 sec, 1 copy (cache prime)
  warmup 2/2: 0.110894 sec, 1 copy (N=1 anchor)
  batch 1/3: 0.385941 sec, 5 copies (server sum 344.037 ms)
  batch 2/3: 0.374879 sec, 5 copies (server sum 333.398 ms)
  batch 3/3: 0.441311 sec, 5 copies (server sum 335.832 ms)
  slope: pkg 1.887 J/exec (intercept 0.4341 J), wall 0.072454 s/exec (intercept 0.038440 s)
[14/53] queries/tpch/tpch-queries/q06/v1_materialized.sql (2 warmup [warm ones = N=1 anchor] + 3 x5)
  warmup 1/2: 0.211627 sec, 1 copy (cache prime)
  warmup 2/2: 0.105341 sec, 1 copy (N=1 anchor)
  batch 1/3: 0.366228 sec, 5 copies (server sum 324.451 ms)
  batch 2/3: 0.458845 sec, 5 copies (server sum 350.645 ms)
  batch 3/3: 0.455226 sec, 5 copies (server sum 350.186 ms)
  slope: pkg 1.797 J/exec (intercept 0.6112 J), wall 0.080356 s/exec (intercept 0.024985 s)
[15/53] queries/tpch/tpch-queries/q07/base.sql (2 warmup [warm ones = N=1 anchor] + 3 x5)
  warmup 1/2: 0.784485 sec, 1 copy (cache prime)
  warmup 2/2: 0.745224 sec, 1 copy (N=1 anchor)
  batch 1/3: 3.176300 sec, 5 copies (server sum 3077.017 ms)
  batch 2/3: 3.180732 sec, 5 copies (server sum 3076.211 ms)
  batch 3/3: 3.112841 sec, 5 copies (server sum 3062.417 ms)
  slope: pkg 9.614 J/exec (intercept 0.8369 J), wall 0.602850 s/exec (intercept 0.142374 s)
[16/53] queries/tpch/tpch-queries/q07/v1_materialized.sql (2 warmup [warm ones = N=1 anchor] + 3 x5)
  warmup 1/2: 0.736075 sec, 1 copy (cache prime)
  warmup 2/2: 0.730145 sec, 1 copy (N=1 anchor)
  batch 1/3: 3.214054 sec, 5 copies (server sum 3107.763 ms)
  batch 2/3: 3.260971 sec, 5 copies (server sum 3159.137 ms)
  batch 3/3: 3.178404 sec, 5 copies (server sum 3072.812 ms)
  slope: pkg 9.342 J/exec (intercept 1.847 J), wall 0.621916 s/exec (intercept 0.108229 s)
[17/53] queries/tpch/tpch-queries/q07/v2_union_all.sql (2 warmup [warm ones = N=1 anchor] + 3 x5)
  warmup 1/2: 0.701549 sec, 1 copy (cache prime)
  warmup 2/2: 0.701952 sec, 1 copy (N=1 anchor)
  batch 1/3: 3.058156 sec, 5 copies (server sum 2952.788 ms)
  batch 2/3: 3.063270 sec, 5 copies (server sum 2955.454 ms)
  batch 3/3: 3.043482 sec, 5 copies (server sum 2940.574 ms)
  slope: pkg 7.578 J/exec (intercept 1.754 J), wall 0.588254 s/exec (intercept 0.113697 s)
[18/53] queries/tpch/tpch-queries/q08/base.sql (2 warmup [warm ones = N=1 anchor] + 3 x5)
  warmup 1/2: 0.266232 sec, 1 copy (cache prime)
  warmup 2/2: 0.250570 sec, 1 copy (N=1 anchor)
  batch 1/3: 0.757210 sec, 5 copies (server sum 703.525 ms)
  batch 2/3: 0.809013 sec, 5 copies (server sum 706.631 ms)
  batch 3/3: 0.805630 sec, 5 copies (server sum 702.821 ms)
  slope: pkg 2.353 J/exec (intercept 1.353 J), wall 0.135012 s/exec (intercept 0.115558 s)
[19/53] queries/tpch/tpch-queries/q08/v1_materialized.sql (2 warmup [warm ones = N=1 anchor] + 3 x5)
  warmup 1/2: 0.197265 sec, 1 copy (cache prime)
  warmup 2/2: 0.196902 sec, 1 copy (N=1 anchor)
  batch 1/3: 0.754017 sec, 5 copies (server sum 699.775 ms)
  batch 2/3: 0.816857 sec, 5 copies (server sum 707.458 ms)
  batch 3/3: 0.810606 sec, 5 copies (server sum 707.214 ms)
  slope: pkg 2.372 J/exec (intercept 1.349 J), wall 0.149231 s/exec (intercept 0.047671 s)
[20/53] queries/tpch/tpch-queries/q08/v2_filter.sql (2 warmup [warm ones = N=1 anchor] + 3 x5)
  warmup 1/2: 0.245209 sec, 1 copy (cache prime)
  warmup 2/2: 0.252998 sec, 1 copy (N=1 anchor)
  batch 1/3: 0.762059 sec, 5 copies (server sum 705.714 ms)
  batch 2/3: 0.800142 sec, 5 copies (server sum 698.582 ms)
  batch 3/3: 0.810738 sec, 5 copies (server sum 704.261 ms)
  slope: pkg 2.384 J/exec (intercept 1.266 J), wall 0.134495 s/exec (intercept 0.118502 s)
[21/53] queries/tpch/tpch-queries/q09/base.sql (2 warmup [warm ones = N=1 anchor] + 3 x5)
  warmup 1/2: 1.189622 sec, 1 copy (cache prime)
  warmup 2/2: 1.158248 sec, 1 copy (N=1 anchor)
  batch 1/3: 5.439066 sec, 5 copies (server sum 5349.869 ms)
  batch 2/3: 5.893426 sec, 5 copies (server sum 5785.319 ms)
  batch 3/3: 5.907651 sec, 5 copies (server sum 5800.023 ms)
  slope: pkg 20.23 J/exec (intercept 3.326 J), wall 1.147117 s/exec (intercept 0.011132 s)
[22/53] queries/tpch/tpch-queries/q09/v1_materialized.sql (2 warmup [warm ones = N=1 anchor] + 3 x5)
  warmup 1/2: 1.219612 sec, 1 copy (cache prime)
  warmup 2/2: 1.301062 sec, 1 copy (N=1 anchor)
  batch 1/3: 5.922212 sec, 5 copies (server sum 5811.826 ms)
  batch 2/3: 5.901734 sec, 5 copies (server sum 5782.742 ms)
  batch 3/3: 5.887746 sec, 5 copies (server sum 5780.417 ms)
  slope: pkg 20.01 J/exec (intercept 2.027 J), wall 1.150709 s/exec (intercept 0.150353 s)
[23/53] queries/tpch/tpch-queries/q10/base.sql (2 warmup [warm ones = N=1 anchor] + 3 x5)
  warmup 1/2: 0.423061 sec, 1 copy (cache prime)
  warmup 2/2: 0.408178 sec, 1 copy (N=1 anchor)
  batch 1/3: 1.654857 sec, 5 copies (server sum 1549.987 ms)
  batch 2/3: 1.666058 sec, 5 copies (server sum 1568.580 ms)
  batch 3/3: 1.629214 sec, 5 copies (server sum 1530.053 ms)
  slope: pkg 6.237 J/exec (intercept 4.153 J), wall 0.310466 s/exec (intercept 0.097712 s)
[24/53] queries/tpch/tpch-queries/q10/v1_materialized.sql (2 warmup [warm ones = N=1 anchor] + 3 x5)
  warmup 1/2: 0.444096 sec, 1 copy (cache prime)
  warmup 2/2: 0.445162 sec, 1 copy (N=1 anchor)
  batch 1/3: 1.711427 sec, 5 copies (server sum 1615.140 ms)
  batch 2/3: 1.717985 sec, 5 copies (server sum 1612.640 ms)
  batch 3/3: 1.703800 sec, 5 copies (server sum 1602.026 ms)
  slope: pkg 6.867 J/exec (intercept 1.537 J), wall 0.316477 s/exec (intercept 0.128684 s)
[25/53] queries/tpch/tpch-queries/q11/base.sql (2 warmup [warm ones = N=1 anchor] + 3 x5)
  warmup 1/2: 0.182568 sec, 1 copy (cache prime)
  warmup 2/2: 0.134270 sec, 1 copy (N=1 anchor)
  batch 1/3: 0.531542 sec, 5 copies (server sum 425.674 ms)
  batch 2/3: 0.524235 sec, 5 copies (server sum 427.143 ms)
  batch 3/3: 0.536978 sec, 5 copies (server sum 428.765 ms)
  slope: pkg 0.6465 J/exec (intercept 0.693 J), wall 0.099162 s/exec (intercept 0.035108 s)
[26/53] queries/tpch/tpch-queries/q11/v1_materialized.sql (2 warmup [warm ones = N=1 anchor] + 3 x5)
  warmup 1/2: 0.177851 sec, 1 copy (cache prime)
  warmup 2/2: 0.134046 sec, 1 copy (N=1 anchor)
  batch 1/3: 0.548865 sec, 5 copies (server sum 439.632 ms)
  batch 2/3: 0.537153 sec, 5 copies (server sum 440.192 ms)
  batch 3/3: 0.535168 sec, 5 copies (server sum 436.785 ms)
  slope: pkg 0.6199 J/exec (intercept 0.738 J), wall 0.101587 s/exec (intercept 0.032459 s)
[27/53] queries/tpch/tpch-queries/q11/v2_cte_threshold.sql (2 warmup [warm ones = N=1 anchor] + 3 x5)
  warmup 1/2: 0.184278 sec, 1 copy (cache prime)
  warmup 2/2: 0.135390 sec, 1 copy (N=1 anchor)
  batch 1/3: 0.545990 sec, 5 copies (server sum 437.391 ms)
  batch 2/3: 0.561173 sec, 5 copies (server sum 450.766 ms)
  batch 3/3: 0.536587 sec, 5 copies (server sum 435.281 ms)
  slope: pkg 0.6073 J/exec (intercept 0.6934 J), wall 0.103132 s/exec (intercept 0.032258 s)
[28/53] queries/tpch/tpch-queries/q12/base.sql (2 warmup [warm ones = N=1 anchor] + 3 x5)
  warmup 1/2: 0.565488 sec, 1 copy (cache prime)
  warmup 2/2: 0.559555 sec, 1 copy (N=1 anchor)
  batch 1/3: 2.300612 sec, 5 copies (server sum 2206.562 ms)
  batch 2/3: 2.313187 sec, 5 copies (server sum 2216.142 ms)
  batch 3/3: 2.303589 sec, 5 copies (server sum 2207.964 ms)
  slope: pkg 11.49 J/exec (intercept 1.285 J), wall 0.436560 s/exec (intercept 0.122994 s)
[29/53] queries/tpch/tpch-queries/q12/v1_materialized.sql (2 warmup [warm ones = N=1 anchor] + 3 x5)
  warmup 1/2: 0.564566 sec, 1 copy (cache prime)
  warmup 2/2: 0.566435 sec, 1 copy (N=1 anchor)
  batch 1/3: 2.326992 sec, 5 copies (server sum 2229.609 ms)
  batch 2/3: 2.327471 sec, 5 copies (server sum 2224.969 ms)
  batch 3/3: 2.339320 sec, 5 copies (server sum 2238.690 ms)
  slope: pkg 11.62 J/exec (intercept 1.33 J), wall 0.441206 s/exec (intercept 0.125229 s)
[30/53] queries/tpch/tpch-queries/q12/v2_filter.sql (2 warmup [warm ones = N=1 anchor] + 3 x5)
  warmup 1/2: 0.571426 sec, 1 copy (cache prime)
  warmup 2/2: 0.527177 sec, 1 copy (N=1 anchor)
  batch 1/3: 2.327281 sec, 5 copies (server sum 2232.642 ms)
  batch 2/3: 2.344053 sec, 5 copies (server sum 2249.526 ms)
  batch 3/3: 2.339918 sec, 5 copies (server sum 2242.387 ms)
  slope: pkg 11.5 J/exec (intercept 1.417 J), wall 0.452477 s/exec (intercept 0.074700 s)
[31/53] queries/tpch/tpch-queries/q13/base.sql (2 warmup [warm ones = N=1 anchor] + 3 x5)
  warmup 1/2: 0.893526 sec, 1 copy (cache prime)
  warmup 2/2: 0.902194 sec, 1 copy (N=1 anchor)
  batch 1/3: 3.992422 sec, 5 copies (server sum 3895.364 ms)
  batch 2/3: 3.972514 sec, 5 copies (server sum 3877.196 ms)
  batch 3/3: 3.987640 sec, 5 copies (server sum 3886.231 ms)
  slope: pkg 9.948 J/exec (intercept 0.7663 J), wall 0.770499 s/exec (intercept 0.131695 s)
[32/53] queries/tpch/tpch-queries/q13/v1_materialized.sql (2 warmup [warm ones = N=1 anchor] + 3 x5)
  warmup 1/2: 0.835837 sec, 1 copy (cache prime)
  warmup 2/2: 0.897689 sec, 1 copy (N=1 anchor)
  batch 1/3: 3.985525 sec, 5 copies (server sum 3873.374 ms)
  batch 2/3: 3.955699 sec, 5 copies (server sum 3856.467 ms)
  batch 3/3: 3.975571 sec, 5 copies (server sum 3874.400 ms)
  slope: pkg 9.872 J/exec (intercept 0.8302 J), wall 0.768644 s/exec (intercept 0.129045 s)
[33/53] queries/tpch/tpch-queries/q13/v2_correlated.sql (2 warmup [warm ones = N=1 anchor] + 3 x5)
  warmup 1/2: 2.338498 sec, 1 copy (cache prime)
  warmup 2/2: 2.313819 sec, 1 copy (N=1 anchor)
  batch 1/3: 10.625287 sec, 5 copies (server sum 10531.422 ms)
  batch 2/3: 10.551938 sec, 5 copies (server sum 10452.400 ms)
  batch 3/3: 10.672600 sec, 5 copies (server sum 10578.989 ms)
  slope: pkg 20.17 J/exec (intercept 1.193 J), wall 2.075697 s/exec (intercept 0.238122 s)
[34/53] queries/tpch/tpch-queries/q14/base.sql (2 warmup [warm ones = N=1 anchor] + 3 x5)
  warmup 1/2: 0.205878 sec, 1 copy (cache prime)
  warmup 2/2: 0.204821 sec, 1 copy (N=1 anchor)
  batch 1/3: 0.748125 sec, 5 copies (server sum 702.790 ms)
  batch 2/3: 0.800216 sec, 5 copies (server sum 700.226 ms)
  batch 3/3: 0.799893 sec, 5 copies (server sum 701.381 ms)
  slope: pkg 2.797 J/exec (intercept 1.316 J), wall 0.144481 s/exec (intercept 0.060340 s)
[35/53] queries/tpch/tpch-queries/q14/v1_materialized.sql (2 warmup [warm ones = N=1 anchor] + 3 x5)
  warmup 1/2: 0.255431 sec, 1 copy (cache prime)
  warmup 2/2: 0.253480 sec, 1 copy (N=1 anchor)
  batch 1/3: 0.753315 sec, 5 copies (server sum 703.541 ms)
  batch 2/3: 0.803860 sec, 5 copies (server sum 708.482 ms)
  batch 3/3: 0.802542 sec, 5 copies (server sum 705.186 ms)
  slope: pkg 2.756 J/exec (intercept 1.489 J), wall 0.133273 s/exec (intercept 0.120206 s)
[36/53] queries/tpch/tpch-queries/q14/v2_filter.sql (2 warmup [warm ones = N=1 anchor] + 3 x5)
  warmup 1/2: 0.256227 sec, 1 copy (cache prime)
  warmup 2/2: 0.255626 sec, 1 copy (N=1 anchor)
  batch 1/3: 0.751152 sec, 5 copies (server sum 705.418 ms)
  batch 2/3: 0.804893 sec, 5 copies (server sum 709.932 ms)
  batch 3/3: 0.806082 sec, 5 copies (server sum 700.012 ms)
  slope: pkg 2.744 J/exec (intercept 1.439 J), wall 0.132937 s/exec (intercept 0.122688 s)
[37/53] queries/tpch/tpch-queries/q15/base.sql (2 warmup [warm ones = N=1 anchor] + 3 x5)
  warmup 1/2: 0.379192 sec, 1 copy (cache prime)
  warmup 2/2: 0.369324 sec, 1 copy (N=1 anchor)
  batch 1/3: 1.389778 sec, 5 copies (server sum 1296.065 ms)
  batch 2/3: 1.402989 sec, 5 copies (server sum 1305.608 ms)
  batch 3/3: 1.412261 sec, 5 copies (server sum 1306.129 ms)
  slope: pkg 6.089 J/exec (intercept 1.407 J), wall 0.258088 s/exec (intercept 0.111235 s)
[38/53] queries/tpch/tpch-queries/q15/v1_materialized.sql (2 warmup [warm ones = N=1 anchor] + 3 x5)
  warmup 1/2: 0.378027 sec, 1 copy (cache prime)
  warmup 2/2: 0.379404 sec, 1 copy (N=1 anchor)
  batch 1/3: 1.405058 sec, 5 copies (server sum 1310.459 ms)
  batch 2/3: 1.407755 sec, 5 copies (server sum 1309.880 ms)
  batch 3/3: 1.412113 sec, 5 copies (server sum 1302.689 ms)
  slope: pkg 6.177 J/exec (intercept 1.229 J), wall 0.257226 s/exec (intercept 0.122178 s)
[39/53] queries/tpch/tpch-queries/q16/base.sql (2 warmup [warm ones = N=1 anchor] + 3 x5)
  warmup 1/2: 0.349619 sec, 1 copy (cache prime)
  warmup 2/2: 0.341777 sec, 1 copy (N=1 anchor)
  batch 1/3: 1.297282 sec, 5 copies (server sum 1202.446 ms)
  batch 2/3: 1.316901 sec, 5 copies (server sum 1206.128 ms)
  batch 3/3: 1.315390 sec, 5 copies (server sum 1202.558 ms)
  slope: pkg 5.982 J/exec (intercept 0.5455 J), wall 0.242020 s/exec (intercept 0.099757 s)
[40/53] queries/tpch/tpch-queries/q16/v1_materialized.sql (2 warmup [warm ones = N=1 anchor] + 3 x5)
  warmup 1/2: 0.359928 sec, 1 copy (cache prime)
  warmup 2/2: 0.348730 sec, 1 copy (N=1 anchor)
  batch 1/3: 1.308536 sec, 5 copies (server sum 1212.360 ms)
  batch 2/3: 1.325274 sec, 5 copies (server sum 1224.257 ms)
  batch 3/3: 1.322582 sec, 5 copies (server sum 1211.978 ms)
  slope: pkg 5.986 J/exec (intercept 0.6361 J), wall 0.242517 s/exec (intercept 0.106214 s)
[41/53] queries/tpch/tpch-queries/q16/v2_not_exists.sql (2 warmup [warm ones = N=1 anchor] + 3 x5)
  warmup 1/2: 0.297768 sec, 1 copy (cache prime)
  warmup 2/2: 0.306121 sec, 1 copy (N=1 anchor)
  batch 1/3: 1.152282 sec, 5 copies (server sum 1054.487 ms)
  batch 2/3: 1.167604 sec, 5 copies (server sum 1060.620 ms)
  batch 3/3: 1.156868 sec, 5 copies (server sum 1048.610 ms)
  slope: pkg 4.903 J/exec (intercept 0.5485 J), wall 0.213199 s/exec (intercept 0.092921 s)
[42/53] queries/tpch/tpch-queries/q17/v2_decorrelate.sql (2 warmup [warm ones = N=1 anchor] + 3 x5)
  warmup 1/2: 2.269187 sec, 1 copy (cache prime)
  warmup 2/2: 2.213599 sec, 1 copy (N=1 anchor)
  batch 1/3: 10.513154 sec, 5 copies (server sum 10417.402 ms)
  batch 2/3: 10.526341 sec, 5 copies (server sum 10430.999 ms)
  batch 3/3: 10.618028 sec, 5 copies (server sum 10521.051 ms)
  slope: pkg 44.07 J/exec (intercept 1.724 J), wall 2.084727 s/exec (intercept 0.128872 s)
[43/53] queries/tpch/tpch-queries/q18/base.sql (2 warmup [warm ones = N=1 anchor] + 3 x5)
  warmup 1/2: 2.295865 sec, 1 copy (cache prime)
  warmup 2/2: 2.304080 sec, 1 copy (N=1 anchor)
  batch 1/3: 11.486513 sec, 5 copies (server sum 11383.189 ms)
  batch 2/3: 12.094652 sec, 5 copies (server sum 11989.142 ms)
  batch 3/3: 11.783012 sec, 5 copies (server sum 11668.843 ms)
  slope: pkg 51.43 J/exec (intercept 8.511 J), wall 2.370995 s/exec (intercept -0.066915 s)
[44/53] queries/tpch/tpch-queries/q18/v1_materialized.sql (2 warmup [warm ones = N=1 anchor] + 3 x5)
  warmup 1/2: 2.660961 sec, 1 copy (cache prime)
  warmup 2/2: 2.570971 sec, 1 copy (N=1 anchor)
  batch 1/3: 12.601203 sec, 5 copies (server sum 12497.742 ms)
  batch 2/3: 12.968704 sec, 5 copies (server sum 12862.275 ms)
  batch 3/3: 12.982584 sec, 5 copies (server sum 12879.401 ms)
  slope: pkg 56.3 J/exec (intercept 0.4059 J), wall 2.569965 s/exec (intercept 0.001006 s)
[45/53] queries/tpch/tpch-queries/q18/v2_join.sql (2 warmup [warm ones = N=1 anchor] + 3 x5)
  warmup 1/2: 2.298363 sec, 1 copy (cache prime)
  warmup 2/2: 2.457874 sec, 1 copy (N=1 anchor)
  batch 1/3: 11.814890 sec, 5 copies (server sum 11706.178 ms)
  batch 2/3: 11.915527 sec, 5 copies (server sum 11812.626 ms)
  batch 3/3: 11.813939 sec, 5 copies (server sum 11713.129 ms)
  slope: pkg 51.56 J/exec (intercept 2.023 J), wall 2.347561 s/exec (intercept 0.110313 s)
[46/53] queries/tpch/tpch-queries/q19/base.sql (2 warmup [warm ones = N=1 anchor] + 3 x5)
  warmup 1/2: 0.142286 sec, 1 copy (cache prime)
  warmup 2/2: 0.085655 sec, 1 copy (N=1 anchor)
  batch 1/3: 0.242557 sec, 5 copies (server sum 195.858 ms)
  batch 2/3: 0.297302 sec, 5 copies (server sum 196.610 ms)
  batch 3/3: 0.295657 sec, 5 copies (server sum 193.707 ms)
  slope: pkg 0.8452 J/exec (intercept 0.8377 J), wall 0.048213 s/exec (intercept 0.037443 s)
[47/53] queries/tpch/tpch-queries/q19/v1_materialized.sql (2 warmup [warm ones = N=1 anchor] + 3 x5)
  warmup 1/2: 0.152935 sec, 1 copy (cache prime)
  warmup 2/2: 0.086306 sec, 1 copy (N=1 anchor)
  batch 1/3: 0.245136 sec, 5 copies (server sum 197.460 ms)
  batch 2/3: 0.297891 sec, 5 copies (server sum 194.578 ms)
  batch 3/3: 0.298675 sec, 5 copies (server sum 196.633 ms)
  slope: pkg 0.8312 J/exec (intercept 0.826 J), wall 0.048565 s/exec (intercept 0.037741 s)
[48/53] queries/tpch/tpch-queries/q19/v2_union_all.sql (2 warmup [warm ones = N=1 anchor] + 3 x5)
  warmup 1/2: 0.151177 sec, 1 copy (cache prime)
  warmup 2/2: 0.099385 sec, 1 copy (N=1 anchor)
  batch 1/3: 0.312192 sec, 5 copies (server sum 261.927 ms)
  batch 2/3: 0.346081 sec, 5 copies (server sum 230.924 ms)
  batch 3/3: 0.334094 sec, 5 copies (server sum 228.087 ms)
  slope: pkg 1.09 J/exec (intercept 0.8242 J), wall 0.057851 s/exec (intercept 0.041534 s)
[49/53] queries/tpch/tpch-queries/q21/base.sql (2 warmup [warm ones = N=1 anchor] + 3 x5)
  warmup 1/2: 0.690731 sec, 1 copy (cache prime)
  warmup 2/2: 0.676249 sec, 1 copy (N=1 anchor)
  batch 1/3: 2.982977 sec, 5 copies (server sum 2883.296 ms)
  batch 2/3: 2.943587 sec, 5 copies (server sum 2843.413 ms)
  batch 3/3: 2.944329 sec, 5 copies (server sum 2844.826 ms)
  slope: pkg 10.59 J/exec (intercept 0.6033 J), wall 0.570179 s/exec (intercept 0.106070 s)
[50/53] queries/tpch/tpch-queries/q21/v1_materialized.sql (2 warmup [warm ones = N=1 anchor] + 3 x5)
  warmup 1/2: 0.654812 sec, 1 copy (cache prime)
  warmup 2/2: 0.661222 sec, 1 copy (N=1 anchor)
  batch 1/3: 2.953334 sec, 5 copies (server sum 2854.440 ms)
  batch 2/3: 2.922508 sec, 5 copies (server sum 2823.904 ms)
  batch 3/3: 2.934913 sec, 5 copies (server sum 2836.133 ms)
  slope: pkg 10.54 J/exec (intercept 0.962 J), wall 0.568924 s/exec (intercept 0.092298 s)
[51/53] queries/tpch/tpch-queries/q22/base.sql (2 warmup [warm ones = N=1 anchor] + 3 x5)
  warmup 1/2: 0.151834 sec, 1 copy (cache prime)
  warmup 2/2: 0.094540 sec, 1 copy (N=1 anchor)
  batch 1/3: 0.308464 sec, 5 copies (server sum 265.058 ms)
  batch 2/3: 0.421317 sec, 5 copies (server sum 313.691 ms)
  batch 3/3: 0.416489 sec, 5 copies (server sum 306.056 ms)
  slope: pkg 1.445 J/exec (intercept 0.672 J), wall 0.071888 s/exec (intercept 0.022652 s)
[52/53] queries/tpch/tpch-queries/q22/v1_materialized.sql (2 warmup [warm ones = N=1 anchor] + 3 x5)
  warmup 1/2: 0.189618 sec, 1 copy (cache prime)
  warmup 2/2: 0.094704 sec, 1 copy (N=1 anchor)
  batch 1/3: 0.322384 sec, 5 copies (server sum 277.831 ms)
  batch 2/3: 0.456084 sec, 5 copies (server sum 296.923 ms)
  batch 3/3: 0.354487 sec, 5 copies (server sum 295.870 ms)
  slope: pkg 1.499 J/exec (intercept 0.6115 J), wall 0.070737 s/exec (intercept 0.023968 s)
[53/53] queries/tpch/tpch-queries/q22/v2_anti_join.sql (2 warmup [warm ones = N=1 anchor] + 3 x5)
  warmup 1/2: 0.259227 sec, 1 copy (cache prime)
  warmup 2/2: 0.172295 sec, 1 copy (N=1 anchor)
  batch 1/3: 0.686845 sec, 5 copies (server sum 615.581 ms)
  batch 2/3: 0.767080 sec, 5 copies (server sum 646.780 ms)
  batch 3/3: 0.754801 sec, 5 copies (server sum 639.733 ms)
  slope: pkg 2.171 J/exec (intercept 1.057 J), wall 0.140987 s/exec (intercept 0.031309 s)

Done. Batch rows appended to logs/shared_buffers/sb_4GB/query_timing_tpch_idx.csv
Per-copy samples appended to logs/shared_buffers/sb_4GB/query_samples_tpch_idx.csv
Relation sizes appended to logs/shared_buffers/sb_4GB/query_catalog_tpch_idx.csv
Per-query slope/intercept appended to logs/shared_buffers/sb_4GB/query_slope_tpch_idx.csv
make: Leaving directory '/home/user01/GreenSQL'
