make: Entering directory '/home/user01/GreenSQL'
query_runner configuration:
  QUERY_DIR      = queries/tpch/tpch-queries
  LOG_FILE       = logs/max_parallel_workers/mpw_6/query_timing_tpch_idx.csv
  SAMPLE_FILE    = logs/max_parallel_workers/mpw_6/query_samples_tpch_idx.csv
  CATALOG_FILE   = logs/max_parallel_workers/mpw_6/query_catalog_tpch_idx.csv
  SLOPE_FILE     = logs/max_parallel_workers/mpw_6/query_slope_tpch_idx.csv
  DB_NAME        = tpch_idx
  DB_USER        = postgres
  PGPORT         = 5434
  PG_VERSION     = 18.4  (as reported by the server on that port)
  BATCHNUM       = 5 (slope sizes: 1 copy and 5 copies)
  RUNS           = 3 (measured batches per size)
  WARMUP         = 2 (single-copy; #1 primes cache, warm ones = N=1 anchor)
  WORKERS        = (planner default)
  STATEMENT_TIMEOUT = 900
  SIGLESS_ADDR   = (disabled)
Found 53 queries under queries/tpch/tpch-queries

Catalog snapshot: 37 relations -> logs/max_parallel_workers/mpw_6/query_catalog_tpch_idx.csv
[1/53] queries/tpch/tpch-queries/q01/base.sql (2 warmup [warm ones = N=1 anchor] + 3 x5)
  warmup 1/2: 1.687285 sec, 1 copy (cache prime)
  warmup 2/2: 1.720730 sec, 1 copy (N=1 anchor)
  batch 1/3: 8.480564 sec, 5 copies (server sum 8378.726 ms)
  batch 2/3: 8.565408 sec, 5 copies (server sum 8519.735 ms)
  batch 3/3: 8.701358 sec, 5 copies (server sum 8547.204 ms)
  slope: pkg 37.86 J/exec (intercept 2.684 J), wall 1.715428 s/exec (intercept 0.005301 s)
[2/53] queries/tpch/tpch-queries/q01/v1_materialized.sql (2 warmup [warm ones = N=1 anchor] + 3 x5)
  warmup 1/2: 1.773362 sec, 1 copy (cache prime)
  warmup 2/2: 1.766938 sec, 1 copy (N=1 anchor)
  batch 1/3: 8.688204 sec, 5 copies (server sum 8576.933 ms)
  batch 2/3: 8.681766 sec, 5 copies (server sum 8576.456 ms)
  batch 3/3: 8.713409 sec, 5 copies (server sum 8550.317 ms)
  slope: pkg 37.89 J/exec (intercept 1.035 J), wall 1.731880 s/exec (intercept 0.035058 s)
[3/53] queries/tpch/tpch-queries/q02/base.sql (2 warmup [warm ones = N=1 anchor] + 3 x5)
  warmup 1/2: 0.285365 sec, 1 copy (cache prime)
  warmup 2/2: 0.237284 sec, 1 copy (N=1 anchor)
  batch 1/3: 0.983434 sec, 5 copies (server sum 883.341 ms)
  batch 2/3: 0.986815 sec, 5 copies (server sum 888.271 ms)
  batch 3/3: 0.983727 sec, 5 copies (server sum 884.091 ms)
  slope: pkg 1.4 J/exec (intercept 1.094 J), wall 0.186844 s/exec (intercept 0.050441 s)
[4/53] queries/tpch/tpch-queries/q02/v1_materialized.sql (2 warmup [warm ones = N=1 anchor] + 3 x5)
  warmup 1/2: 0.324547 sec, 1 copy (cache prime)
  warmup 2/2: 0.326814 sec, 1 copy (N=1 anchor)
  batch 1/3: 1.102458 sec, 5 copies (server sum 992.532 ms)
  batch 2/3: 1.089269 sec, 5 copies (server sum 989.345 ms)
  batch 3/3: 1.084021 sec, 5 copies (server sum 984.020 ms)
  slope: pkg 1.349 J/exec (intercept 0.997 J), wall 0.191276 s/exec (intercept 0.135538 s)
[5/53] queries/tpch/tpch-queries/q02/v2_decorrelate.sql (2 warmup [warm ones = N=1 anchor] + 3 x5)
  warmup 1/2: 0.311904 sec, 1 copy (cache prime)
  warmup 2/2: 0.322902 sec, 1 copy (N=1 anchor)
  batch 1/3: 1.203178 sec, 5 copies (server sum 1092.332 ms)
  batch 2/3: 1.243627 sec, 5 copies (server sum 1085.395 ms)
  batch 3/3: 1.139816 sec, 5 copies (server sum 1076.340 ms)
  slope: pkg 1.228 J/exec (intercept 0.7676 J), wall 0.218159 s/exec (intercept 0.104743 s)
[6/53] queries/tpch/tpch-queries/q03/base.sql (2 warmup [warm ones = N=1 anchor] + 3 x5)
  warmup 1/2: 0.306209 sec, 1 copy (cache prime)
  warmup 2/2: 0.360000 sec, 1 copy (N=1 anchor)
  batch 1/3: 1.357520 sec, 5 copies (server sum 1253.412 ms)
  batch 2/3: 1.348603 sec, 5 copies (server sum 1251.509 ms)
  batch 3/3: 1.363037 sec, 5 copies (server sum 1266.344 ms)
  slope: pkg 7.466 J/exec (intercept 1.508 J), wall 0.249097 s/exec (intercept 0.110904 s)
[7/53] queries/tpch/tpch-queries/q03/v1_materialized.sql (2 warmup [warm ones = N=1 anchor] + 3 x5)
  warmup 1/2: 0.388513 sec, 1 copy (cache prime)
  warmup 2/2: 0.382606 sec, 1 copy (N=1 anchor)
  batch 1/3: 1.341800 sec, 5 copies (server sum 1267.440 ms)
  batch 2/3: 1.386078 sec, 5 copies (server sum 1291.582 ms)
  batch 3/3: 1.391059 sec, 5 copies (server sum 1295.832 ms)
  slope: pkg 7.244 J/exec (intercept 0.8848 J), wall 0.247593 s/exec (intercept 0.135012 s)
[8/53] queries/tpch/tpch-queries/q04/base.sql (2 warmup [warm ones = N=1 anchor] + 3 x5)
  warmup 1/2: 0.211414 sec, 1 copy (cache prime)
  warmup 2/2: 0.238857 sec, 1 copy (N=1 anchor)
  batch 1/3: 0.608011 sec, 5 copies (server sum 501.136 ms)
  batch 2/3: 0.517214 sec, 5 copies (server sum 473.455 ms)
  batch 3/3: 0.579256 sec, 5 copies (server sum 479.387 ms)
  slope: pkg 2.759 J/exec (intercept 0.07066 J), wall 0.082326 s/exec (intercept 0.156531 s)
[9/53] queries/tpch/tpch-queries/q04/v1_materialized.sql (2 warmup [warm ones = N=1 anchor] + 3 x5)
  warmup 1/2: 0.218749 sec, 1 copy (cache prime)
  warmup 2/2: 0.231988 sec, 1 copy (N=1 anchor)
  batch 1/3: 0.591173 sec, 5 copies (server sum 486.007 ms)
  batch 2/3: 0.571798 sec, 5 copies (server sum 473.399 ms)
  batch 3/3: 0.582086 sec, 5 copies (server sum 481.818 ms)
  slope: pkg 2.692 J/exec (intercept 0.1353 J), wall 0.087425 s/exec (intercept 0.144563 s)
[10/53] queries/tpch/tpch-queries/q04/v2_in.sql (2 warmup [warm ones = N=1 anchor] + 3 x5)
  warmup 1/2: 0.228254 sec, 1 copy (cache prime)
  warmup 2/2: 0.235082 sec, 1 copy (N=1 anchor)
  batch 1/3: 0.620963 sec, 5 copies (server sum 489.490 ms)
  batch 2/3: 0.582985 sec, 5 copies (server sum 481.775 ms)
  batch 3/3: 0.582427 sec, 5 copies (server sum 481.785 ms)
  slope: pkg 2.73 J/exec (intercept 0.02634 J), wall 0.090094 s/exec (intercept 0.144988 s)
[11/53] queries/tpch/tpch-queries/q05/base.sql (2 warmup [warm ones = N=1 anchor] + 3 x5)
  warmup 1/2: 0.406814 sec, 1 copy (cache prime)
  warmup 2/2: 0.386414 sec, 1 copy (N=1 anchor)
  batch 1/3: 1.415012 sec, 5 copies (server sum 1306.920 ms)
  batch 2/3: 1.427762 sec, 5 copies (server sum 1293.502 ms)
  batch 3/3: 1.338377 sec, 5 copies (server sum 1282.353 ms)
  slope: pkg 3.618 J/exec (intercept 0.752 J), wall 0.251826 s/exec (intercept 0.134588 s)
[12/53] queries/tpch/tpch-queries/q05/v1_materialized.sql (2 warmup [warm ones = N=1 anchor] + 3 x5)
  warmup 1/2: 0.371868 sec, 1 copy (cache prime)
  warmup 2/2: 0.366031 sec, 1 copy (N=1 anchor)
  batch 1/3: 1.396081 sec, 5 copies (server sum 1288.992 ms)
  batch 2/3: 1.388225 sec, 5 copies (server sum 1285.161 ms)
  batch 3/3: 1.375830 sec, 5 copies (server sum 1273.273 ms)
  slope: pkg 3.605 J/exec (intercept 1.19 J), wall 0.255170 s/exec (intercept 0.110861 s)
[13/53] queries/tpch/tpch-queries/q06/base.sql (2 warmup [warm ones = N=1 anchor] + 3 x5)
  warmup 1/2: 0.163439 sec, 1 copy (cache prime)
  warmup 2/2: 0.120620 sec, 1 copy (N=1 anchor)
  batch 1/3: 0.517603 sec, 5 copies (server sum 298.031 ms)
  batch 2/3: 0.438820 sec, 5 copies (server sum 334.414 ms)
  batch 3/3: 0.441283 sec, 5 copies (server sum 336.536 ms)
  slope: pkg 1.972 J/exec (intercept 0.1862 J), wall 0.086320 s/exec (intercept 0.034300 s)
[14/53] queries/tpch/tpch-queries/q06/v1_materialized.sql (2 warmup [warm ones = N=1 anchor] + 3 x5)
  warmup 1/2: 0.187793 sec, 1 copy (cache prime)
  warmup 2/2: 0.234969 sec, 1 copy (N=1 anchor)
  batch 1/3: 0.439616 sec, 5 copies (server sum 331.423 ms)
  batch 2/3: 0.439797 sec, 5 copies (server sum 333.921 ms)
  batch 3/3: 0.445183 sec, 5 copies (server sum 338.055 ms)
  slope: pkg 1.889 J/exec (intercept 0.1519 J), wall 0.051641 s/exec (intercept 0.183328 s)
[15/53] queries/tpch/tpch-queries/q07/base.sql (2 warmup [warm ones = N=1 anchor] + 3 x5)
  warmup 1/2: 0.834530 sec, 1 copy (cache prime)
  warmup 2/2: 0.718413 sec, 1 copy (N=1 anchor)
  batch 1/3: 3.227110 sec, 5 copies (server sum 3122.725 ms)
  batch 2/3: 3.197888 sec, 5 copies (server sum 3089.501 ms)
  batch 3/3: 3.206593 sec, 5 copies (server sum 3094.416 ms)
  slope: pkg 9.456 J/exec (intercept 0.2866 J), wall 0.623029 s/exec (intercept 0.095383 s)
[16/53] queries/tpch/tpch-queries/q07/v1_materialized.sql (2 warmup [warm ones = N=1 anchor] + 3 x5)
  warmup 1/2: 0.770716 sec, 1 copy (cache prime)
  warmup 2/2: 0.691362 sec, 1 copy (N=1 anchor)
  batch 1/3: 3.230807 sec, 5 copies (server sum 3121.555 ms)
  batch 2/3: 3.215129 sec, 5 copies (server sum 3101.637 ms)
  batch 3/3: 3.171714 sec, 5 copies (server sum 3062.456 ms)
  slope: pkg 9.24 J/exec (intercept 0.8611 J), wall 0.628630 s/exec (intercept 0.062731 s)
[17/53] queries/tpch/tpch-queries/q07/v2_union_all.sql (2 warmup [warm ones = N=1 anchor] + 3 x5)
  warmup 1/2: 0.768359 sec, 1 copy (cache prime)
  warmup 2/2: 0.656929 sec, 1 copy (N=1 anchor)
  batch 1/3: 3.066167 sec, 5 copies (server sum 2961.019 ms)
  batch 2/3: 3.093616 sec, 5 copies (server sum 2941.020 ms)
  batch 3/3: 3.028946 sec, 5 copies (server sum 2923.694 ms)
  slope: pkg 7.547 J/exec (intercept 1.788 J), wall 0.601495 s/exec (intercept 0.055434 s)
[18/53] queries/tpch/tpch-queries/q08/base.sql (2 warmup [warm ones = N=1 anchor] + 3 x5)
  warmup 1/2: 0.289521 sec, 1 copy (cache prime)
  warmup 2/2: 0.199888 sec, 1 copy (N=1 anchor)
  batch 1/3: 0.801505 sec, 5 copies (server sum 699.505 ms)
  batch 2/3: 0.816787 sec, 5 copies (server sum 710.107 ms)
  batch 3/3: 0.818113 sec, 5 copies (server sum 712.759 ms)
  slope: pkg 2.385 J/exec (intercept 1.057 J), wall 0.153062 s/exec (intercept 0.046826 s)
[19/53] queries/tpch/tpch-queries/q08/v1_materialized.sql (2 warmup [warm ones = N=1 anchor] + 3 x5)
  warmup 1/2: 0.249670 sec, 1 copy (cache prime)
  warmup 2/2: 0.248819 sec, 1 copy (N=1 anchor)
  batch 1/3: 0.814094 sec, 5 copies (server sum 710.294 ms)
  batch 2/3: 0.822681 sec, 5 copies (server sum 715.030 ms)
  batch 3/3: 0.763258 sec, 5 copies (server sum 705.001 ms)
  slope: pkg 2.305 J/exec (intercept 1.531 J), wall 0.137798 s/exec (intercept 0.111021 s)
[20/53] queries/tpch/tpch-queries/q08/v2_filter.sql (2 warmup [warm ones = N=1 anchor] + 3 x5)
  warmup 1/2: 0.250939 sec, 1 copy (cache prime)
  warmup 2/2: 0.245611 sec, 1 copy (N=1 anchor)
  batch 1/3: 0.804041 sec, 5 copies (server sum 702.164 ms)
  batch 2/3: 0.813009 sec, 5 copies (server sum 710.286 ms)
  batch 3/3: 0.821133 sec, 5 copies (server sum 714.319 ms)
  slope: pkg 2.287 J/exec (intercept 1.502 J), wall 0.141779 s/exec (intercept 0.103832 s)
[21/53] queries/tpch/tpch-queries/q09/base.sql (2 warmup [warm ones = N=1 anchor] + 3 x5)
  warmup 1/2: 1.142193 sec, 1 copy (cache prime)
  warmup 2/2: 1.186588 sec, 1 copy (N=1 anchor)
  batch 1/3: 5.237708 sec, 5 copies (server sum 5163.057 ms)
  batch 2/3: 5.226406 sec, 5 copies (server sum 5170.513 ms)
  batch 3/3: 5.262817 sec, 5 copies (server sum 5158.530 ms)
  slope: pkg 20.91 J/exec (intercept 2.065 J), wall 1.013931 s/exec (intercept 0.172657 s)
[22/53] queries/tpch/tpch-queries/q09/v1_materialized.sql (2 warmup [warm ones = N=1 anchor] + 3 x5)
  warmup 1/2: 1.117436 sec, 1 copy (cache prime)
  warmup 2/2: 1.148191 sec, 1 copy (N=1 anchor)
  batch 1/3: 5.475538 sec, 5 copies (server sum 5371.051 ms)
  batch 2/3: 5.843244 sec, 5 copies (server sum 5737.358 ms)
  batch 3/3: 5.843900 sec, 5 copies (server sum 5737.654 ms)
  slope: pkg 19.27 J/exec (intercept 3.218 J), wall 1.143176 s/exec (intercept 0.005016 s)
[23/53] queries/tpch/tpch-queries/q10/base.sql (2 warmup [warm ones = N=1 anchor] + 3 x5)
  warmup 1/2: 0.407567 sec, 1 copy (cache prime)
  warmup 2/2: 0.414241 sec, 1 copy (N=1 anchor)
  batch 1/3: 1.542616 sec, 5 copies (server sum 1444.878 ms)
  batch 2/3: 1.543287 sec, 5 copies (server sum 1445.436 ms)
  batch 3/3: 1.545041 sec, 5 copies (server sum 1445.329 ms)
  slope: pkg 6.459 J/exec (intercept 1.597 J), wall 0.282352 s/exec (intercept 0.131890 s)
[24/53] queries/tpch/tpch-queries/q10/v1_materialized.sql (2 warmup [warm ones = N=1 anchor] + 3 x5)
  warmup 1/2: 0.370647 sec, 1 copy (cache prime)
  warmup 2/2: 0.416159 sec, 1 copy (N=1 anchor)
  batch 1/3: 1.585336 sec, 5 copies (server sum 1488.896 ms)
  batch 2/3: 1.588013 sec, 5 copies (server sum 1492.232 ms)
  batch 3/3: 1.584319 sec, 5 copies (server sum 1482.450 ms)
  slope: pkg 6.244 J/exec (intercept 1.606 J), wall 0.292433 s/exec (intercept 0.123726 s)
[25/53] queries/tpch/tpch-queries/q11/base.sql (2 warmup [warm ones = N=1 anchor] + 3 x5)
  warmup 1/2: 0.181986 sec, 1 copy (cache prime)
  warmup 2/2: 0.198589 sec, 1 copy (N=1 anchor)
  batch 1/3: 0.560279 sec, 5 copies (server sum 450.842 ms)
  batch 2/3: 0.539290 sec, 5 copies (server sum 438.017 ms)
  batch 3/3: 0.554799 sec, 5 copies (server sum 452.185 ms)
  slope: pkg 0.5743 J/exec (intercept 0.7541 J), wall 0.088217 s/exec (intercept 0.110372 s)
[26/53] queries/tpch/tpch-queries/q11/v1_materialized.sql (2 warmup [warm ones = N=1 anchor] + 3 x5)
  warmup 1/2: 0.193273 sec, 1 copy (cache prime)
  warmup 2/2: 0.188458 sec, 1 copy (N=1 anchor)
  batch 1/3: 0.594352 sec, 5 copies (server sum 472.045 ms)
  batch 2/3: 0.560518 sec, 5 copies (server sum 455.062 ms)
  batch 3/3: 0.539756 sec, 5 copies (server sum 436.385 ms)
  slope: pkg 0.5355 J/exec (intercept 0.8434 J), wall 0.094104 s/exec (intercept 0.094353 s)
[27/53] queries/tpch/tpch-queries/q11/v2_cte_threshold.sql (2 warmup [warm ones = N=1 anchor] + 3 x5)
  warmup 1/2: 0.185160 sec, 1 copy (cache prime)
  warmup 2/2: 0.196772 sec, 1 copy (N=1 anchor)
  batch 1/3: 0.511848 sec, 5 copies (server sum 456.449 ms)
  batch 2/3: 0.557744 sec, 5 copies (server sum 453.727 ms)
  batch 3/3: 0.546735 sec, 5 copies (server sum 443.237 ms)
  slope: pkg 0.5657 J/exec (intercept 0.7068 J), wall 0.085501 s/exec (intercept 0.111271 s)
[28/53] queries/tpch/tpch-queries/q12/base.sql (2 warmup [warm ones = N=1 anchor] + 3 x5)
  warmup 1/2: 0.410915 sec, 1 copy (cache prime)
  warmup 2/2: 0.414632 sec, 1 copy (N=1 anchor)
  batch 1/3: 1.610145 sec, 5 copies (server sum 1501.317 ms)
  batch 2/3: 1.594933 sec, 5 copies (server sum 1500.629 ms)
  batch 3/3: 1.534719 sec, 5 copies (server sum 1440.589 ms)
  slope: pkg 7.868 J/exec (intercept 2.231 J), wall 0.291325 s/exec (intercept 0.123307 s)
[29/53] queries/tpch/tpch-queries/q12/v1_materialized.sql (2 warmup [warm ones = N=1 anchor] + 3 x5)
  warmup 1/2: 0.446602 sec, 1 copy (cache prime)
  warmup 2/2: 0.406572 sec, 1 copy (N=1 anchor)
  batch 1/3: 1.530174 sec, 5 copies (server sum 1434.133 ms)
  batch 2/3: 1.551740 sec, 5 copies (server sum 1456.003 ms)
  batch 3/3: 1.565188 sec, 5 copies (server sum 1466.207 ms)
  slope: pkg 7.509 J/exec (intercept 1.448 J), wall 0.285615 s/exec (intercept 0.120957 s)
[30/53] queries/tpch/tpch-queries/q12/v2_filter.sql (2 warmup [warm ones = N=1 anchor] + 3 x5)
  warmup 1/2: 0.440329 sec, 1 copy (cache prime)
  warmup 2/2: 0.421976 sec, 1 copy (N=1 anchor)
  batch 1/3: 1.506046 sec, 5 copies (server sum 1460.796 ms)
  batch 2/3: 1.566541 sec, 5 copies (server sum 1467.246 ms)
  batch 3/3: 1.607905 sec, 5 copies (server sum 1510.836 ms)
  slope: pkg 7.283 J/exec (intercept 1.332 J), wall 0.284547 s/exec (intercept 0.137429 s)
[31/53] queries/tpch/tpch-queries/q13/base.sql (2 warmup [warm ones = N=1 anchor] + 3 x5)
  warmup 1/2: 1.683901 sec, 1 copy (cache prime)
  warmup 2/2: 1.733490 sec, 1 copy (N=1 anchor)
  batch 1/3: 7.794060 sec, 5 copies (server sum 7743.614 ms)
  batch 2/3: 7.778109 sec, 5 copies (server sum 7677.053 ms)
  batch 3/3: 7.739265 sec, 5 copies (server sum 7641.432 ms)
  slope: pkg 9.135 J/exec (intercept 0.7308 J), wall 1.509247 s/exec (intercept 0.224243 s)
[32/53] queries/tpch/tpch-queries/q13/v1_materialized.sql (2 warmup [warm ones = N=1 anchor] + 3 x5)
  warmup 1/2: 1.580491 sec, 1 copy (cache prime)
  warmup 2/2: 1.646163 sec, 1 copy (N=1 anchor)
  batch 1/3: 7.740943 sec, 5 copies (server sum 7643.204 ms)
  batch 2/3: 7.742192 sec, 5 copies (server sum 7640.249 ms)
  batch 3/3: 7.639391 sec, 5 copies (server sum 7590.832 ms)
  slope: pkg 8.983 J/exec (intercept 0.7156 J), wall 1.515336 s/exec (intercept 0.130826 s)
[33/53] queries/tpch/tpch-queries/q13/v2_correlated.sql (2 warmup [warm ones = N=1 anchor] + 3 x5)
  warmup 1/2: 2.259378 sec, 1 copy (cache prime)
  warmup 2/2: 2.340173 sec, 1 copy (N=1 anchor)
  batch 1/3: 10.533025 sec, 5 copies (server sum 10438.805 ms)
  batch 2/3: 10.487571 sec, 5 copies (server sum 10438.727 ms)
  batch 3/3: 10.445524 sec, 5 copies (server sum 10401.593 ms)
  slope: pkg 19.36 J/exec (intercept 1.313 J), wall 2.037133 s/exec (intercept 0.303040 s)
[34/53] queries/tpch/tpch-queries/q14/base.sql (2 warmup [warm ones = N=1 anchor] + 3 x5)
  warmup 1/2: 0.194011 sec, 1 copy (cache prime)
  warmup 2/2: 0.244419 sec, 1 copy (N=1 anchor)
  batch 1/3: 0.777749 sec, 5 copies (server sum 671.928 ms)
  batch 2/3: 0.809069 sec, 5 copies (server sum 698.013 ms)
  batch 3/3: 0.819804 sec, 5 copies (server sum 715.953 ms)
  slope: pkg 3.385 J/exec (intercept 1.483 J), wall 0.139447 s/exec (intercept 0.104973 s)
[35/53] queries/tpch/tpch-queries/q14/v1_materialized.sql (2 warmup [warm ones = N=1 anchor] + 3 x5)
  warmup 1/2: 0.243257 sec, 1 copy (cache prime)
  warmup 2/2: 0.231692 sec, 1 copy (N=1 anchor)
  batch 1/3: 0.807971 sec, 5 copies (server sum 698.945 ms)
  batch 2/3: 0.814124 sec, 5 copies (server sum 699.825 ms)
  batch 3/3: 0.805021 sec, 5 copies (server sum 700.776 ms)
  slope: pkg 3.661 J/exec (intercept 0.1021 J), wall 0.144337 s/exec (intercept 0.087356 s)
[36/53] queries/tpch/tpch-queries/q14/v2_filter.sql (2 warmup [warm ones = N=1 anchor] + 3 x5)
  warmup 1/2: 0.289965 sec, 1 copy (cache prime)
  warmup 2/2: 0.291050 sec, 1 copy (N=1 anchor)
  batch 1/3: 0.779049 sec, 5 copies (server sum 666.395 ms)
  batch 2/3: 0.806138 sec, 5 copies (server sum 695.685 ms)
  batch 3/3: 0.831869 sec, 5 copies (server sum 720.121 ms)
  slope: pkg 3.637 J/exec (intercept 0.2777 J), wall 0.128659 s/exec (intercept 0.162391 s)
[37/53] queries/tpch/tpch-queries/q15/base.sql (2 warmup [warm ones = N=1 anchor] + 3 x5)
  warmup 1/2: 0.416989 sec, 1 copy (cache prime)
  warmup 2/2: 0.381045 sec, 1 copy (N=1 anchor)
  batch 1/3: 1.314326 sec, 5 copies (server sum 1219.703 ms)
  batch 2/3: 1.290822 sec, 5 copies (server sum 1194.726 ms)
  batch 3/3: 1.319880 sec, 5 copies (server sum 1178.261 ms)
  slope: pkg 1.974 J/exec (intercept 1.439 J), wall 0.231824 s/exec (intercept 0.149221 s)
[38/53] queries/tpch/tpch-queries/q15/v1_materialized.sql (2 warmup [warm ones = N=1 anchor] + 3 x5)
  warmup 1/2: 0.332539 sec, 1 copy (cache prime)
  warmup 2/2: 0.375928 sec, 1 copy (N=1 anchor)
  batch 1/3: 1.253179 sec, 5 copies (server sum 1158.935 ms)
  batch 2/3: 1.276693 sec, 5 copies (server sum 1181.654 ms)
  batch 3/3: 1.224829 sec, 5 copies (server sum 1177.624 ms)
  slope: pkg 1.984 J/exec (intercept 1.55 J), wall 0.218910 s/exec (intercept 0.157019 s)
[39/53] queries/tpch/tpch-queries/q16/base.sql (2 warmup [warm ones = N=1 anchor] + 3 x5)
  warmup 1/2: 0.336583 sec, 1 copy (cache prime)
  warmup 2/2: 0.374839 sec, 1 copy (N=1 anchor)
  batch 1/3: 1.175863 sec, 5 copies (server sum 1122.402 ms)
  batch 2/3: 1.249635 sec, 5 copies (server sum 1147.119 ms)
  batch 3/3: 1.235049 sec, 5 copies (server sum 1137.412 ms)
  slope: pkg 6.113 J/exec (intercept 0.8103 J), wall 0.211336 s/exec (intercept 0.163503 s)
[40/53] queries/tpch/tpch-queries/q16/v1_materialized.sql (2 warmup [warm ones = N=1 anchor] + 3 x5)
  warmup 1/2: 0.326454 sec, 1 copy (cache prime)
  warmup 2/2: 0.334941 sec, 1 copy (N=1 anchor)
  batch 1/3: 1.274733 sec, 5 copies (server sum 1172.629 ms)
  batch 2/3: 1.276328 sec, 5 copies (server sum 1169.711 ms)
  batch 3/3: 1.248293 sec, 5 copies (server sum 1147.953 ms)
  slope: pkg 6.233 J/exec (intercept 0.6334 J), wall 0.232878 s/exec (intercept 0.102063 s)
[41/53] queries/tpch/tpch-queries/q16/v2_not_exists.sql (2 warmup [warm ones = N=1 anchor] + 3 x5)
  warmup 1/2: 0.307943 sec, 1 copy (cache prime)
  warmup 2/2: 0.306819 sec, 1 copy (N=1 anchor)
  batch 1/3: 1.132386 sec, 5 copies (server sum 1054.228 ms)
  batch 2/3: 1.179466 sec, 5 copies (server sum 1075.849 ms)
  batch 3/3: 1.165858 sec, 5 copies (server sum 1058.898 ms)
  slope: pkg 4.817 J/exec (intercept 0.5792 J), wall 0.213105 s/exec (intercept 0.093714 s)
[42/53] queries/tpch/tpch-queries/q17/v2_decorrelate.sql (2 warmup [warm ones = N=1 anchor] + 3 x5)
  warmup 1/2: 4.299598 sec, 1 copy (cache prime)
  warmup 2/2: 4.213637 sec, 1 copy (N=1 anchor)
  batch 1/3: 20.900255 sec, 5 copies (server sum 20806.132 ms)
  batch 2/3: 20.788150 sec, 5 copies (server sum 20740.157 ms)
  batch 3/3: 20.536589 sec, 5 copies (server sum 20442.469 ms)
  slope: pkg 18.93 J/exec (intercept 1.094 J), wall 4.132007 s/exec (intercept 0.081630 s)
[43/53] queries/tpch/tpch-queries/q18/base.sql (2 warmup [warm ones = N=1 anchor] + 3 x5)
  warmup 1/2: 4.618811 sec, 1 copy (cache prime)
  warmup 2/2: 4.598691 sec, 1 copy (N=1 anchor)
  batch 1/3: 22.838609 sec, 5 copies (server sum 22725.569 ms)
  batch 2/3: 24.328459 sec, 5 copies (server sum 24214.394 ms)
  batch 3/3: 24.920127 sec, 5 copies (server sum 24804.201 ms)
  slope: pkg 109.2 J/exec (intercept 29.73 J), wall 4.857594 s/exec (intercept -0.258903 s)
[44/53] queries/tpch/tpch-queries/q18/v1_materialized.sql (2 warmup [warm ones = N=1 anchor] + 3 x5)
  warmup 1/2: 5.270894 sec, 1 copy (cache prime)
  warmup 2/2: 5.172601 sec, 1 copy (N=1 anchor)
  batch 1/3: 24.994941 sec, 5 copies (server sum 24947.768 ms)
  batch 2/3: 25.208023 sec, 5 copies (server sum 25096.198 ms)
  batch 3/3: 25.070626 sec, 5 copies (server sum 24972.945 ms)
  slope: pkg 109.2 J/exec (intercept 4.982 J), wall 4.979649 s/exec (intercept 0.192952 s)
[45/53] queries/tpch/tpch-queries/q18/v2_join.sql (2 warmup [warm ones = N=1 anchor] + 3 x5)
  warmup 1/2: 5.176715 sec, 1 copy (cache prime)
  warmup 2/2: 5.136252 sec, 1 copy (N=1 anchor)
  batch 1/3: 24.798067 sec, 5 copies (server sum 24745.157 ms)
  batch 2/3: 24.982297 sec, 5 copies (server sum 24877.640 ms)
  batch 3/3: 25.041731 sec, 5 copies (server sum 24924.214 ms)
  slope: pkg 109.1 J/exec (intercept 2.58 J), wall 4.951112 s/exec (intercept 0.185140 s)
[46/53] queries/tpch/tpch-queries/q19/base.sql (2 warmup [warm ones = N=1 anchor] + 3 x5)
  warmup 1/2: 0.160201 sec, 1 copy (cache prime)
  warmup 2/2: 0.097593 sec, 1 copy (N=1 anchor)
  batch 1/3: 0.222578 sec, 5 copies (server sum 177.522 ms)
  batch 2/3: 0.292706 sec, 5 copies (server sum 178.156 ms)
  batch 3/3: 0.227115 sec, 5 copies (server sum 181.975 ms)
  slope: pkg 0.9031 J/exec (intercept 0.616 J), wall 0.037468 s/exec (intercept 0.060125 s)
[47/53] queries/tpch/tpch-queries/q19/v1_materialized.sql (2 warmup [warm ones = N=1 anchor] + 3 x5)
  warmup 1/2: 0.130160 sec, 1 copy (cache prime)
  warmup 2/2: 0.083623 sec, 1 copy (N=1 anchor)
  batch 1/3: 0.227484 sec, 5 copies (server sum 182.050 ms)
  batch 2/3: 0.277178 sec, 5 copies (server sum 178.505 ms)
  batch 3/3: 0.275752 sec, 5 copies (server sum 178.417 ms)
  slope: pkg 0.8644 J/exec (intercept 0.8074 J), wall 0.044129 s/exec (intercept 0.039494 s)
[48/53] queries/tpch/tpch-queries/q19/v2_union_all.sql (2 warmup [warm ones = N=1 anchor] + 3 x5)
  warmup 1/2: 0.143768 sec, 1 copy (cache prime)
  warmup 2/2: 0.094368 sec, 1 copy (N=1 anchor)
  batch 1/3: 0.280561 sec, 5 copies (server sum 233.749 ms)
  batch 2/3: 0.349113 sec, 5 copies (server sum 234.167 ms)
  batch 3/3: 0.339583 sec, 5 copies (server sum 233.167 ms)
  slope: pkg 1.109 J/exec (intercept 0.823 J), wall 0.057179 s/exec (intercept 0.037189 s)
[49/53] queries/tpch/tpch-queries/q21/base.sql (2 warmup [warm ones = N=1 anchor] + 3 x5)
  warmup 1/2: 0.578880 sec, 1 copy (cache prime)
  warmup 2/2: 0.598953 sec, 1 copy (N=1 anchor)
  batch 1/3: 2.513329 sec, 5 copies (server sum 2410.614 ms)
  batch 2/3: 2.525164 sec, 5 copies (server sum 2420.554 ms)
  batch 3/3: 2.481069 sec, 5 copies (server sum 2329.726 ms)
  slope: pkg 10.21 J/exec (intercept 0.6253 J), wall 0.476892 s/exec (intercept 0.122061 s)
[50/53] queries/tpch/tpch-queries/q21/v1_materialized.sql (2 warmup [warm ones = N=1 anchor] + 3 x5)
  warmup 1/2: 0.551439 sec, 1 copy (cache prime)
  warmup 2/2: 0.595309 sec, 1 copy (N=1 anchor)
  batch 1/3: 2.467920 sec, 5 copies (server sum 2364.795 ms)
  batch 2/3: 2.449995 sec, 5 copies (server sum 2353.076 ms)
  batch 3/3: 2.466995 sec, 5 copies (server sum 2367.091 ms)
  slope: pkg 10.38 J/exec (intercept -0.1751 J), wall 0.466582 s/exec (intercept 0.128727 s)
[51/53] queries/tpch/tpch-queries/q22/base.sql (2 warmup [warm ones = N=1 anchor] + 3 x5)
  warmup 1/2: 0.165403 sec, 1 copy (cache prime)
  warmup 2/2: 0.132952 sec, 1 copy (N=1 anchor)
  batch 1/3: 0.327792 sec, 5 copies (server sum 273.681 ms)
  batch 2/3: 0.425067 sec, 5 copies (server sum 314.338 ms)
  batch 3/3: 0.407954 sec, 5 copies (server sum 302.459 ms)
  slope: pkg 1.489 J/exec (intercept 0.07379 J), wall 0.063497 s/exec (intercept 0.069455 s)
[52/53] queries/tpch/tpch-queries/q22/v1_materialized.sql (2 warmup [warm ones = N=1 anchor] + 3 x5)
  warmup 1/2: 0.189086 sec, 1 copy (cache prime)
  warmup 2/2: 0.170020 sec, 1 copy (N=1 anchor)
  batch 1/3: 0.320936 sec, 5 copies (server sum 277.248 ms)
  batch 2/3: 0.333126 sec, 5 copies (server sum 288.983 ms)
  batch 3/3: 0.413036 sec, 5 copies (server sum 302.778 ms)
  slope: pkg 1.417 J/exec (intercept 0.7418 J), wall 0.046420 s/exec (intercept 0.123600 s)
[53/53] queries/tpch/tpch-queries/q22/v2_anti_join.sql (2 warmup [warm ones = N=1 anchor] + 3 x5)
  warmup 1/2: 0.173984 sec, 1 copy (cache prime)
  warmup 2/2: 0.238094 sec, 1 copy (N=1 anchor)
  batch 1/3: 0.668955 sec, 5 copies (server sum 557.143 ms)
  batch 2/3: 0.694162 sec, 5 copies (server sum 588.938 ms)
  batch 3/3: 0.676503 sec, 5 copies (server sum 570.404 ms)
  slope: pkg 2.791 J/exec (intercept 0.3874 J), wall 0.110445 s/exec (intercept 0.127649 s)

Done. Batch rows appended to logs/max_parallel_workers/mpw_6/query_timing_tpch_idx.csv
Per-copy samples appended to logs/max_parallel_workers/mpw_6/query_samples_tpch_idx.csv
Relation sizes appended to logs/max_parallel_workers/mpw_6/query_catalog_tpch_idx.csv
Per-query slope/intercept appended to logs/max_parallel_workers/mpw_6/query_slope_tpch_idx.csv
make: Leaving directory '/home/user01/GreenSQL'
