make: Entering directory '/home/user01/GreenSQL'
query_runner configuration:
  QUERY_DIR      = queries/tpch/tpch-queries
  LOG_FILE       = logs/max_parallel_workers/mpw_6/query_timing_tpch.csv
  SAMPLE_FILE    = logs/max_parallel_workers/mpw_6/query_samples_tpch.csv
  CATALOG_FILE   = logs/max_parallel_workers/mpw_6/query_catalog_tpch.csv
  SLOPE_FILE     = logs/max_parallel_workers/mpw_6/query_slope_tpch.csv
  DB_NAME        = tpch
  DB_USER        = postgres
  PGPORT         = 5434
  PG_VERSION     = 18.4  (as reported by the server on that port)
  BATCHNUM       = 5 (slope sizes: 1 copy and 5 copies)
  RUNS           = 3 (measured batches per size)
  WARMUP         = 2 (single-copy; #1 primes cache, warm ones = N=1 anchor)
  WORKERS        = (planner default)
  STATEMENT_TIMEOUT = 900
  SIGLESS_ADDR   = (disabled)
Found 53 queries under queries/tpch/tpch-queries

Catalog snapshot: 11 relations -> logs/max_parallel_workers/mpw_6/query_catalog_tpch.csv
[1/53] queries/tpch/tpch-queries/q01/base.sql (2 warmup [warm ones = N=1 anchor] + 3 x5)
  warmup 1/2: 1.603986 sec, 1 copy (cache prime)
  warmup 2/2: 1.646299 sec, 1 copy (N=1 anchor)
  batch 1/3: 8.370334 sec, 5 copies (server sum 8267.318 ms)
  batch 2/3: 8.675895 sec, 5 copies (server sum 8566.690 ms)
  batch 3/3: 8.662713 sec, 5 copies (server sum 8557.029 ms)
  slope: pkg 37.43 J/exec (intercept 6.012 J), wall 1.730837 s/exec (intercept -0.084538 s)
[2/53] queries/tpch/tpch-queries/q01/v1_materialized.sql (2 warmup [warm ones = N=1 anchor] + 3 x5)
  warmup 1/2: 1.896165 sec, 1 copy (cache prime)
  warmup 2/2: 1.785612 sec, 1 copy (N=1 anchor)
  batch 1/3: 8.694491 sec, 5 copies (server sum 8540.442 ms)
  batch 2/3: 8.613194 sec, 5 copies (server sum 8559.190 ms)
  batch 3/3: 8.719766 sec, 5 copies (server sum 8559.141 ms)
  slope: pkg 37.68 J/exec (intercept 1.917 J), wall 1.722551 s/exec (intercept 0.063060 s)
[3/53] queries/tpch/tpch-queries/q02/base.sql (2 warmup [warm ones = N=1 anchor] + 3 x5)
  warmup 1/2: 54.682602 sec, 1 copy (cache prime)
  warmup 2/2: 53.855140 sec, 1 copy (N=1 anchor)
  batch 1/3: 265.519155 sec, 5 copies (server sum 265420.905 ms)
  batch 2/3: 265.019660 sec, 5 copies (server sum 264920.727 ms)
  batch 3/3: 263.100129 sec, 5 copies (server sum 263000.785 ms)
  slope: pkg 458.5 J/exec (intercept -4.414 J), wall 52.672794 s/exec (intercept 1.182346 s)
[4/53] queries/tpch/tpch-queries/q02/v1_materialized.sql (2 warmup [warm ones = N=1 anchor] + 3 x5)
  warmup 1/2: 53.796655 sec, 1 copy (cache prime)
  warmup 2/2: 53.405114 sec, 1 copy (N=1 anchor)
  batch 1/3: 266.514635 sec, 5 copies (server sum 266416.932 ms)
  batch 2/3: 264.812061 sec, 5 copies (server sum 264713.198 ms)
  batch 3/3: 267.236352 sec, 5 copies (server sum 267136.364 ms)
  slope: pkg 453 J/exec (intercept 8.24 J), wall 53.195642 s/exec (intercept 0.209472 s)
[5/53] queries/tpch/tpch-queries/q02/v2_decorrelate.sql (2 warmup [warm ones = N=1 anchor] + 3 x5)
  warmup 1/2: 0.345001 sec, 1 copy (cache prime)
  warmup 2/2: 0.350603 sec, 1 copy (N=1 anchor)
  batch 1/3: 1.222900 sec, 5 copies (server sum 1114.260 ms)
  batch 2/3: 1.351829 sec, 5 copies (server sum 1243.014 ms)
  batch 3/3: 1.304535 sec, 5 copies (server sum 1201.656 ms)
  slope: pkg 3.161 J/exec (intercept 0.7383 J), wall 0.235621 s/exec (intercept 0.114982 s)
[6/53] queries/tpch/tpch-queries/q03/base.sql (2 warmup [warm ones = N=1 anchor] + 3 x5)
  warmup 1/2: 0.372793 sec, 1 copy (cache prime)
  warmup 2/2: 0.389717 sec, 1 copy (N=1 anchor)
  batch 1/3: 1.362376 sec, 5 copies (server sum 1258.503 ms)
  batch 2/3: 1.370076 sec, 5 copies (server sum 1271.949 ms)
  batch 3/3: 1.372018 sec, 5 copies (server sum 1277.407 ms)
  slope: pkg 7.602 J/exec (intercept 1.069 J), wall 0.244610 s/exec (intercept 0.145107 s)
[7/53] queries/tpch/tpch-queries/q03/v1_materialized.sql (2 warmup [warm ones = N=1 anchor] + 3 x5)
  warmup 1/2: 0.409528 sec, 1 copy (cache prime)
  warmup 2/2: 0.419704 sec, 1 copy (N=1 anchor)
  batch 1/3: 1.305417 sec, 5 copies (server sum 1257.483 ms)
  batch 2/3: 1.398617 sec, 5 copies (server sum 1299.554 ms)
  batch 3/3: 1.379493 sec, 5 copies (server sum 1281.131 ms)
  slope: pkg 7.979 J/exec (intercept -0.5964 J), wall 0.235368 s/exec (intercept 0.184337 s)
[8/53] queries/tpch/tpch-queries/q04/base.sql (2 warmup [warm ones = N=1 anchor] + 3 x5)
  warmup 1/2: 0.206846 sec, 1 copy (cache prime)
  warmup 2/2: 0.267413 sec, 1 copy (N=1 anchor)
  batch 1/3: 0.674277 sec, 5 copies (server sum 528.675 ms)
  batch 2/3: 0.570791 sec, 5 copies (server sum 474.485 ms)
  batch 3/3: 0.582606 sec, 5 copies (server sum 479.251 ms)
  slope: pkg 3.253 J/exec (intercept -0.3614 J), wall 0.085453 s/exec (intercept 0.181960 s)
[9/53] queries/tpch/tpch-queries/q04/v1_materialized.sql (2 warmup [warm ones = N=1 anchor] + 3 x5)
  warmup 1/2: 0.201559 sec, 1 copy (cache prime)
  warmup 2/2: 0.228197 sec, 1 copy (N=1 anchor)
  batch 1/3: 0.610174 sec, 5 copies (server sum 498.065 ms)
  batch 2/3: 0.581601 sec, 5 copies (server sum 482.422 ms)
  batch 3/3: 0.568117 sec, 5 copies (server sum 472.864 ms)
  slope: pkg 3.269 J/exec (intercept -0.2455 J), wall 0.089608 s/exec (intercept 0.138588 s)
[10/53] queries/tpch/tpch-queries/q04/v2_in.sql (2 warmup [warm ones = N=1 anchor] + 3 x5)
  warmup 1/2: 0.221654 sec, 1 copy (cache prime)
  warmup 2/2: 0.260072 sec, 1 copy (N=1 anchor)
  batch 1/3: 0.620895 sec, 5 copies (server sum 504.848 ms)
  batch 2/3: 0.593112 sec, 5 copies (server sum 492.067 ms)
  batch 3/3: 0.577716 sec, 5 copies (server sum 479.426 ms)
  slope: pkg 3.252 J/exec (intercept -0.3759 J), wall 0.084292 s/exec (intercept 0.175780 s)
[11/53] queries/tpch/tpch-queries/q05/base.sql (2 warmup [warm ones = N=1 anchor] + 3 x5)
  warmup 1/2: 0.318894 sec, 1 copy (cache prime)
  warmup 2/2: 0.415901 sec, 1 copy (N=1 anchor)
  batch 1/3: 1.415689 sec, 5 copies (server sum 1307.367 ms)
  batch 2/3: 1.419960 sec, 5 copies (server sum 1313.943 ms)
  batch 3/3: 1.393356 sec, 5 copies (server sum 1294.916 ms)
  slope: pkg 3.507 J/exec (intercept 0.482 J), wall 0.248442 s/exec (intercept 0.167459 s)
[12/53] queries/tpch/tpch-queries/q05/v1_materialized.sql (2 warmup [warm ones = N=1 anchor] + 3 x5)
  warmup 1/2: 0.349846 sec, 1 copy (cache prime)
  warmup 2/2: 0.367792 sec, 1 copy (N=1 anchor)
  batch 1/3: 1.391433 sec, 5 copies (server sum 1286.701 ms)
  batch 2/3: 1.398005 sec, 5 copies (server sum 1290.297 ms)
  batch 3/3: 1.439193 sec, 5 copies (server sum 1288.384 ms)
  slope: pkg 3.431 J/exec (intercept 1.158 J), wall 0.260438 s/exec (intercept 0.107354 s)
[13/53] queries/tpch/tpch-queries/q06/base.sql (2 warmup [warm ones = N=1 anchor] + 3 x5)
  warmup 1/2: 0.304764 sec, 1 copy (cache prime)
  warmup 2/2: 0.288938 sec, 1 copy (N=1 anchor)
  batch 1/3: 1.346964 sec, 5 copies (server sum 1244.329 ms)
  batch 2/3: 1.373785 sec, 5 copies (server sum 1267.665 ms)
  batch 3/3: 1.378223 sec, 5 copies (server sum 1278.336 ms)
  slope: pkg 7.245 J/exec (intercept 1.576 J), wall 0.269346 s/exec (intercept 0.019591 s)
[14/53] queries/tpch/tpch-queries/q06/v1_materialized.sql (2 warmup [warm ones = N=1 anchor] + 3 x5)
  warmup 1/2: 0.371506 sec, 1 copy (cache prime)
  warmup 2/2: 0.392964 sec, 1 copy (N=1 anchor)
  batch 1/3: 1.301596 sec, 5 copies (server sum 1257.504 ms)
  batch 2/3: 1.404921 sec, 5 copies (server sum 1301.919 ms)
  batch 3/3: 1.418752 sec, 5 copies (server sum 1318.529 ms)
  slope: pkg 7.073 J/exec (intercept 0.7079 J), wall 0.245532 s/exec (intercept 0.147432 s)
[15/53] queries/tpch/tpch-queries/q07/base.sql (2 warmup [warm ones = N=1 anchor] + 3 x5)
  warmup 1/2: 0.434199 sec, 1 copy (cache prime)
  warmup 2/2: 0.362350 sec, 1 copy (N=1 anchor)
  batch 1/3: 1.615913 sec, 5 copies (server sum 1512.802 ms)
  batch 2/3: 1.632464 sec, 5 copies (server sum 1530.396 ms)
  batch 3/3: 1.539365 sec, 5 copies (server sum 1491.798 ms)
  slope: pkg 4.778 J/exec (intercept 1.224 J), wall 0.308391 s/exec (intercept 0.053959 s)
[16/53] queries/tpch/tpch-queries/q07/v1_materialized.sql (2 warmup [warm ones = N=1 anchor] + 3 x5)
  warmup 1/2: 0.411190 sec, 1 copy (cache prime)
  warmup 2/2: 0.357406 sec, 1 copy (N=1 anchor)
  batch 1/3: 1.656278 sec, 5 copies (server sum 1510.127 ms)
  batch 2/3: 1.571054 sec, 5 copies (server sum 1498.611 ms)
  batch 3/3: 1.548336 sec, 5 copies (server sum 1499.943 ms)
  slope: pkg 4.794 J/exec (intercept 1.271 J), wall 0.308621 s/exec (intercept 0.048785 s)
[17/53] queries/tpch/tpch-queries/q07/v2_union_all.sql (2 warmup [warm ones = N=1 anchor] + 3 x5)
  warmup 1/2: 0.362833 sec, 1 copy (cache prime)
  warmup 2/2: 0.423047 sec, 1 copy (N=1 anchor)
  batch 1/3: 1.636216 sec, 5 copies (server sum 1527.348 ms)
  batch 2/3: 1.635111 sec, 5 copies (server sum 1527.884 ms)
  batch 3/3: 1.622239 sec, 5 copies (server sum 1521.783 ms)
  slope: pkg 4.863 J/exec (intercept 1.105 J), wall 0.302035 s/exec (intercept 0.121011 s)
[18/53] queries/tpch/tpch-queries/q08/base.sql (2 warmup [warm ones = N=1 anchor] + 3 x5)
  warmup 1/2: 0.502503 sec, 1 copy (cache prime)
  warmup 2/2: 0.490489 sec, 1 copy (N=1 anchor)
  batch 1/3: 1.944160 sec, 5 copies (server sum 1843.100 ms)
  batch 2/3: 1.939419 sec, 5 copies (server sum 1841.934 ms)
  batch 3/3: 1.929745 sec, 5 copies (server sum 1831.602 ms)
  slope: pkg 6.166 J/exec (intercept 1.41 J), wall 0.361821 s/exec (intercept 0.128668 s)
[19/53] queries/tpch/tpch-queries/q08/v1_materialized.sql (2 warmup [warm ones = N=1 anchor] + 3 x5)
  warmup 1/2: 0.539847 sec, 1 copy (cache prime)
  warmup 2/2: 0.442865 sec, 1 copy (N=1 anchor)
  batch 1/3: 1.952016 sec, 5 copies (server sum 1854.593 ms)
  batch 2/3: 1.943347 sec, 5 copies (server sum 1845.076 ms)
  batch 3/3: 1.946577 sec, 5 copies (server sum 1840.497 ms)
  slope: pkg 6.169 J/exec (intercept 1.103 J), wall 0.376112 s/exec (intercept 0.066753 s)
[20/53] queries/tpch/tpch-queries/q08/v2_filter.sql (2 warmup [warm ones = N=1 anchor] + 3 x5)
  warmup 1/2: 0.488353 sec, 1 copy (cache prime)
  warmup 2/2: 0.494737 sec, 1 copy (N=1 anchor)
  batch 1/3: 1.963585 sec, 5 copies (server sum 1860.325 ms)
  batch 2/3: 1.948595 sec, 5 copies (server sum 1846.335 ms)
  batch 3/3: 1.951200 sec, 5 copies (server sum 1847.470 ms)
  slope: pkg 6.077 J/exec (intercept 1.503 J), wall 0.364931 s/exec (intercept 0.129806 s)
[21/53] queries/tpch/tpch-queries/q09/base.sql (2 warmup [warm ones = N=1 anchor] + 3 x5)
  warmup 1/2: 0.996742 sec, 1 copy (cache prime)
  warmup 2/2: 1.004881 sec, 1 copy (N=1 anchor)
  batch 1/3: 4.592788 sec, 5 copies (server sum 4481.266 ms)
  batch 2/3: 4.571136 sec, 5 copies (server sum 4475.656 ms)
  batch 3/3: 4.724688 sec, 5 copies (server sum 4576.781 ms)
  slope: pkg 20.31 J/exec (intercept 1.124 J), wall 0.906164 s/exec (intercept 0.098717 s)
[22/53] queries/tpch/tpch-queries/q09/v1_materialized.sql (2 warmup [warm ones = N=1 anchor] + 3 x5)
  warmup 1/2: 0.971927 sec, 1 copy (cache prime)
  warmup 2/2: 1.032241 sec, 1 copy (N=1 anchor)
  batch 1/3: 4.684658 sec, 5 copies (server sum 4585.912 ms)
  batch 2/3: 4.644647 sec, 5 copies (server sum 4546.806 ms)
  batch 3/3: 4.733675 sec, 5 copies (server sum 4636.286 ms)
  slope: pkg 20.18 J/exec (intercept 0.6133 J), wall 0.913855 s/exec (intercept 0.118386 s)
[23/53] queries/tpch/tpch-queries/q10/base.sql (2 warmup [warm ones = N=1 anchor] + 3 x5)
  warmup 1/2: 0.406622 sec, 1 copy (cache prime)
  warmup 2/2: 0.346975 sec, 1 copy (N=1 anchor)
  batch 1/3: 1.409476 sec, 5 copies (server sum 1304.481 ms)
  batch 2/3: 1.427263 sec, 5 copies (server sum 1328.698 ms)
  batch 3/3: 1.403089 sec, 5 copies (server sum 1303.387 ms)
  slope: pkg 6.886 J/exec (intercept 0.9218 J), wall 0.266575 s/exec (intercept 0.080400 s)
[24/53] queries/tpch/tpch-queries/q10/v1_materialized.sql (2 warmup [warm ones = N=1 anchor] + 3 x5)
  warmup 1/2: 0.448793 sec, 1 copy (cache prime)
  warmup 2/2: 0.320846 sec, 1 copy (N=1 anchor)
  batch 1/3: 1.505949 sec, 5 copies (server sum 1398.925 ms)
  batch 2/3: 1.462719 sec, 5 copies (server sum 1366.094 ms)
  batch 3/3: 1.503001 sec, 5 copies (server sum 1403.779 ms)
  slope: pkg 6.808 J/exec (intercept 1.32 J), wall 0.292427 s/exec (intercept 0.028419 s)
[25/53] queries/tpch/tpch-queries/q11/base.sql (2 warmup [warm ones = N=1 anchor] + 3 x5)
  warmup 1/2: 0.204365 sec, 1 copy (cache prime)
  warmup 2/2: 0.132058 sec, 1 copy (N=1 anchor)
  batch 1/3: 0.588988 sec, 5 copies (server sum 462.803 ms)
  batch 2/3: 0.565142 sec, 5 copies (server sum 453.990 ms)
  batch 3/3: 0.547369 sec, 5 copies (server sum 445.114 ms)
  slope: pkg 2.195 J/exec (intercept 0.6274 J), wall 0.108777 s/exec (intercept 0.023280 s)
[26/53] queries/tpch/tpch-queries/q11/v1_materialized.sql (2 warmup [warm ones = N=1 anchor] + 3 x5)
  warmup 1/2: 0.223030 sec, 1 copy (cache prime)
  warmup 2/2: 0.241403 sec, 1 copy (N=1 anchor)
  batch 1/3: 0.574169 sec, 5 copies (server sum 459.397 ms)
  batch 2/3: 0.553968 sec, 5 copies (server sum 449.376 ms)
  batch 3/3: 0.604815 sec, 5 copies (server sum 492.118 ms)
  slope: pkg 2.394 J/exec (intercept -0.2736 J), wall 0.084062 s/exec (intercept 0.157341 s)
[27/53] queries/tpch/tpch-queries/q11/v2_cte_threshold.sql (2 warmup [warm ones = N=1 anchor] + 3 x5)
  warmup 1/2: 0.256832 sec, 1 copy (cache prime)
  warmup 2/2: 0.237104 sec, 1 copy (N=1 anchor)
  batch 1/3: 0.552721 sec, 5 copies (server sum 392.953 ms)
  batch 2/3: 0.495733 sec, 5 copies (server sum 451.784 ms)
  batch 3/3: 0.602406 sec, 5 copies (server sum 471.081 ms)
  slope: pkg 2.574 J/exec (intercept -0.6473 J), wall 0.078296 s/exec (intercept 0.158809 s)
[28/53] queries/tpch/tpch-queries/q12/base.sql (2 warmup [warm ones = N=1 anchor] + 3 x5)
  warmup 1/2: 0.483532 sec, 1 copy (cache prime)
  warmup 2/2: 0.618939 sec, 1 copy (N=1 anchor)
  batch 1/3: 2.395677 sec, 5 copies (server sum 2275.216 ms)
  batch 2/3: 2.349398 sec, 5 copies (server sum 2250.052 ms)
  batch 3/3: 2.358918 sec, 5 copies (server sum 2263.468 ms)
  slope: pkg 11.79 J/exec (intercept 0.9913 J), wall 0.437265 s/exec (intercept 0.181674 s)
[29/53] queries/tpch/tpch-queries/q12/v1_materialized.sql (2 warmup [warm ones = N=1 anchor] + 3 x5)
  warmup 1/2: 0.607989 sec, 1 copy (cache prime)
  warmup 2/2: 0.615035 sec, 1 copy (N=1 anchor)
  batch 1/3: 2.452681 sec, 5 copies (server sum 2334.263 ms)
  batch 2/3: 2.495280 sec, 5 copies (server sum 2384.911 ms)
  batch 3/3: 2.485759 sec, 5 copies (server sum 2382.136 ms)
  slope: pkg 10.85 J/exec (intercept 1.534 J), wall 0.465718 s/exec (intercept 0.149317 s)
[30/53] queries/tpch/tpch-queries/q12/v2_filter.sql (2 warmup [warm ones = N=1 anchor] + 3 x5)
  warmup 1/2: 0.597261 sec, 1 copy (cache prime)
  warmup 2/2: 0.522466 sec, 1 copy (N=1 anchor)
  batch 1/3: 2.505148 sec, 5 copies (server sum 2377.492 ms)
  batch 2/3: 2.462471 sec, 5 copies (server sum 2358.669 ms)
  batch 3/3: 2.462173 sec, 5 copies (server sum 2361.838 ms)
  slope: pkg 10.58 J/exec (intercept 1.349 J), wall 0.488533 s/exec (intercept 0.033933 s)
[31/53] queries/tpch/tpch-queries/q13/base.sql (2 warmup [warm ones = N=1 anchor] + 3 x5)
  warmup 1/2: 1.762863 sec, 1 copy (cache prime)
  warmup 2/2: 1.695360 sec, 1 copy (N=1 anchor)
  batch 1/3: 7.963442 sec, 5 copies (server sum 7866.253 ms)
  batch 2/3: 7.744661 sec, 5 copies (server sum 7695.537 ms)
  batch 3/3: 7.936414 sec, 5 copies (server sum 7826.852 ms)
  slope: pkg 8.924 J/exec (intercept 1.17 J), wall 1.546536 s/exec (intercept 0.148823 s)
[32/53] queries/tpch/tpch-queries/q13/v1_materialized.sql (2 warmup [warm ones = N=1 anchor] + 3 x5)
  warmup 1/2: 1.650158 sec, 1 copy (cache prime)
  warmup 2/2: 1.666386 sec, 1 copy (N=1 anchor)
  batch 1/3: 7.776304 sec, 5 copies (server sum 7678.864 ms)
  batch 2/3: 7.660222 sec, 5 copies (server sum 7612.127 ms)
  batch 3/3: 7.796915 sec, 5 copies (server sum 7695.357 ms)
  slope: pkg 9.036 J/exec (intercept 0.5075 J), wall 1.519524 s/exec (intercept 0.146862 s)
[33/53] queries/tpch/tpch-queries/q13/v2_correlated.sql (2 warmup [warm ones = N=1 anchor] + 3 x5)
  warmup 1/2: 2.216054 sec, 1 copy (cache prime)
  warmup 2/2: 2.247504 sec, 1 copy (N=1 anchor)
  batch 1/3: 10.364912 sec, 5 copies (server sum 10272.260 ms)
  batch 2/3: 10.282219 sec, 5 copies (server sum 10238.681 ms)
  batch 3/3: 10.307823 sec, 5 copies (server sum 10211.459 ms)
  slope: pkg 19.57 J/exec (intercept 0.9815 J), wall 2.017704 s/exec (intercept 0.229801 s)
[34/53] queries/tpch/tpch-queries/q14/base.sql (2 warmup [warm ones = N=1 anchor] + 3 x5)
  warmup 1/2: 0.410340 sec, 1 copy (cache prime)
  warmup 2/2: 0.416991 sec, 1 copy (N=1 anchor)
  batch 1/3: 1.605262 sec, 5 copies (server sum 1503.024 ms)
  batch 2/3: 1.602123 sec, 5 copies (server sum 1508.431 ms)
  batch 3/3: 1.622862 sec, 5 copies (server sum 1512.776 ms)
  slope: pkg 7.995 J/exec (intercept 0.8975 J), wall 0.298273 s/exec (intercept 0.118718 s)
[35/53] queries/tpch/tpch-queries/q14/v1_materialized.sql (2 warmup [warm ones = N=1 anchor] + 3 x5)
  warmup 1/2: 0.423398 sec, 1 copy (cache prime)
  warmup 2/2: 0.432912 sec, 1 copy (N=1 anchor)
  batch 1/3: 1.595734 sec, 5 copies (server sum 1499.928 ms)
  batch 2/3: 1.521609 sec, 5 copies (server sum 1420.951 ms)
  batch 3/3: 1.525981 sec, 5 copies (server sum 1428.381 ms)
  slope: pkg 8.126 J/exec (intercept 0.7772 J), wall 0.278716 s/exec (intercept 0.154197 s)
[36/53] queries/tpch/tpch-queries/q14/v2_filter.sql (2 warmup [warm ones = N=1 anchor] + 3 x5)
  warmup 1/2: 0.403084 sec, 1 copy (cache prime)
  warmup 2/2: 0.403940 sec, 1 copy (N=1 anchor)
  batch 1/3: 1.537009 sec, 5 copies (server sum 1444.432 ms)
  batch 2/3: 1.556781 sec, 5 copies (server sum 1461.449 ms)
  batch 3/3: 1.572059 sec, 5 copies (server sum 1476.452 ms)
  slope: pkg 7.704 J/exec (intercept 1.341 J), wall 0.287836 s/exec (intercept 0.116105 s)
[37/53] queries/tpch/tpch-queries/q15/base.sql (2 warmup [warm ones = N=1 anchor] + 3 x5)
  warmup 1/2: 0.357950 sec, 1 copy (cache prime)
  warmup 2/2: 0.429110 sec, 1 copy (N=1 anchor)
  batch 1/3: 1.643032 sec, 5 copies (server sum 1536.939 ms)
  batch 2/3: 1.592905 sec, 5 copies (server sum 1501.449 ms)
  batch 3/3: 1.667574 sec, 5 copies (server sum 1569.729 ms)
  slope: pkg 8.323 J/exec (intercept 0.7766 J), wall 0.301348 s/exec (intercept 0.127762 s)
[38/53] queries/tpch/tpch-queries/q15/v1_materialized.sql (2 warmup [warm ones = N=1 anchor] + 3 x5)
  warmup 1/2: 0.482411 sec, 1 copy (cache prime)
  warmup 2/2: 0.430682 sec, 1 copy (N=1 anchor)
  batch 1/3: 1.650058 sec, 5 copies (server sum 1545.604 ms)
  batch 2/3: 1.679847 sec, 5 copies (server sum 1533.734 ms)
  batch 3/3: 1.582945 sec, 5 copies (server sum 1537.554 ms)
  slope: pkg 8.148 J/exec (intercept 0.7136 J), wall 0.301734 s/exec (intercept 0.128948 s)
[39/53] queries/tpch/tpch-queries/q16/base.sql (2 warmup [warm ones = N=1 anchor] + 3 x5)
  warmup 1/2: 0.339881 sec, 1 copy (cache prime)
  warmup 2/2: 0.345522 sec, 1 copy (N=1 anchor)
  batch 1/3: 1.238387 sec, 5 copies (server sum 1138.731 ms)
  batch 2/3: 1.305322 sec, 5 copies (server sum 1204.196 ms)
  batch 3/3: 1.239819 sec, 5 copies (server sum 1142.636 ms)
  slope: pkg 5.545 J/exec (intercept 0.1195 J), wall 0.228914 s/exec (intercept 0.116608 s)
[40/53] queries/tpch/tpch-queries/q16/v1_materialized.sql (2 warmup [warm ones = N=1 anchor] + 3 x5)
  warmup 1/2: 0.341917 sec, 1 copy (cache prime)
  warmup 2/2: 0.322057 sec, 1 copy (N=1 anchor)
  batch 1/3: 1.306844 sec, 5 copies (server sum 1205.569 ms)
  batch 2/3: 1.272760 sec, 5 copies (server sum 1175.883 ms)
  batch 3/3: 1.310147 sec, 5 copies (server sum 1212.813 ms)
  slope: pkg 5.357 J/exec (intercept 1.24 J), wall 0.243632 s/exec (intercept 0.078425 s)
[41/53] queries/tpch/tpch-queries/q16/v2_not_exists.sql (2 warmup [warm ones = N=1 anchor] + 3 x5)
  warmup 1/2: 0.313290 sec, 1 copy (cache prime)
  warmup 2/2: 0.308483 sec, 1 copy (N=1 anchor)
  batch 1/3: 1.222431 sec, 5 copies (server sum 1120.964 ms)
  batch 2/3: 1.164674 sec, 5 copies (server sum 1067.124 ms)
  batch 3/3: 1.173569 sec, 5 copies (server sum 1130.567 ms)
  slope: pkg 4.921 J/exec (intercept 1.148 J), wall 0.219602 s/exec (intercept 0.088882 s)
[42/53] queries/tpch/tpch-queries/q17/v2_decorrelate.sql (2 warmup [warm ones = N=1 anchor] + 3 x5)
  warmup 1/2: 5.672562 sec, 1 copy (cache prime)
  warmup 2/2: 5.701498 sec, 1 copy (N=1 anchor)
  batch 1/3: 28.011624 sec, 5 copies (server sum 27869.240 ms)
  batch 2/3: 28.082160 sec, 5 copies (server sum 27986.971 ms)
  batch 3/3: 28.185587 sec, 5 copies (server sum 28073.162 ms)
  slope: pkg 85.84 J/exec (intercept 0.6042 J), wall 5.597906 s/exec (intercept 0.103592 s)
[43/53] queries/tpch/tpch-queries/q18/base.sql (2 warmup [warm ones = N=1 anchor] + 3 x5)
  warmup 1/2: 4.684748 sec, 1 copy (cache prime)
  warmup 2/2: 4.778574 sec, 1 copy (N=1 anchor)
  batch 1/3: 24.081538 sec, 5 copies (server sum 23973.882 ms)
  batch 2/3: 25.061354 sec, 5 copies (server sum 24951.027 ms)
  batch 3/3: 25.011222 sec, 5 copies (server sum 24899.795 ms)
  slope: pkg 108.4 J/exec (intercept 19.68 J), wall 4.984866 s/exec (intercept -0.206292 s)
[44/53] queries/tpch/tpch-queries/q18/v1_materialized.sql (2 warmup [warm ones = N=1 anchor] + 3 x5)
  warmup 1/2: 5.234309 sec, 1 copy (cache prime)
  warmup 2/2: 5.231221 sec, 1 copy (N=1 anchor)
  batch 1/3: 25.089033 sec, 5 copies (server sum 25043.353 ms)
  batch 2/3: 25.186186 sec, 5 copies (server sum 25085.147 ms)
  batch 3/3: 25.245258 sec, 5 copies (server sum 25125.852 ms)
  slope: pkg 109.5 J/exec (intercept 5.331 J), wall 4.985568 s/exec (intercept 0.245653 s)
[45/53] queries/tpch/tpch-queries/q18/v2_join.sql (2 warmup [warm ones = N=1 anchor] + 3 x5)
  warmup 1/2: 5.226872 sec, 1 copy (cache prime)
  warmup 2/2: 5.169421 sec, 1 copy (N=1 anchor)
  batch 1/3: 24.992719 sec, 5 copies (server sum 24880.864 ms)
  batch 2/3: 25.051230 sec, 5 copies (server sum 24941.364 ms)
  batch 3/3: 25.111578 sec, 5 copies (server sum 25010.081 ms)
  slope: pkg 109.1 J/exec (intercept 4.812 J), wall 4.970605 s/exec (intercept 0.198815 s)
[46/53] queries/tpch/tpch-queries/q19/base.sql (2 warmup [warm ones = N=1 anchor] + 3 x5)
  warmup 1/2: 0.547026 sec, 1 copy (cache prime)
  warmup 2/2: 0.605585 sec, 1 copy (N=1 anchor)
  batch 1/3: 2.327101 sec, 5 copies (server sum 2210.705 ms)
  batch 2/3: 2.366595 sec, 5 copies (server sum 2259.574 ms)
  batch 3/3: 2.373032 sec, 5 copies (server sum 2268.982 ms)
  slope: pkg 10.54 J/exec (intercept 0.573 J), wall 0.437498 s/exec (intercept 0.168087 s)
[47/53] queries/tpch/tpch-queries/q19/v1_materialized.sql (2 warmup [warm ones = N=1 anchor] + 3 x5)
  warmup 1/2: 0.591102 sec, 1 copy (cache prime)
  warmup 2/2: 0.606715 sec, 1 copy (N=1 anchor)
  batch 1/3: 2.380344 sec, 5 copies (server sum 2215.144 ms)
  batch 2/3: 2.314304 sec, 5 copies (server sum 2252.469 ms)
  batch 3/3: 2.372630 sec, 5 copies (server sum 2267.952 ms)
  slope: pkg 10.54 J/exec (intercept 0.428 J), wall 0.437261 s/exec (intercept 0.169453 s)
[48/53] queries/tpch/tpch-queries/q19/v2_union_all.sql (2 warmup [warm ones = N=1 anchor] + 3 x5)
  warmup 1/2: 1.414986 sec, 1 copy (cache prime)
  warmup 2/2: 1.424999 sec, 1 copy (N=1 anchor)
  batch 1/3: 6.597864 sec, 5 copies (server sum 6477.726 ms)
  batch 2/3: 6.601183 sec, 5 copies (server sum 6497.226 ms)
  batch 3/3: 6.593064 sec, 5 copies (server sum 6490.508 ms)
  slope: pkg 28.16 J/exec (intercept 3.645 J), wall 1.293093 s/exec (intercept 0.131907 s)
[49/53] queries/tpch/tpch-queries/q21/base.sql (2 warmup [warm ones = N=1 anchor] + 3 x5)
  warmup 1/2: 0.670382 sec, 1 copy (cache prime)
  warmup 2/2: 0.669661 sec, 1 copy (N=1 anchor)
  batch 1/3: 2.780178 sec, 5 copies (server sum 2676.918 ms)
  batch 2/3: 2.781558 sec, 5 copies (server sum 2721.244 ms)
  batch 3/3: 2.815620 sec, 5 copies (server sum 2710.612 ms)
  slope: pkg 12.09 J/exec (intercept 1.521 J), wall 0.530698 s/exec (intercept 0.138963 s)
[50/53] queries/tpch/tpch-queries/q21/v1_materialized.sql (2 warmup [warm ones = N=1 anchor] + 3 x5)
  warmup 1/2: 0.663409 sec, 1 copy (cache prime)
  warmup 2/2: 0.653994 sec, 1 copy (N=1 anchor)
  batch 1/3: 2.842082 sec, 5 copies (server sum 2692.654 ms)
  batch 2/3: 2.774847 sec, 5 copies (server sum 2718.326 ms)
  batch 3/3: 2.833440 sec, 5 copies (server sum 2729.224 ms)
  slope: pkg 12.13 J/exec (intercept 1.65 J), wall 0.540699 s/exec (intercept 0.113295 s)
[51/53] queries/tpch/tpch-queries/q22/base.sql (2 warmup [warm ones = N=1 anchor] + 3 x5)
  warmup 1/2: 0.118437 sec, 1 copy (cache prime)
  warmup 2/2: 0.102391 sec, 1 copy (N=1 anchor)
  batch 1/3: 0.347863 sec, 5 copies (server sum 299.767 ms)
  batch 2/3: 0.438864 sec, 5 copies (server sum 322.805 ms)
  batch 3/3: 0.429775 sec, 5 copies (server sum 322.132 ms)
  slope: pkg 1.301 J/exec (intercept 0.6732 J), wall 0.075778 s/exec (intercept 0.026613 s)
[52/53] queries/tpch/tpch-queries/q22/v1_materialized.sql (2 warmup [warm ones = N=1 anchor] + 3 x5)
  warmup 1/2: 0.198068 sec, 1 copy (cache prime)
  warmup 2/2: 0.185691 sec, 1 copy (N=1 anchor)
  batch 1/3: 0.392953 sec, 5 copies (server sum 286.547 ms)
  batch 2/3: 0.423865 sec, 5 copies (server sum 315.852 ms)
  batch 3/3: 0.427434 sec, 5 copies (server sum 314.529 ms)
  slope: pkg 1.368 J/exec (intercept 0.7114 J), wall 0.057265 s/exec (intercept 0.128426 s)
[53/53] queries/tpch/tpch-queries/q22/v2_anti_join.sql (2 warmup [warm ones = N=1 anchor] + 3 x5)
  warmup 1/2: 0.232907 sec, 1 copy (cache prime)
  warmup 2/2: 0.238901 sec, 1 copy (N=1 anchor)
  batch 1/3: 0.657794 sec, 5 copies (server sum 543.892 ms)
  batch 2/3: 0.705782 sec, 5 copies (server sum 603.319 ms)
  batch 3/3: 0.652402 sec, 5 copies (server sum 548.416 ms)
  slope: pkg 2.808 J/exec (intercept 0.4317 J), wall 0.108273 s/exec (intercept 0.130628 s)

Done. Batch rows appended to logs/max_parallel_workers/mpw_6/query_timing_tpch.csv
Per-copy samples appended to logs/max_parallel_workers/mpw_6/query_samples_tpch.csv
Relation sizes appended to logs/max_parallel_workers/mpw_6/query_catalog_tpch.csv
Per-query slope/intercept appended to logs/max_parallel_workers/mpw_6/query_slope_tpch.csv
make: Leaving directory '/home/user01/GreenSQL'
