make: Entering directory '/home/user01/GreenSQL'
query_runner configuration:
  QUERY_DIR      = queries/tpch/tpch-queries
  LOG_FILE       = logs/work_mem/wm_32MB/query_timing_tpch_idx.csv
  SAMPLE_FILE    = logs/work_mem/wm_32MB/query_samples_tpch_idx.csv
  CATALOG_FILE   = logs/work_mem/wm_32MB/query_catalog_tpch_idx.csv
  SLOPE_FILE     = logs/work_mem/wm_32MB/query_slope_tpch_idx.csv
  DB_NAME        = tpch_idx
  DB_USER        = postgres
  PGPORT         = 5434
  PG_VERSION     = 18.4  (as reported by the server on that port)
  BATCHNUM       = 5 (slope sizes: 1 copy and 5 copies)
  RUNS           = 3 (measured batches per size)
  WARMUP         = 2 (single-copy; #1 primes cache, warm ones = N=1 anchor)
  WORKERS        = (planner default)
  STATEMENT_TIMEOUT = 900
  SIGLESS_ADDR   = (disabled)
Found 53 queries under queries/tpch/tpch-queries

Catalog snapshot: 37 relations -> logs/work_mem/wm_32MB/query_catalog_tpch_idx.csv
[1/53] queries/tpch/tpch-queries/q01/base.sql (2 warmup [warm ones = N=1 anchor] + 3 x5)
  warmup 1/2: 1.557526 sec, 1 copy (cache prime)
  warmup 2/2: 1.611664 sec, 1 copy (N=1 anchor)
  batch 1/3: 8.539975 sec, 5 copies (server sum 8408.824 ms)
  batch 2/3: 8.552056 sec, 5 copies (server sum 8384.475 ms)
  batch 3/3: 8.517425 sec, 5 copies (server sum 8406.029 ms)
  slope: pkg 36.12 J/exec (intercept 6.332 J), wall 1.731205 s/exec (intercept -0.119541 s)
[2/53] queries/tpch/tpch-queries/q01/v1_materialized.sql (2 warmup [warm ones = N=1 anchor] + 3 x5)
  warmup 1/2: 1.734003 sec, 1 copy (cache prime)
  warmup 2/2: 1.806033 sec, 1 copy (N=1 anchor)
  batch 1/3: 8.472474 sec, 5 copies (server sum 8418.135 ms)
  batch 2/3: 8.529507 sec, 5 copies (server sum 8397.290 ms)
  batch 3/3: 8.543964 sec, 5 copies (server sum 8409.144 ms)
  slope: pkg 36.75 J/exec (intercept 3.052 J), wall 1.677320 s/exec (intercept 0.128713 s)
[3/53] queries/tpch/tpch-queries/q02/base.sql (2 warmup [warm ones = N=1 anchor] + 3 x5)
  warmup 1/2: 0.362353 sec, 1 copy (cache prime)
  warmup 2/2: 0.294653 sec, 1 copy (N=1 anchor)
  batch 1/3: 0.982112 sec, 5 copies (server sum 881.760 ms)
  batch 2/3: 0.976455 sec, 5 copies (server sum 874.784 ms)
  batch 3/3: 0.976734 sec, 5 copies (server sum 877.029 ms)
  slope: pkg 1.416 J/exec (intercept 1.106 J), wall 0.170945 s/exec (intercept 0.123708 s)
[4/53] queries/tpch/tpch-queries/q02/v1_materialized.sql (2 warmup [warm ones = N=1 anchor] + 3 x5)
  warmup 1/2: 0.317780 sec, 1 copy (cache prime)
  warmup 2/2: 0.318252 sec, 1 copy (N=1 anchor)
  batch 1/3: 1.111559 sec, 5 copies (server sum 1004.227 ms)
  batch 2/3: 1.101882 sec, 5 copies (server sum 998.921 ms)
  batch 3/3: 1.092361 sec, 5 copies (server sum 992.831 ms)
  slope: pkg 1.307 J/exec (intercept 1.107 J), wall 0.195921 s/exec (intercept 0.122331 s)
[5/53] queries/tpch/tpch-queries/q02/v2_decorrelate.sql (2 warmup [warm ones = N=1 anchor] + 3 x5)
  warmup 1/2: 0.317362 sec, 1 copy (cache prime)
  warmup 2/2: 0.317201 sec, 1 copy (N=1 anchor)
  batch 1/3: 1.222012 sec, 5 copies (server sum 1109.178 ms)
  batch 2/3: 1.204790 sec, 5 copies (server sum 1093.309 ms)
  batch 3/3: 1.212829 sec, 5 copies (server sum 1102.139 ms)
  slope: pkg 1.193 J/exec (intercept 0.8886 J), wall 0.224002 s/exec (intercept 0.093199 s)
[6/53] queries/tpch/tpch-queries/q03/base.sql (2 warmup [warm ones = N=1 anchor] + 3 x5)
  warmup 1/2: 0.311087 sec, 1 copy (cache prime)
  warmup 2/2: 0.358507 sec, 1 copy (N=1 anchor)
  batch 1/3: 1.336325 sec, 5 copies (server sum 1231.859 ms)
  batch 2/3: 1.313811 sec, 5 copies (server sum 1218.575 ms)
  batch 3/3: 1.327605 sec, 5 copies (server sum 1232.494 ms)
  slope: pkg 7.964 J/exec (intercept 0.9146 J), wall 0.241852 s/exec (intercept 0.116655 s)
[7/53] queries/tpch/tpch-queries/q03/v1_materialized.sql (2 warmup [warm ones = N=1 anchor] + 3 x5)
  warmup 1/2: 0.306516 sec, 1 copy (cache prime)
  warmup 2/2: 0.306428 sec, 1 copy (N=1 anchor)
  batch 1/3: 1.355407 sec, 5 copies (server sum 1254.303 ms)
  batch 2/3: 1.375997 sec, 5 copies (server sum 1275.844 ms)
  batch 3/3: 1.367512 sec, 5 copies (server sum 1270.140 ms)
  slope: pkg 7.405 J/exec (intercept 1.625 J), wall 0.264969 s/exec (intercept 0.041459 s)
[8/53] queries/tpch/tpch-queries/q04/base.sql (2 warmup [warm ones = N=1 anchor] + 3 x5)
  warmup 1/2: 0.190135 sec, 1 copy (cache prime)
  warmup 2/2: 0.406334 sec, 1 copy (N=1 anchor)
  batch 1/3: 0.525879 sec, 5 copies (server sum 474.591 ms)
  batch 2/3: 0.563012 sec, 5 copies (server sum 464.887 ms)
  batch 3/3: 0.569883 sec, 5 copies (server sum 467.765 ms)
  slope: pkg 2.767 J/exec (intercept 0.3743 J), wall 0.036648 s/exec (intercept 0.369686 s)
[9/53] queries/tpch/tpch-queries/q04/v1_materialized.sql (2 warmup [warm ones = N=1 anchor] + 3 x5)
  warmup 1/2: 0.205768 sec, 1 copy (cache prime)
  warmup 2/2: 0.248898 sec, 1 copy (N=1 anchor)
  batch 1/3: 0.593611 sec, 5 copies (server sum 482.123 ms)
  batch 2/3: 0.563921 sec, 5 copies (server sum 463.616 ms)
  batch 3/3: 0.544188 sec, 5 copies (server sum 450.329 ms)
  slope: pkg 2.857 J/exec (intercept -0.1773 J), wall 0.079585 s/exec (intercept 0.169313 s)
[10/53] queries/tpch/tpch-queries/q04/v2_in.sql (2 warmup [warm ones = N=1 anchor] + 3 x5)
  warmup 1/2: 0.218497 sec, 1 copy (cache prime)
  warmup 2/2: 0.234357 sec, 1 copy (N=1 anchor)
  batch 1/3: 0.560025 sec, 5 copies (server sum 462.097 ms)
  batch 2/3: 0.559668 sec, 5 copies (server sum 464.212 ms)
  batch 3/3: 0.567091 sec, 5 copies (server sum 467.056 ms)
  slope: pkg 2.841 J/exec (intercept -0.09473 J), wall 0.081976 s/exec (intercept 0.152381 s)
[11/53] queries/tpch/tpch-queries/q05/base.sql (2 warmup [warm ones = N=1 anchor] + 3 x5)
  warmup 1/2: 0.319284 sec, 1 copy (cache prime)
  warmup 2/2: 0.410231 sec, 1 copy (N=1 anchor)
  batch 1/3: 1.399237 sec, 5 copies (server sum 1296.651 ms)
  batch 2/3: 1.324219 sec, 5 copies (server sum 1270.905 ms)
  batch 3/3: 1.390412 sec, 5 copies (server sum 1287.144 ms)
  slope: pkg 3.754 J/exec (intercept 0.3838 J), wall 0.240264 s/exec (intercept 0.169967 s)
[12/53] queries/tpch/tpch-queries/q05/v1_materialized.sql (2 warmup [warm ones = N=1 anchor] + 3 x5)
  warmup 1/2: 0.376540 sec, 1 copy (cache prime)
  warmup 2/2: 0.369920 sec, 1 copy (N=1 anchor)
  batch 1/3: 1.333212 sec, 5 copies (server sum 1279.466 ms)
  batch 2/3: 1.439981 sec, 5 copies (server sum 1287.490 ms)
  batch 3/3: 1.396846 sec, 5 copies (server sum 1283.190 ms)
  slope: pkg 3.538 J/exec (intercept 1.141 J), wall 0.255023 s/exec (intercept 0.114897 s)
[13/53] queries/tpch/tpch-queries/q06/base.sql (2 warmup [warm ones = N=1 anchor] + 3 x5)
  warmup 1/2: 0.156509 sec, 1 copy (cache prime)
  warmup 2/2: 0.094990 sec, 1 copy (N=1 anchor)
  batch 1/3: 0.351408 sec, 5 copies (server sum 308.820 ms)
  batch 2/3: 0.428710 sec, 5 copies (server sum 325.565 ms)
  batch 3/3: 0.427886 sec, 5 copies (server sum 319.402 ms)
  slope: pkg 1.749 J/exec (intercept 0.8633 J), wall 0.076919 s/exec (intercept 0.018071 s)
[14/53] queries/tpch/tpch-queries/q06/v1_materialized.sql (2 warmup [warm ones = N=1 anchor] + 3 x5)
  warmup 1/2: 0.184711 sec, 1 copy (cache prime)
  warmup 2/2: 0.236485 sec, 1 copy (N=1 anchor)
  batch 1/3: 0.459356 sec, 5 copies (server sum 353.050 ms)
  batch 2/3: 0.414673 sec, 5 copies (server sum 314.637 ms)
  batch 3/3: 0.439662 sec, 5 copies (server sum 334.066 ms)
  slope: pkg 1.88 J/exec (intercept -0.1569 J), wall 0.050353 s/exec (intercept 0.186132 s)
[15/53] queries/tpch/tpch-queries/q07/base.sql (2 warmup [warm ones = N=1 anchor] + 3 x5)
  warmup 1/2: 0.798361 sec, 1 copy (cache prime)
  warmup 2/2: 0.772581 sec, 1 copy (N=1 anchor)
  batch 1/3: 3.284901 sec, 5 copies (server sum 3127.617 ms)
  batch 2/3: 3.143996 sec, 5 copies (server sum 3082.681 ms)
  batch 3/3: 3.172190 sec, 5 copies (server sum 3068.622 ms)
  slope: pkg 9.395 J/exec (intercept 0.3065 J), wall 0.606945 s/exec (intercept 0.165635 s)
[16/53] queries/tpch/tpch-queries/q07/v1_materialized.sql (2 warmup [warm ones = N=1 anchor] + 3 x5)
  warmup 1/2: 0.733317 sec, 1 copy (cache prime)
  warmup 2/2: 0.739933 sec, 1 copy (N=1 anchor)
  batch 1/3: 3.219295 sec, 5 copies (server sum 3113.841 ms)
  batch 2/3: 3.202179 sec, 5 copies (server sum 3097.769 ms)
  batch 3/3: 3.185406 sec, 5 copies (server sum 3075.533 ms)
  slope: pkg 9.195 J/exec (intercept 1.187 J), wall 0.615590 s/exec (intercept 0.124342 s)
[17/53] queries/tpch/tpch-queries/q07/v2_union_all.sql (2 warmup [warm ones = N=1 anchor] + 3 x5)
  warmup 1/2: 0.698124 sec, 1 copy (cache prime)
  warmup 2/2: 0.698352 sec, 1 copy (N=1 anchor)
  batch 1/3: 3.029725 sec, 5 copies (server sum 2922.282 ms)
  batch 2/3: 3.025969 sec, 5 copies (server sum 2915.509 ms)
  batch 3/3: 3.019106 sec, 5 copies (server sum 2916.622 ms)
  slope: pkg 7.526 J/exec (intercept 1.813 J), wall 0.581645 s/exec (intercept 0.116706 s)
[18/53] queries/tpch/tpch-queries/q08/base.sql (2 warmup [warm ones = N=1 anchor] + 3 x5)
  warmup 1/2: 0.240285 sec, 1 copy (cache prime)
  warmup 2/2: 0.247276 sec, 1 copy (N=1 anchor)
  batch 1/3: 0.798205 sec, 5 copies (server sum 694.699 ms)
  batch 2/3: 0.811197 sec, 5 copies (server sum 708.850 ms)
  batch 3/3: 0.862524 sec, 5 copies (server sum 714.174 ms)
  slope: pkg 2.265 J/exec (intercept 1.545 J), wall 0.144175 s/exec (intercept 0.103101 s)
[19/53] queries/tpch/tpch-queries/q08/v1_materialized.sql (2 warmup [warm ones = N=1 anchor] + 3 x5)
  warmup 1/2: 0.244480 sec, 1 copy (cache prime)
  warmup 2/2: 0.245518 sec, 1 copy (N=1 anchor)
  batch 1/3: 0.816960 sec, 5 copies (server sum 714.006 ms)
  batch 2/3: 0.820051 sec, 5 copies (server sum 716.040 ms)
  batch 3/3: 0.810453 sec, 5 copies (server sum 708.171 ms)
  slope: pkg 2.255 J/exec (intercept 1.522 J), wall 0.142576 s/exec (intercept 0.102942 s)
[20/53] queries/tpch/tpch-queries/q08/v2_filter.sql (2 warmup [warm ones = N=1 anchor] + 3 x5)
  warmup 1/2: 0.249335 sec, 1 copy (cache prime)
  warmup 2/2: 0.243693 sec, 1 copy (N=1 anchor)
  batch 1/3: 0.816743 sec, 5 copies (server sum 714.235 ms)
  batch 2/3: 0.815927 sec, 5 copies (server sum 709.790 ms)
  batch 3/3: 0.811555 sec, 5 copies (server sum 708.348 ms)
  slope: pkg 2.243 J/exec (intercept 1.527 J), wall 0.142762 s/exec (intercept 0.100931 s)
[21/53] queries/tpch/tpch-queries/q09/base.sql (2 warmup [warm ones = N=1 anchor] + 3 x5)
  warmup 1/2: 1.148929 sec, 1 copy (cache prime)
  warmup 2/2: 1.138633 sec, 1 copy (N=1 anchor)
  batch 1/3: 5.184388 sec, 5 copies (server sum 5128.712 ms)
  batch 2/3: 5.285047 sec, 5 copies (server sum 5132.115 ms)
  batch 3/3: 5.258204 sec, 5 copies (server sum 5153.148 ms)
  slope: pkg 21.03 J/exec (intercept 1.406 J), wall 1.025978 s/exec (intercept 0.112655 s)
[22/53] queries/tpch/tpch-queries/q09/v1_materialized.sql (2 warmup [warm ones = N=1 anchor] + 3 x5)
  warmup 1/2: 1.097323 sec, 1 copy (cache prime)
  warmup 2/2: 1.142611 sec, 1 copy (N=1 anchor)
  batch 1/3: 5.295052 sec, 5 copies (server sum 5191.418 ms)
  batch 2/3: 5.319444 sec, 5 copies (server sum 5164.035 ms)
  batch 3/3: 5.266931 sec, 5 copies (server sum 5208.480 ms)
  slope: pkg 20.91 J/exec (intercept 1.573 J), wall 1.037799 s/exec (intercept 0.104812 s)
[23/53] queries/tpch/tpch-queries/q10/base.sql (2 warmup [warm ones = N=1 anchor] + 3 x5)
  warmup 1/2: 0.391847 sec, 1 copy (cache prime)
  warmup 2/2: 0.343376 sec, 1 copy (N=1 anchor)
  batch 1/3: 1.475061 sec, 5 copies (server sum 1374.104 ms)
  batch 2/3: 1.466740 sec, 5 copies (server sum 1371.051 ms)
  batch 3/3: 1.476396 sec, 5 copies (server sum 1380.815 ms)
  slope: pkg 6.423 J/exec (intercept 1.36 J), wall 0.282339 s/exec (intercept 0.061037 s)
[24/53] queries/tpch/tpch-queries/q10/v1_materialized.sql (2 warmup [warm ones = N=1 anchor] + 3 x5)
  warmup 1/2: 0.408036 sec, 1 copy (cache prime)
  warmup 2/2: 0.355519 sec, 1 copy (N=1 anchor)
  batch 1/3: 1.544207 sec, 5 copies (server sum 1449.521 ms)
  batch 2/3: 1.501313 sec, 5 copies (server sum 1455.196 ms)
  batch 3/3: 1.524042 sec, 5 copies (server sum 1429.381 ms)
  slope: pkg 6.191 J/exec (intercept 1.352 J), wall 0.291917 s/exec (intercept 0.063602 s)
[25/53] queries/tpch/tpch-queries/q11/base.sql (2 warmup [warm ones = N=1 anchor] + 3 x5)
  warmup 1/2: 0.170836 sec, 1 copy (cache prime)
  warmup 2/2: 0.123936 sec, 1 copy (N=1 anchor)
  batch 1/3: 0.444464 sec, 5 copies (server sum 389.740 ms)
  batch 2/3: 0.477820 sec, 5 copies (server sum 424.472 ms)
  batch 3/3: 0.527940 sec, 5 copies (server sum 428.354 ms)
  slope: pkg 0.6234 J/exec (intercept 0.7605 J), wall 0.089868 s/exec (intercept 0.034068 s)
[26/53] queries/tpch/tpch-queries/q11/v1_materialized.sql (2 warmup [warm ones = N=1 anchor] + 3 x5)
  warmup 1/2: 0.199520 sec, 1 copy (cache prime)
  warmup 2/2: 0.137120 sec, 1 copy (N=1 anchor)
  batch 1/3: 0.556502 sec, 5 copies (server sum 441.315 ms)
  batch 2/3: 0.552392 sec, 5 copies (server sum 451.598 ms)
  batch 3/3: 0.563339 sec, 5 copies (server sum 460.287 ms)
  slope: pkg 0.5926 J/exec (intercept 0.6713 J), wall 0.105073 s/exec (intercept 0.032047 s)
[27/53] queries/tpch/tpch-queries/q11/v2_cte_threshold.sql (2 warmup [warm ones = N=1 anchor] + 3 x5)
  warmup 1/2: 0.185174 sec, 1 copy (cache prime)
  warmup 2/2: 0.185379 sec, 1 copy (N=1 anchor)
  batch 1/3: 0.578231 sec, 5 copies (server sum 456.683 ms)
  batch 2/3: 0.555961 sec, 5 copies (server sum 453.424 ms)
  batch 3/3: 0.508474 sec, 5 copies (server sum 453.220 ms)
  slope: pkg 0.525 J/exec (intercept 0.8714 J), wall 0.090544 s/exec (intercept 0.094835 s)
[28/53] queries/tpch/tpch-queries/q12/base.sql (2 warmup [warm ones = N=1 anchor] + 3 x5)
  warmup 1/2: 0.407030 sec, 1 copy (cache prime)
  warmup 2/2: 0.405887 sec, 1 copy (N=1 anchor)
  batch 1/3: 1.480564 sec, 5 copies (server sum 1383.249 ms)
  batch 2/3: 1.463291 sec, 5 copies (server sum 1368.136 ms)
  batch 3/3: 1.440543 sec, 5 copies (server sum 1346.741 ms)
  slope: pkg 7.521 J/exec (intercept 1.736 J), wall 0.263895 s/exec (intercept 0.141992 s)
[29/53] queries/tpch/tpch-queries/q12/v1_materialized.sql (2 warmup [warm ones = N=1 anchor] + 3 x5)
  warmup 1/2: 0.424495 sec, 1 copy (cache prime)
  warmup 2/2: 0.333183 sec, 1 copy (N=1 anchor)
  batch 1/3: 1.452839 sec, 5 copies (server sum 1358.388 ms)
  batch 2/3: 1.459041 sec, 5 copies (server sum 1364.988 ms)
  batch 3/3: 1.437407 sec, 5 copies (server sum 1345.530 ms)
  slope: pkg 7.456 J/exec (intercept 1.732 J), wall 0.279145 s/exec (intercept 0.054039 s)
[30/53] queries/tpch/tpch-queries/q12/v2_filter.sql (2 warmup [warm ones = N=1 anchor] + 3 x5)
  warmup 1/2: 0.403072 sec, 1 copy (cache prime)
  warmup 2/2: 0.354882 sec, 1 copy (N=1 anchor)
  batch 1/3: 1.471763 sec, 5 copies (server sum 1374.683 ms)
  batch 2/3: 1.496298 sec, 5 copies (server sum 1401.677 ms)
  batch 3/3: 1.500468 sec, 5 copies (server sum 1399.825 ms)
  slope: pkg 7.16 J/exec (intercept 1.839 J), wall 0.283657 s/exec (intercept 0.071225 s)
[31/53] queries/tpch/tpch-queries/q13/base.sql (2 warmup [warm ones = N=1 anchor] + 3 x5)
  warmup 1/2: 1.720467 sec, 1 copy (cache prime)
  warmup 2/2: 1.706412 sec, 1 copy (N=1 anchor)
  batch 1/3: 7.865937 sec, 5 copies (server sum 7767.015 ms)
  batch 2/3: 7.732443 sec, 5 copies (server sum 7634.576 ms)
  batch 3/3: 7.745096 sec, 5 copies (server sum 7643.443 ms)
  slope: pkg 8.974 J/exec (intercept 0.852 J), wall 1.518687 s/exec (intercept 0.187725 s)
[32/53] queries/tpch/tpch-queries/q13/v1_materialized.sql (2 warmup [warm ones = N=1 anchor] + 3 x5)
  warmup 1/2: 1.653758 sec, 1 copy (cache prime)
  warmup 2/2: 1.670402 sec, 1 copy (N=1 anchor)
  batch 1/3: 7.706990 sec, 5 copies (server sum 7630.123 ms)
  batch 2/3: 7.685950 sec, 5 copies (server sum 7586.651 ms)
  batch 3/3: 7.678964 sec, 5 copies (server sum 7580.011 ms)
  slope: pkg 8.903 J/exec (intercept 0.7082 J), wall 1.505058 s/exec (intercept 0.165344 s)
[33/53] queries/tpch/tpch-queries/q13/v2_correlated.sql (2 warmup [warm ones = N=1 anchor] + 3 x5)
  warmup 1/2: 2.275859 sec, 1 copy (cache prime)
  warmup 2/2: 2.271084 sec, 1 copy (N=1 anchor)
  batch 1/3: 10.554566 sec, 5 copies (server sum 10460.978 ms)
  batch 2/3: 10.529096 sec, 5 copies (server sum 10435.056 ms)
  batch 3/3: 10.561096 sec, 5 copies (server sum 10460.821 ms)
  slope: pkg 19.2 J/exec (intercept 1.598 J), wall 2.069292 s/exec (intercept 0.201791 s)
[34/53] queries/tpch/tpch-queries/q14/base.sql (2 warmup [warm ones = N=1 anchor] + 3 x5)
  warmup 1/2: 0.246596 sec, 1 copy (cache prime)
  warmup 2/2: 0.305588 sec, 1 copy (N=1 anchor)
  batch 1/3: 0.706458 sec, 5 copies (server sum 647.213 ms)
  batch 2/3: 0.800362 sec, 5 copies (server sum 698.607 ms)
  batch 3/3: 0.796243 sec, 5 copies (server sum 700.345 ms)
  slope: pkg 3.379 J/exec (intercept 1.695 J), wall 0.115525 s/exec (intercept 0.190063 s)
[35/53] queries/tpch/tpch-queries/q14/v1_materialized.sql (2 warmup [warm ones = N=1 anchor] + 3 x5)
  warmup 1/2: 0.318894 sec, 1 copy (cache prime)
  warmup 2/2: 0.271336 sec, 1 copy (N=1 anchor)
  batch 1/3: 0.762970 sec, 5 copies (server sum 654.780 ms)
  batch 2/3: 0.779264 sec, 5 copies (server sum 680.120 ms)
  batch 3/3: 0.818586 sec, 5 copies (server sum 696.770 ms)
  slope: pkg 3.482 J/exec (intercept 1.003 J), wall 0.128901 s/exec (intercept 0.142434 s)
[36/53] queries/tpch/tpch-queries/q14/v2_filter.sql (2 warmup [warm ones = N=1 anchor] + 3 x5)
  warmup 1/2: 0.312969 sec, 1 copy (cache prime)
  warmup 2/2: 0.299108 sec, 1 copy (N=1 anchor)
  batch 1/3: 0.772055 sec, 5 copies (server sum 665.182 ms)
  batch 2/3: 0.807268 sec, 5 copies (server sum 697.168 ms)
  batch 3/3: 0.821779 sec, 5 copies (server sum 715.802 ms)
  slope: pkg 3.543 J/exec (intercept 0.4122 J), wall 0.125315 s/exec (intercept 0.173793 s)
[37/53] queries/tpch/tpch-queries/q15/base.sql (2 warmup [warm ones = N=1 anchor] + 3 x5)
  warmup 1/2: 0.403238 sec, 1 copy (cache prime)
  warmup 2/2: 0.385047 sec, 1 copy (N=1 anchor)
  batch 1/3: 1.277443 sec, 5 copies (server sum 1184.837 ms)
  batch 2/3: 1.211109 sec, 5 copies (server sum 1165.164 ms)
  batch 3/3: 1.240281 sec, 5 copies (server sum 1143.362 ms)
  slope: pkg 2.01 J/exec (intercept 1.397 J), wall 0.214474 s/exec (intercept 0.170573 s)
[38/53] queries/tpch/tpch-queries/q15/v1_materialized.sql (2 warmup [warm ones = N=1 anchor] + 3 x5)
  warmup 1/2: 0.370079 sec, 1 copy (cache prime)
  warmup 2/2: 0.366920 sec, 1 copy (N=1 anchor)
  batch 1/3: 1.277824 sec, 5 copies (server sum 1181.381 ms)
  batch 2/3: 1.257395 sec, 5 copies (server sum 1161.080 ms)
  batch 3/3: 1.249542 sec, 5 copies (server sum 1156.249 ms)
  slope: pkg 1.967 J/exec (intercept 1.626 J), wall 0.223667 s/exec (intercept 0.143253 s)
[39/53] queries/tpch/tpch-queries/q16/base.sql (2 warmup [warm ones = N=1 anchor] + 3 x5)
  warmup 1/2: 0.310164 sec, 1 copy (cache prime)
  warmup 2/2: 0.324587 sec, 1 copy (N=1 anchor)
  batch 1/3: 1.216114 sec, 5 copies (server sum 1106.176 ms)
  batch 2/3: 1.195985 sec, 5 copies (server sum 1091.809 ms)
  batch 3/3: 1.213660 sec, 5 copies (server sum 1113.586 ms)
  slope: pkg 6.109 J/exec (intercept 0.6265 J), wall 0.221000 s/exec (intercept 0.103587 s)
[40/53] queries/tpch/tpch-queries/q16/v1_materialized.sql (2 warmup [warm ones = N=1 anchor] + 3 x5)
  warmup 1/2: 0.299035 sec, 1 copy (cache prime)
  warmup 2/2: 0.334511 sec, 1 copy (N=1 anchor)
  batch 1/3: 1.226878 sec, 5 copies (server sum 1124.388 ms)
  batch 2/3: 1.222263 sec, 5 copies (server sum 1125.568 ms)
  batch 3/3: 1.238185 sec, 5 copies (server sum 1126.981 ms)
  slope: pkg 6.222 J/exec (intercept 0.5761 J), wall 0.223649 s/exec (intercept 0.110862 s)
[41/53] queries/tpch/tpch-queries/q16/v2_not_exists.sql (2 warmup [warm ones = N=1 anchor] + 3 x5)
  warmup 1/2: 0.303708 sec, 1 copy (cache prime)
  warmup 2/2: 0.304608 sec, 1 copy (N=1 anchor)
  batch 1/3: 1.150234 sec, 5 copies (server sum 1052.799 ms)
  batch 2/3: 1.155583 sec, 5 copies (server sum 1052.214 ms)
  batch 3/3: 1.151497 sec, 5 copies (server sum 1050.282 ms)
  slope: pkg 4.861 J/exec (intercept 0.5816 J), wall 0.211957 s/exec (intercept 0.092651 s)
[42/53] queries/tpch/tpch-queries/q17/v2_decorrelate.sql (2 warmup [warm ones = N=1 anchor] + 3 x5)
  warmup 1/2: 4.350195 sec, 1 copy (cache prime)
  warmup 2/2: 4.355585 sec, 1 copy (N=1 anchor)
  batch 1/3: 21.205071 sec, 5 copies (server sum 21111.205 ms)
  batch 2/3: 21.320407 sec, 5 copies (server sum 21222.631 ms)
  batch 3/3: 20.989356 sec, 5 copies (server sum 20895.447 ms)
  slope: pkg 20.86 J/exec (intercept 1.48 J), wall 4.204007 s/exec (intercept 0.151579 s)
[43/53] queries/tpch/tpch-queries/q18/base.sql (2 warmup [warm ones = N=1 anchor] + 3 x5)
  warmup 1/2: 2.218287 sec, 1 copy (cache prime)
  warmup 2/2: 2.280743 sec, 1 copy (N=1 anchor)
  batch 1/3: 11.136465 sec, 5 copies (server sum 11028.354 ms)
  batch 2/3: 12.311488 sec, 5 copies (server sum 12193.191 ms)
  batch 3/3: 12.111090 sec, 5 copies (server sum 12003.381 ms)
  slope: pkg 63.3 J/exec (intercept 13.73 J), wall 2.393068 s/exec (intercept -0.112325 s)
[44/53] queries/tpch/tpch-queries/q18/v1_materialized.sql (2 warmup [warm ones = N=1 anchor] + 3 x5)
  warmup 1/2: 2.869673 sec, 1 copy (cache prime)
  warmup 2/2: 2.748573 sec, 1 copy (N=1 anchor)
  batch 1/3: 13.404836 sec, 5 copies (server sum 13295.107 ms)
  batch 2/3: 13.210841 sec, 5 copies (server sum 13106.279 ms)
  batch 3/3: 13.366738 sec, 5 copies (server sum 13248.581 ms)
  slope: pkg 57.95 J/exec (intercept 2.261 J), wall 2.644725 s/exec (intercept 0.103848 s)
[45/53] queries/tpch/tpch-queries/q18/v2_join.sql (2 warmup [warm ones = N=1 anchor] + 3 x5)
  warmup 1/2: 2.736319 sec, 1 copy (cache prime)
  warmup 2/2: 2.645660 sec, 1 copy (N=1 anchor)
  batch 1/3: 13.151620 sec, 5 copies (server sum 13028.667 ms)
  batch 2/3: 12.857186 sec, 5 copies (server sum 12805.588 ms)
  batch 3/3: 12.970765 sec, 5 copies (server sum 12861.857 ms)
  slope: pkg 56.55 J/exec (intercept 2.136 J), wall 2.586883 s/exec (intercept 0.058777 s)
[46/53] queries/tpch/tpch-queries/q19/base.sql (2 warmup [warm ones = N=1 anchor] + 3 x5)
  warmup 1/2: 0.148201 sec, 1 copy (cache prime)
  warmup 2/2: 0.085554 sec, 1 copy (N=1 anchor)
  batch 1/3: 0.235770 sec, 5 copies (server sum 189.036 ms)
  batch 2/3: 0.293093 sec, 5 copies (server sum 196.891 ms)
  batch 3/3: 0.299031 sec, 5 copies (server sum 196.848 ms)
  slope: pkg 0.7897 J/exec (intercept 0.9117 J), wall 0.047603 s/exec (intercept 0.037951 s)
[47/53] queries/tpch/tpch-queries/q19/v1_materialized.sql (2 warmup [warm ones = N=1 anchor] + 3 x5)
  warmup 1/2: 0.141141 sec, 1 copy (cache prime)
  warmup 2/2: 0.084784 sec, 1 copy (N=1 anchor)
  batch 1/3: 0.240723 sec, 5 copies (server sum 193.973 ms)
  batch 2/3: 0.290275 sec, 5 copies (server sum 192.932 ms)
  batch 3/3: 0.309384 sec, 5 copies (server sum 201.551 ms)
  slope: pkg 0.7742 J/exec (intercept 0.8941 J), wall 0.048836 s/exec (intercept 0.035948 s)
[48/53] queries/tpch/tpch-queries/q19/v2_union_all.sql (2 warmup [warm ones = N=1 anchor] + 3 x5)
  warmup 1/2: 0.151157 sec, 1 copy (cache prime)
  warmup 2/2: 0.099037 sec, 1 copy (N=1 anchor)
  batch 1/3: 0.305300 sec, 5 copies (server sum 255.761 ms)
  batch 2/3: 0.332881 sec, 5 copies (server sum 235.324 ms)
  batch 3/3: 0.347292 sec, 5 copies (server sum 232.029 ms)
  slope: pkg 1.054 J/exec (intercept 0.8065 J), wall 0.057364 s/exec (intercept 0.041673 s)
[49/53] queries/tpch/tpch-queries/q21/base.sql (2 warmup [warm ones = N=1 anchor] + 3 x5)
  warmup 1/2: 0.582976 sec, 1 copy (cache prime)
  warmup 2/2: 0.598683 sec, 1 copy (N=1 anchor)
  batch 1/3: 2.471208 sec, 5 copies (server sum 2368.844 ms)
  batch 2/3: 2.458778 sec, 5 copies (server sum 2353.827 ms)
  batch 3/3: 2.509976 sec, 5 copies (server sum 2404.870 ms)
  slope: pkg 10.41 J/exec (intercept -0.4101 J), wall 0.470326 s/exec (intercept 0.128357 s)
[50/53] queries/tpch/tpch-queries/q21/v1_materialized.sql (2 warmup [warm ones = N=1 anchor] + 3 x5)
  warmup 1/2: 0.578105 sec, 1 copy (cache prime)
  warmup 2/2: 0.543437 sec, 1 copy (N=1 anchor)
  batch 1/3: 2.475830 sec, 5 copies (server sum 2376.324 ms)
  batch 2/3: 2.428963 sec, 5 copies (server sum 2330.004 ms)
  batch 3/3: 2.489303 sec, 5 copies (server sum 2390.072 ms)
  slope: pkg 10.08 J/exec (intercept 0.1001 J), wall 0.480316 s/exec (intercept 0.063121 s)
[51/53] queries/tpch/tpch-queries/q22/base.sql (2 warmup [warm ones = N=1 anchor] + 3 x5)
  warmup 1/2: 0.142670 sec, 1 copy (cache prime)
  warmup 2/2: 0.093368 sec, 1 copy (N=1 anchor)
  batch 1/3: 0.317764 sec, 5 copies (server sum 273.287 ms)
  batch 2/3: 0.404287 sec, 5 copies (server sum 298.680 ms)
  batch 3/3: 0.431964 sec, 5 copies (server sum 316.472 ms)
  slope: pkg 1.352 J/exec (intercept 0.7728 J), wall 0.072826 s/exec (intercept 0.020542 s)
[52/53] queries/tpch/tpch-queries/q22/v1_materialized.sql (2 warmup [warm ones = N=1 anchor] + 3 x5)
  warmup 1/2: 0.197781 sec, 1 copy (cache prime)
  warmup 2/2: 0.168041 sec, 1 copy (N=1 anchor)
  batch 1/3: 0.309234 sec, 5 copies (server sum 265.752 ms)
  batch 2/3: 0.412367 sec, 5 copies (server sum 304.928 ms)
  batch 3/3: 0.423611 sec, 5 copies (server sum 305.948 ms)
  slope: pkg 1.387 J/exec (intercept 0.771 J), wall 0.053424 s/exec (intercept 0.114617 s)
[53/53] queries/tpch/tpch-queries/q22/v2_anti_join.sql (2 warmup [warm ones = N=1 anchor] + 3 x5)
  warmup 1/2: 0.241925 sec, 1 copy (cache prime)
  warmup 2/2: 0.251806 sec, 1 copy (N=1 anchor)
  batch 1/3: 0.629902 sec, 5 copies (server sum 525.848 ms)
  batch 2/3: 0.629103 sec, 5 copies (server sum 522.936 ms)
  batch 3/3: 0.641243 sec, 5 copies (server sum 535.284 ms)
  slope: pkg 3.146 J/exec (intercept -0.315 J), wall 0.095403 s/exec (intercept 0.156403 s)

Done. Batch rows appended to logs/work_mem/wm_32MB/query_timing_tpch_idx.csv
Per-copy samples appended to logs/work_mem/wm_32MB/query_samples_tpch_idx.csv
Relation sizes appended to logs/work_mem/wm_32MB/query_catalog_tpch_idx.csv
Per-query slope/intercept appended to logs/work_mem/wm_32MB/query_slope_tpch_idx.csv
make: Leaving directory '/home/user01/GreenSQL'
