make: Entering directory '/home/user01/GreenSQL'
query_runner configuration:
  QUERY_DIR      = queries/tpch/tpch-queries
  LOG_FILE       = logs/work_mem/wm_32MB/query_timing_tpch.csv
  SAMPLE_FILE    = logs/work_mem/wm_32MB/query_samples_tpch.csv
  CATALOG_FILE   = logs/work_mem/wm_32MB/query_catalog_tpch.csv
  SLOPE_FILE     = logs/work_mem/wm_32MB/query_slope_tpch.csv
  DB_NAME        = tpch
  DB_USER        = postgres
  PGPORT         = 5434
  PG_VERSION     = 18.4  (as reported by the server on that port)
  BATCHNUM       = 5 (slope sizes: 1 copy and 5 copies)
  RUNS           = 3 (measured batches per size)
  WARMUP         = 2 (single-copy; #1 primes cache, warm ones = N=1 anchor)
  WORKERS        = (planner default)
  STATEMENT_TIMEOUT = 900
  SIGLESS_ADDR   = (disabled)
Found 53 queries under queries/tpch/tpch-queries

Catalog snapshot: 11 relations -> logs/work_mem/wm_32MB/query_catalog_tpch.csv
[1/53] queries/tpch/tpch-queries/q01/base.sql (2 warmup [warm ones = N=1 anchor] + 3 x5)
  warmup 1/2: 1.553978 sec, 1 copy (cache prime)
  warmup 2/2: 1.580003 sec, 1 copy (N=1 anchor)
  batch 1/3: 8.506341 sec, 5 copies (server sum 8403.707 ms)
  batch 2/3: 8.566493 sec, 5 copies (server sum 8448.300 ms)
  batch 3/3: 8.534011 sec, 5 copies (server sum 8428.275 ms)
  slope: pkg 35.94 J/exec (intercept 7.828 J), wall 1.738903 s/exec (intercept -0.158900 s)
[2/53] queries/tpch/tpch-queries/q01/v1_materialized.sql (2 warmup [warm ones = N=1 anchor] + 3 x5)
  warmup 1/2: 1.746992 sec, 1 copy (cache prime)
  warmup 2/2: 1.818684 sec, 1 copy (N=1 anchor)
  batch 1/3: 8.576189 sec, 5 copies (server sum 8448.101 ms)
  batch 2/3: 8.533775 sec, 5 copies (server sum 8420.210 ms)
  batch 3/3: 8.515841 sec, 5 copies (server sum 8411.890 ms)
  slope: pkg 36.85 J/exec (intercept 3.191 J), wall 1.680813 s/exec (intercept 0.137872 s)
[3/53] queries/tpch/tpch-queries/q02/base.sql (2 warmup [warm ones = N=1 anchor] + 3 x5)
  warmup 1/2: 54.159836 sec, 1 copy (cache prime)
  warmup 2/2: 54.119641 sec, 1 copy (N=1 anchor)
  batch 1/3: 268.816546 sec, 5 copies (server sum 268719.810 ms)
  batch 2/3: 264.922462 sec, 5 copies (server sum 264823.531 ms)
  batch 3/3: 266.618851 sec, 5 copies (server sum 266518.455 ms)
  slope: pkg 449.1 J/exec (intercept 3.987 J), wall 53.166578 s/exec (intercept 0.953063 s)
[4/53] queries/tpch/tpch-queries/q02/v1_materialized.sql (2 warmup [warm ones = N=1 anchor] + 3 x5)
  warmup 1/2: 52.629927 sec, 1 copy (cache prime)
  warmup 2/2: 53.079242 sec, 1 copy (N=1 anchor)
  batch 1/3: 263.149530 sec, 5 copies (server sum 263051.323 ms)
  batch 2/3: 266.681054 sec, 5 copies (server sum 266581.073 ms)
  batch 3/3: 262.779941 sec, 5 copies (server sum 262670.532 ms)
  slope: pkg 452.1 J/exec (intercept -9.449 J), wall 52.781067 s/exec (intercept 0.298175 s)
[5/53] queries/tpch/tpch-queries/q02/v2_decorrelate.sql (2 warmup [warm ones = N=1 anchor] + 3 x5)
  warmup 1/2: 0.314408 sec, 1 copy (cache prime)
  warmup 2/2: 0.318469 sec, 1 copy (N=1 anchor)
  batch 1/3: 1.202273 sec, 5 copies (server sum 1090.146 ms)
  batch 2/3: 1.185403 sec, 5 copies (server sum 1072.614 ms)
  batch 3/3: 1.298654 sec, 5 copies (server sum 1186.419 ms)
  slope: pkg 3.174 J/exec (intercept 0.7445 J), wall 0.227577 s/exec (intercept 0.090892 s)
[6/53] queries/tpch/tpch-queries/q03/base.sql (2 warmup [warm ones = N=1 anchor] + 3 x5)
  warmup 1/2: 0.369422 sec, 1 copy (cache prime)
  warmup 2/2: 0.384678 sec, 1 copy (N=1 anchor)
  batch 1/3: 1.380817 sec, 5 copies (server sum 1275.133 ms)
  batch 2/3: 1.411151 sec, 5 copies (server sum 1313.658 ms)
  batch 3/3: 1.445096 sec, 5 copies (server sum 1339.186 ms)
  slope: pkg 7.525 J/exec (intercept 0.9916 J), wall 0.256919 s/exec (intercept 0.127759 s)
[7/53] queries/tpch/tpch-queries/q03/v1_materialized.sql (2 warmup [warm ones = N=1 anchor] + 3 x5)
  warmup 1/2: 0.429282 sec, 1 copy (cache prime)
  warmup 2/2: 0.397330 sec, 1 copy (N=1 anchor)
  batch 1/3: 1.414946 sec, 5 copies (server sum 1311.634 ms)
  batch 2/3: 1.409557 sec, 5 copies (server sum 1312.225 ms)
  batch 3/3: 1.436760 sec, 5 copies (server sum 1335.910 ms)
  slope: pkg 7.636 J/exec (intercept 0.9131 J), wall 0.255773 s/exec (intercept 0.141557 s)
[8/53] queries/tpch/tpch-queries/q04/base.sql (2 warmup [warm ones = N=1 anchor] + 3 x5)
  warmup 1/2: 0.140838 sec, 1 copy (cache prime)
  warmup 2/2: 0.239986 sec, 1 copy (N=1 anchor)
  batch 1/3: 0.595535 sec, 5 copies (server sum 487.801 ms)
  batch 2/3: 0.568679 sec, 5 copies (server sum 469.427 ms)
  batch 3/3: 0.556928 sec, 5 copies (server sum 460.314 ms)
  slope: pkg 3.234 J/exec (intercept -0.3304 J), wall 0.083432 s/exec (intercept 0.156554 s)
[9/53] queries/tpch/tpch-queries/q04/v1_materialized.sql (2 warmup [warm ones = N=1 anchor] + 3 x5)
  warmup 1/2: 0.211570 sec, 1 copy (cache prime)
  warmup 2/2: 0.235809 sec, 1 copy (N=1 anchor)
  batch 1/3: 0.491388 sec, 5 copies (server sum 448.874 ms)
  batch 2/3: 0.556852 sec, 5 copies (server sum 460.407 ms)
  batch 3/3: 0.559528 sec, 5 copies (server sum 462.788 ms)
  slope: pkg 3.315 J/exec (intercept -0.3369 J), wall 0.075028 s/exec (intercept 0.160781 s)
[10/53] queries/tpch/tpch-queries/q04/v2_in.sql (2 warmup [warm ones = N=1 anchor] + 3 x5)
  warmup 1/2: 0.202782 sec, 1 copy (cache prime)
  warmup 2/2: 0.222525 sec, 1 copy (N=1 anchor)
  batch 1/3: 0.578935 sec, 5 copies (server sum 474.507 ms)
  batch 2/3: 0.560591 sec, 5 copies (server sum 464.373 ms)
  batch 3/3: 0.560352 sec, 5 copies (server sum 463.390 ms)
  slope: pkg 3.24 J/exec (intercept -0.2167 J), wall 0.086025 s/exec (intercept 0.136500 s)
[11/53] queries/tpch/tpch-queries/q05/base.sql (2 warmup [warm ones = N=1 anchor] + 3 x5)
  warmup 1/2: 0.374408 sec, 1 copy (cache prime)
  warmup 2/2: 0.303574 sec, 1 copy (N=1 anchor)
  batch 1/3: 1.366157 sec, 5 copies (server sum 1261.986 ms)
  batch 2/3: 1.349932 sec, 5 copies (server sum 1244.423 ms)
  batch 3/3: 1.343573 sec, 5 copies (server sum 1239.938 ms)
  slope: pkg 3.482 J/exec (intercept 1.107 J), wall 0.262412 s/exec (intercept 0.041162 s)
[12/53] queries/tpch/tpch-queries/q05/v1_materialized.sql (2 warmup [warm ones = N=1 anchor] + 3 x5)
  warmup 1/2: 0.365485 sec, 1 copy (cache prime)
  warmup 2/2: 0.347672 sec, 1 copy (N=1 anchor)
  batch 1/3: 1.290576 sec, 5 copies (server sum 1236.980 ms)
  batch 2/3: 1.353349 sec, 5 copies (server sum 1247.616 ms)
  batch 3/3: 1.324239 sec, 5 copies (server sum 1227.066 ms)
  slope: pkg 3.472 J/exec (intercept 1.381 J), wall 0.243762 s/exec (intercept 0.103909 s)
[13/53] queries/tpch/tpch-queries/q06/base.sql (2 warmup [warm ones = N=1 anchor] + 3 x5)
  warmup 1/2: 0.278425 sec, 1 copy (cache prime)
  warmup 2/2: 0.378792 sec, 1 copy (N=1 anchor)
  batch 1/3: 1.159878 sec, 5 copies (server sum 1118.952 ms)
  batch 2/3: 1.288289 sec, 5 copies (server sum 1190.694 ms)
  batch 3/3: 1.376698 sec, 5 copies (server sum 1222.685 ms)
  slope: pkg 8.016 J/exec (intercept -0.01423 J), wall 0.224041 s/exec (intercept 0.154751 s)
[14/53] queries/tpch/tpch-queries/q06/v1_materialized.sql (2 warmup [warm ones = N=1 anchor] + 3 x5)
  warmup 1/2: 0.380024 sec, 1 copy (cache prime)
  warmup 2/2: 0.397917 sec, 1 copy (N=1 anchor)
  batch 1/3: 1.355432 sec, 5 copies (server sum 1255.907 ms)
  batch 2/3: 1.362942 sec, 5 copies (server sum 1261.412 ms)
  batch 3/3: 1.312405 sec, 5 copies (server sum 1217.402 ms)
  slope: pkg 7.193 J/exec (intercept 0.6883 J), wall 0.236419 s/exec (intercept 0.161498 s)
[15/53] queries/tpch/tpch-queries/q07/base.sql (2 warmup [warm ones = N=1 anchor] + 3 x5)
  warmup 1/2: 0.418925 sec, 1 copy (cache prime)
  warmup 2/2: 0.397237 sec, 1 copy (N=1 anchor)
  batch 1/3: 1.569124 sec, 5 copies (server sum 1468.835 ms)
  batch 2/3: 1.577246 sec, 5 copies (server sum 1469.970 ms)
  batch 3/3: 1.564029 sec, 5 copies (server sum 1451.650 ms)
  slope: pkg 4.698 J/exec (intercept 1.568 J), wall 0.293224 s/exec (intercept 0.104013 s)
[16/53] queries/tpch/tpch-queries/q07/v1_materialized.sql (2 warmup [warm ones = N=1 anchor] + 3 x5)
  warmup 1/2: 0.393267 sec, 1 copy (cache prime)
  warmup 2/2: 0.396515 sec, 1 copy (N=1 anchor)
  batch 1/3: 1.518781 sec, 5 copies (server sum 1465.922 ms)
  batch 2/3: 1.575751 sec, 5 copies (server sum 1468.192 ms)
  batch 3/3: 1.563519 sec, 5 copies (server sum 1454.400 ms)
  slope: pkg 4.72 J/exec (intercept 1.5 J), wall 0.289042 s/exec (intercept 0.107473 s)
[17/53] queries/tpch/tpch-queries/q07/v2_union_all.sql (2 warmup [warm ones = N=1 anchor] + 3 x5)
  warmup 1/2: 0.416692 sec, 1 copy (cache prime)
  warmup 2/2: 0.401208 sec, 1 copy (N=1 anchor)
  batch 1/3: 1.551876 sec, 5 copies (server sum 1471.185 ms)
  batch 2/3: 1.578376 sec, 5 copies (server sum 1479.751 ms)
  batch 3/3: 1.506143 sec, 5 copies (server sum 1457.616 ms)
  slope: pkg 4.943 J/exec (intercept 1.362 J), wall 0.286064 s/exec (intercept 0.115144 s)
[18/53] queries/tpch/tpch-queries/q08/base.sql (2 warmup [warm ones = N=1 anchor] + 3 x5)
  warmup 1/2: 0.476560 sec, 1 copy (cache prime)
  warmup 2/2: 0.462359 sec, 1 copy (N=1 anchor)
  batch 1/3: 1.871986 sec, 5 copies (server sum 1775.390 ms)
  batch 2/3: 1.833341 sec, 5 copies (server sum 1779.881 ms)
  batch 3/3: 1.818062 sec, 5 copies (server sum 1769.693 ms)
  slope: pkg 6.213 J/exec (intercept 1.681 J), wall 0.344693 s/exec (intercept 0.117666 s)
[19/53] queries/tpch/tpch-queries/q08/v1_materialized.sql (2 warmup [warm ones = N=1 anchor] + 3 x5)
  warmup 1/2: 0.484674 sec, 1 copy (cache prime)
  warmup 2/2: 0.480845 sec, 1 copy (N=1 anchor)
  batch 1/3: 1.899662 sec, 5 copies (server sum 1803.177 ms)
  batch 2/3: 1.866855 sec, 5 copies (server sum 1769.962 ms)
  batch 3/3: 1.933111 sec, 5 copies (server sum 1787.414 ms)
  slope: pkg 6.248 J/exec (intercept 1.395 J), wall 0.354758 s/exec (intercept 0.126087 s)
[20/53] queries/tpch/tpch-queries/q08/v2_filter.sql (2 warmup [warm ones = N=1 anchor] + 3 x5)
  warmup 1/2: 0.441303 sec, 1 copy (cache prime)
  warmup 2/2: 0.477779 sec, 1 copy (N=1 anchor)
  batch 1/3: 1.888747 sec, 5 copies (server sum 1790.489 ms)
  batch 2/3: 1.900306 sec, 5 copies (server sum 1798.172 ms)
  batch 3/3: 1.877205 sec, 5 copies (server sum 1774.575 ms)
  slope: pkg 6.176 J/exec (intercept 1.585 J), wall 0.352743 s/exec (intercept 0.125036 s)
[21/53] queries/tpch/tpch-queries/q09/base.sql (2 warmup [warm ones = N=1 anchor] + 3 x5)
  warmup 1/2: 0.991022 sec, 1 copy (cache prime)
  warmup 2/2: 1.010291 sec, 1 copy (N=1 anchor)
  batch 1/3: 4.519953 sec, 5 copies (server sum 4412.796 ms)
  batch 2/3: 4.550691 sec, 5 copies (server sum 4455.440 ms)
  batch 3/3: 4.557325 sec, 5 copies (server sum 4461.779 ms)
  slope: pkg 20.76 J/exec (intercept 0.6163 J), wall 0.883091 s/exec (intercept 0.127200 s)
[22/53] queries/tpch/tpch-queries/q09/v1_materialized.sql (2 warmup [warm ones = N=1 anchor] + 3 x5)
  warmup 1/2: 1.010464 sec, 1 copy (cache prime)
  warmup 2/2: 1.014900 sec, 1 copy (N=1 anchor)
  batch 1/3: 4.615090 sec, 5 copies (server sum 4512.881 ms)
  batch 2/3: 4.656578 sec, 5 copies (server sum 4559.928 ms)
  batch 3/3: 4.636755 sec, 5 copies (server sum 4540.989 ms)
  slope: pkg 20.23 J/exec (intercept 1.147 J), wall 0.905310 s/exec (intercept 0.109590 s)
[23/53] queries/tpch/tpch-queries/q10/base.sql (2 warmup [warm ones = N=1 anchor] + 3 x5)
  warmup 1/2: 0.351504 sec, 1 copy (cache prime)
  warmup 2/2: 0.373547 sec, 1 copy (N=1 anchor)
  batch 1/3: 1.392148 sec, 5 copies (server sum 1282.829 ms)
  batch 2/3: 1.336631 sec, 5 copies (server sum 1287.022 ms)
  batch 3/3: 1.396541 sec, 5 copies (server sum 1297.494 ms)
  slope: pkg 7.016 J/exec (intercept 0.9387 J), wall 0.250390 s/exec (intercept 0.123157 s)
[24/53] queries/tpch/tpch-queries/q10/v1_materialized.sql (2 warmup [warm ones = N=1 anchor] + 3 x5)
  warmup 1/2: 0.394377 sec, 1 copy (cache prime)
  warmup 2/2: 0.411960 sec, 1 copy (N=1 anchor)
  batch 1/3: 1.417999 sec, 5 copies (server sum 1373.280 ms)
  batch 2/3: 1.379699 sec, 5 copies (server sum 1334.707 ms)
  batch 3/3: 1.506988 sec, 5 copies (server sum 1404.915 ms)
  slope: pkg 6.953 J/exec (intercept 1.202 J), wall 0.255734 s/exec (intercept 0.156226 s)
[25/53] queries/tpch/tpch-queries/q11/base.sql (2 warmup [warm ones = N=1 anchor] + 3 x5)
  warmup 1/2: 0.225073 sec, 1 copy (cache prime)
  warmup 2/2: 0.257055 sec, 1 copy (N=1 anchor)
  batch 1/3: 0.545121 sec, 5 copies (server sum 433.459 ms)
  batch 2/3: 0.531742 sec, 5 copies (server sum 427.980 ms)
  batch 3/3: 0.491579 sec, 5 copies (server sum 433.355 ms)
  slope: pkg 2.48 J/exec (intercept -0.5155 J), wall 0.066440 s/exec (intercept 0.190615 s)
[26/53] queries/tpch/tpch-queries/q11/v1_materialized.sql (2 warmup [warm ones = N=1 anchor] + 3 x5)
  warmup 1/2: 0.225775 sec, 1 copy (cache prime)
  warmup 2/2: 0.122072 sec, 1 copy (N=1 anchor)
  batch 1/3: 0.463885 sec, 5 copies (server sum 411.951 ms)
  batch 2/3: 0.554836 sec, 5 copies (server sum 452.742 ms)
  batch 3/3: 0.596956 sec, 5 copies (server sum 484.134 ms)
  slope: pkg 2.153 J/exec (intercept 1.015 J), wall 0.104122 s/exec (intercept 0.017950 s)
[27/53] queries/tpch/tpch-queries/q11/v2_cte_threshold.sql (2 warmup [warm ones = N=1 anchor] + 3 x5)
  warmup 1/2: 0.272064 sec, 1 copy (cache prime)
  warmup 2/2: 0.249641 sec, 1 copy (N=1 anchor)
  batch 1/3: 0.583298 sec, 5 copies (server sum 469.212 ms)
  batch 2/3: 0.543342 sec, 5 copies (server sum 431.692 ms)
  batch 3/3: 0.522707 sec, 5 copies (server sum 415.221 ms)
  slope: pkg 2.42 J/exec (intercept -0.4993 J), wall 0.075035 s/exec (intercept 0.174606 s)
[28/53] queries/tpch/tpch-queries/q12/base.sql (2 warmup [warm ones = N=1 anchor] + 3 x5)
  warmup 1/2: 0.592632 sec, 1 copy (cache prime)
  warmup 2/2: 0.587922 sec, 1 copy (N=1 anchor)
  batch 1/3: 2.302075 sec, 5 copies (server sum 2194.039 ms)
  batch 2/3: 2.427217 sec, 5 copies (server sum 2329.708 ms)
  batch 3/3: 2.425208 sec, 5 copies (server sum 2372.016 ms)
  slope: pkg 10.97 J/exec (intercept 1.998 J), wall 0.449228 s/exec (intercept 0.138694 s)
[29/53] queries/tpch/tpch-queries/q12/v1_materialized.sql (2 warmup [warm ones = N=1 anchor] + 3 x5)
  warmup 1/2: 0.578396 sec, 1 copy (cache prime)
  warmup 2/2: 0.613251 sec, 1 copy (N=1 anchor)
  batch 1/3: 2.475856 sec, 5 copies (server sum 2362.797 ms)
  batch 2/3: 2.471950 sec, 5 copies (server sum 2367.059 ms)
  batch 3/3: 2.481383 sec, 5 copies (server sum 2370.317 ms)
  slope: pkg 10.47 J/exec (intercept 2.245 J), wall 0.465786 s/exec (intercept 0.147464 s)
[30/53] queries/tpch/tpch-queries/q12/v2_filter.sql (2 warmup [warm ones = N=1 anchor] + 3 x5)
  warmup 1/2: 0.580350 sec, 1 copy (cache prime)
  warmup 2/2: 0.538648 sec, 1 copy (N=1 anchor)
  batch 1/3: 2.476717 sec, 5 copies (server sum 2354.905 ms)
  batch 2/3: 2.449308 sec, 5 copies (server sum 2345.062 ms)
  batch 3/3: 2.457473 sec, 5 copies (server sum 2353.494 ms)
  slope: pkg 10.5 J/exec (intercept 1.468 J), wall 0.480629 s/exec (intercept 0.058018 s)
[31/53] queries/tpch/tpch-queries/q13/base.sql (2 warmup [warm ones = N=1 anchor] + 3 x5)
  warmup 1/2: 1.749581 sec, 1 copy (cache prime)
  warmup 2/2: 1.710030 sec, 1 copy (N=1 anchor)
  batch 1/3: 7.918622 sec, 5 copies (server sum 7821.699 ms)
  batch 2/3: 7.827065 sec, 5 copies (server sum 7730.539 ms)
  batch 3/3: 7.767210 sec, 5 copies (server sum 7670.708 ms)
  slope: pkg 8.904 J/exec (intercept 0.8886 J), wall 1.531901 s/exec (intercept 0.178129 s)
[32/53] queries/tpch/tpch-queries/q13/v1_materialized.sql (2 warmup [warm ones = N=1 anchor] + 3 x5)
  warmup 1/2: 1.667549 sec, 1 copy (cache prime)
  warmup 2/2: 1.683300 sec, 1 copy (N=1 anchor)
  batch 1/3: 7.700140 sec, 5 copies (server sum 7602.996 ms)
  batch 2/3: 7.764146 sec, 5 copies (server sum 7666.021 ms)
  batch 3/3: 7.782057 sec, 5 copies (server sum 7683.687 ms)
  slope: pkg 8.887 J/exec (intercept 0.7454 J), wall 1.516370 s/exec (intercept 0.166930 s)
[33/53] queries/tpch/tpch-queries/q13/v2_correlated.sql (2 warmup [warm ones = N=1 anchor] + 3 x5)
  warmup 1/2: 2.214698 sec, 1 copy (cache prime)
  warmup 2/2: 2.250171 sec, 1 copy (N=1 anchor)
  batch 1/3: 10.315494 sec, 5 copies (server sum 10222.723 ms)
  batch 2/3: 10.338782 sec, 5 copies (server sum 10243.436 ms)
  batch 3/3: 10.413190 sec, 5 copies (server sum 10318.824 ms)
  slope: pkg 19.27 J/exec (intercept 0.9285 J), wall 2.026413 s/exec (intercept 0.223758 s)
[34/53] queries/tpch/tpch-queries/q14/base.sql (2 warmup [warm ones = N=1 anchor] + 3 x5)
  warmup 1/2: 0.360688 sec, 1 copy (cache prime)
  warmup 2/2: 0.377830 sec, 1 copy (N=1 anchor)
  batch 1/3: 1.207330 sec, 5 copies (server sum 1165.054 ms)
  batch 2/3: 1.300898 sec, 5 copies (server sum 1204.997 ms)
  batch 3/3: 1.294846 sec, 5 copies (server sum 1198.817 ms)
  slope: pkg 8.559 J/exec (intercept -0.118 J), wall 0.222465 s/exec (intercept 0.155365 s)
[35/53] queries/tpch/tpch-queries/q14/v1_materialized.sql (2 warmup [warm ones = N=1 anchor] + 3 x5)
  warmup 1/2: 0.376946 sec, 1 copy (cache prime)
  warmup 2/2: 0.390502 sec, 1 copy (N=1 anchor)
  batch 1/3: 1.377777 sec, 5 copies (server sum 1206.735 ms)
  batch 2/3: 1.321664 sec, 5 copies (server sum 1228.680 ms)
  batch 3/3: 1.324920 sec, 5 copies (server sum 1229.095 ms)
  slope: pkg 8.362 J/exec (intercept -0.1056 J), wall 0.237738 s/exec (intercept 0.152764 s)
[36/53] queries/tpch/tpch-queries/q14/v2_filter.sql (2 warmup [warm ones = N=1 anchor] + 3 x5)
  warmup 1/2: 0.391695 sec, 1 copy (cache prime)
  warmup 2/2: 0.392732 sec, 1 copy (N=1 anchor)
  batch 1/3: 1.360685 sec, 5 copies (server sum 1255.803 ms)
  batch 2/3: 1.331258 sec, 5 copies (server sum 1232.005 ms)
  batch 3/3: 1.388270 sec, 5 copies (server sum 1292.240 ms)
  slope: pkg 8.061 J/exec (intercept 0.1392 J), wall 0.241835 s/exec (intercept 0.150898 s)
[37/53] queries/tpch/tpch-queries/q15/base.sql (2 warmup [warm ones = N=1 anchor] + 3 x5)
  warmup 1/2: 0.412481 sec, 1 copy (cache prime)
  warmup 2/2: 0.459147 sec, 1 copy (N=1 anchor)
  batch 1/3: 1.553905 sec, 5 copies (server sum 1456.473 ms)
  batch 2/3: 1.512375 sec, 5 copies (server sum 1448.122 ms)
  batch 3/3: 1.547970 sec, 5 copies (server sum 1454.510 ms)
  slope: pkg 8.562 J/exec (intercept 0.174 J), wall 0.269734 s/exec (intercept 0.189413 s)
[38/53] queries/tpch/tpch-queries/q15/v1_materialized.sql (2 warmup [warm ones = N=1 anchor] + 3 x5)
  warmup 1/2: 0.433861 sec, 1 copy (cache prime)
  warmup 2/2: 0.441558 sec, 1 copy (N=1 anchor)
  batch 1/3: 1.630386 sec, 5 copies (server sum 1529.990 ms)
  batch 2/3: 1.620877 sec, 5 copies (server sum 1524.857 ms)
  batch 3/3: 1.546761 sec, 5 copies (server sum 1501.686 ms)
  slope: pkg 8.061 J/exec (intercept 0.313 J), wall 0.289446 s/exec (intercept 0.152112 s)
[39/53] queries/tpch/tpch-queries/q16/base.sql (2 warmup [warm ones = N=1 anchor] + 3 x5)
  warmup 1/2: 0.332791 sec, 1 copy (cache prime)
  warmup 2/2: 0.341853 sec, 1 copy (N=1 anchor)
  batch 1/3: 1.254236 sec, 5 copies (server sum 1115.184 ms)
  batch 2/3: 1.267186 sec, 5 copies (server sum 1168.471 ms)
  batch 3/3: 1.278109 sec, 5 copies (server sum 1176.983 ms)
  slope: pkg 5.709 J/exec (intercept 0.009064 J), wall 0.231164 s/exec (intercept 0.110688 s)
[40/53] queries/tpch/tpch-queries/q16/v1_materialized.sql (2 warmup [warm ones = N=1 anchor] + 3 x5)
  warmup 1/2: 0.335305 sec, 1 copy (cache prime)
  warmup 2/2: 0.327462 sec, 1 copy (N=1 anchor)
  batch 1/3: 1.279946 sec, 5 copies (server sum 1180.010 ms)
  batch 2/3: 1.296143 sec, 5 copies (server sum 1191.967 ms)
  batch 3/3: 1.196444 sec, 5 copies (server sum 1153.362 ms)
  slope: pkg 5.548 J/exec (intercept 0.8969 J), wall 0.232512 s/exec (intercept 0.094950 s)
[41/53] queries/tpch/tpch-queries/q16/v2_not_exists.sql (2 warmup [warm ones = N=1 anchor] + 3 x5)
  warmup 1/2: 0.316424 sec, 1 copy (cache prime)
  warmup 2/2: 0.314353 sec, 1 copy (N=1 anchor)
  batch 1/3: 1.204486 sec, 5 copies (server sum 1104.159 ms)
  batch 2/3: 1.143040 sec, 5 copies (server sum 1044.130 ms)
  batch 3/3: 1.167821 sec, 5 copies (server sum 1070.718 ms)
  slope: pkg 5.117 J/exec (intercept 0.7899 J), wall 0.214357 s/exec (intercept 0.099996 s)
[42/53] queries/tpch/tpch-queries/q17/v2_decorrelate.sql (2 warmup [warm ones = N=1 anchor] + 3 x5)
  warmup 1/2: 5.568206 sec, 1 copy (cache prime)
  warmup 2/2: 5.973752 sec, 1 copy (N=1 anchor)
  batch 1/3: 28.981058 sec, 5 copies (server sum 28938.329 ms)
  batch 2/3: 29.044315 sec, 5 copies (server sum 28942.877 ms)
  batch 3/3: 28.905405 sec, 5 copies (server sum 28807.604 ms)
  slope: pkg 84.02 J/exec (intercept 1.137 J), wall 5.750793 s/exec (intercept 0.222959 s)
[43/53] queries/tpch/tpch-queries/q18/base.sql (2 warmup [warm ones = N=1 anchor] + 3 x5)
  warmup 1/2: 2.431583 sec, 1 copy (cache prime)
  warmup 2/2: 2.528176 sec, 1 copy (N=1 anchor)
  batch 1/3: 12.078485 sec, 5 copies (server sum 11934.296 ms)
  batch 2/3: 12.906367 sec, 5 copies (server sum 12805.508 ms)
  batch 3/3: 13.167135 sec, 5 copies (server sum 13053.956 ms)
  slope: pkg 56.89 J/exec (intercept 25.13 J), wall 2.547288 s/exec (intercept -0.019112 s)
[44/53] queries/tpch/tpch-queries/q18/v1_materialized.sql (2 warmup [warm ones = N=1 anchor] + 3 x5)
  warmup 1/2: 2.804953 sec, 1 copy (cache prime)
  warmup 2/2: 2.861350 sec, 1 copy (N=1 anchor)
  batch 1/3: 12.979810 sec, 5 copies (server sum 12869.956 ms)
  batch 2/3: 13.095746 sec, 5 copies (server sum 12974.182 ms)
  batch 3/3: 12.978002 sec, 5 copies (server sum 12873.343 ms)
  slope: pkg 55.71 J/exec (intercept 7.142 J), wall 2.539126 s/exec (intercept 0.322224 s)
[45/53] queries/tpch/tpch-queries/q18/v2_join.sql (2 warmup [warm ones = N=1 anchor] + 3 x5)
  warmup 1/2: 2.787338 sec, 1 copy (cache prime)
  warmup 2/2: 2.811181 sec, 1 copy (N=1 anchor)
  batch 1/3: 13.136774 sec, 5 copies (server sum 13027.125 ms)
  batch 2/3: 13.115037 sec, 5 copies (server sum 13006.226 ms)
  batch 3/3: 13.102398 sec, 5 copies (server sum 13052.873 ms)
  slope: pkg 56.46 J/exec (intercept 5.218 J), wall 2.576722 s/exec (intercept 0.234459 s)
[46/53] queries/tpch/tpch-queries/q19/base.sql (2 warmup [warm ones = N=1 anchor] + 3 x5)
  warmup 1/2: 0.534465 sec, 1 copy (cache prime)
  warmup 2/2: 0.573984 sec, 1 copy (N=1 anchor)
  batch 1/3: 2.308330 sec, 5 copies (server sum 2201.010 ms)
  batch 2/3: 2.344730 sec, 5 copies (server sum 2222.448 ms)
  batch 3/3: 2.324301 sec, 5 copies (server sum 2218.221 ms)
  slope: pkg 9.964 J/exec (intercept 1.881 J), wall 0.437951 s/exec (intercept 0.136033 s)
[47/53] queries/tpch/tpch-queries/q19/v1_materialized.sql (2 warmup [warm ones = N=1 anchor] + 3 x5)
  warmup 1/2: 0.589149 sec, 1 copy (cache prime)
  warmup 2/2: 0.598248 sec, 1 copy (N=1 anchor)
  batch 1/3: 2.273938 sec, 5 copies (server sum 2169.710 ms)
  batch 2/3: 2.315857 sec, 5 copies (server sum 2213.752 ms)
  batch 3/3: 2.331135 sec, 5 copies (server sum 2220.693 ms)
  slope: pkg 10.11 J/exec (intercept 1.085 J), wall 0.427182 s/exec (intercept 0.171066 s)
[48/53] queries/tpch/tpch-queries/q19/v2_union_all.sql (2 warmup [warm ones = N=1 anchor] + 3 x5)
  warmup 1/2: 1.394916 sec, 1 copy (cache prime)
  warmup 2/2: 1.403351 sec, 1 copy (N=1 anchor)
  batch 1/3: 6.428206 sec, 5 copies (server sum 6324.936 ms)
  batch 2/3: 6.439681 sec, 5 copies (server sum 6334.042 ms)
  batch 3/3: 6.427558 sec, 5 copies (server sum 6321.970 ms)
  slope: pkg 27.54 J/exec (intercept 3.295 J), wall 1.257116 s/exec (intercept 0.146235 s)
[49/53] queries/tpch/tpch-queries/q21/base.sql (2 warmup [warm ones = N=1 anchor] + 3 x5)
  warmup 1/2: 0.662566 sec, 1 copy (cache prime)
  warmup 2/2: 0.648039 sec, 1 copy (N=1 anchor)
  batch 1/3: 2.789335 sec, 5 copies (server sum 2681.538 ms)
  batch 2/3: 2.785081 sec, 5 copies (server sum 2681.936 ms)
  batch 3/3: 2.784193 sec, 5 copies (server sum 2679.421 ms)
  slope: pkg 11.8 J/exec (intercept 2.329 J), wall 0.534541 s/exec (intercept 0.113498 s)
[50/53] queries/tpch/tpch-queries/q21/v1_materialized.sql (2 warmup [warm ones = N=1 anchor] + 3 x5)
  warmup 1/2: 0.644822 sec, 1 copy (cache prime)
  warmup 2/2: 0.659874 sec, 1 copy (N=1 anchor)
  batch 1/3: 2.772545 sec, 5 copies (server sum 2669.615 ms)
  batch 2/3: 2.744197 sec, 5 copies (server sum 2687.386 ms)
  batch 3/3: 2.789978 sec, 5 copies (server sum 2684.163 ms)
  slope: pkg 11.63 J/exec (intercept 2.766 J), wall 0.527258 s/exec (intercept 0.132616 s)
[51/53] queries/tpch/tpch-queries/q22/base.sql (2 warmup [warm ones = N=1 anchor] + 3 x5)
  warmup 1/2: 0.176607 sec, 1 copy (cache prime)
  warmup 2/2: 0.134241 sec, 1 copy (N=1 anchor)
  batch 1/3: 0.379431 sec, 5 copies (server sum 265.581 ms)
  batch 2/3: 0.413417 sec, 5 copies (server sum 302.713 ms)
  batch 3/3: 0.424609 sec, 5 copies (server sum 314.625 ms)
  slope: pkg 1.549 J/exec (intercept 0.03218 J), wall 0.067895 s/exec (intercept 0.066346 s)
[52/53] queries/tpch/tpch-queries/q22/v1_materialized.sql (2 warmup [warm ones = N=1 anchor] + 3 x5)
  warmup 1/2: 0.199020 sec, 1 copy (cache prime)
  warmup 2/2: 0.161957 sec, 1 copy (N=1 anchor)
  batch 1/3: 0.318786 sec, 5 copies (server sum 274.181 ms)
  batch 2/3: 0.411828 sec, 5 copies (server sum 303.271 ms)
  batch 3/3: 0.406590 sec, 5 copies (server sum 300.821 ms)
  slope: pkg 1.384 J/exec (intercept 0.7171 J), wall 0.054278 s/exec (intercept 0.107679 s)
[53/53] queries/tpch/tpch-queries/q22/v2_anti_join.sql (2 warmup [warm ones = N=1 anchor] + 3 x5)
  warmup 1/2: 0.255236 sec, 1 copy (cache prime)
  warmup 2/2: 0.268603 sec, 1 copy (N=1 anchor)
  batch 1/3: 0.668092 sec, 5 copies (server sum 556.074 ms)
  batch 2/3: 0.657148 sec, 5 copies (server sum 549.481 ms)
  batch 3/3: 0.585417 sec, 5 copies (server sum 539.629 ms)
  slope: pkg 3.186 J/exec (intercept -0.4692 J), wall 0.092071 s/exec (intercept 0.176532 s)

Done. Batch rows appended to logs/work_mem/wm_32MB/query_timing_tpch.csv
Per-copy samples appended to logs/work_mem/wm_32MB/query_samples_tpch.csv
Relation sizes appended to logs/work_mem/wm_32MB/query_catalog_tpch.csv
Per-query slope/intercept appended to logs/work_mem/wm_32MB/query_slope_tpch.csv
make: Leaving directory '/home/user01/GreenSQL'
