make: Entering directory '/home/user01/GreenSQL'
query_runner configuration:
  QUERY_DIR      = queries/tpch/tpch-queries
  LOG_FILE       = logs/max_parallel_workers/mpw_2/query_timing_tpch_idx.csv
  SAMPLE_FILE    = logs/max_parallel_workers/mpw_2/query_samples_tpch_idx.csv
  CATALOG_FILE   = logs/max_parallel_workers/mpw_2/query_catalog_tpch_idx.csv
  SLOPE_FILE     = logs/max_parallel_workers/mpw_2/query_slope_tpch_idx.csv
  DB_NAME        = tpch_idx
  DB_USER        = postgres
  PGPORT         = 5434
  PG_VERSION     = 18.4  (as reported by the server on that port)
  BATCHNUM       = 5 (slope sizes: 1 copy and 5 copies)
  RUNS           = 3 (measured batches per size)
  WARMUP         = 2 (single-copy; #1 primes cache, warm ones = N=1 anchor)
  WORKERS        = (planner default)
  STATEMENT_TIMEOUT = 900
  SIGLESS_ADDR   = (disabled)
Found 53 queries under queries/tpch/tpch-queries

Catalog snapshot: 37 relations -> logs/max_parallel_workers/mpw_2/query_catalog_tpch_idx.csv
[1/53] queries/tpch/tpch-queries/q01/base.sql (2 warmup [warm ones = N=1 anchor] + 3 x5)
  warmup 1/2: 2.137095 sec, 1 copy (cache prime)
  warmup 2/2: 2.055419 sec, 1 copy (N=1 anchor)
  batch 1/3: 9.904006 sec, 5 copies (server sum 9844.766 ms)
  batch 2/3: 9.991984 sec, 5 copies (server sum 9896.309 ms)
  batch 3/3: 10.019893 sec, 5 copies (server sum 9923.852 ms)
  slope: pkg 43.28 J/exec (intercept 2.19 J), wall 1.979136 s/exec (intercept 0.076283 s)
[2/53] queries/tpch/tpch-queries/q01/v1_materialized.sql (2 warmup [warm ones = N=1 anchor] + 3 x5)
  warmup 1/2: 2.118181 sec, 1 copy (cache prime)
  warmup 2/2: 2.096194 sec, 1 copy (N=1 anchor)
  batch 1/3: 10.033155 sec, 5 copies (server sum 9927.452 ms)
  batch 2/3: 9.978680 sec, 5 copies (server sum 9933.448 ms)
  batch 3/3: 10.049428 sec, 5 copies (server sum 9940.743 ms)
  slope: pkg 43.33 J/exec (intercept 1.168 J), wall 1.981057 s/exec (intercept 0.115138 s)
[3/53] queries/tpch/tpch-queries/q02/base.sql (2 warmup [warm ones = N=1 anchor] + 3 x5)
  warmup 1/2: 0.426018 sec, 1 copy (cache prime)
  warmup 2/2: 0.295804 sec, 1 copy (N=1 anchor)
  batch 1/3: 0.970680 sec, 5 copies (server sum 863.618 ms)
  batch 2/3: 1.028195 sec, 5 copies (server sum 878.205 ms)
  batch 3/3: 0.934343 sec, 5 copies (server sum 883.164 ms)
  slope: pkg 1.417 J/exec (intercept 1.061 J), wall 0.170484 s/exec (intercept 0.125321 s)
[4/53] queries/tpch/tpch-queries/q02/v1_materialized.sql (2 warmup [warm ones = N=1 anchor] + 3 x5)
  warmup 1/2: 0.320695 sec, 1 copy (cache prime)
  warmup 2/2: 0.332528 sec, 1 copy (N=1 anchor)
  batch 1/3: 1.081752 sec, 5 copies (server sum 982.360 ms)
  batch 2/3: 1.074430 sec, 5 copies (server sum 974.626 ms)
  batch 3/3: 1.090736 sec, 5 copies (server sum 984.941 ms)
  slope: pkg 1.404 J/exec (intercept 0.8178 J), wall 0.187444 s/exec (intercept 0.145084 s)
[5/53] queries/tpch/tpch-queries/q02/v2_decorrelate.sql (2 warmup [warm ones = N=1 anchor] + 3 x5)
  warmup 1/2: 0.368056 sec, 1 copy (cache prime)
  warmup 2/2: 0.268119 sec, 1 copy (N=1 anchor)
  batch 1/3: 1.249620 sec, 5 copies (server sum 1122.957 ms)
  batch 2/3: 1.215778 sec, 5 copies (server sum 1089.301 ms)
  batch 3/3: 1.178662 sec, 5 copies (server sum 1068.306 ms)
  slope: pkg 1.239 J/exec (intercept 0.6341 J), wall 0.236642 s/exec (intercept 0.031477 s)
[6/53] queries/tpch/tpch-queries/q03/base.sql (2 warmup [warm ones = N=1 anchor] + 3 x5)
  warmup 1/2: 0.481519 sec, 1 copy (cache prime)
  warmup 2/2: 0.423045 sec, 1 copy (N=1 anchor)
  batch 1/3: 1.489881 sec, 5 copies (server sum 1395.977 ms)
  batch 2/3: 1.488707 sec, 5 copies (server sum 1395.170 ms)
  batch 3/3: 1.496732 sec, 5 copies (server sum 1402.798 ms)
  slope: pkg 7.637 J/exec (intercept 0.9316 J), wall 0.267182 s/exec (intercept 0.155863 s)
[7/53] queries/tpch/tpch-queries/q03/v1_materialized.sql (2 warmup [warm ones = N=1 anchor] + 3 x5)
  warmup 1/2: 0.396144 sec, 1 copy (cache prime)
  warmup 2/2: 0.400952 sec, 1 copy (N=1 anchor)
  batch 1/3: 1.516436 sec, 5 copies (server sum 1422.807 ms)
  batch 2/3: 1.519985 sec, 5 copies (server sum 1426.742 ms)
  batch 3/3: 1.536791 sec, 5 copies (server sum 1441.188 ms)
  slope: pkg 7.225 J/exec (intercept 1.598 J), wall 0.280863 s/exec (intercept 0.120089 s)
[8/53] queries/tpch/tpch-queries/q04/base.sql (2 warmup [warm ones = N=1 anchor] + 3 x5)
  warmup 1/2: 0.203991 sec, 1 copy (cache prime)
  warmup 2/2: 0.207286 sec, 1 copy (N=1 anchor)
  batch 1/3: 0.607405 sec, 5 copies (server sum 510.624 ms)
  batch 2/3: 0.610098 sec, 5 copies (server sum 515.434 ms)
  batch 3/3: 0.610495 sec, 5 copies (server sum 515.582 ms)
  slope: pkg 2.536 J/exec (intercept 1.235 J), wall 0.100512 s/exec (intercept 0.106774 s)
[9/53] queries/tpch/tpch-queries/q04/v1_materialized.sql (2 warmup [warm ones = N=1 anchor] + 3 x5)
  warmup 1/2: 0.205629 sec, 1 copy (cache prime)
  warmup 2/2: 0.207454 sec, 1 copy (N=1 anchor)
  batch 1/3: 0.608612 sec, 5 copies (server sum 514.541 ms)
  batch 2/3: 0.614985 sec, 5 copies (server sum 518.030 ms)
  batch 3/3: 0.610955 sec, 5 copies (server sum 515.953 ms)
  slope: pkg 2.53 J/exec (intercept 1.27 J), wall 0.101016 s/exec (intercept 0.106438 s)
[10/53] queries/tpch/tpch-queries/q04/v2_in.sql (2 warmup [warm ones = N=1 anchor] + 3 x5)
  warmup 1/2: 0.210736 sec, 1 copy (cache prime)
  warmup 2/2: 0.206992 sec, 1 copy (N=1 anchor)
  batch 1/3: 0.623995 sec, 5 copies (server sum 518.932 ms)
  batch 2/3: 0.606923 sec, 5 copies (server sum 512.083 ms)
  batch 3/3: 0.614286 sec, 5 copies (server sum 518.082 ms)
  slope: pkg 2.534 J/exec (intercept 1.248 J), wall 0.102019 s/exec (intercept 0.104973 s)
[11/53] queries/tpch/tpch-queries/q05/base.sql (2 warmup [warm ones = N=1 anchor] + 3 x5)
  warmup 1/2: 0.381842 sec, 1 copy (cache prime)
  warmup 2/2: 0.377317 sec, 1 copy (N=1 anchor)
  batch 1/3: 1.430958 sec, 5 copies (server sum 1322.161 ms)
  batch 2/3: 1.400267 sec, 5 copies (server sum 1295.323 ms)
  batch 3/3: 1.323639 sec, 5 copies (server sum 1269.345 ms)
  slope: pkg 3.544 J/exec (intercept 1.017 J), wall 0.251909 s/exec (intercept 0.125407 s)
[12/53] queries/tpch/tpch-queries/q05/v1_materialized.sql (2 warmup [warm ones = N=1 anchor] + 3 x5)
  warmup 1/2: 0.358074 sec, 1 copy (cache prime)
  warmup 2/2: 0.367756 sec, 1 copy (N=1 anchor)
  batch 1/3: 1.397819 sec, 5 copies (server sum 1294.575 ms)
  batch 2/3: 1.396794 sec, 5 copies (server sum 1292.684 ms)
  batch 3/3: 1.453246 sec, 5 copies (server sum 1294.370 ms)
  slope: pkg 3.514 J/exec (intercept 1.195 J), wall 0.262049 s/exec (intercept 0.105707 s)
[13/53] queries/tpch/tpch-queries/q06/base.sql (2 warmup [warm ones = N=1 anchor] + 3 x5)
  warmup 1/2: 0.136192 sec, 1 copy (cache prime)
  warmup 2/2: 0.156880 sec, 1 copy (N=1 anchor)
  batch 1/3: 0.390903 sec, 5 copies (server sum 349.394 ms)
  batch 2/3: 0.445370 sec, 5 copies (server sum 344.464 ms)
  batch 3/3: 0.443146 sec, 5 copies (server sum 338.531 ms)
  slope: pkg 1.779 J/exec (intercept 0.7135 J), wall 0.067398 s/exec (intercept 0.089481 s)
[14/53] queries/tpch/tpch-queries/q06/v1_materialized.sql (2 warmup [warm ones = N=1 anchor] + 3 x5)
  warmup 1/2: 0.200515 sec, 1 copy (cache prime)
  warmup 2/2: 0.164201 sec, 1 copy (N=1 anchor)
  batch 1/3: 0.368831 sec, 5 copies (server sum 326.981 ms)
  batch 2/3: 0.457432 sec, 5 copies (server sum 357.328 ms)
  batch 3/3: 0.471789 sec, 5 copies (server sum 355.462 ms)
  slope: pkg 1.761 J/exec (intercept 0.5621 J), wall 0.067121 s/exec (intercept 0.097080 s)
[15/53] queries/tpch/tpch-queries/q07/base.sql (2 warmup [warm ones = N=1 anchor] + 3 x5)
  warmup 1/2: 0.792108 sec, 1 copy (cache prime)
  warmup 2/2: 0.766817 sec, 1 copy (N=1 anchor)
  batch 1/3: 3.282751 sec, 5 copies (server sum 3173.457 ms)
  batch 2/3: 3.215984 sec, 5 copies (server sum 3104.315 ms)
  batch 3/3: 3.227845 sec, 5 copies (server sum 3118.319 ms)
  slope: pkg 9.145 J/exec (intercept 0.8498 J), wall 0.618844 s/exec (intercept 0.147972 s)
[16/53] queries/tpch/tpch-queries/q07/v1_materialized.sql (2 warmup [warm ones = N=1 anchor] + 3 x5)
  warmup 1/2: 0.770905 sec, 1 copy (cache prime)
  warmup 2/2: 0.762093 sec, 1 copy (N=1 anchor)
  batch 1/3: 3.219839 sec, 5 copies (server sum 3116.245 ms)
  batch 2/3: 3.218455 sec, 5 copies (server sum 3113.157 ms)
  batch 3/3: 3.196794 sec, 5 copies (server sum 3091.130 ms)
  slope: pkg 9.309 J/exec (intercept 0.9352 J), wall 0.612401 s/exec (intercept 0.149692 s)
[17/53] queries/tpch/tpch-queries/q07/v2_union_all.sql (2 warmup [warm ones = N=1 anchor] + 3 x5)
  warmup 1/2: 0.707227 sec, 1 copy (cache prime)
  warmup 2/2: 0.701251 sec, 1 copy (N=1 anchor)
  batch 1/3: 3.060137 sec, 5 copies (server sum 2953.241 ms)
  batch 2/3: 3.019708 sec, 5 copies (server sum 2914.686 ms)
  batch 3/3: 2.962675 sec, 5 copies (server sum 2908.051 ms)
  slope: pkg 7.534 J/exec (intercept 1.826 J), wall 0.578230 s/exec (intercept 0.123021 s)
[18/53] queries/tpch/tpch-queries/q08/base.sql (2 warmup [warm ones = N=1 anchor] + 3 x5)
  warmup 1/2: 0.270142 sec, 1 copy (cache prime)
  warmup 2/2: 0.243677 sec, 1 copy (N=1 anchor)
  batch 1/3: 0.804307 sec, 5 copies (server sum 702.265 ms)
  batch 2/3: 0.862999 sec, 5 copies (server sum 712.447 ms)
  batch 3/3: 0.763048 sec, 5 copies (server sum 707.902 ms)
  slope: pkg 2.294 J/exec (intercept 1.503 J), wall 0.141610 s/exec (intercept 0.102067 s)
[19/53] queries/tpch/tpch-queries/q08/v1_materialized.sql (2 warmup [warm ones = N=1 anchor] + 3 x5)
  warmup 1/2: 0.245642 sec, 1 copy (cache prime)
  warmup 2/2: 0.253261 sec, 1 copy (N=1 anchor)
  batch 1/3: 0.818338 sec, 5 copies (server sum 715.555 ms)
  batch 2/3: 0.813663 sec, 5 copies (server sum 709.941 ms)
  batch 3/3: 0.801698 sec, 5 copies (server sum 709.346 ms)
  slope: pkg 2.31 J/exec (intercept 1.316 J), wall 0.139493 s/exec (intercept 0.113768 s)
[20/53] queries/tpch/tpch-queries/q08/v2_filter.sql (2 warmup [warm ones = N=1 anchor] + 3 x5)
  warmup 1/2: 0.250650 sec, 1 copy (cache prime)
  warmup 2/2: 0.246117 sec, 1 copy (N=1 anchor)
  batch 1/3: 0.864040 sec, 5 copies (server sum 710.591 ms)
  batch 2/3: 0.762726 sec, 5 copies (server sum 708.636 ms)
  batch 3/3: 0.813546 sec, 5 copies (server sum 710.832 ms)
  slope: pkg 2.286 J/exec (intercept 1.449 J), wall 0.141830 s/exec (intercept 0.104287 s)
[21/53] queries/tpch/tpch-queries/q09/base.sql (2 warmup [warm ones = N=1 anchor] + 3 x5)
  warmup 1/2: 1.172962 sec, 1 copy (cache prime)
  warmup 2/2: 1.140165 sec, 1 copy (N=1 anchor)
  batch 1/3: 5.221176 sec, 5 copies (server sum 5117.600 ms)
  batch 2/3: 5.235475 sec, 5 copies (server sum 5154.700 ms)
  batch 3/3: 5.240663 sec, 5 copies (server sum 5184.440 ms)
  slope: pkg 21.11 J/exec (intercept 1.528 J), wall 1.023068 s/exec (intercept 0.117097 s)
[22/53] queries/tpch/tpch-queries/q09/v1_materialized.sql (2 warmup [warm ones = N=1 anchor] + 3 x5)
  warmup 1/2: 1.137726 sec, 1 copy (cache prime)
  warmup 2/2: 1.194529 sec, 1 copy (N=1 anchor)
  batch 1/3: 5.264558 sec, 5 copies (server sum 5202.932 ms)
  batch 2/3: 5.298369 sec, 5 copies (server sum 5194.286 ms)
  batch 3/3: 5.317852 sec, 5 copies (server sum 5205.163 ms)
  slope: pkg 20.88 J/exec (intercept 2.107 J), wall 1.024766 s/exec (intercept 0.169763 s)
[23/53] queries/tpch/tpch-queries/q10/base.sql (2 warmup [warm ones = N=1 anchor] + 3 x5)
  warmup 1/2: 0.401600 sec, 1 copy (cache prime)
  warmup 2/2: 0.442784 sec, 1 copy (N=1 anchor)
  batch 1/3: 1.715200 sec, 5 copies (server sum 1618.958 ms)
  batch 2/3: 1.717034 sec, 5 copies (server sum 1621.024 ms)
  batch 3/3: 1.733757 sec, 5 copies (server sum 1636.039 ms)
  slope: pkg 7.498 J/exec (intercept 1.44 J), wall 0.319803 s/exec (intercept 0.122981 s)
[24/53] queries/tpch/tpch-queries/q10/v1_materialized.sql (2 warmup [warm ones = N=1 anchor] + 3 x5)
  warmup 1/2: 0.395213 sec, 1 copy (cache prime)
  warmup 2/2: 0.394030 sec, 1 copy (N=1 anchor)
  batch 1/3: 1.527314 sec, 5 copies (server sum 1432.670 ms)
  batch 2/3: 1.557371 sec, 5 copies (server sum 1462.866 ms)
  batch 3/3: 1.536665 sec, 5 copies (server sum 1441.765 ms)
  slope: pkg 6.763 J/exec (intercept 1.39 J), wall 0.286605 s/exec (intercept 0.107425 s)
[25/53] queries/tpch/tpch-queries/q11/base.sql (2 warmup [warm ones = N=1 anchor] + 3 x5)
  warmup 1/2: 0.171568 sec, 1 copy (cache prime)
  warmup 2/2: 0.122219 sec, 1 copy (N=1 anchor)
  batch 1/3: 0.478484 sec, 5 copies (server sum 421.828 ms)
  batch 2/3: 0.543482 sec, 5 copies (server sum 440.626 ms)
  batch 3/3: 0.554593 sec, 5 copies (server sum 450.609 ms)
  slope: pkg 0.5786 J/exec (intercept 0.8143 J), wall 0.100825 s/exec (intercept 0.021393 s)
[26/53] queries/tpch/tpch-queries/q11/v1_materialized.sql (2 warmup [warm ones = N=1 anchor] + 3 x5)
  warmup 1/2: 0.187114 sec, 1 copy (cache prime)
  warmup 2/2: 0.196074 sec, 1 copy (N=1 anchor)
  batch 1/3: 0.569831 sec, 5 copies (server sum 460.362 ms)
  batch 2/3: 0.551810 sec, 5 copies (server sum 446.535 ms)
  batch 3/3: 0.629047 sec, 5 copies (server sum 458.123 ms)
  slope: pkg 0.5451 J/exec (intercept 0.8029 J), wall 0.096872 s/exec (intercept 0.099202 s)
[27/53] queries/tpch/tpch-queries/q11/v2_cte_threshold.sql (2 warmup [warm ones = N=1 anchor] + 3 x5)
  warmup 1/2: 0.142005 sec, 1 copy (cache prime)
  warmup 2/2: 0.197766 sec, 1 copy (N=1 anchor)
  batch 1/3: 0.570599 sec, 5 copies (server sum 466.233 ms)
  batch 2/3: 0.568897 sec, 5 copies (server sum 465.862 ms)
  batch 3/3: 0.495800 sec, 5 copies (server sum 440.679 ms)
  slope: pkg 0.5505 J/exec (intercept 0.712 J), wall 0.086833 s/exec (intercept 0.110933 s)
[28/53] queries/tpch/tpch-queries/q12/base.sql (2 warmup [warm ones = N=1 anchor] + 3 x5)
  warmup 1/2: 0.471827 sec, 1 copy (cache prime)
  warmup 2/2: 0.458404 sec, 1 copy (N=1 anchor)
  batch 1/3: 1.816585 sec, 5 copies (server sum 1721.051 ms)
  batch 2/3: 1.894095 sec, 5 copies (server sum 1745.640 ms)
  batch 3/3: 1.770084 sec, 5 copies (server sum 1724.157 ms)
  slope: pkg 7.437 J/exec (intercept 1.487 J), wall 0.342129 s/exec (intercept 0.116275 s)
[29/53] queries/tpch/tpch-queries/q12/v1_materialized.sql (2 warmup [warm ones = N=1 anchor] + 3 x5)
  warmup 1/2: 0.455448 sec, 1 copy (cache prime)
  warmup 2/2: 0.470731 sec, 1 copy (N=1 anchor)
  batch 1/3: 1.803378 sec, 5 copies (server sum 1706.298 ms)
  batch 2/3: 1.824557 sec, 5 copies (server sum 1730.148 ms)
  batch 3/3: 1.838245 sec, 5 copies (server sum 1742.746 ms)
  slope: pkg 7.477 J/exec (intercept 1.629 J), wall 0.337832 s/exec (intercept 0.132898 s)
[30/53] queries/tpch/tpch-queries/q12/v2_filter.sql (2 warmup [warm ones = N=1 anchor] + 3 x5)
  warmup 1/2: 0.407428 sec, 1 copy (cache prime)
  warmup 2/2: 0.459685 sec, 1 copy (N=1 anchor)
  batch 1/3: 1.814759 sec, 5 copies (server sum 1719.907 ms)
  batch 2/3: 1.827367 sec, 5 copies (server sum 1733.624 ms)
  batch 3/3: 1.802715 sec, 5 copies (server sum 1708.890 ms)
  slope: pkg 7.487 J/exec (intercept 1.536 J), wall 0.338816 s/exec (intercept 0.120869 s)
[31/53] queries/tpch/tpch-queries/q13/base.sql (2 warmup [warm ones = N=1 anchor] + 3 x5)
  warmup 1/2: 1.619786 sec, 1 copy (cache prime)
  warmup 2/2: 1.669085 sec, 1 copy (N=1 anchor)
  batch 1/3: 7.847326 sec, 5 copies (server sum 7748.930 ms)
  batch 2/3: 7.714567 sec, 5 copies (server sum 7666.478 ms)
  batch 3/3: 7.695096 sec, 5 copies (server sum 7645.407 ms)
  slope: pkg 9.023 J/exec (intercept 0.9687 J), wall 1.520811 s/exec (intercept 0.148274 s)
[32/53] queries/tpch/tpch-queries/q13/v1_materialized.sql (2 warmup [warm ones = N=1 anchor] + 3 x5)
  warmup 1/2: 1.651324 sec, 1 copy (cache prime)
  warmup 2/2: 1.672153 sec, 1 copy (N=1 anchor)
  batch 1/3: 7.741183 sec, 5 copies (server sum 7643.417 ms)
  batch 2/3: 7.774729 sec, 5 copies (server sum 7672.747 ms)
  batch 3/3: 7.698951 sec, 5 copies (server sum 7598.718 ms)
  slope: pkg 9.072 J/exec (intercept 0.6541 J), wall 1.516534 s/exec (intercept 0.155619 s)
[33/53] queries/tpch/tpch-queries/q13/v2_correlated.sql (2 warmup [warm ones = N=1 anchor] + 3 x5)
  warmup 1/2: 2.259980 sec, 1 copy (cache prime)
  warmup 2/2: 2.246733 sec, 1 copy (N=1 anchor)
  batch 1/3: 10.541830 sec, 5 copies (server sum 10447.582 ms)
  batch 2/3: 10.536737 sec, 5 copies (server sum 10492.239 ms)
  batch 3/3: 10.474927 sec, 5 copies (server sum 10374.182 ms)
  slope: pkg 19.37 J/exec (intercept 1.429 J), wall 2.067775 s/exec (intercept 0.178958 s)
[34/53] queries/tpch/tpch-queries/q14/base.sql (2 warmup [warm ones = N=1 anchor] + 3 x5)
  warmup 1/2: 0.258318 sec, 1 copy (cache prime)
  warmup 2/2: 0.263511 sec, 1 copy (N=1 anchor)
  batch 1/3: 0.818480 sec, 5 copies (server sum 715.047 ms)
  batch 2/3: 0.806058 sec, 5 copies (server sum 705.269 ms)
  batch 3/3: 0.820752 sec, 5 copies (server sum 713.602 ms)
  slope: pkg 2.734 J/exec (intercept 1.31 J), wall 0.137896 s/exec (intercept 0.125615 s)
[35/53] queries/tpch/tpch-queries/q14/v1_materialized.sql (2 warmup [warm ones = N=1 anchor] + 3 x5)
  warmup 1/2: 0.256064 sec, 1 copy (cache prime)
  warmup 2/2: 0.261604 sec, 1 copy (N=1 anchor)
  batch 1/3: 0.816730 sec, 5 copies (server sum 713.103 ms)
  batch 2/3: 0.856580 sec, 5 copies (server sum 712.855 ms)
  batch 3/3: 0.755366 sec, 5 copies (server sum 706.180 ms)
  slope: pkg 2.746 J/exec (intercept 1.353 J), wall 0.136989 s/exec (intercept 0.124616 s)
[36/53] queries/tpch/tpch-queries/q14/v2_filter.sql (2 warmup [warm ones = N=1 anchor] + 3 x5)
  warmup 1/2: 0.259828 sec, 1 copy (cache prime)
  warmup 2/2: 0.259970 sec, 1 copy (N=1 anchor)
  batch 1/3: 0.808501 sec, 5 copies (server sum 712.609 ms)
  batch 2/3: 0.825820 sec, 5 copies (server sum 727.050 ms)
  batch 3/3: 0.814920 sec, 5 copies (server sum 713.044 ms)
  slope: pkg 2.725 J/exec (intercept 1.388 J), wall 0.139111 s/exec (intercept 0.120859 s)
[37/53] queries/tpch/tpch-queries/q15/base.sql (2 warmup [warm ones = N=1 anchor] + 3 x5)
  warmup 1/2: 0.374149 sec, 1 copy (cache prime)
  warmup 2/2: 0.374489 sec, 1 copy (N=1 anchor)
  batch 1/3: 1.354354 sec, 5 copies (server sum 1223.391 ms)
  batch 2/3: 1.237131 sec, 5 copies (server sum 1155.532 ms)
  batch 3/3: 1.251513 sec, 5 copies (server sum 1156.976 ms)
  slope: pkg 1.942 J/exec (intercept 1.567 J), wall 0.226628 s/exec (intercept 0.147862 s)
[38/53] queries/tpch/tpch-queries/q15/v1_materialized.sql (2 warmup [warm ones = N=1 anchor] + 3 x5)
  warmup 1/2: 0.371767 sec, 1 copy (cache prime)
  warmup 2/2: 0.378658 sec, 1 copy (N=1 anchor)
  batch 1/3: 1.317627 sec, 5 copies (server sum 1173.316 ms)
  batch 2/3: 1.210904 sec, 5 copies (server sum 1164.815 ms)
  batch 3/3: 1.260012 sec, 5 copies (server sum 1166.095 ms)
  slope: pkg 1.956 J/exec (intercept 1.545 J), wall 0.221047 s/exec (intercept 0.157611 s)
[39/53] queries/tpch/tpch-queries/q16/base.sql (2 warmup [warm ones = N=1 anchor] + 3 x5)
  warmup 1/2: 0.342417 sec, 1 copy (cache prime)
  warmup 2/2: 0.346563 sec, 1 copy (N=1 anchor)
  batch 1/3: 1.309165 sec, 5 copies (server sum 1202.097 ms)
  batch 2/3: 1.311976 sec, 5 copies (server sum 1200.647 ms)
  batch 3/3: 1.313729 sec, 5 copies (server sum 1198.027 ms)
  slope: pkg 5.782 J/exec (intercept 0.4886 J), wall 0.241265 s/exec (intercept 0.105298 s)
[40/53] queries/tpch/tpch-queries/q16/v1_materialized.sql (2 warmup [warm ones = N=1 anchor] + 3 x5)
  warmup 1/2: 0.345425 sec, 1 copy (cache prime)
  warmup 2/2: 0.351726 sec, 1 copy (N=1 anchor)
  batch 1/3: 1.315766 sec, 5 copies (server sum 1215.553 ms)
  batch 2/3: 1.367369 sec, 5 copies (server sum 1215.562 ms)
  batch 3/3: 1.266021 sec, 5 copies (server sum 1217.419 ms)
  slope: pkg 5.86 J/exec (intercept 0.5423 J), wall 0.241165 s/exec (intercept 0.110562 s)
[41/53] queries/tpch/tpch-queries/q16/v2_not_exists.sql (2 warmup [warm ones = N=1 anchor] + 3 x5)
  warmup 1/2: 0.311999 sec, 1 copy (cache prime)
  warmup 2/2: 0.307985 sec, 1 copy (N=1 anchor)
  batch 1/3: 1.110744 sec, 5 copies (server sum 1051.677 ms)
  batch 2/3: 1.166412 sec, 5 copies (server sum 1065.277 ms)
  batch 3/3: 1.163983 sec, 5 copies (server sum 1056.843 ms)
  slope: pkg 4.818 J/exec (intercept 0.5415 J), wall 0.209765 s/exec (intercept 0.098219 s)
[42/53] queries/tpch/tpch-queries/q17/v2_decorrelate.sql (2 warmup [warm ones = N=1 anchor] + 3 x5)
  warmup 1/2: 4.274901 sec, 1 copy (cache prime)
  warmup 2/2: 4.184908 sec, 1 copy (N=1 anchor)
  batch 1/3: 20.670302 sec, 5 copies (server sum 20575.435 ms)
  batch 2/3: 20.653709 sec, 5 copies (server sum 20605.959 ms)
  batch 3/3: 20.549601 sec, 5 copies (server sum 20455.364 ms)
  slope: pkg 18.95 J/exec (intercept 1.131 J), wall 4.109907 s/exec (intercept 0.075001 s)
[43/53] queries/tpch/tpch-queries/q18/base.sql (2 warmup [warm ones = N=1 anchor] + 3 x5)
  warmup 1/2: 4.463760 sec, 1 copy (cache prime)
  warmup 2/2: 4.548372 sec, 1 copy (N=1 anchor)
  batch 1/3: 22.001670 sec, 5 copies (server sum 21905.339 ms)
  batch 2/3: 22.988782 sec, 5 copies (server sum 22890.438 ms)
  batch 3/3: 23.095089 sec, 5 copies (server sum 22999.006 ms)
  slope: pkg 101.1 J/exec (intercept 5.826 J), wall 4.536702 s/exec (intercept 0.011670 s)
[44/53] queries/tpch/tpch-queries/q18/v1_materialized.sql (2 warmup [warm ones = N=1 anchor] + 3 x5)
  warmup 1/2: 4.814701 sec, 1 copy (cache prime)
  warmup 2/2: 4.808908 sec, 1 copy (N=1 anchor)
  batch 1/3: 22.729560 sec, 5 copies (server sum 22624.043 ms)
  batch 2/3: 22.709978 sec, 5 copies (server sum 22605.508 ms)
  batch 3/3: 22.711814 sec, 5 copies (server sum 22605.423 ms)
  slope: pkg 97.64 J/exec (intercept 1.797 J), wall 4.477052 s/exec (intercept 0.331855 s)
[45/53] queries/tpch/tpch-queries/q18/v2_join.sql (2 warmup [warm ones = N=1 anchor] + 3 x5)
  warmup 1/2: 4.801105 sec, 1 copy (cache prime)
  warmup 2/2: 4.803432 sec, 1 copy (N=1 anchor)
  batch 1/3: 23.335849 sec, 5 copies (server sum 23236.623 ms)
  batch 2/3: 23.192313 sec, 5 copies (server sum 23095.175 ms)
  batch 3/3: 23.213946 sec, 5 copies (server sum 23114.660 ms)
  slope: pkg 99.49 J/exec (intercept 2.669 J), wall 4.610984 s/exec (intercept 0.192447 s)
[46/53] queries/tpch/tpch-queries/q19/base.sql (2 warmup [warm ones = N=1 anchor] + 3 x5)
  warmup 1/2: 0.132333 sec, 1 copy (cache prime)
  warmup 2/2: 0.081720 sec, 1 copy (N=1 anchor)
  batch 1/3: 0.218656 sec, 5 copies (server sum 174.283 ms)
  batch 2/3: 0.279920 sec, 5 copies (server sum 178.558 ms)
  batch 3/3: 0.245599 sec, 5 copies (server sum 175.632 ms)
  slope: pkg 0.8894 J/exec (intercept 0.7718 J), wall 0.041585 s/exec (intercept 0.040135 s)
[47/53] queries/tpch/tpch-queries/q19/v1_materialized.sql (2 warmup [warm ones = N=1 anchor] + 3 x5)
  warmup 1/2: 0.132307 sec, 1 copy (cache prime)
  warmup 2/2: 0.082593 sec, 1 copy (N=1 anchor)
  batch 1/3: 0.223764 sec, 5 copies (server sum 178.697 ms)
  batch 2/3: 0.281138 sec, 5 copies (server sum 180.522 ms)
  batch 3/3: 0.277318 sec, 5 copies (server sum 181.893 ms)
  slope: pkg 0.8868 J/exec (intercept 0.7654 J), wall 0.044537 s/exec (intercept 0.038056 s)
[48/53] queries/tpch/tpch-queries/q19/v2_union_all.sql (2 warmup [warm ones = N=1 anchor] + 3 x5)
  warmup 1/2: 0.155828 sec, 1 copy (cache prime)
  warmup 2/2: 0.092651 sec, 1 copy (N=1 anchor)
  batch 1/3: 0.276494 sec, 5 copies (server sum 229.880 ms)
  batch 2/3: 0.355457 sec, 5 copies (server sum 240.423 ms)
  batch 3/3: 0.332695 sec, 5 copies (server sum 234.111 ms)
  slope: pkg 1.084 J/exec (intercept 0.8262 J), wall 0.057225 s/exec (intercept 0.035426 s)
[49/53] queries/tpch/tpch-queries/q21/base.sql (2 warmup [warm ones = N=1 anchor] + 3 x5)
  warmup 1/2: 0.639552 sec, 1 copy (cache prime)
  warmup 2/2: 0.660861 sec, 1 copy (N=1 anchor)
  batch 1/3: 2.676132 sec, 5 copies (server sum 2570.828 ms)
  batch 2/3: 2.671144 sec, 5 copies (server sum 2567.892 ms)
  batch 3/3: 2.659285 sec, 5 copies (server sum 2535.402 ms)
  slope: pkg 8.213 J/exec (intercept 0.4408 J), wall 0.501998 s/exec (intercept 0.158863 s)
[50/53] queries/tpch/tpch-queries/q21/v1_materialized.sql (2 warmup [warm ones = N=1 anchor] + 3 x5)
  warmup 1/2: 0.623987 sec, 1 copy (cache prime)
  warmup 2/2: 0.616878 sec, 1 copy (N=1 anchor)
  batch 1/3: 2.717589 sec, 5 copies (server sum 2568.467 ms)
  batch 2/3: 2.618511 sec, 5 copies (server sum 2520.999 ms)
  batch 3/3: 2.616331 sec, 5 copies (server sum 2517.401 ms)
  slope: pkg 7.937 J/exec (intercept 1.119 J), wall 0.508483 s/exec (intercept 0.108396 s)
[51/53] queries/tpch/tpch-queries/q22/base.sql (2 warmup [warm ones = N=1 anchor] + 3 x5)
  warmup 1/2: 0.161930 sec, 1 copy (cache prime)
  warmup 2/2: 0.099105 sec, 1 copy (N=1 anchor)
  batch 1/3: 0.305628 sec, 5 copies (server sum 262.055 ms)
  batch 2/3: 0.317569 sec, 5 copies (server sum 273.893 ms)
  batch 3/3: 0.411475 sec, 5 copies (server sum 304.167 ms)
  slope: pkg 1.488 J/exec (intercept 0.5248 J), wall 0.061446 s/exec (intercept 0.037658 s)
[52/53] queries/tpch/tpch-queries/q22/v1_materialized.sql (2 warmup [warm ones = N=1 anchor] + 3 x5)
  warmup 1/2: 0.187699 sec, 1 copy (cache prime)
  warmup 2/2: 0.176735 sec, 1 copy (N=1 anchor)
  batch 1/3: 0.313667 sec, 5 copies (server sum 268.412 ms)
  batch 2/3: 0.395497 sec, 5 copies (server sum 289.477 ms)
  batch 3/3: 0.407335 sec, 5 copies (server sum 299.482 ms)
  slope: pkg 1.427 J/exec (intercept 0.6902 J), wall 0.048858 s/exec (intercept 0.127877 s)
[53/53] queries/tpch/tpch-queries/q22/v2_anti_join.sql (2 warmup [warm ones = N=1 anchor] + 3 x5)
  warmup 1/2: 0.278454 sec, 1 copy (cache prime)
  warmup 2/2: 0.234194 sec, 1 copy (N=1 anchor)
  batch 1/3: 0.709992 sec, 5 copies (server sum 599.101 ms)
  batch 2/3: 0.741851 sec, 5 copies (server sum 628.711 ms)
  batch 3/3: 0.751353 sec, 5 copies (server sum 624.905 ms)
  slope: pkg 2.185 J/exec (intercept 0.9283 J), wall 0.125051 s/exec (intercept 0.109143 s)

Done. Batch rows appended to logs/max_parallel_workers/mpw_2/query_timing_tpch_idx.csv
Per-copy samples appended to logs/max_parallel_workers/mpw_2/query_samples_tpch_idx.csv
Relation sizes appended to logs/max_parallel_workers/mpw_2/query_catalog_tpch_idx.csv
Per-query slope/intercept appended to logs/max_parallel_workers/mpw_2/query_slope_tpch_idx.csv
make: Leaving directory '/home/user01/GreenSQL'
