make: Entering directory '/home/user01/GreenSQL'
query_runner configuration:
  QUERY_DIR      = queries/tpch/tpch-queries
  LOG_FILE       = logs/max_parallel_workers/mpw_2/query_timing_tpch.csv
  SAMPLE_FILE    = logs/max_parallel_workers/mpw_2/query_samples_tpch.csv
  CATALOG_FILE   = logs/max_parallel_workers/mpw_2/query_catalog_tpch.csv
  SLOPE_FILE     = logs/max_parallel_workers/mpw_2/query_slope_tpch.csv
  DB_NAME        = tpch
  DB_USER        = postgres
  PGPORT         = 5434
  PG_VERSION     = 18.4  (as reported by the server on that port)
  BATCHNUM       = 5 (slope sizes: 1 copy and 5 copies)
  RUNS           = 3 (measured batches per size)
  WARMUP         = 2 (single-copy; #1 primes cache, warm ones = N=1 anchor)
  WORKERS        = (planner default)
  STATEMENT_TIMEOUT = 900
  SIGLESS_ADDR   = (disabled)
Found 53 queries under queries/tpch/tpch-queries

Catalog snapshot: 11 relations -> logs/max_parallel_workers/mpw_2/query_catalog_tpch.csv
[1/53] queries/tpch/tpch-queries/q01/base.sql (2 warmup [warm ones = N=1 anchor] + 3 x5)
  warmup 1/2: 1.892294 sec, 1 copy (cache prime)
  warmup 2/2: 1.797038 sec, 1 copy (N=1 anchor)
  batch 1/3: 8.812526 sec, 5 copies (server sum 8710.135 ms)
  batch 2/3: 8.859844 sec, 5 copies (server sum 8713.726 ms)
  batch 3/3: 8.790540 sec, 5 copies (server sum 8733.475 ms)
  slope: pkg 49.79 J/exec (intercept -1.948 J), wall 1.755983 s/exec (intercept 0.041055 s)
[2/53] queries/tpch/tpch-queries/q01/v1_materialized.sql (2 warmup [warm ones = N=1 anchor] + 3 x5)
  warmup 1/2: 1.820742 sec, 1 copy (cache prime)
  warmup 2/2: 1.932906 sec, 1 copy (N=1 anchor)
  batch 1/3: 8.990494 sec, 5 copies (server sum 8933.019 ms)
  batch 2/3: 9.734470 sec, 5 copies (server sum 9688.174 ms)
  batch 3/3: 9.765610 sec, 5 copies (server sum 9717.123 ms)
  slope: pkg 43.45 J/exec (intercept 7.033 J), wall 1.890988 s/exec (intercept 0.041918 s)
[3/53] queries/tpch/tpch-queries/q02/base.sql (2 warmup [warm ones = N=1 anchor] + 3 x5)
  warmup 1/2: 53.849661 sec, 1 copy (cache prime)
  warmup 2/2: 52.620304 sec, 1 copy (N=1 anchor)
  batch 1/3: 265.489153 sec, 5 copies (server sum 265391.721 ms)
  batch 2/3: 265.898830 sec, 5 copies (server sum 265799.900 ms)
  batch 3/3: 266.072312 sec, 5 copies (server sum 265973.073 ms)
  slope: pkg 453.3 J/exec (intercept 6.87 J), wall 53.299948 s/exec (intercept -0.679644 s)
[4/53] queries/tpch/tpch-queries/q02/v1_materialized.sql (2 warmup [warm ones = N=1 anchor] + 3 x5)
  warmup 1/2: 53.847679 sec, 1 copy (cache prime)
  warmup 2/2: 53.863648 sec, 1 copy (N=1 anchor)
  batch 1/3: 268.917166 sec, 5 copies (server sum 268815.291 ms)
  batch 2/3: 267.538693 sec, 5 copies (server sum 267491.160 ms)
  batch 3/3: 268.811862 sec, 5 copies (server sum 268713.538 ms)
  slope: pkg 461.5 J/exec (intercept -15.5 J), wall 53.639731 s/exec (intercept 0.223917 s)
[5/53] queries/tpch/tpch-queries/q02/v2_decorrelate.sql (2 warmup [warm ones = N=1 anchor] + 3 x5)
  warmup 1/2: 0.347022 sec, 1 copy (cache prime)
  warmup 2/2: 0.369634 sec, 1 copy (N=1 anchor)
  batch 1/3: 1.224478 sec, 5 copies (server sum 1112.418 ms)
  batch 2/3: 1.395593 sec, 5 copies (server sum 1283.613 ms)
  batch 3/3: 1.340230 sec, 5 copies (server sum 1238.831 ms)
  slope: pkg 3.064 J/exec (intercept 0.6528 J), wall 0.237616 s/exec (intercept 0.132018 s)
[6/53] queries/tpch/tpch-queries/q03/base.sql (2 warmup [warm ones = N=1 anchor] + 3 x5)
  warmup 1/2: 0.533492 sec, 1 copy (cache prime)
  warmup 2/2: 0.361172 sec, 1 copy (N=1 anchor)
  batch 1/3: 1.553839 sec, 5 copies (server sum 1454.840 ms)
  batch 2/3: 1.535171 sec, 5 copies (server sum 1443.484 ms)
  batch 3/3: 1.584989 sec, 5 copies (server sum 1445.875 ms)
  slope: pkg 7.444 J/exec (intercept 0.752 J), wall 0.299207 s/exec (intercept 0.061965 s)
[7/53] queries/tpch/tpch-queries/q03/v1_materialized.sql (2 warmup [warm ones = N=1 anchor] + 3 x5)
  warmup 1/2: 0.355743 sec, 1 copy (cache prime)
  warmup 2/2: 0.401305 sec, 1 copy (N=1 anchor)
  batch 1/3: 1.549084 sec, 5 copies (server sum 1456.948 ms)
  batch 2/3: 1.543047 sec, 5 copies (server sum 1450.397 ms)
  batch 3/3: 1.535883 sec, 5 copies (server sum 1443.327 ms)
  slope: pkg 7.506 J/exec (intercept 1.152 J), wall 0.285342 s/exec (intercept 0.115964 s)
[8/53] queries/tpch/tpch-queries/q04/base.sql (2 warmup [warm ones = N=1 anchor] + 3 x5)
  warmup 1/2: 0.217970 sec, 1 copy (cache prime)
  warmup 2/2: 0.227812 sec, 1 copy (N=1 anchor)
  batch 1/3: 0.688116 sec, 5 copies (server sum 596.542 ms)
  batch 2/3: 0.675009 sec, 5 copies (server sum 583.250 ms)
  batch 3/3: 0.697896 sec, 5 copies (server sum 597.640 ms)
  slope: pkg 3.072 J/exec (intercept 0.9076 J), wall 0.114799 s/exec (intercept 0.113013 s)
[9/53] queries/tpch/tpch-queries/q04/v1_materialized.sql (2 warmup [warm ones = N=1 anchor] + 3 x5)
  warmup 1/2: 0.226640 sec, 1 copy (cache prime)
  warmup 2/2: 0.225589 sec, 1 copy (N=1 anchor)
  batch 1/3: 0.693585 sec, 5 copies (server sum 593.018 ms)
  batch 2/3: 0.686840 sec, 5 copies (server sum 591.208 ms)
  batch 3/3: 0.712139 sec, 5 copies (server sum 589.344 ms)
  slope: pkg 3.09 J/exec (intercept 0.8982 J), wall 0.117983 s/exec (intercept 0.107606 s)
[10/53] queries/tpch/tpch-queries/q04/v2_in.sql (2 warmup [warm ones = N=1 anchor] + 3 x5)
  warmup 1/2: 0.225498 sec, 1 copy (cache prime)
  warmup 2/2: 0.215932 sec, 1 copy (N=1 anchor)
  batch 1/3: 0.634502 sec, 5 copies (server sum 591.794 ms)
  batch 2/3: 0.689326 sec, 5 copies (server sum 594.105 ms)
  batch 3/3: 0.700890 sec, 5 copies (server sum 605.677 ms)
  slope: pkg 3.021 J/exec (intercept 1.132 J), wall 0.114744 s/exec (intercept 0.101188 s)
[11/53] queries/tpch/tpch-queries/q05/base.sql (2 warmup [warm ones = N=1 anchor] + 3 x5)
  warmup 1/2: 0.383809 sec, 1 copy (cache prime)
  warmup 2/2: 0.374808 sec, 1 copy (N=1 anchor)
  batch 1/3: 1.419785 sec, 5 copies (server sum 1312.493 ms)
  batch 2/3: 1.410670 sec, 5 copies (server sum 1293.571 ms)
  batch 3/3: 1.402068 sec, 5 copies (server sum 1295.928 ms)
  slope: pkg 3.396 J/exec (intercept 1.023 J), wall 0.259008 s/exec (intercept 0.115800 s)
[12/53] queries/tpch/tpch-queries/q05/v1_materialized.sql (2 warmup [warm ones = N=1 anchor] + 3 x5)
  warmup 1/2: 0.358941 sec, 1 copy (cache prime)
  warmup 2/2: 0.370034 sec, 1 copy (N=1 anchor)
  batch 1/3: 1.403166 sec, 5 copies (server sum 1303.759 ms)
  batch 2/3: 1.394353 sec, 5 copies (server sum 1295.754 ms)
  batch 3/3: 1.390789 sec, 5 copies (server sum 1288.531 ms)
  slope: pkg 3.399 J/exec (intercept 1.076 J), wall 0.256517 s/exec (intercept 0.113517 s)
[13/53] queries/tpch/tpch-queries/q06/base.sql (2 warmup [warm ones = N=1 anchor] + 3 x5)
  warmup 1/2: 0.402958 sec, 1 copy (cache prime)
  warmup 2/2: 0.396416 sec, 1 copy (N=1 anchor)
  batch 1/3: 1.523267 sec, 5 copies (server sum 1422.082 ms)
  batch 2/3: 1.517756 sec, 5 copies (server sum 1420.034 ms)
  batch 3/3: 1.517863 sec, 5 copies (server sum 1435.171 ms)
  slope: pkg 7.902 J/exec (intercept 0.9821 J), wall 0.280803 s/exec (intercept 0.115613 s)
[14/53] queries/tpch/tpch-queries/q06/v1_materialized.sql (2 warmup [warm ones = N=1 anchor] + 3 x5)
  warmup 1/2: 0.409678 sec, 1 copy (cache prime)
  warmup 2/2: 0.394100 sec, 1 copy (N=1 anchor)
  batch 1/3: 1.555174 sec, 5 copies (server sum 1451.311 ms)
  batch 2/3: 1.565640 sec, 5 copies (server sum 1465.723 ms)
  batch 3/3: 1.548290 sec, 5 copies (server sum 1456.145 ms)
  slope: pkg 7.628 J/exec (intercept 1.266 J), wall 0.290567 s/exec (intercept 0.103533 s)
[15/53] queries/tpch/tpch-queries/q07/base.sql (2 warmup [warm ones = N=1 anchor] + 3 x5)
  warmup 1/2: 0.425726 sec, 1 copy (cache prime)
  warmup 2/2: 0.416383 sec, 1 copy (N=1 anchor)
  batch 1/3: 1.623807 sec, 5 copies (server sum 1524.188 ms)
  batch 2/3: 1.620222 sec, 5 copies (server sum 1522.788 ms)
  batch 3/3: 1.623835 sec, 5 copies (server sum 1521.222 ms)
  slope: pkg 4.679 J/exec (intercept 1.218 J), wall 0.301560 s/exec (intercept 0.114824 s)
[16/53] queries/tpch/tpch-queries/q07/v1_materialized.sql (2 warmup [warm ones = N=1 anchor] + 3 x5)
  warmup 1/2: 0.440652 sec, 1 copy (cache prime)
  warmup 2/2: 0.410013 sec, 1 copy (N=1 anchor)
  batch 1/3: 1.628336 sec, 5 copies (server sum 1530.842 ms)
  batch 2/3: 1.618633 sec, 5 copies (server sum 1521.577 ms)
  batch 3/3: 1.614290 sec, 5 copies (server sum 1517.173 ms)
  slope: pkg 4.617 J/exec (intercept 1.415 J), wall 0.302602 s/exec (intercept 0.107411 s)
[17/53] queries/tpch/tpch-queries/q07/v2_union_all.sql (2 warmup [warm ones = N=1 anchor] + 3 x5)
  warmup 1/2: 0.414281 sec, 1 copy (cache prime)
  warmup 2/2: 0.433903 sec, 1 copy (N=1 anchor)
  batch 1/3: 1.637719 sec, 5 copies (server sum 1540.341 ms)
  batch 2/3: 1.631206 sec, 5 copies (server sum 1526.548 ms)
  batch 3/3: 1.660202 sec, 5 copies (server sum 1554.255 ms)
  slope: pkg 4.82 J/exec (intercept 0.9727 J), wall 0.302285 s/exec (intercept 0.131618 s)
[18/53] queries/tpch/tpch-queries/q08/base.sql (2 warmup [warm ones = N=1 anchor] + 3 x5)
  warmup 1/2: 0.491868 sec, 1 copy (cache prime)
  warmup 2/2: 0.492538 sec, 1 copy (N=1 anchor)
  batch 1/3: 1.957533 sec, 5 copies (server sum 1859.645 ms)
  batch 2/3: 1.943752 sec, 5 copies (server sum 1841.670 ms)
  batch 3/3: 1.937560 sec, 5 copies (server sum 1836.060 ms)
  slope: pkg 6.04 J/exec (intercept 1.462 J), wall 0.363436 s/exec (intercept 0.129102 s)
[19/53] queries/tpch/tpch-queries/q08/v1_materialized.sql (2 warmup [warm ones = N=1 anchor] + 3 x5)
  warmup 1/2: 0.534729 sec, 1 copy (cache prime)
  warmup 2/2: 0.460998 sec, 1 copy (N=1 anchor)
  batch 1/3: 1.948074 sec, 5 copies (server sum 1845.893 ms)
  batch 2/3: 1.933144 sec, 5 copies (server sum 1835.415 ms)
  batch 3/3: 1.870904 sec, 5 copies (server sum 1821.597 ms)
  slope: pkg 6.221 J/exec (intercept 0.838 J), wall 0.364094 s/exec (intercept 0.096904 s)
[20/53] queries/tpch/tpch-queries/q08/v2_filter.sql (2 warmup [warm ones = N=1 anchor] + 3 x5)
  warmup 1/2: 0.481798 sec, 1 copy (cache prime)
  warmup 2/2: 0.489833 sec, 1 copy (N=1 anchor)
  batch 1/3: 1.936612 sec, 5 copies (server sum 1839.049 ms)
  batch 2/3: 1.918220 sec, 5 copies (server sum 1817.867 ms)
  batch 3/3: 1.916750 sec, 5 copies (server sum 1819.362 ms)
  slope: pkg 6.163 J/exec (intercept 1.372 J), wall 0.358507 s/exec (intercept 0.131326 s)
[21/53] queries/tpch/tpch-queries/q09/base.sql (2 warmup [warm ones = N=1 anchor] + 3 x5)
  warmup 1/2: 1.202337 sec, 1 copy (cache prime)
  warmup 2/2: 1.201852 sec, 1 copy (N=1 anchor)
  batch 1/3: 5.429839 sec, 5 copies (server sum 5331.605 ms)
  batch 2/3: 5.414136 sec, 5 copies (server sum 5318.039 ms)
  batch 3/3: 5.427160 sec, 5 copies (server sum 5332.039 ms)
  slope: pkg 20.85 J/exec (intercept 0.4395 J), wall 1.055465 s/exec (intercept 0.146388 s)
[22/53] queries/tpch/tpch-queries/q09/v1_materialized.sql (2 warmup [warm ones = N=1 anchor] + 3 x5)
  warmup 1/2: 1.171935 sec, 1 copy (cache prime)
  warmup 2/2: 1.189244 sec, 1 copy (N=1 anchor)
  batch 1/3: 5.395686 sec, 5 copies (server sum 5321.948 ms)
  batch 2/3: 5.517244 sec, 5 copies (server sum 5371.459 ms)
  batch 3/3: 5.364593 sec, 5 copies (server sum 5316.559 ms)
  slope: pkg 20.7 J/exec (intercept 1.102 J), wall 1.059149 s/exec (intercept 0.130095 s)
[23/53] queries/tpch/tpch-queries/q10/base.sql (2 warmup [warm ones = N=1 anchor] + 3 x5)
  warmup 1/2: 0.394452 sec, 1 copy (cache prime)
  warmup 2/2: 0.396590 sec, 1 copy (N=1 anchor)
  batch 1/3: 1.530009 sec, 5 copies (server sum 1436.838 ms)
  batch 2/3: 1.527239 sec, 5 copies (server sum 1431.917 ms)
  batch 3/3: 1.538643 sec, 5 copies (server sum 1445.199 ms)
  slope: pkg 7.2 J/exec (intercept 1.232 J), wall 0.283843 s/exec (intercept 0.112746 s)
[24/53] queries/tpch/tpch-queries/q10/v1_materialized.sql (2 warmup [warm ones = N=1 anchor] + 3 x5)
  warmup 1/2: 0.410094 sec, 1 copy (cache prime)
  warmup 2/2: 0.362772 sec, 1 copy (N=1 anchor)
  batch 1/3: 1.606313 sec, 5 copies (server sum 1511.406 ms)
  batch 2/3: 1.633190 sec, 5 copies (server sum 1538.990 ms)
  batch 3/3: 1.606818 sec, 5 copies (server sum 1512.793 ms)
  slope: pkg 7.319 J/exec (intercept 0.7756 J), wall 0.313167 s/exec (intercept 0.049605 s)
[25/53] queries/tpch/tpch-queries/q11/base.sql (2 warmup [warm ones = N=1 anchor] + 3 x5)
  warmup 1/2: 0.139470 sec, 1 copy (cache prime)
  warmup 2/2: 0.205108 sec, 1 copy (N=1 anchor)
  batch 1/3: 0.557613 sec, 5 copies (server sum 452.822 ms)
  batch 2/3: 0.620751 sec, 5 copies (server sum 515.283 ms)
  batch 3/3: 0.575238 sec, 5 copies (server sum 473.063 ms)
  slope: pkg 2.319 J/exec (intercept 0.7606 J), wall 0.094856 s/exec (intercept 0.110252 s)
[26/53] queries/tpch/tpch-queries/q11/v1_materialized.sql (2 warmup [warm ones = N=1 anchor] + 3 x5)
  warmup 1/2: 0.236930 sec, 1 copy (cache prime)
  warmup 2/2: 0.198763 sec, 1 copy (N=1 anchor)
  batch 1/3: 0.580916 sec, 5 copies (server sum 465.770 ms)
  batch 2/3: 0.593695 sec, 5 copies (server sum 489.360 ms)
  batch 3/3: 0.591819 sec, 5 copies (server sum 486.989 ms)
  slope: pkg 2.236 J/exec (intercept 0.9545 J), wall 0.097512 s/exec (intercept 0.101251 s)
[27/53] queries/tpch/tpch-queries/q11/v2_cte_threshold.sql (2 warmup [warm ones = N=1 anchor] + 3 x5)
  warmup 1/2: 0.221533 sec, 1 copy (cache prime)
  warmup 2/2: 0.141750 sec, 1 copy (N=1 anchor)
  batch 1/3: 0.587027 sec, 5 copies (server sum 472.290 ms)
  batch 2/3: 0.597983 sec, 5 copies (server sum 494.444 ms)
  batch 3/3: 0.600133 sec, 5 copies (server sum 494.682 ms)
  slope: pkg 2.202 J/exec (intercept 0.9401 J), wall 0.113324 s/exec (intercept 0.028425 s)
[28/53] queries/tpch/tpch-queries/q12/base.sql (2 warmup [warm ones = N=1 anchor] + 3 x5)
  warmup 1/2: 0.652487 sec, 1 copy (cache prime)
  warmup 2/2: 0.640693 sec, 1 copy (N=1 anchor)
  batch 1/3: 2.781818 sec, 5 copies (server sum 2687.376 ms)
  batch 2/3: 2.805441 sec, 5 copies (server sum 2704.008 ms)
  batch 3/3: 2.801758 sec, 5 copies (server sum 2702.413 ms)
  slope: pkg 12.74 J/exec (intercept 1.587 J), wall 0.538912 s/exec (intercept 0.101782 s)
[29/53] queries/tpch/tpch-queries/q12/v1_materialized.sql (2 warmup [warm ones = N=1 anchor] + 3 x5)
  warmup 1/2: 0.652444 sec, 1 copy (cache prime)
  warmup 2/2: 0.601486 sec, 1 copy (N=1 anchor)
  batch 1/3: 2.815984 sec, 5 copies (server sum 2704.694 ms)
  batch 2/3: 2.826816 sec, 5 copies (server sum 2723.280 ms)
  batch 3/3: 2.812468 sec, 5 copies (server sum 2717.384 ms)
  slope: pkg 12.72 J/exec (intercept 1.117 J), wall 0.554234 s/exec (intercept 0.047252 s)
[30/53] queries/tpch/tpch-queries/q12/v2_filter.sql (2 warmup [warm ones = N=1 anchor] + 3 x5)
  warmup 1/2: 0.657165 sec, 1 copy (cache prime)
  warmup 2/2: 0.673746 sec, 1 copy (N=1 anchor)
  batch 1/3: 2.855358 sec, 5 copies (server sum 2711.858 ms)
  batch 2/3: 2.779606 sec, 5 copies (server sum 2731.744 ms)
  batch 3/3: 2.839756 sec, 5 copies (server sum 2742.082 ms)
  slope: pkg 12.64 J/exec (intercept 1.078 J), wall 0.537790 s/exec (intercept 0.135955 s)
[31/53] queries/tpch/tpch-queries/q13/base.sql (2 warmup [warm ones = N=1 anchor] + 3 x5)
  warmup 1/2: 1.676832 sec, 1 copy (cache prime)
  warmup 2/2: 1.704283 sec, 1 copy (N=1 anchor)
  batch 1/3: 7.839984 sec, 5 copies (server sum 7732.550 ms)
  batch 2/3: 7.852053 sec, 5 copies (server sum 7752.950 ms)
  batch 3/3: 7.763043 sec, 5 copies (server sum 7664.310 ms)
  slope: pkg 8.95 J/exec (intercept 0.8066 J), wall 1.528519 s/exec (intercept 0.175763 s)
[32/53] queries/tpch/tpch-queries/q13/v1_materialized.sql (2 warmup [warm ones = N=1 anchor] + 3 x5)
  warmup 1/2: 1.660190 sec, 1 copy (cache prime)
  warmup 2/2: 1.670759 sec, 1 copy (N=1 anchor)
  batch 1/3: 7.830904 sec, 5 copies (server sum 7733.105 ms)
  batch 2/3: 7.767069 sec, 5 copies (server sum 7667.424 ms)
  batch 3/3: 7.646238 sec, 5 copies (server sum 7599.304 ms)
  slope: pkg 8.978 J/exec (intercept 0.8554 J), wall 1.519328 s/exec (intercept 0.151431 s)
[33/53] queries/tpch/tpch-queries/q13/v2_correlated.sql (2 warmup [warm ones = N=1 anchor] + 3 x5)
  warmup 1/2: 2.214299 sec, 1 copy (cache prime)
  warmup 2/2: 2.206948 sec, 1 copy (N=1 anchor)
  batch 1/3: 10.237106 sec, 5 copies (server sum 10144.097 ms)
  batch 2/3: 10.311096 sec, 5 copies (server sum 10167.352 ms)
  batch 3/3: 10.235284 sec, 5 copies (server sum 10190.419 ms)
  slope: pkg 19.76 J/exec (intercept 0.9062 J), wall 2.013553 s/exec (intercept 0.193395 s)
[34/53] queries/tpch/tpch-queries/q14/base.sql (2 warmup [warm ones = N=1 anchor] + 3 x5)
  warmup 1/2: 0.380756 sec, 1 copy (cache prime)
  warmup 2/2: 0.438012 sec, 1 copy (N=1 anchor)
  batch 1/3: 1.680436 sec, 5 copies (server sum 1585.717 ms)
  batch 2/3: 1.704977 sec, 5 copies (server sum 1600.919 ms)
  batch 3/3: 1.730802 sec, 5 copies (server sum 1633.602 ms)
  slope: pkg 8.212 J/exec (intercept 1.045 J), wall 0.316848 s/exec (intercept 0.121163 s)
[35/53] queries/tpch/tpch-queries/q14/v1_materialized.sql (2 warmup [warm ones = N=1 anchor] + 3 x5)
  warmup 1/2: 0.485837 sec, 1 copy (cache prime)
  warmup 2/2: 0.385808 sec, 1 copy (N=1 anchor)
  batch 1/3: 1.698573 sec, 5 copies (server sum 1602.579 ms)
  batch 2/3: 1.690852 sec, 5 copies (server sum 1597.627 ms)
  batch 3/3: 1.726443 sec, 5 copies (server sum 1624.210 ms)
  slope: pkg 8.435 J/exec (intercept 0.7085 J), wall 0.329870 s/exec (intercept 0.055937 s)
[36/53] queries/tpch/tpch-queries/q14/v2_filter.sql (2 warmup [warm ones = N=1 anchor] + 3 x5)
  warmup 1/2: 0.445370 sec, 1 copy (cache prime)
  warmup 2/2: 0.487847 sec, 1 copy (N=1 anchor)
  batch 1/3: 1.702663 sec, 5 copies (server sum 1606.310 ms)
  batch 2/3: 1.698569 sec, 5 copies (server sum 1597.829 ms)
  batch 3/3: 1.707493 sec, 5 copies (server sum 1610.751 ms)
  slope: pkg 8.673 J/exec (intercept 0.1081 J), wall 0.303765 s/exec (intercept 0.184082 s)
[37/53] queries/tpch/tpch-queries/q15/base.sql (2 warmup [warm ones = N=1 anchor] + 3 x5)
  warmup 1/2: 0.463273 sec, 1 copy (cache prime)
  warmup 2/2: 0.465585 sec, 1 copy (N=1 anchor)
  batch 1/3: 1.749851 sec, 5 copies (server sum 1644.012 ms)
  batch 2/3: 1.767450 sec, 5 copies (server sum 1624.785 ms)
  batch 3/3: 1.699688 sec, 5 copies (server sum 1650.637 ms)
  slope: pkg 8.492 J/exec (intercept 1.237 J), wall 0.318353 s/exec (intercept 0.147232 s)
[38/53] queries/tpch/tpch-queries/q15/v1_materialized.sql (2 warmup [warm ones = N=1 anchor] + 3 x5)
  warmup 1/2: 0.435155 sec, 1 copy (cache prime)
  warmup 2/2: 0.440009 sec, 1 copy (N=1 anchor)
  batch 1/3: 1.749810 sec, 5 copies (server sum 1649.852 ms)
  batch 2/3: 1.767741 sec, 5 copies (server sum 1670.938 ms)
  batch 3/3: 1.755441 sec, 5 copies (server sum 1663.340 ms)
  slope: pkg 8.263 J/exec (intercept 1.354 J), wall 0.329414 s/exec (intercept 0.110596 s)
[39/53] queries/tpch/tpch-queries/q16/base.sql (2 warmup [warm ones = N=1 anchor] + 3 x5)
  warmup 1/2: 0.369468 sec, 1 copy (cache prime)
  warmup 2/2: 0.370814 sec, 1 copy (N=1 anchor)
  batch 1/3: 1.441225 sec, 5 copies (server sum 1335.270 ms)
  batch 2/3: 1.367120 sec, 5 copies (server sum 1323.092 ms)
  batch 3/3: 1.453672 sec, 5 copies (server sum 1347.874 ms)
  slope: pkg 5.786 J/exec (intercept 0.795 J), wall 0.262464 s/exec (intercept 0.108350 s)
[40/53] queries/tpch/tpch-queries/q16/v1_materialized.sql (2 warmup [warm ones = N=1 anchor] + 3 x5)
  warmup 1/2: 0.366512 sec, 1 copy (cache prime)
  warmup 2/2: 0.366626 sec, 1 copy (N=1 anchor)
  batch 1/3: 1.479136 sec, 5 copies (server sum 1370.585 ms)
  batch 2/3: 1.458407 sec, 5 copies (server sum 1351.988 ms)
  batch 3/3: 1.458002 sec, 5 copies (server sum 1362.066 ms)
  slope: pkg 5.84 J/exec (intercept 0.7475 J), wall 0.274639 s/exec (intercept 0.091987 s)
[41/53] queries/tpch/tpch-queries/q16/v2_not_exists.sql (2 warmup [warm ones = N=1 anchor] + 3 x5)
  warmup 1/2: 0.356420 sec, 1 copy (cache prime)
  warmup 2/2: 0.398106 sec, 1 copy (N=1 anchor)
  batch 1/3: 1.295869 sec, 5 copies (server sum 1242.869 ms)
  batch 2/3: 1.363717 sec, 5 copies (server sum 1258.607 ms)
  batch 3/3: 1.355940 sec, 5 copies (server sum 1247.323 ms)
  slope: pkg 5.282 J/exec (intercept 0.8736 J), wall 0.235101 s/exec (intercept 0.163006 s)
[42/53] queries/tpch/tpch-queries/q17/v2_decorrelate.sql (2 warmup [warm ones = N=1 anchor] + 3 x5)
  warmup 1/2: 4.481255 sec, 1 copy (cache prime)
  warmup 2/2: 4.393965 sec, 1 copy (N=1 anchor)
  batch 1/3: 22.002359 sec, 5 copies (server sum 21909.861 ms)
  batch 2/3: 21.731319 sec, 5 copies (server sum 21632.561 ms)
  batch 3/3: 21.824636 sec, 5 copies (server sum 21725.113 ms)
  slope: pkg 47.83 J/exec (intercept 2.525 J), wall 4.364702 s/exec (intercept 0.029264 s)
[43/53] queries/tpch/tpch-queries/q18/base.sql (2 warmup [warm ones = N=1 anchor] + 3 x5)
  warmup 1/2: 4.523659 sec, 1 copy (cache prime)
  warmup 2/2: 4.594816 sec, 1 copy (N=1 anchor)
  batch 1/3: 22.380403 sec, 5 copies (server sum 22284.674 ms)
  batch 2/3: 23.217070 sec, 5 copies (server sum 23119.335 ms)
  batch 3/3: 23.082970 sec, 5 copies (server sum 22982.447 ms)
  slope: pkg 97.05 J/exec (intercept 12.22 J), wall 4.574666 s/exec (intercept 0.020150 s)
[44/53] queries/tpch/tpch-queries/q18/v1_materialized.sql (2 warmup [warm ones = N=1 anchor] + 3 x5)
  warmup 1/2: 4.818826 sec, 1 copy (cache prime)
  warmup 2/2: 4.844044 sec, 1 copy (N=1 anchor)
  batch 1/3: 22.871483 sec, 5 copies (server sum 22776.817 ms)
  batch 2/3: 23.249262 sec, 5 copies (server sum 23155.251 ms)
  batch 3/3: 23.216329 sec, 5 copies (server sum 23118.936 ms)
  slope: pkg 97.72 J/exec (intercept 2.371 J), wall 4.567079 s/exec (intercept 0.276965 s)
[45/53] queries/tpch/tpch-queries/q18/v2_join.sql (2 warmup [warm ones = N=1 anchor] + 3 x5)
  warmup 1/2: 4.807329 sec, 1 copy (cache prime)
  warmup 2/2: 4.820497 sec, 1 copy (N=1 anchor)
  batch 1/3: 23.077856 sec, 5 copies (server sum 22979.135 ms)
  batch 2/3: 23.151806 sec, 5 copies (server sum 23057.402 ms)
  batch 3/3: 23.078401 sec, 5 copies (server sum 22980.842 ms)
  slope: pkg 97.28 J/exec (intercept 3.757 J), wall 4.570548 s/exec (intercept 0.249949 s)
[46/53] queries/tpch/tpch-queries/q19/base.sql (2 warmup [warm ones = N=1 anchor] + 3 x5)
  warmup 1/2: 0.587890 sec, 1 copy (cache prime)
  warmup 2/2: 0.546223 sec, 1 copy (N=1 anchor)
  batch 1/3: 2.581483 sec, 5 copies (server sum 2469.161 ms)
  batch 2/3: 2.552586 sec, 5 copies (server sum 2456.861 ms)
  batch 3/3: 2.561283 sec, 5 copies (server sum 2457.775 ms)
  slope: pkg 11.44 J/exec (intercept 1.31 J), wall 0.504724 s/exec (intercept 0.041500 s)
[47/53] queries/tpch/tpch-queries/q19/v1_materialized.sql (2 warmup [warm ones = N=1 anchor] + 3 x5)
  warmup 1/2: 0.604058 sec, 1 copy (cache prime)
  warmup 2/2: 0.629119 sec, 1 copy (N=1 anchor)
  batch 1/3: 2.589676 sec, 5 copies (server sum 2478.194 ms)
  batch 2/3: 2.587102 sec, 5 copies (server sum 2471.253 ms)
  batch 3/3: 2.579982 sec, 5 copies (server sum 2484.191 ms)
  slope: pkg 11.32 J/exec (intercept 1.168 J), wall 0.489117 s/exec (intercept 0.140002 s)
[48/53] queries/tpch/tpch-queries/q19/v2_union_all.sql (2 warmup [warm ones = N=1 anchor] + 3 x5)
  warmup 1/2: 1.781869 sec, 1 copy (cache prime)
  warmup 2/2: 1.794322 sec, 1 copy (N=1 anchor)
  batch 1/3: 8.212583 sec, 5 copies (server sum 8162.530 ms)
  batch 2/3: 8.371598 sec, 5 copies (server sum 8270.019 ms)
  batch 3/3: 8.363531 sec, 5 copies (server sum 8249.036 ms)
  slope: pkg 36.08 J/exec (intercept 3.964 J), wall 1.630395 s/exec (intercept 0.163927 s)
[49/53] queries/tpch/tpch-queries/q21/base.sql (2 warmup [warm ones = N=1 anchor] + 3 x5)
  warmup 1/2: 0.753496 sec, 1 copy (cache prime)
  warmup 2/2: 0.754826 sec, 1 copy (N=1 anchor)
  batch 1/3: 3.238606 sec, 5 copies (server sum 3139.085 ms)
  batch 2/3: 3.227532 sec, 5 copies (server sum 3126.307 ms)
  batch 3/3: 3.226606 sec, 5 copies (server sum 3127.977 ms)
  slope: pkg 13.35 J/exec (intercept 1.401 J), wall 0.619022 s/exec (intercept 0.135804 s)
[50/53] queries/tpch/tpch-queries/q21/v1_materialized.sql (2 warmup [warm ones = N=1 anchor] + 3 x5)
  warmup 1/2: 0.753286 sec, 1 copy (cache prime)
  warmup 2/2: 0.753150 sec, 1 copy (N=1 anchor)
  batch 1/3: 3.242714 sec, 5 copies (server sum 3145.007 ms)
  batch 2/3: 3.242312 sec, 5 copies (server sum 3143.414 ms)
  batch 3/3: 3.229882 sec, 5 copies (server sum 3130.724 ms)
  slope: pkg 13.48 J/exec (intercept 1.418 J), wall 0.621288 s/exec (intercept 0.131861 s)
[51/53] queries/tpch/tpch-queries/q22/base.sql (2 warmup [warm ones = N=1 anchor] + 3 x5)
  warmup 1/2: 0.155348 sec, 1 copy (cache prime)
  warmup 2/2: 0.097546 sec, 1 copy (N=1 anchor)
  batch 1/3: 0.323721 sec, 5 copies (server sum 278.957 ms)
  batch 2/3: 0.477946 sec, 5 copies (server sum 365.700 ms)
  batch 3/3: 0.385287 sec, 5 copies (server sum 284.338 ms)
  slope: pkg 1.407 J/exec (intercept 0.6978 J), wall 0.074526 s/exec (intercept 0.023020 s)
[52/53] queries/tpch/tpch-queries/q22/v1_materialized.sql (2 warmup [warm ones = N=1 anchor] + 3 x5)
  warmup 1/2: 0.182631 sec, 1 copy (cache prime)
  warmup 2/2: 0.190052 sec, 1 copy (N=1 anchor)
  batch 1/3: 0.414969 sec, 5 copies (server sum 304.571 ms)
  batch 2/3: 0.398331 sec, 5 copies (server sum 292.445 ms)
  batch 3/3: 0.404484 sec, 5 copies (server sum 300.525 ms)
  slope: pkg 1.457 J/exec (intercept 0.6174 J), wall 0.053969 s/exec (intercept 0.136083 s)
[53/53] queries/tpch/tpch-queries/q22/v2_anti_join.sql (2 warmup [warm ones = N=1 anchor] + 3 x5)
  warmup 1/2: 0.268312 sec, 1 copy (cache prime)
  warmup 2/2: 0.229253 sec, 1 copy (N=1 anchor)
  batch 1/3: 0.699132 sec, 5 copies (server sum 597.541 ms)
  batch 2/3: 0.737359 sec, 5 copies (server sum 630.546 ms)
  batch 3/3: 0.758893 sec, 5 copies (server sum 644.717 ms)
  slope: pkg 3.035 J/exec (intercept 0.6457 J), wall 0.125635 s/exec (intercept 0.103618 s)

Done. Batch rows appended to logs/max_parallel_workers/mpw_2/query_timing_tpch.csv
Per-copy samples appended to logs/max_parallel_workers/mpw_2/query_samples_tpch.csv
Relation sizes appended to logs/max_parallel_workers/mpw_2/query_catalog_tpch.csv
Per-query slope/intercept appended to logs/max_parallel_workers/mpw_2/query_slope_tpch.csv
make: Leaving directory '/home/user01/GreenSQL'
