make: Entering directory '/home/user01/GreenSQL'
query_runner configuration:
  QUERY_DIR      = queries/tpch/tpch-queries
  LOG_FILE       = logs/max_parallel_workers/mpw_4/query_timing_tpch.csv
  SAMPLE_FILE    = logs/max_parallel_workers/mpw_4/query_samples_tpch.csv
  CATALOG_FILE   = logs/max_parallel_workers/mpw_4/query_catalog_tpch.csv
  SLOPE_FILE     = logs/max_parallel_workers/mpw_4/query_slope_tpch.csv
  DB_NAME        = tpch
  DB_USER        = postgres
  PGPORT         = 5434
  PG_VERSION     = 18.4  (as reported by the server on that port)
  BATCHNUM       = 5 (slope sizes: 1 copy and 5 copies)
  RUNS           = 3 (measured batches per size)
  WARMUP         = 2 (single-copy; #1 primes cache, warm ones = N=1 anchor)
  WORKERS        = (planner default)
  STATEMENT_TIMEOUT = 900
  SIGLESS_ADDR   = (disabled)
Found 53 queries under queries/tpch/tpch-queries

Catalog snapshot: 11 relations -> logs/max_parallel_workers/mpw_4/query_catalog_tpch.csv
[1/53] queries/tpch/tpch-queries/q01/base.sql (2 warmup [warm ones = N=1 anchor] + 3 x5)
  warmup 1/2: 1.534442 sec, 1 copy (cache prime)
  warmup 2/2: 1.526869 sec, 1 copy (N=1 anchor)
  batch 1/3: 7.811201 sec, 5 copies (server sum 7701.698 ms)
  batch 2/3: 8.167038 sec, 5 copies (server sum 8121.570 ms)
  batch 3/3: 8.582683 sec, 5 copies (server sum 8420.493 ms)
  slope: pkg 38.21 J/exec (intercept 8.438 J), wall 1.665026 s/exec (intercept -0.138157 s)
[2/53] queries/tpch/tpch-queries/q01/v1_materialized.sql (2 warmup [warm ones = N=1 anchor] + 3 x5)
  warmup 1/2: 1.758716 sec, 1 copy (cache prime)
  warmup 2/2: 1.817645 sec, 1 copy (N=1 anchor)
  batch 1/3: 8.545658 sec, 5 copies (server sum 8410.997 ms)
  batch 2/3: 8.504306 sec, 5 copies (server sum 8399.007 ms)
  batch 3/3: 8.574459 sec, 5 copies (server sum 8413.438 ms)
  slope: pkg 36.76 J/exec (intercept 3.275 J), wall 1.680957 s/exec (intercept 0.136688 s)
[3/53] queries/tpch/tpch-queries/q02/base.sql (2 warmup [warm ones = N=1 anchor] + 3 x5)
  warmup 1/2: 53.587225 sec, 1 copy (cache prime)
  warmup 2/2: 53.697982 sec, 1 copy (N=1 anchor)
  batch 1/3: 265.387047 sec, 5 copies (server sum 265286.700 ms)
  batch 2/3: 266.747620 sec, 5 copies (server sum 266648.012 ms)
  batch 3/3: 266.839210 sec, 5 copies (server sum 266740.057 ms)
  slope: pkg 450.9 J/exec (intercept 4.627 J), wall 53.156661 s/exec (intercept 0.541320 s)
[4/53] queries/tpch/tpch-queries/q02/v1_materialized.sql (2 warmup [warm ones = N=1 anchor] + 3 x5)
  warmup 1/2: 53.508591 sec, 1 copy (cache prime)
  warmup 2/2: 53.712349 sec, 1 copy (N=1 anchor)
  batch 1/3: 265.337864 sec, 5 copies (server sum 265241.119 ms)
  batch 2/3: 264.883402 sec, 5 copies (server sum 264785.599 ms)
  batch 3/3: 268.495656 sec, 5 copies (server sum 268396.436 ms)
  slope: pkg 461.3 J/exec (intercept -13.99 J), wall 53.131656 s/exec (intercept 0.580693 s)
[5/53] queries/tpch/tpch-queries/q02/v2_decorrelate.sql (2 warmup [warm ones = N=1 anchor] + 3 x5)
  warmup 1/2: 0.271494 sec, 1 copy (cache prime)
  warmup 2/2: 0.327216 sec, 1 copy (N=1 anchor)
  batch 1/3: 1.238330 sec, 5 copies (server sum 1129.949 ms)
  batch 2/3: 1.181456 sec, 5 copies (server sum 1070.261 ms)
  batch 3/3: 1.227081 sec, 5 copies (server sum 1110.694 ms)
  slope: pkg 3.193 J/exec (intercept 0.821 J), wall 0.222102 s/exec (intercept 0.105115 s)
[6/53] queries/tpch/tpch-queries/q03/base.sql (2 warmup [warm ones = N=1 anchor] + 3 x5)
  warmup 1/2: 0.367598 sec, 1 copy (cache prime)
  warmup 2/2: 0.433727 sec, 1 copy (N=1 anchor)
  batch 1/3: 1.346671 sec, 5 copies (server sum 1293.654 ms)
  batch 2/3: 1.389772 sec, 5 copies (server sum 1290.495 ms)
  batch 3/3: 1.407079 sec, 5 copies (server sum 1310.563 ms)
  slope: pkg 7.375 J/exec (intercept 1.406 J), wall 0.236862 s/exec (intercept 0.196866 s)
[7/53] queries/tpch/tpch-queries/q03/v1_materialized.sql (2 warmup [warm ones = N=1 anchor] + 3 x5)
  warmup 1/2: 0.414895 sec, 1 copy (cache prime)
  warmup 2/2: 0.454442 sec, 1 copy (N=1 anchor)
  batch 1/3: 1.361656 sec, 5 copies (server sum 1305.748 ms)
  batch 2/3: 1.403341 sec, 5 copies (server sum 1302.090 ms)
  batch 3/3: 1.395447 sec, 5 copies (server sum 1299.147 ms)
  slope: pkg 7.468 J/exec (intercept 1.363 J), wall 0.233093 s/exec (intercept 0.221349 s)
[8/53] queries/tpch/tpch-queries/q04/base.sql (2 warmup [warm ones = N=1 anchor] + 3 x5)
  warmup 1/2: 0.198977 sec, 1 copy (cache prime)
  warmup 2/2: 0.266841 sec, 1 copy (N=1 anchor)
  batch 1/3: 0.640959 sec, 5 copies (server sum 525.450 ms)
  batch 2/3: 0.573475 sec, 5 copies (server sum 476.029 ms)
  batch 3/3: 0.506500 sec, 5 copies (server sum 461.897 ms)
  slope: pkg 3.321 J/exec (intercept -0.4693 J), wall 0.076701 s/exec (intercept 0.190140 s)
[9/53] queries/tpch/tpch-queries/q04/v1_materialized.sql (2 warmup [warm ones = N=1 anchor] + 3 x5)
  warmup 1/2: 0.203097 sec, 1 copy (cache prime)
  warmup 2/2: 0.228691 sec, 1 copy (N=1 anchor)
  batch 1/3: 0.588764 sec, 5 copies (server sum 486.228 ms)
  batch 2/3: 0.568692 sec, 5 copies (server sum 472.362 ms)
  batch 3/3: 0.509129 sec, 5 copies (server sum 465.122 ms)
  slope: pkg 3.323 J/exec (intercept -0.3182 J), wall 0.081709 s/exec (intercept 0.146982 s)
[10/53] queries/tpch/tpch-queries/q04/v2_in.sql (2 warmup [warm ones = N=1 anchor] + 3 x5)
  warmup 1/2: 0.228824 sec, 1 copy (cache prime)
  warmup 2/2: 0.236328 sec, 1 copy (N=1 anchor)
  batch 1/3: 0.608693 sec, 5 copies (server sum 496.227 ms)
  batch 2/3: 0.582775 sec, 5 copies (server sum 482.715 ms)
  batch 3/3: 0.514713 sec, 5 copies (server sum 471.502 ms)
  slope: pkg 3.272 J/exec (intercept -0.2819 J), wall 0.083100 s/exec (intercept 0.153229 s)
[11/53] queries/tpch/tpch-queries/q05/base.sql (2 warmup [warm ones = N=1 anchor] + 3 x5)
  warmup 1/2: 0.372412 sec, 1 copy (cache prime)
  warmup 2/2: 0.315178 sec, 1 copy (N=1 anchor)
  batch 1/3: 1.421074 sec, 5 copies (server sum 1308.131 ms)
  batch 2/3: 1.417633 sec, 5 copies (server sum 1311.316 ms)
  batch 3/3: 1.393911 sec, 5 copies (server sum 1295.421 ms)
  slope: pkg 3.358 J/exec (intercept 1.176 J), wall 0.273924 s/exec (intercept 0.041255 s)
[12/53] queries/tpch/tpch-queries/q05/v1_materialized.sql (2 warmup [warm ones = N=1 anchor] + 3 x5)
  warmup 1/2: 0.366097 sec, 1 copy (cache prime)
  warmup 2/2: 0.364250 sec, 1 copy (N=1 anchor)
  batch 1/3: 1.401982 sec, 5 copies (server sum 1296.182 ms)
  batch 2/3: 1.398100 sec, 5 copies (server sum 1293.882 ms)
  batch 3/3: 1.370589 sec, 5 copies (server sum 1273.003 ms)
  slope: pkg 3.416 J/exec (intercept 1.183 J), wall 0.256493 s/exec (intercept 0.107757 s)
[13/53] queries/tpch/tpch-queries/q06/base.sql (2 warmup [warm ones = N=1 anchor] + 3 x5)
  warmup 1/2: 0.325424 sec, 1 copy (cache prime)
  warmup 2/2: 0.395271 sec, 1 copy (N=1 anchor)
  batch 1/3: 1.318486 sec, 5 copies (server sum 1219.056 ms)
  batch 2/3: 1.249480 sec, 5 copies (server sum 1207.744 ms)
  batch 3/3: 1.337319 sec, 5 copies (server sum 1237.594 ms)
  slope: pkg 7.498 J/exec (intercept 0.2537 J), wall 0.226623 s/exec (intercept 0.168649 s)
[14/53] queries/tpch/tpch-queries/q06/v1_materialized.sql (2 warmup [warm ones = N=1 anchor] + 3 x5)
  warmup 1/2: 0.378901 sec, 1 copy (cache prime)
  warmup 2/2: 0.405188 sec, 1 copy (N=1 anchor)
  batch 1/3: 1.280547 sec, 5 copies (server sum 1239.032 ms)
  batch 2/3: 1.352057 sec, 5 copies (server sum 1249.744 ms)
  batch 3/3: 1.366282 sec, 5 copies (server sum 1273.282 ms)
  slope: pkg 7.227 J/exec (intercept 0.3153 J), wall 0.231943 s/exec (intercept 0.173245 s)
[15/53] queries/tpch/tpch-queries/q07/base.sql (2 warmup [warm ones = N=1 anchor] + 3 x5)
  warmup 1/2: 0.432412 sec, 1 copy (cache prime)
  warmup 2/2: 0.410736 sec, 1 copy (N=1 anchor)
  batch 1/3: 1.638253 sec, 5 copies (server sum 1532.154 ms)
  batch 2/3: 1.622440 sec, 5 copies (server sum 1522.863 ms)
  batch 3/3: 1.622557 sec, 5 copies (server sum 1517.143 ms)
  slope: pkg 4.638 J/exec (intercept 1.443 J), wall 0.304254 s/exec (intercept 0.106482 s)
[16/53] queries/tpch/tpch-queries/q07/v1_materialized.sql (2 warmup [warm ones = N=1 anchor] + 3 x5)
  warmup 1/2: 0.355853 sec, 1 copy (cache prime)
  warmup 2/2: 0.418482 sec, 1 copy (N=1 anchor)
  batch 1/3: 1.557097 sec, 5 copies (server sum 1509.247 ms)
  batch 2/3: 1.602598 sec, 5 copies (server sum 1505.647 ms)
  batch 3/3: 1.608341 sec, 5 copies (server sum 1509.232 ms)
  slope: pkg 4.755 J/exec (intercept 1.255 J), wall 0.292716 s/exec (intercept 0.125767 s)
[17/53] queries/tpch/tpch-queries/q07/v2_union_all.sql (2 warmup [warm ones = N=1 anchor] + 3 x5)
  warmup 1/2: 0.413264 sec, 1 copy (cache prime)
  warmup 2/2: 0.378271 sec, 1 copy (N=1 anchor)
  batch 1/3: 1.651433 sec, 5 copies (server sum 1549.917 ms)
  batch 2/3: 1.647711 sec, 5 copies (server sum 1537.329 ms)
  batch 3/3: 1.640486 sec, 5 copies (server sum 1541.540 ms)
  slope: pkg 4.865 J/exec (intercept 0.9141 J), wall 0.317068 s/exec (intercept 0.061203 s)
[18/53] queries/tpch/tpch-queries/q08/base.sql (2 warmup [warm ones = N=1 anchor] + 3 x5)
  warmup 1/2: 0.493240 sec, 1 copy (cache prime)
  warmup 2/2: 0.498386 sec, 1 copy (N=1 anchor)
  batch 1/3: 1.957296 sec, 5 copies (server sum 1858.815 ms)
  batch 2/3: 1.946486 sec, 5 copies (server sum 1844.558 ms)
  batch 3/3: 1.938553 sec, 5 copies (server sum 1837.984 ms)
  slope: pkg 6.109 J/exec (intercept 1.375 J), wall 0.362265 s/exec (intercept 0.136122 s)
[19/53] queries/tpch/tpch-queries/q08/v1_materialized.sql (2 warmup [warm ones = N=1 anchor] + 3 x5)
  warmup 1/2: 0.487904 sec, 1 copy (cache prime)
  warmup 2/2: 0.502351 sec, 1 copy (N=1 anchor)
  batch 1/3: 1.952279 sec, 5 copies (server sum 1854.059 ms)
  batch 2/3: 1.942252 sec, 5 copies (server sum 1840.993 ms)
  batch 3/3: 1.940502 sec, 5 copies (server sum 1837.887 ms)
  slope: pkg 6.148 J/exec (intercept 1.274 J), wall 0.360665 s/exec (intercept 0.141686 s)
[20/53] queries/tpch/tpch-queries/q08/v2_filter.sql (2 warmup [warm ones = N=1 anchor] + 3 x5)
  warmup 1/2: 0.482909 sec, 1 copy (cache prime)
  warmup 2/2: 0.492569 sec, 1 copy (N=1 anchor)
  batch 1/3: 1.937799 sec, 5 copies (server sum 1841.062 ms)
  batch 2/3: 1.926322 sec, 5 copies (server sum 1829.174 ms)
  batch 3/3: 1.928553 sec, 5 copies (server sum 1827.344 ms)
  slope: pkg 6.178 J/exec (intercept 1.513 J), wall 0.359581 s/exec (intercept 0.132988 s)
[21/53] queries/tpch/tpch-queries/q09/base.sql (2 warmup [warm ones = N=1 anchor] + 3 x5)
  warmup 1/2: 0.999513 sec, 1 copy (cache prime)
  warmup 2/2: 1.001351 sec, 1 copy (N=1 anchor)
  batch 1/3: 4.615935 sec, 5 copies (server sum 4463.944 ms)
  batch 2/3: 4.552308 sec, 5 copies (server sum 4501.151 ms)
  batch 3/3: 4.631501 sec, 5 copies (server sum 4531.888 ms)
  slope: pkg 20.4 J/exec (intercept 1.055 J), wall 0.899641 s/exec (intercept 0.101710 s)
[22/53] queries/tpch/tpch-queries/q09/v1_materialized.sql (2 warmup [warm ones = N=1 anchor] + 3 x5)
  warmup 1/2: 1.040178 sec, 1 copy (cache prime)
  warmup 2/2: 0.962785 sec, 1 copy (N=1 anchor)
  batch 1/3: 4.654033 sec, 5 copies (server sum 4553.170 ms)
  batch 2/3: 4.756726 sec, 5 copies (server sum 4656.844 ms)
  batch 3/3: 4.615329 sec, 5 copies (server sum 4564.393 ms)
  slope: pkg 19.87 J/exec (intercept 1.057 J), wall 0.928144 s/exec (intercept 0.034641 s)
[23/53] queries/tpch/tpch-queries/q10/base.sql (2 warmup [warm ones = N=1 anchor] + 3 x5)
  warmup 1/2: 0.356181 sec, 1 copy (cache prime)
  warmup 2/2: 0.386129 sec, 1 copy (N=1 anchor)
  batch 1/3: 1.380835 sec, 5 copies (server sum 1274.165 ms)
  batch 2/3: 1.423064 sec, 5 copies (server sum 1325.149 ms)
  batch 3/3: 1.418009 sec, 5 copies (server sum 1319.862 ms)
  slope: pkg 6.882 J/exec (intercept 1.031 J), wall 0.255293 s/exec (intercept 0.130835 s)
[24/53] queries/tpch/tpch-queries/q10/v1_materialized.sql (2 warmup [warm ones = N=1 anchor] + 3 x5)
  warmup 1/2: 0.388725 sec, 1 copy (cache prime)
  warmup 2/2: 0.401093 sec, 1 copy (N=1 anchor)
  batch 1/3: 1.492297 sec, 5 copies (server sum 1387.555 ms)
  batch 2/3: 1.455369 sec, 5 copies (server sum 1358.496 ms)
  batch 3/3: 1.506120 sec, 5 copies (server sum 1409.137 ms)
  slope: pkg 6.874 J/exec (intercept 1.414 J), wall 0.270876 s/exec (intercept 0.130217 s)
[25/53] queries/tpch/tpch-queries/q11/base.sql (2 warmup [warm ones = N=1 anchor] + 3 x5)
  warmup 1/2: 0.255683 sec, 1 copy (cache prime)
  warmup 2/2: 0.184478 sec, 1 copy (N=1 anchor)
  batch 1/3: 0.481275 sec, 5 copies (server sum 438.077 ms)
  batch 2/3: 0.450224 sec, 5 copies (server sum 406.431 ms)
  batch 3/3: 0.548476 sec, 5 copies (server sum 447.445 ms)
  slope: pkg 2.276 J/exec (intercept 0.6421 J), wall 0.077212 s/exec (intercept 0.107266 s)
[26/53] queries/tpch/tpch-queries/q11/v1_materialized.sql (2 warmup [warm ones = N=1 anchor] + 3 x5)
  warmup 1/2: 0.230892 sec, 1 copy (cache prime)
  warmup 2/2: 0.231934 sec, 1 copy (N=1 anchor)
  batch 1/3: 0.506733 sec, 5 copies (server sum 401.587 ms)
  batch 2/3: 0.564848 sec, 5 copies (server sum 462.602 ms)
  batch 3/3: 0.554610 sec, 5 copies (server sum 452.436 ms)
  slope: pkg 2.168 J/exec (intercept 0.9801 J), wall 0.077532 s/exec (intercept 0.154402 s)
[27/53] queries/tpch/tpch-queries/q11/v2_cte_threshold.sql (2 warmup [warm ones = N=1 anchor] + 3 x5)
  warmup 1/2: 0.226040 sec, 1 copy (cache prime)
  warmup 2/2: 0.245601 sec, 1 copy (N=1 anchor)
  batch 1/3: 0.534773 sec, 5 copies (server sum 393.277 ms)
  batch 2/3: 0.561100 sec, 5 copies (server sum 459.439 ms)
  batch 3/3: 0.557681 sec, 5 copies (server sum 451.334 ms)
  slope: pkg 2.496 J/exec (intercept -0.5793 J), wall 0.076396 s/exec (intercept 0.169206 s)
[28/53] queries/tpch/tpch-queries/q12/base.sql (2 warmup [warm ones = N=1 anchor] + 3 x5)
  warmup 1/2: 0.484647 sec, 1 copy (cache prime)
  warmup 2/2: 0.496766 sec, 1 copy (N=1 anchor)
  batch 1/3: 2.377942 sec, 5 copies (server sum 2258.207 ms)
  batch 2/3: 2.348364 sec, 5 copies (server sum 2248.959 ms)
  batch 3/3: 2.449469 sec, 5 copies (server sum 2345.322 ms)
  slope: pkg 11.42 J/exec (intercept 1.693 J), wall 0.473790 s/exec (intercept 0.022977 s)
[29/53] queries/tpch/tpch-queries/q12/v1_materialized.sql (2 warmup [warm ones = N=1 anchor] + 3 x5)
  warmup 1/2: 0.580707 sec, 1 copy (cache prime)
  warmup 2/2: 0.634342 sec, 1 copy (N=1 anchor)
  batch 1/3: 2.477180 sec, 5 copies (server sum 2362.276 ms)
  batch 2/3: 2.491596 sec, 5 copies (server sum 2389.855 ms)
  batch 3/3: 2.490748 sec, 5 copies (server sum 2391.310 ms)
  slope: pkg 10.6 J/exec (intercept 1.972 J), wall 0.463041 s/exec (intercept 0.171301 s)
[30/53] queries/tpch/tpch-queries/q12/v2_filter.sql (2 warmup [warm ones = N=1 anchor] + 3 x5)
  warmup 1/2: 0.533813 sec, 1 copy (cache prime)
  warmup 2/2: 0.535752 sec, 1 copy (N=1 anchor)
  batch 1/3: 2.512747 sec, 5 copies (server sum 2387.997 ms)
  batch 2/3: 2.475630 sec, 5 copies (server sum 2373.966 ms)
  batch 3/3: 2.478243 sec, 5 copies (server sum 2371.476 ms)
  slope: pkg 10.72 J/exec (intercept 0.9493 J), wall 0.488280 s/exec (intercept 0.047472 s)
[31/53] queries/tpch/tpch-queries/q13/base.sql (2 warmup [warm ones = N=1 anchor] + 3 x5)
  warmup 1/2: 1.736035 sec, 1 copy (cache prime)
  warmup 2/2: 1.641479 sec, 1 copy (N=1 anchor)
  batch 1/3: 7.815107 sec, 5 copies (server sum 7707.407 ms)
  batch 2/3: 7.787405 sec, 5 copies (server sum 7640.183 ms)
  batch 3/3: 7.800273 sec, 5 copies (server sum 7748.308 ms)
  slope: pkg 9.076 J/exec (intercept 0.8237 J), wall 1.539862 s/exec (intercept 0.101617 s)
[32/53] queries/tpch/tpch-queries/q13/v1_materialized.sql (2 warmup [warm ones = N=1 anchor] + 3 x5)
  warmup 1/2: 1.661436 sec, 1 copy (cache prime)
  warmup 2/2: 1.662430 sec, 1 copy (N=1 anchor)
  batch 1/3: 7.847234 sec, 5 copies (server sum 7700.860 ms)
  batch 2/3: 7.709849 sec, 5 copies (server sum 7656.425 ms)
  batch 3/3: 7.669421 sec, 5 copies (server sum 7621.660 ms)
  slope: pkg 8.925 J/exec (intercept 0.692 J), wall 1.519935 s/exec (intercept 0.142495 s)
[33/53] queries/tpch/tpch-queries/q13/v2_correlated.sql (2 warmup [warm ones = N=1 anchor] + 3 x5)
  warmup 1/2: 2.297629 sec, 1 copy (cache prime)
  warmup 2/2: 2.206118 sec, 1 copy (N=1 anchor)
  batch 1/3: 10.369283 sec, 5 copies (server sum 10276.511 ms)
  batch 2/3: 10.179981 sec, 5 copies (server sum 10074.341 ms)
  batch 3/3: 10.310423 sec, 5 copies (server sum 10214.506 ms)
  slope: pkg 19.81 J/exec (intercept 0.3547 J), wall 2.020111 s/exec (intercept 0.186006 s)
[34/53] queries/tpch/tpch-queries/q14/base.sql (2 warmup [warm ones = N=1 anchor] + 3 x5)
  warmup 1/2: 0.307743 sec, 1 copy (cache prime)
  warmup 2/2: 0.373261 sec, 1 copy (N=1 anchor)
  batch 1/3: 1.329951 sec, 5 copies (server sum 1230.158 ms)
  batch 2/3: 1.314526 sec, 5 copies (server sum 1216.784 ms)
  batch 3/3: 1.299078 sec, 5 copies (server sum 1205.754 ms)
  slope: pkg 8.488 J/exec (intercept -0.2069 J), wall 0.235314 s/exec (intercept 0.137947 s)
[35/53] queries/tpch/tpch-queries/q14/v1_materialized.sql (2 warmup [warm ones = N=1 anchor] + 3 x5)
  warmup 1/2: 0.394464 sec, 1 copy (cache prime)
  warmup 2/2: 0.421396 sec, 1 copy (N=1 anchor)
  batch 1/3: 1.360306 sec, 5 copies (server sum 1259.490 ms)
  batch 2/3: 1.316211 sec, 5 copies (server sum 1222.412 ms)
  batch 3/3: 1.397453 sec, 5 copies (server sum 1270.526 ms)
  slope: pkg 8.185 J/exec (intercept -0.2106 J), wall 0.234149 s/exec (intercept 0.187247 s)
[36/53] queries/tpch/tpch-queries/q14/v2_filter.sql (2 warmup [warm ones = N=1 anchor] + 3 x5)
  warmup 1/2: 0.377458 sec, 1 copy (cache prime)
  warmup 2/2: 0.406092 sec, 1 copy (N=1 anchor)
  batch 1/3: 1.288112 sec, 5 copies (server sum 1246.185 ms)
  batch 2/3: 1.402054 sec, 5 copies (server sum 1309.660 ms)
  batch 3/3: 1.399763 sec, 5 copies (server sum 1304.551 ms)
  slope: pkg 7.748 J/exec (intercept 0.4046 J), wall 0.239304 s/exec (intercept 0.166788 s)
[37/53] queries/tpch/tpch-queries/q15/base.sql (2 warmup [warm ones = N=1 anchor] + 3 x5)
  warmup 1/2: 0.414603 sec, 1 copy (cache prime)
  warmup 2/2: 0.455584 sec, 1 copy (N=1 anchor)
  batch 1/3: 1.580521 sec, 5 copies (server sum 1478.988 ms)
  batch 2/3: 1.628340 sec, 5 copies (server sum 1534.536 ms)
  batch 3/3: 1.590976 sec, 5 copies (server sum 1493.639 ms)
  slope: pkg 8.019 J/exec (intercept 0.9763 J), wall 0.286090 s/exec (intercept 0.169493 s)
[38/53] queries/tpch/tpch-queries/q15/v1_materialized.sql (2 warmup [warm ones = N=1 anchor] + 3 x5)
  warmup 1/2: 0.464843 sec, 1 copy (cache prime)
  warmup 2/2: 0.350011 sec, 1 copy (N=1 anchor)
  batch 1/3: 1.629547 sec, 5 copies (server sum 1524.878 ms)
  batch 2/3: 1.616413 sec, 5 copies (server sum 1521.842 ms)
  batch 3/3: 1.593036 sec, 5 copies (server sum 1508.985 ms)
  slope: pkg 7.731 J/exec (intercept 1.845 J), wall 0.315747 s/exec (intercept 0.034264 s)
[39/53] queries/tpch/tpch-queries/q16/base.sql (2 warmup [warm ones = N=1 anchor] + 3 x5)
  warmup 1/2: 0.279300 sec, 1 copy (cache prime)
  warmup 2/2: 0.348449 sec, 1 copy (N=1 anchor)
  batch 1/3: 1.277420 sec, 5 copies (server sum 1180.651 ms)
  batch 2/3: 1.314705 sec, 5 copies (server sum 1214.124 ms)
  batch 3/3: 1.234960 sec, 5 copies (server sum 1140.061 ms)
  slope: pkg 5.584 J/exec (intercept 0.09938 J), wall 0.231812 s/exec (intercept 0.116637 s)
[40/53] queries/tpch/tpch-queries/q16/v1_materialized.sql (2 warmup [warm ones = N=1 anchor] + 3 x5)
  warmup 1/2: 0.344914 sec, 1 copy (cache prime)
  warmup 2/2: 0.340292 sec, 1 copy (N=1 anchor)
  batch 1/3: 1.288377 sec, 5 copies (server sum 1187.616 ms)
  batch 2/3: 1.319062 sec, 5 copies (server sum 1218.843 ms)
  batch 3/3: 1.341627 sec, 5 copies (server sum 1188.386 ms)
  slope: pkg 5.516 J/exec (intercept 0.7366 J), wall 0.244016 s/exec (intercept 0.096277 s)
[41/53] queries/tpch/tpch-queries/q16/v2_not_exists.sql (2 warmup [warm ones = N=1 anchor] + 3 x5)
  warmup 1/2: 0.272392 sec, 1 copy (cache prime)
  warmup 2/2: 0.319831 sec, 1 copy (N=1 anchor)
  batch 1/3: 1.200950 sec, 5 copies (server sum 1097.423 ms)
  batch 2/3: 1.232501 sec, 5 copies (server sum 1129.708 ms)
  batch 3/3: 1.169944 sec, 5 copies (server sum 1071.829 ms)
  slope: pkg 5.116 J/exec (intercept 0.7685 J), wall 0.220325 s/exec (intercept 0.099506 s)
[42/53] queries/tpch/tpch-queries/q17/v2_decorrelate.sql (2 warmup [warm ones = N=1 anchor] + 3 x5)
  warmup 1/2: 5.630769 sec, 1 copy (cache prime)
  warmup 2/2: 5.580172 sec, 1 copy (N=1 anchor)
  batch 1/3: 27.240765 sec, 5 copies (server sum 27183.031 ms)
  batch 2/3: 27.359671 sec, 5 copies (server sum 27265.503 ms)
  batch 3/3: 27.308973 sec, 5 copies (server sum 27214.438 ms)
  slope: pkg 74.83 J/exec (intercept 1.242 J), wall 5.430741 s/exec (intercept 0.149430 s)
[43/53] queries/tpch/tpch-queries/q18/base.sql (2 warmup [warm ones = N=1 anchor] + 3 x5)
  warmup 1/2: 4.557861 sec, 1 copy (cache prime)
  warmup 2/2: 4.773940 sec, 1 copy (N=1 anchor)
  batch 1/3: 24.015285 sec, 5 copies (server sum 23905.028 ms)
  batch 2/3: 25.034025 sec, 5 copies (server sum 24924.188 ms)
  batch 3/3: 25.061171 sec, 5 copies (server sum 24957.053 ms)
  slope: pkg 108.7 J/exec (intercept 22.81 J), wall 4.982389 s/exec (intercept -0.208449 s)
[44/53] queries/tpch/tpch-queries/q18/v1_materialized.sql (2 warmup [warm ones = N=1 anchor] + 3 x5)
  warmup 1/2: 5.222132 sec, 1 copy (cache prime)
  warmup 2/2: 5.132534 sec, 1 copy (N=1 anchor)
  batch 1/3: 25.169696 sec, 5 copies (server sum 25062.251 ms)
  batch 2/3: 25.253323 sec, 5 copies (server sum 25151.945 ms)
  batch 3/3: 25.040665 sec, 5 copies (server sum 24937.636 ms)
  slope: pkg 109.8 J/exec (intercept 2.795 J), wall 5.005507 s/exec (intercept 0.127027 s)
[45/53] queries/tpch/tpch-queries/q18/v2_join.sql (2 warmup [warm ones = N=1 anchor] + 3 x5)
  warmup 1/2: 5.207703 sec, 1 copy (cache prime)
  warmup 2/2: 5.159710 sec, 1 copy (N=1 anchor)
  batch 1/3: 24.867443 sec, 5 copies (server sum 24816.916 ms)
  batch 2/3: 25.096222 sec, 5 copies (server sum 24986.531 ms)
  batch 3/3: 25.103921 sec, 5 copies (server sum 24989.045 ms)
  slope: pkg 109.1 J/exec (intercept 4.333 J), wall 4.965705 s/exec (intercept 0.194006 s)
[46/53] queries/tpch/tpch-queries/q19/base.sql (2 warmup [warm ones = N=1 anchor] + 3 x5)
  warmup 1/2: 0.572539 sec, 1 copy (cache prime)
  warmup 2/2: 0.556275 sec, 1 copy (N=1 anchor)
  batch 1/3: 2.295764 sec, 5 copies (server sum 2193.186 ms)
  batch 2/3: 2.336342 sec, 5 copies (server sum 2224.390 ms)
  batch 3/3: 2.384832 sec, 5 copies (server sum 2230.427 ms)
  slope: pkg 10.31 J/exec (intercept 1.22 J), wall 0.445676 s/exec (intercept 0.110599 s)
[47/53] queries/tpch/tpch-queries/q19/v1_materialized.sql (2 warmup [warm ones = N=1 anchor] + 3 x5)
  warmup 1/2: 0.593592 sec, 1 copy (cache prime)
  warmup 2/2: 0.585584 sec, 1 copy (N=1 anchor)
  batch 1/3: 2.355200 sec, 5 copies (server sum 2193.489 ms)
  batch 2/3: 2.285623 sec, 5 copies (server sum 2228.217 ms)
  batch 3/3: 2.368000 sec, 5 copies (server sum 2257.197 ms)
  slope: pkg 10.26 J/exec (intercept 1.124 J), wall 0.437673 s/exec (intercept 0.147912 s)
[48/53] queries/tpch/tpch-queries/q19/v2_union_all.sql (2 warmup [warm ones = N=1 anchor] + 3 x5)
  warmup 1/2: 1.395660 sec, 1 copy (cache prime)
  warmup 2/2: 1.381777 sec, 1 copy (N=1 anchor)
  batch 1/3: 6.483337 sec, 5 copies (server sum 6379.530 ms)
  batch 2/3: 6.498721 sec, 5 copies (server sum 6393.545 ms)
  batch 3/3: 6.517120 sec, 5 copies (server sum 6399.538 ms)
  slope: pkg 28.14 J/exec (intercept 1.937 J), wall 1.279487 s/exec (intercept 0.102290 s)
[49/53] queries/tpch/tpch-queries/q21/base.sql (2 warmup [warm ones = N=1 anchor] + 3 x5)
  warmup 1/2: 0.680102 sec, 1 copy (cache prime)
  warmup 2/2: 0.660189 sec, 1 copy (N=1 anchor)
  batch 1/3: 2.798619 sec, 5 copies (server sum 2695.348 ms)
  batch 2/3: 2.823247 sec, 5 copies (server sum 2718.320 ms)
  batch 3/3: 2.825824 sec, 5 copies (server sum 2719.539 ms)
  slope: pkg 12.14 J/exec (intercept 1.619 J), wall 0.538927 s/exec (intercept 0.121262 s)
[50/53] queries/tpch/tpch-queries/q21/v1_materialized.sql (2 warmup [warm ones = N=1 anchor] + 3 x5)
  warmup 1/2: 0.655909 sec, 1 copy (cache prime)
  warmup 2/2: 0.664522 sec, 1 copy (N=1 anchor)
  batch 1/3: 2.842172 sec, 5 copies (server sum 2690.898 ms)
  batch 2/3: 2.768585 sec, 5 copies (server sum 2712.058 ms)
  batch 3/3: 2.818630 sec, 5 copies (server sum 2714.883 ms)
  slope: pkg 12.1 J/exec (intercept 1.633 J), wall 0.536318 s/exec (intercept 0.128204 s)
[51/53] queries/tpch/tpch-queries/q22/base.sql (2 warmup [warm ones = N=1 anchor] + 3 x5)
  warmup 1/2: 0.123492 sec, 1 copy (cache prime)
  warmup 2/2: 0.118491 sec, 1 copy (N=1 anchor)
  batch 1/3: 0.383595 sec, 5 copies (server sum 335.875 ms)
  batch 2/3: 0.428628 sec, 5 copies (server sum 298.692 ms)
  batch 3/3: 0.428905 sec, 5 copies (server sum 320.039 ms)
  slope: pkg 1.392 J/exec (intercept 0.5077 J), wall 0.073805 s/exec (intercept 0.044686 s)
[52/53] queries/tpch/tpch-queries/q22/v1_materialized.sql (2 warmup [warm ones = N=1 anchor] + 3 x5)
  warmup 1/2: 0.211097 sec, 1 copy (cache prime)
  warmup 2/2: 0.163907 sec, 1 copy (N=1 anchor)
  batch 1/3: 0.344233 sec, 5 copies (server sum 300.039 ms)
  batch 2/3: 0.421666 sec, 5 copies (server sum 313.310 ms)
  batch 3/3: 0.431585 sec, 5 copies (server sum 320.299 ms)
  slope: pkg 1.275 J/exec (intercept 0.9174 J), wall 0.058814 s/exec (intercept 0.105093 s)
[53/53] queries/tpch/tpch-queries/q22/v2_anti_join.sql (2 warmup [warm ones = N=1 anchor] + 3 x5)
  warmup 1/2: 0.250947 sec, 1 copy (cache prime)
  warmup 2/2: 0.261543 sec, 1 copy (N=1 anchor)
  batch 1/3: 0.669245 sec, 5 copies (server sum 555.865 ms)
  batch 2/3: 0.722942 sec, 5 copies (server sum 568.079 ms)
  batch 3/3: 0.647947 sec, 5 copies (server sum 589.709 ms)
  slope: pkg 2.887 J/exec (intercept 0.2409 J), wall 0.104626 s/exec (intercept 0.156917 s)

Done. Batch rows appended to logs/max_parallel_workers/mpw_4/query_timing_tpch.csv
Per-copy samples appended to logs/max_parallel_workers/mpw_4/query_samples_tpch.csv
Relation sizes appended to logs/max_parallel_workers/mpw_4/query_catalog_tpch.csv
Per-query slope/intercept appended to logs/max_parallel_workers/mpw_4/query_slope_tpch.csv
make: Leaving directory '/home/user01/GreenSQL'
