make: Entering directory '/home/user01/GreenSQL'
query_runner configuration:
  QUERY_DIR      = queries/tpch/tpch-queries
  LOG_FILE       = logs/max_parallel_workers/mpw_4/query_timing_tpch_idx.csv
  SAMPLE_FILE    = logs/max_parallel_workers/mpw_4/query_samples_tpch_idx.csv
  CATALOG_FILE   = logs/max_parallel_workers/mpw_4/query_catalog_tpch_idx.csv
  SLOPE_FILE     = logs/max_parallel_workers/mpw_4/query_slope_tpch_idx.csv
  DB_NAME        = tpch_idx
  DB_USER        = postgres
  PGPORT         = 5434
  PG_VERSION     = 18.4  (as reported by the server on that port)
  BATCHNUM       = 5 (slope sizes: 1 copy and 5 copies)
  RUNS           = 3 (measured batches per size)
  WARMUP         = 2 (single-copy; #1 primes cache, warm ones = N=1 anchor)
  WORKERS        = (planner default)
  STATEMENT_TIMEOUT = 900
  SIGLESS_ADDR   = (disabled)
Found 53 queries under queries/tpch/tpch-queries

Catalog snapshot: 37 relations -> logs/max_parallel_workers/mpw_4/query_catalog_tpch_idx.csv
[1/53] queries/tpch/tpch-queries/q01/base.sql (2 warmup [warm ones = N=1 anchor] + 3 x5)
  warmup 1/2: 1.678451 sec, 1 copy (cache prime)
  warmup 2/2: 1.630576 sec, 1 copy (N=1 anchor)
  batch 1/3: 8.350855 sec, 5 copies (server sum 8243.225 ms)
  batch 2/3: 8.545022 sec, 5 copies (server sum 8436.870 ms)
  batch 3/3: 8.582268 sec, 5 copies (server sum 8429.288 ms)
  slope: pkg 36.86 J/exec (intercept 5.3 J), wall 1.715535 s/exec (intercept -0.084959 s)
[2/53] queries/tpch/tpch-queries/q01/v1_materialized.sql (2 warmup [warm ones = N=1 anchor] + 3 x5)
  warmup 1/2: 1.790234 sec, 1 copy (cache prime)
  warmup 2/2: 1.775141 sec, 1 copy (N=1 anchor)
  batch 1/3: 8.570593 sec, 5 copies (server sum 8443.825 ms)
  batch 2/3: 8.554969 sec, 5 copies (server sum 8440.157 ms)
  batch 3/3: 8.604267 sec, 5 copies (server sum 8435.090 ms)
  slope: pkg 36.82 J/exec (intercept 3.701 J), wall 1.700367 s/exec (intercept 0.074774 s)
[3/53] queries/tpch/tpch-queries/q02/base.sql (2 warmup [warm ones = N=1 anchor] + 3 x5)
  warmup 1/2: 0.290754 sec, 1 copy (cache prime)
  warmup 2/2: 0.302490 sec, 1 copy (N=1 anchor)
  batch 1/3: 0.994185 sec, 5 copies (server sum 892.336 ms)
  batch 2/3: 0.979568 sec, 5 copies (server sum 879.709 ms)
  batch 3/3: 0.965139 sec, 5 copies (server sum 862.624 ms)
  slope: pkg 1.46 J/exec (intercept 1.011 J), wall 0.169285 s/exec (intercept 0.133205 s)
[4/53] queries/tpch/tpch-queries/q02/v1_materialized.sql (2 warmup [warm ones = N=1 anchor] + 3 x5)
  warmup 1/2: 0.329820 sec, 1 copy (cache prime)
  warmup 2/2: 0.325851 sec, 1 copy (N=1 anchor)
  batch 1/3: 1.131567 sec, 5 copies (server sum 1031.665 ms)
  batch 2/3: 1.096771 sec, 5 copies (server sum 996.869 ms)
  batch 3/3: 1.109410 sec, 5 copies (server sum 1008.009 ms)
  slope: pkg 1.329 J/exec (intercept 1.016 J), wall 0.196683 s/exec (intercept 0.129168 s)
[5/53] queries/tpch/tpch-queries/q02/v2_decorrelate.sql (2 warmup [warm ones = N=1 anchor] + 3 x5)
  warmup 1/2: 0.326223 sec, 1 copy (cache prime)
  warmup 2/2: 0.332462 sec, 1 copy (N=1 anchor)
  batch 1/3: 1.234277 sec, 5 copies (server sum 1114.140 ms)
  batch 2/3: 1.234638 sec, 5 copies (server sum 1122.693 ms)
  batch 3/3: 1.194622 sec, 5 copies (server sum 1084.529 ms)
  slope: pkg 1.222 J/exec (intercept 0.6979 J), wall 0.222179 s/exec (intercept 0.110283 s)
[6/53] queries/tpch/tpch-queries/q03/base.sql (2 warmup [warm ones = N=1 anchor] + 3 x5)
  warmup 1/2: 0.358218 sec, 1 copy (cache prime)
  warmup 2/2: 0.363040 sec, 1 copy (N=1 anchor)
  batch 1/3: 1.340932 sec, 5 copies (server sum 1237.307 ms)
  batch 2/3: 1.334291 sec, 5 copies (server sum 1239.663 ms)
  batch 3/3: 1.357960 sec, 5 copies (server sum 1261.237 ms)
  slope: pkg 7.627 J/exec (intercept 1.114 J), wall 0.245339 s/exec (intercept 0.117701 s)
[7/53] queries/tpch/tpch-queries/q03/v1_materialized.sql (2 warmup [warm ones = N=1 anchor] + 3 x5)
  warmup 1/2: 0.389459 sec, 1 copy (cache prime)
  warmup 2/2: 0.393710 sec, 1 copy (N=1 anchor)
  batch 1/3: 1.300049 sec, 5 copies (server sum 1251.841 ms)
  batch 2/3: 1.385318 sec, 5 copies (server sum 1290.617 ms)
  batch 3/3: 1.379267 sec, 5 copies (server sum 1284.237 ms)
  slope: pkg 7.311 J/exec (intercept 0.8653 J), wall 0.240292 s/exec (intercept 0.153419 s)
[8/53] queries/tpch/tpch-queries/q04/base.sql (2 warmup [warm ones = N=1 anchor] + 3 x5)
  warmup 1/2: 0.200203 sec, 1 copy (cache prime)
  warmup 2/2: 0.238944 sec, 1 copy (N=1 anchor)
  batch 1/3: 0.548851 sec, 5 copies (server sum 502.306 ms)
  batch 2/3: 0.624180 sec, 5 copies (server sum 511.385 ms)
  batch 3/3: 0.587106 sec, 5 copies (server sum 486.893 ms)
  slope: pkg 2.842 J/exec (intercept -0.03779 J), wall 0.086942 s/exec (intercept 0.152002 s)
[9/53] queries/tpch/tpch-queries/q04/v1_materialized.sql (2 warmup [warm ones = N=1 anchor] + 3 x5)
  warmup 1/2: 0.194547 sec, 1 copy (cache prime)
  warmup 2/2: 0.252692 sec, 1 copy (N=1 anchor)
  batch 1/3: 0.604115 sec, 5 copies (server sum 492.951 ms)
  batch 2/3: 0.571135 sec, 5 copies (server sum 473.055 ms)
  batch 3/3: 0.586219 sec, 5 copies (server sum 483.901 ms)
  slope: pkg 2.739 J/exec (intercept -0.01889 J), wall 0.083616 s/exec (intercept 0.169076 s)
[10/53] queries/tpch/tpch-queries/q04/v2_in.sql (2 warmup [warm ones = N=1 anchor] + 3 x5)
  warmup 1/2: 0.204816 sec, 1 copy (cache prime)
  warmup 2/2: 0.282511 sec, 1 copy (N=1 anchor)
  batch 1/3: 0.565802 sec, 5 copies (server sum 501.380 ms)
  batch 2/3: 0.597306 sec, 5 copies (server sum 495.654 ms)
  batch 3/3: 0.569936 sec, 5 copies (server sum 472.507 ms)
  slope: pkg 2.629 J/exec (intercept 0.4705 J), wall 0.073793 s/exec (intercept 0.208718 s)
[11/53] queries/tpch/tpch-queries/q05/base.sql (2 warmup [warm ones = N=1 anchor] + 3 x5)
  warmup 1/2: 0.388342 sec, 1 copy (cache prime)
  warmup 2/2: 0.374667 sec, 1 copy (N=1 anchor)
  batch 1/3: 1.442166 sec, 5 copies (server sum 1329.027 ms)
  batch 2/3: 1.425329 sec, 5 copies (server sum 1313.293 ms)
  batch 3/3: 1.392042 sec, 5 copies (server sum 1283.548 ms)
  slope: pkg 3.47 J/exec (intercept 1.129 J), wall 0.261295 s/exec (intercept 0.113373 s)
[12/53] queries/tpch/tpch-queries/q05/v1_materialized.sql (2 warmup [warm ones = N=1 anchor] + 3 x5)
  warmup 1/2: 0.368011 sec, 1 copy (cache prime)
  warmup 2/2: 0.362476 sec, 1 copy (N=1 anchor)
  batch 1/3: 1.417012 sec, 5 copies (server sum 1308.082 ms)
  batch 2/3: 1.410201 sec, 5 copies (server sum 1299.013 ms)
  batch 3/3: 1.404527 sec, 5 copies (server sum 1292.612 ms)
  slope: pkg 3.414 J/exec (intercept 1.501 J), wall 0.262026 s/exec (intercept 0.100450 s)
[13/53] queries/tpch/tpch-queries/q06/base.sql (2 warmup [warm ones = N=1 anchor] + 3 x5)
  warmup 1/2: 0.161226 sec, 1 copy (cache prime)
  warmup 2/2: 0.096760 sec, 1 copy (N=1 anchor)
  batch 1/3: 0.348495 sec, 5 copies (server sum 304.324 ms)
  batch 2/3: 0.437896 sec, 5 copies (server sum 328.306 ms)
  batch 3/3: 0.495865 sec, 5 copies (server sum 323.082 ms)
  slope: pkg 1.774 J/exec (intercept 0.7402 J), wall 0.082665 s/exec (intercept 0.014095 s)
[14/53] queries/tpch/tpch-queries/q06/v1_materialized.sql (2 warmup [warm ones = N=1 anchor] + 3 x5)
  warmup 1/2: 0.188031 sec, 1 copy (cache prime)
  warmup 2/2: 0.220081 sec, 1 copy (N=1 anchor)
  batch 1/3: 0.448719 sec, 5 copies (server sum 335.775 ms)
  batch 2/3: 0.444329 sec, 5 copies (server sum 338.343 ms)
  batch 3/3: 0.441863 sec, 5 copies (server sum 340.107 ms)
  slope: pkg 1.705 J/exec (intercept 0.7612 J), wall 0.056222 s/exec (intercept 0.163859 s)
[15/53] queries/tpch/tpch-queries/q07/base.sql (2 warmup [warm ones = N=1 anchor] + 3 x5)
  warmup 1/2: 0.879823 sec, 1 copy (cache prime)
  warmup 2/2: 0.708188 sec, 1 copy (N=1 anchor)
  batch 1/3: 3.261042 sec, 5 copies (server sum 3157.607 ms)
  batch 2/3: 3.211858 sec, 5 copies (server sum 3103.511 ms)
  batch 3/3: 3.205997 sec, 5 copies (server sum 3099.424 ms)
  slope: pkg 9.402 J/exec (intercept 0.67 J), wall 0.629528 s/exec (intercept 0.078660 s)
[16/53] queries/tpch/tpch-queries/q07/v1_materialized.sql (2 warmup [warm ones = N=1 anchor] + 3 x5)
  warmup 1/2: 0.672599 sec, 1 copy (cache prime)
  warmup 2/2: 0.730209 sec, 1 copy (N=1 anchor)
  batch 1/3: 3.194031 sec, 5 copies (server sum 3089.684 ms)
  batch 2/3: 3.213566 sec, 5 copies (server sum 3105.509 ms)
  batch 3/3: 3.167800 sec, 5 copies (server sum 3061.542 ms)
  slope: pkg 9.435 J/exec (intercept 1.434 J), wall 0.615397 s/exec (intercept 0.114812 s)
[17/53] queries/tpch/tpch-queries/q07/v2_union_all.sql (2 warmup [warm ones = N=1 anchor] + 3 x5)
  warmup 1/2: 0.716294 sec, 1 copy (cache prime)
  warmup 2/2: 0.703139 sec, 1 copy (N=1 anchor)
  batch 1/3: 3.061515 sec, 5 copies (server sum 2955.562 ms)
  batch 2/3: 3.116341 sec, 5 copies (server sum 2962.843 ms)
  batch 3/3: 3.046720 sec, 5 copies (server sum 2940.761 ms)
  slope: pkg 7.442 J/exec (intercept 2.134 J), wall 0.592930 s/exec (intercept 0.110209 s)
[18/53] queries/tpch/tpch-queries/q08/base.sql (2 warmup [warm ones = N=1 anchor] + 3 x5)
  warmup 1/2: 0.242227 sec, 1 copy (cache prime)
  warmup 2/2: 0.245461 sec, 1 copy (N=1 anchor)
  batch 1/3: 0.798721 sec, 5 copies (server sum 695.159 ms)
  batch 2/3: 0.810537 sec, 5 copies (server sum 702.261 ms)
  batch 3/3: 0.797987 sec, 5 copies (server sum 693.339 ms)
  slope: pkg 2.376 J/exec (intercept 1.455 J), wall 0.139238 s/exec (intercept 0.106223 s)
[19/53] queries/tpch/tpch-queries/q08/v1_materialized.sql (2 warmup [warm ones = N=1 anchor] + 3 x5)
  warmup 1/2: 0.243860 sec, 1 copy (cache prime)
  warmup 2/2: 0.261092 sec, 1 copy (N=1 anchor)
  batch 1/3: 0.815097 sec, 5 copies (server sum 709.129 ms)
  batch 2/3: 0.857833 sec, 5 copies (server sum 707.011 ms)
  batch 3/3: 0.762130 sec, 5 copies (server sum 704.146 ms)
  slope: pkg 2.404 J/exec (intercept 1.127 J), wall 0.137649 s/exec (intercept 0.123444 s)
[20/53] queries/tpch/tpch-queries/q08/v2_filter.sql (2 warmup [warm ones = N=1 anchor] + 3 x5)
  warmup 1/2: 0.246783 sec, 1 copy (cache prime)
  warmup 2/2: 0.246142 sec, 1 copy (N=1 anchor)
  batch 1/3: 0.823091 sec, 5 copies (server sum 714.010 ms)
  batch 2/3: 0.806003 sec, 5 copies (server sum 704.589 ms)
  batch 3/3: 0.811810 sec, 5 copies (server sum 709.896 ms)
  slope: pkg 2.297 J/exec (intercept 1.464 J), wall 0.141873 s/exec (intercept 0.104269 s)
[21/53] queries/tpch/tpch-queries/q09/base.sql (2 warmup [warm ones = N=1 anchor] + 3 x5)
  warmup 1/2: 1.154437 sec, 1 copy (cache prime)
  warmup 2/2: 1.145340 sec, 1 copy (N=1 anchor)
  batch 1/3: 5.245024 sec, 5 copies (server sum 5136.297 ms)
  batch 2/3: 5.195308 sec, 5 copies (server sum 5139.621 ms)
  batch 3/3: 5.344260 sec, 5 copies (server sum 5190.124 ms)
  slope: pkg 21.24 J/exec (intercept 1.487 J), wall 1.029048 s/exec (intercept 0.116292 s)
[22/53] queries/tpch/tpch-queries/q09/v1_materialized.sql (2 warmup [warm ones = N=1 anchor] + 3 x5)
  warmup 1/2: 1.095194 sec, 1 copy (cache prime)
  warmup 2/2: 1.161970 sec, 1 copy (N=1 anchor)
  batch 1/3: 5.285806 sec, 5 copies (server sum 5181.849 ms)
  batch 2/3: 5.328786 sec, 5 copies (server sum 5222.589 ms)
  batch 3/3: 5.240501 sec, 5 copies (server sum 5136.101 ms)
  slope: pkg 21.19 J/exec (intercept 1.585 J), wall 1.030765 s/exec (intercept 0.131205 s)
[23/53] queries/tpch/tpch-queries/q10/base.sql (2 warmup [warm ones = N=1 anchor] + 3 x5)
  warmup 1/2: 0.345464 sec, 1 copy (cache prime)
  warmup 2/2: 0.394262 sec, 1 copy (N=1 anchor)
  batch 1/3: 1.481079 sec, 5 copies (server sum 1382.939 ms)
  batch 2/3: 1.512790 sec, 5 copies (server sum 1416.436 ms)
  batch 3/3: 1.484817 sec, 5 copies (server sum 1388.912 ms)
  slope: pkg 6.144 J/exec (intercept 1.679 J), wall 0.274658 s/exec (intercept 0.119604 s)
[24/53] queries/tpch/tpch-queries/q10/v1_materialized.sql (2 warmup [warm ones = N=1 anchor] + 3 x5)
  warmup 1/2: 0.404155 sec, 1 copy (cache prime)
  warmup 2/2: 0.408129 sec, 1 copy (N=1 anchor)
  batch 1/3: 1.524756 sec, 5 copies (server sum 1429.576 ms)
  batch 2/3: 1.582982 sec, 5 copies (server sum 1488.493 ms)
  batch 3/3: 1.530279 sec, 5 copies (server sum 1435.677 ms)
  slope: pkg 6.076 J/exec (intercept 1.565 J), wall 0.284469 s/exec (intercept 0.123659 s)
[25/53] queries/tpch/tpch-queries/q11/base.sql (2 warmup [warm ones = N=1 anchor] + 3 x5)
  warmup 1/2: 0.141210 sec, 1 copy (cache prime)
  warmup 2/2: 0.123323 sec, 1 copy (N=1 anchor)
  batch 1/3: 0.461598 sec, 5 copies (server sum 406.985 ms)
  batch 2/3: 0.538335 sec, 5 copies (server sum 437.741 ms)
  batch 3/3: 0.548719 sec, 5 copies (server sum 445.111 ms)
  slope: pkg 0.6112 J/exec (intercept 0.7761 J), wall 0.098223 s/exec (intercept 0.025100 s)
[26/53] queries/tpch/tpch-queries/q11/v1_materialized.sql (2 warmup [warm ones = N=1 anchor] + 3 x5)
  warmup 1/2: 0.181457 sec, 1 copy (cache prime)
  warmup 2/2: 0.197175 sec, 1 copy (N=1 anchor)
  batch 1/3: 0.555844 sec, 5 copies (server sum 444.536 ms)
  batch 2/3: 0.554856 sec, 5 copies (server sum 451.760 ms)
  batch 3/3: 0.508556 sec, 5 copies (server sum 452.668 ms)
  slope: pkg 0.5568 J/exec (intercept 0.7896 J), wall 0.085644 s/exec (intercept 0.111530 s)
[27/53] queries/tpch/tpch-queries/q11/v2_cte_threshold.sql (2 warmup [warm ones = N=1 anchor] + 3 x5)
  warmup 1/2: 0.181357 sec, 1 copy (cache prime)
  warmup 2/2: 0.187652 sec, 1 copy (N=1 anchor)
  batch 1/3: 0.565227 sec, 5 copies (server sum 453.901 ms)
  batch 2/3: 0.540916 sec, 5 copies (server sum 438.678 ms)
  batch 3/3: 0.573640 sec, 5 copies (server sum 470.812 ms)
  slope: pkg 0.5324 J/exec (intercept 0.9083 J), wall 0.093069 s/exec (intercept 0.094584 s)
[28/53] queries/tpch/tpch-queries/q12/base.sql (2 warmup [warm ones = N=1 anchor] + 3 x5)
  warmup 1/2: 0.413912 sec, 1 copy (cache prime)
  warmup 2/2: 0.418632 sec, 1 copy (N=1 anchor)
  batch 1/3: 1.545333 sec, 5 copies (server sum 1441.828 ms)
  batch 2/3: 1.474740 sec, 5 copies (server sum 1380.857 ms)
  batch 3/3: 1.499089 sec, 5 copies (server sum 1400.757 ms)
  slope: pkg 7.279 J/exec (intercept 2.039 J), wall 0.271939 s/exec (intercept 0.146694 s)
[29/53] queries/tpch/tpch-queries/q12/v1_materialized.sql (2 warmup [warm ones = N=1 anchor] + 3 x5)
  warmup 1/2: 0.418860 sec, 1 copy (cache prime)
  warmup 2/2: 0.396504 sec, 1 copy (N=1 anchor)
  batch 1/3: 1.494018 sec, 5 copies (server sum 1393.455 ms)
  batch 2/3: 1.521837 sec, 5 copies (server sum 1416.616 ms)
  batch 3/3: 1.522838 sec, 5 copies (server sum 1427.246 ms)
  slope: pkg 7.111 J/exec (intercept 1.807 J), wall 0.279099 s/exec (intercept 0.117405 s)
[30/53] queries/tpch/tpch-queries/q12/v2_filter.sql (2 warmup [warm ones = N=1 anchor] + 3 x5)
  warmup 1/2: 0.469556 sec, 1 copy (cache prime)
  warmup 2/2: 0.408795 sec, 1 copy (N=1 anchor)
  batch 1/3: 1.486557 sec, 5 copies (server sum 1389.909 ms)
  batch 2/3: 1.501585 sec, 5 copies (server sum 1405.144 ms)
  batch 3/3: 1.529002 sec, 5 copies (server sum 1434.274 ms)
  slope: pkg 7.166 J/exec (intercept 1.097 J), wall 0.274230 s/exec (intercept 0.134566 s)
[31/53] queries/tpch/tpch-queries/q13/base.sql (2 warmup [warm ones = N=1 anchor] + 3 x5)
  warmup 1/2: 1.688183 sec, 1 copy (cache prime)
  warmup 2/2: 1.752433 sec, 1 copy (N=1 anchor)
  batch 1/3: 7.843809 sec, 5 copies (server sum 7791.065 ms)
  batch 2/3: 7.878891 sec, 5 copies (server sum 7780.552 ms)
  batch 3/3: 7.828303 sec, 5 copies (server sum 7681.814 ms)
  slope: pkg 9.01 J/exec (intercept 1.104 J), wall 1.524475 s/exec (intercept 0.227958 s)
[32/53] queries/tpch/tpch-queries/q13/v1_materialized.sql (2 warmup [warm ones = N=1 anchor] + 3 x5)
  warmup 1/2: 1.602833 sec, 1 copy (cache prime)
  warmup 2/2: 1.673517 sec, 1 copy (N=1 anchor)
  batch 1/3: 7.788182 sec, 5 copies (server sum 7641.057 ms)
  batch 2/3: 7.729638 sec, 5 copies (server sum 7668.804 ms)
  batch 3/3: 7.717972 sec, 5 copies (server sum 7619.566 ms)
  slope: pkg 9.116 J/exec (intercept 0.5418 J), wall 1.517937 s/exec (intercept 0.155580 s)
[33/53] queries/tpch/tpch-queries/q13/v2_correlated.sql (2 warmup [warm ones = N=1 anchor] + 3 x5)
  warmup 1/2: 2.299830 sec, 1 copy (cache prime)
  warmup 2/2: 2.236989 sec, 1 copy (N=1 anchor)
  batch 1/3: 10.582741 sec, 5 copies (server sum 10440.739 ms)
  batch 2/3: 10.468143 sec, 5 copies (server sum 10422.514 ms)
  batch 3/3: 10.588513 sec, 5 copies (server sum 10493.229 ms)
  slope: pkg 19.45 J/exec (intercept 0.8705 J), wall 2.077369 s/exec (intercept 0.159620 s)
[34/53] queries/tpch/tpch-queries/q14/base.sql (2 warmup [warm ones = N=1 anchor] + 3 x5)
  warmup 1/2: 0.193261 sec, 1 copy (cache prime)
  warmup 2/2: 0.243897 sec, 1 copy (N=1 anchor)
  batch 1/3: 0.763578 sec, 5 copies (server sum 659.541 ms)
  batch 2/3: 0.800912 sec, 5 copies (server sum 700.607 ms)
  batch 3/3: 0.803239 sec, 5 copies (server sum 698.532 ms)
  slope: pkg 3.432 J/exec (intercept 1.421 J), wall 0.136336 s/exec (intercept 0.107561 s)
[35/53] queries/tpch/tpch-queries/q14/v1_materialized.sql (2 warmup [warm ones = N=1 anchor] + 3 x5)
  warmup 1/2: 0.311981 sec, 1 copy (cache prime)
  warmup 2/2: 0.193508 sec, 1 copy (N=1 anchor)
  batch 1/3: 0.784857 sec, 5 copies (server sum 682.131 ms)
  batch 2/3: 0.815828 sec, 5 copies (server sum 707.612 ms)
  batch 3/3: 0.823357 sec, 5 copies (server sum 722.170 ms)
  slope: pkg 3.38 J/exec (intercept 1.454 J), wall 0.153627 s/exec (intercept 0.039881 s)
[36/53] queries/tpch/tpch-queries/q14/v2_filter.sql (2 warmup [warm ones = N=1 anchor] + 3 x5)
  warmup 1/2: 0.295878 sec, 1 copy (cache prime)
  warmup 2/2: 0.273817 sec, 1 copy (N=1 anchor)
  batch 1/3: 0.776543 sec, 5 copies (server sum 667.907 ms)
  batch 2/3: 0.802762 sec, 5 copies (server sum 697.342 ms)
  batch 3/3: 0.807058 sec, 5 copies (server sum 703.017 ms)
  slope: pkg 3.579 J/exec (intercept 0.5301 J), wall 0.130409 s/exec (intercept 0.143408 s)
[37/53] queries/tpch/tpch-queries/q15/base.sql (2 warmup [warm ones = N=1 anchor] + 3 x5)
  warmup 1/2: 0.406110 sec, 1 copy (cache prime)
  warmup 2/2: 0.379733 sec, 1 copy (N=1 anchor)
  batch 1/3: 1.301343 sec, 5 copies (server sum 1208.248 ms)
  batch 2/3: 1.219106 sec, 5 copies (server sum 1172.374 ms)
  batch 3/3: 1.263953 sec, 5 copies (server sum 1170.372 ms)
  slope: pkg 1.952 J/exec (intercept 1.475 J), wall 0.220434 s/exec (intercept 0.159300 s)
[38/53] queries/tpch/tpch-queries/q15/v1_materialized.sql (2 warmup [warm ones = N=1 anchor] + 3 x5)
  warmup 1/2: 0.350808 sec, 1 copy (cache prime)
  warmup 2/2: 0.377832 sec, 1 copy (N=1 anchor)
  batch 1/3: 1.272048 sec, 5 copies (server sum 1178.503 ms)
  batch 2/3: 1.276770 sec, 5 copies (server sum 1182.600 ms)
  batch 3/3: 1.268155 sec, 5 copies (server sum 1174.707 ms)
  slope: pkg 1.932 J/exec (intercept 1.645 J), wall 0.223623 s/exec (intercept 0.154209 s)
[39/53] queries/tpch/tpch-queries/q16/base.sql (2 warmup [warm ones = N=1 anchor] + 3 x5)
  warmup 1/2: 0.335684 sec, 1 copy (cache prime)
  warmup 2/2: 0.325077 sec, 1 copy (N=1 anchor)
  batch 1/3: 1.225280 sec, 5 copies (server sum 1118.796 ms)
  batch 2/3: 1.230146 sec, 5 copies (server sum 1123.176 ms)
  batch 3/3: 1.219864 sec, 5 copies (server sum 1113.843 ms)
  slope: pkg 6.173 J/exec (intercept 0.4269 J), wall 0.225005 s/exec (intercept 0.100073 s)
[40/53] queries/tpch/tpch-queries/q16/v1_materialized.sql (2 warmup [warm ones = N=1 anchor] + 3 x5)
  warmup 1/2: 0.328256 sec, 1 copy (cache prime)
  warmup 2/2: 0.334691 sec, 1 copy (N=1 anchor)
  batch 1/3: 1.321853 sec, 5 copies (server sum 1166.809 ms)
  batch 2/3: 1.206401 sec, 5 copies (server sum 1149.055 ms)
  batch 3/3: 1.279091 sec, 5 copies (server sum 1178.898 ms)
  slope: pkg 6.148 J/exec (intercept 0.7986 J), wall 0.233606 s/exec (intercept 0.101086 s)
[41/53] queries/tpch/tpch-queries/q16/v2_not_exists.sql (2 warmup [warm ones = N=1 anchor] + 3 x5)
  warmup 1/2: 0.304085 sec, 1 copy (cache prime)
  warmup 2/2: 0.310121 sec, 1 copy (N=1 anchor)
  batch 1/3: 1.162475 sec, 5 copies (server sum 1056.066 ms)
  batch 2/3: 1.163270 sec, 5 copies (server sum 1060.552 ms)
  batch 3/3: 1.190437 sec, 5 copies (server sum 1086.111 ms)
  slope: pkg 4.813 J/exec (intercept 0.5864 J), wall 0.215485 s/exec (intercept 0.094635 s)
[42/53] queries/tpch/tpch-queries/q17/v2_decorrelate.sql (2 warmup [warm ones = N=1 anchor] + 3 x5)
  warmup 1/2: 4.218333 sec, 1 copy (cache prime)
  warmup 2/2: 4.574598 sec, 1 copy (N=1 anchor)
  batch 1/3: 20.288222 sec, 5 copies (server sum 20193.519 ms)
  batch 2/3: 20.350913 sec, 5 copies (server sum 20256.376 ms)
  batch 3/3: 20.440143 sec, 5 copies (server sum 20345.586 ms)
  slope: pkg 18.57 J/exec (intercept 1.99 J), wall 3.946290 s/exec (intercept 0.628308 s)
[43/53] queries/tpch/tpch-queries/q18/base.sql (2 warmup [warm ones = N=1 anchor] + 3 x5)
  warmup 1/2: 4.400720 sec, 1 copy (cache prime)
  warmup 2/2: 4.490479 sec, 1 copy (N=1 anchor)
  batch 1/3: 22.874293 sec, 5 copies (server sum 22760.628 ms)
  batch 2/3: 24.316197 sec, 5 copies (server sum 24207.435 ms)
  batch 3/3: 24.879428 sec, 5 copies (server sum 24771.803 ms)
  slope: pkg 109.6 J/exec (intercept 28.63 J), wall 4.883207 s/exec (intercept -0.392728 s)
[44/53] queries/tpch/tpch-queries/q18/v1_materialized.sql (2 warmup [warm ones = N=1 anchor] + 3 x5)
  warmup 1/2: 5.209608 sec, 1 copy (cache prime)
  warmup 2/2: 5.168102 sec, 1 copy (N=1 anchor)
  batch 1/3: 25.107477 sec, 5 copies (server sum 25054.500 ms)
  batch 2/3: 25.205045 sec, 5 copies (server sum 25089.741 ms)
  batch 3/3: 25.088676 sec, 5 copies (server sum 24972.833 ms)
  slope: pkg 109.4 J/exec (intercept 4.294 J), wall 4.991408 s/exec (intercept 0.176695 s)
[45/53] queries/tpch/tpch-queries/q18/v2_join.sql (2 warmup [warm ones = N=1 anchor] + 3 x5)
  warmup 1/2: 5.186640 sec, 1 copy (cache prime)
  warmup 2/2: 5.133488 sec, 1 copy (N=1 anchor)
  batch 1/3: 24.962642 sec, 5 copies (server sum 24849.533 ms)
  batch 2/3: 24.961045 sec, 5 copies (server sum 24846.108 ms)
  batch 3/3: 24.939231 sec, 5 copies (server sum 24815.397 ms)
  slope: pkg 108.9 J/exec (intercept 3.642 J), wall 4.955205 s/exec (intercept 0.178283 s)
[46/53] queries/tpch/tpch-queries/q19/base.sql (2 warmup [warm ones = N=1 anchor] + 3 x5)
  warmup 1/2: 0.158826 sec, 1 copy (cache prime)
  warmup 2/2: 0.112749 sec, 1 copy (N=1 anchor)
  batch 1/3: 0.219438 sec, 5 copies (server sum 174.773 ms)
  batch 2/3: 0.286890 sec, 5 copies (server sum 181.716 ms)
  batch 3/3: 0.279805 sec, 5 copies (server sum 180.895 ms)
  slope: pkg 0.9806 J/exec (intercept 0.1439 J), wall 0.037324 s/exec (intercept 0.075425 s)
[47/53] queries/tpch/tpch-queries/q19/v1_materialized.sql (2 warmup [warm ones = N=1 anchor] + 3 x5)
  warmup 1/2: 0.135723 sec, 1 copy (cache prime)
  warmup 2/2: 0.082403 sec, 1 copy (N=1 anchor)
  batch 1/3: 0.225890 sec, 5 copies (server sum 180.292 ms)
  batch 2/3: 0.275128 sec, 5 copies (server sum 180.317 ms)
  batch 3/3: 0.282020 sec, 5 copies (server sum 181.913 ms)
  slope: pkg 0.8741 J/exec (intercept 0.776 J), wall 0.044652 s/exec (intercept 0.037751 s)
[48/53] queries/tpch/tpch-queries/q19/v2_union_all.sql (2 warmup [warm ones = N=1 anchor] + 3 x5)
  warmup 1/2: 0.152278 sec, 1 copy (cache prime)
  warmup 2/2: 0.092144 sec, 1 copy (N=1 anchor)
  batch 1/3: 0.281097 sec, 5 copies (server sum 234.463 ms)
  batch 2/3: 0.351825 sec, 5 copies (server sum 236.877 ms)
  batch 3/3: 0.327575 sec, 5 copies (server sum 230.339 ms)
  slope: pkg 1.105 J/exec (intercept 0.8081 J), wall 0.057005 s/exec (intercept 0.035139 s)
[49/53] queries/tpch/tpch-queries/q21/base.sql (2 warmup [warm ones = N=1 anchor] + 3 x5)
  warmup 1/2: 0.602232 sec, 1 copy (cache prime)
  warmup 2/2: 0.599477 sec, 1 copy (N=1 anchor)
  batch 1/3: 2.596604 sec, 5 copies (server sum 2442.612 ms)
  batch 2/3: 2.471780 sec, 5 copies (server sum 2364.962 ms)
  batch 3/3: 2.436952 sec, 5 copies (server sum 2335.091 ms)
  slope: pkg 10.39 J/exec (intercept 0.5306 J), wall 0.475576 s/exec (intercept 0.123901 s)
[50/53] queries/tpch/tpch-queries/q21/v1_materialized.sql (2 warmup [warm ones = N=1 anchor] + 3 x5)
  warmup 1/2: 0.593892 sec, 1 copy (cache prime)
  warmup 2/2: 0.524955 sec, 1 copy (N=1 anchor)
  batch 1/3: 2.460309 sec, 5 copies (server sum 2350.292 ms)
  batch 2/3: 2.457643 sec, 5 copies (server sum 2353.344 ms)
  batch 3/3: 2.461638 sec, 5 copies (server sum 2357.055 ms)
  slope: pkg 10.09 J/exec (intercept 1.898 J), wall 0.483727 s/exec (intercept 0.041228 s)
[51/53] queries/tpch/tpch-queries/q22/base.sql (2 warmup [warm ones = N=1 anchor] + 3 x5)
  warmup 1/2: 0.148134 sec, 1 copy (cache prime)
  warmup 2/2: 0.101778 sec, 1 copy (N=1 anchor)
  batch 1/3: 0.334818 sec, 5 copies (server sum 288.056 ms)
  batch 2/3: 0.427739 sec, 5 copies (server sum 315.307 ms)
  batch 3/3: 0.436233 sec, 5 copies (server sum 324.921 ms)
  slope: pkg 1.365 J/exec (intercept 0.5423 J), wall 0.074455 s/exec (intercept 0.027324 s)
[52/53] queries/tpch/tpch-queries/q22/v1_materialized.sql (2 warmup [warm ones = N=1 anchor] + 3 x5)
  warmup 1/2: 0.190348 sec, 1 copy (cache prime)
  warmup 2/2: 0.179531 sec, 1 copy (N=1 anchor)
  batch 1/3: 0.366886 sec, 5 copies (server sum 280.894 ms)
  batch 2/3: 0.375988 sec, 5 copies (server sum 328.684 ms)
  batch 3/3: 0.396691 sec, 5 copies (server sum 297.531 ms)
  slope: pkg 1.37 J/exec (intercept 0.7851 J), wall 0.050081 s/exec (intercept 0.129450 s)
[53/53] queries/tpch/tpch-queries/q22/v2_anti_join.sql (2 warmup [warm ones = N=1 anchor] + 3 x5)
  warmup 1/2: 0.239530 sec, 1 copy (cache prime)
  warmup 2/2: 0.269956 sec, 1 copy (N=1 anchor)
  batch 1/3: 0.669167 sec, 5 copies (server sum 558.830 ms)
  batch 2/3: 0.659145 sec, 5 copies (server sum 551.980 ms)
  batch 3/3: 0.660751 sec, 5 copies (server sum 555.411 ms)
  slope: pkg 2.892 J/exec (intercept -0.03464 J), wall 0.098266 s/exec (intercept 0.171689 s)

Done. Batch rows appended to logs/max_parallel_workers/mpw_4/query_timing_tpch_idx.csv
Per-copy samples appended to logs/max_parallel_workers/mpw_4/query_samples_tpch_idx.csv
Relation sizes appended to logs/max_parallel_workers/mpw_4/query_catalog_tpch_idx.csv
Per-query slope/intercept appended to logs/max_parallel_workers/mpw_4/query_slope_tpch_idx.csv
make: Leaving directory '/home/user01/GreenSQL'
