make: Entering directory '/home/user01/GreenSQL'
query_runner configuration:
  QUERY_DIR      = queries/tpch/tpch-queries
  LOG_FILE       = logs/parallel_leader_participation/plp_off/query_timing_tpch_idx.csv
  SAMPLE_FILE    = logs/parallel_leader_participation/plp_off/query_samples_tpch_idx.csv
  CATALOG_FILE   = logs/parallel_leader_participation/plp_off/query_catalog_tpch_idx.csv
  SLOPE_FILE     = logs/parallel_leader_participation/plp_off/query_slope_tpch_idx.csv
  DB_NAME        = tpch_idx
  DB_USER        = postgres
  PGPORT         = 5434
  PG_VERSION     = 18.4  (as reported by the server on that port)
  BATCHNUM       = 5 (slope sizes: 1 copy and 5 copies)
  RUNS           = 3 (measured batches per size)
  WARMUP         = 2 (single-copy; #1 primes cache, warm ones = N=1 anchor)
  WORKERS        = (planner default)
  STATEMENT_TIMEOUT = 900
  SIGLESS_ADDR   = (disabled)
Found 53 queries under queries/tpch/tpch-queries

Catalog snapshot: 37 relations -> logs/parallel_leader_participation/plp_off/query_catalog_tpch_idx.csv
[1/53] queries/tpch/tpch-queries/q01/base.sql (2 warmup [warm ones = N=1 anchor] + 3 x5)
  warmup 1/2: 1.542579 sec, 1 copy (cache prime)
  warmup 2/2: 1.669522 sec, 1 copy (N=1 anchor)
  batch 1/3: 8.560210 sec, 5 copies (server sum 8428.244 ms)
  batch 2/3: 8.456490 sec, 5 copies (server sum 8405.836 ms)
  batch 3/3: 8.536209 sec, 5 copies (server sum 8413.247 ms)
  slope: pkg 36.51 J/exec (intercept 4.037 J), wall 1.712028 s/exec (intercept -0.042506 s)
[2/53] queries/tpch/tpch-queries/q01/v1_materialized.sql (2 warmup [warm ones = N=1 anchor] + 3 x5)
  warmup 1/2: 1.811051 sec, 1 copy (cache prime)
  warmup 2/2: 1.734985 sec, 1 copy (N=1 anchor)
  batch 1/3: 8.551570 sec, 5 copies (server sum 8418.906 ms)
  batch 2/3: 8.545895 sec, 5 copies (server sum 8402.576 ms)
  batch 3/3: 8.468538 sec, 5 copies (server sum 8413.582 ms)
  slope: pkg 37.21 J/exec (intercept 0.8961 J), wall 1.696754 s/exec (intercept 0.038231 s)
[3/53] queries/tpch/tpch-queries/q02/base.sql (2 warmup [warm ones = N=1 anchor] + 3 x5)
  warmup 1/2: 0.363304 sec, 1 copy (cache prime)
  warmup 2/2: 0.285119 sec, 1 copy (N=1 anchor)
  batch 1/3: 0.935092 sec, 5 copies (server sum 827.565 ms)
  batch 2/3: 0.922603 sec, 5 copies (server sum 823.291 ms)
  batch 3/3: 0.917566 sec, 5 copies (server sum 819.119 ms)
  slope: pkg 1.489 J/exec (intercept 1.053 J), wall 0.159992 s/exec (intercept 0.125127 s)
[4/53] queries/tpch/tpch-queries/q02/v1_materialized.sql (2 warmup [warm ones = N=1 anchor] + 3 x5)
  warmup 1/2: 0.307276 sec, 1 copy (cache prime)
  warmup 2/2: 0.313096 sec, 1 copy (N=1 anchor)
  batch 1/3: 1.060734 sec, 5 copies (server sum 951.110 ms)
  batch 2/3: 1.030077 sec, 5 copies (server sum 930.327 ms)
  batch 3/3: 1.031445 sec, 5 copies (server sum 932.713 ms)
  slope: pkg 1.372 J/exec (intercept 1.15 J), wall 0.181914 s/exec (intercept 0.131182 s)
[5/53] queries/tpch/tpch-queries/q02/v2_decorrelate.sql (2 warmup [warm ones = N=1 anchor] + 3 x5)
  warmup 1/2: 0.302776 sec, 1 copy (cache prime)
  warmup 2/2: 0.316909 sec, 1 copy (N=1 anchor)
  batch 1/3: 1.159665 sec, 5 copies (server sum 1050.032 ms)
  batch 2/3: 1.160937 sec, 5 copies (server sum 1050.498 ms)
  batch 3/3: 1.137083 sec, 5 copies (server sum 1027.997 ms)
  slope: pkg 1.258 J/exec (intercept 0.7496 J), wall 0.208913 s/exec (intercept 0.107996 s)
[6/53] queries/tpch/tpch-queries/q03/base.sql (2 warmup [warm ones = N=1 anchor] + 3 x5)
  warmup 1/2: 0.421789 sec, 1 copy (cache prime)
  warmup 2/2: 0.440109 sec, 1 copy (N=1 anchor)
  batch 1/3: 1.610130 sec, 5 copies (server sum 1564.645 ms)
  batch 2/3: 1.682303 sec, 5 copies (server sum 1574.333 ms)
  batch 3/3: 1.672730 sec, 5 copies (server sum 1566.947 ms)
  slope: pkg 8.39 J/exec (intercept 0.6354 J), wall 0.303736 s/exec (intercept 0.136372 s)
[7/53] queries/tpch/tpch-queries/q03/v1_materialized.sql (2 warmup [warm ones = N=1 anchor] + 3 x5)
  warmup 1/2: 0.439333 sec, 1 copy (cache prime)
  warmup 2/2: 0.441115 sec, 1 copy (N=1 anchor)
  batch 1/3: 1.662682 sec, 5 copies (server sum 1557.656 ms)
  batch 2/3: 1.653012 sec, 5 copies (server sum 1543.259 ms)
  batch 3/3: 1.703501 sec, 5 copies (server sum 1593.453 ms)
  slope: pkg 8.361 J/exec (intercept 0.8028 J), wall 0.307987 s/exec (intercept 0.133128 s)
[8/53] queries/tpch/tpch-queries/q04/base.sql (2 warmup [warm ones = N=1 anchor] + 3 x5)
  warmup 1/2: 0.245950 sec, 1 copy (cache prime)
  warmup 2/2: 0.239554 sec, 1 copy (N=1 anchor)
  batch 1/3: 0.664295 sec, 5 copies (server sum 618.810 ms)
  batch 2/3: 0.754022 sec, 5 copies (server sum 647.178 ms)
  batch 3/3: 0.741664 sec, 5 copies (server sum 634.581 ms)
  slope: pkg 3.238 J/exec (intercept 0.1329 J), wall 0.120110 s/exec (intercept 0.119444 s)
[9/53] queries/tpch/tpch-queries/q04/v1_materialized.sql (2 warmup [warm ones = N=1 anchor] + 3 x5)
  warmup 1/2: 0.233744 sec, 1 copy (cache prime)
  warmup 2/2: 0.239013 sec, 1 copy (N=1 anchor)
  batch 1/3: 0.663153 sec, 5 copies (server sum 618.945 ms)
  batch 2/3: 0.728593 sec, 5 copies (server sum 633.624 ms)
  batch 3/3: 0.755227 sec, 5 copies (server sum 647.071 ms)
  slope: pkg 3.243 J/exec (intercept 0.03575 J), wall 0.119161 s/exec (intercept 0.119852 s)
[10/53] queries/tpch/tpch-queries/q04/v2_in.sql (2 warmup [warm ones = N=1 anchor] + 3 x5)
  warmup 1/2: 0.258462 sec, 1 copy (cache prime)
  warmup 2/2: 0.246414 sec, 1 copy (N=1 anchor)
  batch 1/3: 0.663548 sec, 5 copies (server sum 620.299 ms)
  batch 2/3: 0.722948 sec, 5 copies (server sum 620.785 ms)
  batch 3/3: 0.753453 sec, 5 copies (server sum 645.797 ms)
  slope: pkg 3.246 J/exec (intercept 0.1805 J), wall 0.116726 s/exec (intercept 0.129688 s)
[11/53] queries/tpch/tpch-queries/q05/base.sql (2 warmup [warm ones = N=1 anchor] + 3 x5)
  warmup 1/2: 0.510442 sec, 1 copy (cache prime)
  warmup 2/2: 0.485390 sec, 1 copy (N=1 anchor)
  batch 1/3: 2.127473 sec, 5 copies (server sum 2023.799 ms)
  batch 2/3: 1.908521 sec, 5 copies (server sum 1836.158 ms)
  batch 3/3: 2.068964 sec, 5 copies (server sum 1958.412 ms)
  slope: pkg 3.915 J/exec (intercept 0.6995 J), wall 0.387399 s/exec (intercept 0.097991 s)
[12/53] queries/tpch/tpch-queries/q05/v1_materialized.sql (2 warmup [warm ones = N=1 anchor] + 3 x5)
  warmup 1/2: 0.452413 sec, 1 copy (cache prime)
  warmup 2/2: 0.470954 sec, 1 copy (N=1 anchor)
  batch 1/3: 2.087142 sec, 5 copies (server sum 1983.360 ms)
  batch 2/3: 1.914047 sec, 5 copies (server sum 1809.800 ms)
  batch 3/3: 2.037492 sec, 5 copies (server sum 1931.644 ms)
  slope: pkg 3.948 J/exec (intercept 0.8046 J), wall 0.385485 s/exec (intercept 0.085469 s)
[13/53] queries/tpch/tpch-queries/q06/base.sql (2 warmup [warm ones = N=1 anchor] + 3 x5)
  warmup 1/2: 0.163448 sec, 1 copy (cache prime)
  warmup 2/2: 0.094731 sec, 1 copy (N=1 anchor)
  batch 1/3: 0.338342 sec, 5 copies (server sum 295.802 ms)
  batch 2/3: 0.434220 sec, 5 copies (server sum 328.777 ms)
  batch 3/3: 0.482385 sec, 5 copies (server sum 313.190 ms)
  slope: pkg 1.873 J/exec (intercept 0.5554 J), wall 0.080896 s/exec (intercept 0.013835 s)
[14/53] queries/tpch/tpch-queries/q06/v1_materialized.sql (2 warmup [warm ones = N=1 anchor] + 3 x5)
  warmup 1/2: 0.191715 sec, 1 copy (cache prime)
  warmup 2/2: 0.117868 sec, 1 copy (N=1 anchor)
  batch 1/3: 0.345019 sec, 5 copies (server sum 300.082 ms)
  batch 2/3: 0.425973 sec, 5 copies (server sum 322.736 ms)
  batch 3/3: 0.422356 sec, 5 copies (server sum 320.714 ms)
  slope: pkg 2.029 J/exec (intercept -0.1305 J), wall 0.069979 s/exec (intercept 0.047889 s)
[15/53] queries/tpch/tpch-queries/q07/base.sql (2 warmup [warm ones = N=1 anchor] + 3 x5)
  warmup 1/2: 0.856803 sec, 1 copy (cache prime)
  warmup 2/2: 0.800547 sec, 1 copy (N=1 anchor)
  batch 1/3: 3.581562 sec, 5 copies (server sum 3474.996 ms)
  batch 2/3: 3.483265 sec, 5 copies (server sum 3379.849 ms)
  batch 3/3: 3.556240 sec, 5 copies (server sum 3451.865 ms)
  slope: pkg 8.968 J/exec (intercept 0.4004 J), wall 0.684952 s/exec (intercept 0.115594 s)
[16/53] queries/tpch/tpch-queries/q07/v1_materialized.sql (2 warmup [warm ones = N=1 anchor] + 3 x5)
  warmup 1/2: 0.742577 sec, 1 copy (cache prime)
  warmup 2/2: 0.778703 sec, 1 copy (N=1 anchor)
  batch 1/3: 3.568797 sec, 5 copies (server sum 3467.702 ms)
  batch 2/3: 3.477312 sec, 5 copies (server sum 3426.607 ms)
  batch 3/3: 3.527106 sec, 5 copies (server sum 3419.474 ms)
  slope: pkg 8.976 J/exec (intercept 0.5039 J), wall 0.686426 s/exec (intercept 0.092277 s)
[17/53] queries/tpch/tpch-queries/q07/v2_union_all.sql (2 warmup [warm ones = N=1 anchor] + 3 x5)
  warmup 1/2: 0.783162 sec, 1 copy (cache prime)
  warmup 2/2: 0.791874 sec, 1 copy (N=1 anchor)
  batch 1/3: 3.629627 sec, 5 copies (server sum 3515.533 ms)
  batch 2/3: 3.579444 sec, 5 copies (server sum 3524.870 ms)
  batch 3/3: 3.382075 sec, 5 copies (server sum 3254.855 ms)
  slope: pkg 5.093 J/exec (intercept 0.861 J), wall 0.684627 s/exec (intercept 0.107247 s)
[18/53] queries/tpch/tpch-queries/q08/base.sql (2 warmup [warm ones = N=1 anchor] + 3 x5)
  warmup 1/2: 0.382989 sec, 1 copy (cache prime)
  warmup 2/2: 0.402112 sec, 1 copy (N=1 anchor)
  batch 1/3: 1.539200 sec, 5 copies (server sum 1415.621 ms)
  batch 2/3: 1.523559 sec, 5 copies (server sum 1404.761 ms)
  batch 3/3: 1.499472 sec, 5 copies (server sum 1392.562 ms)
  slope: pkg 3.705 J/exec (intercept 0.6931 J), wall 0.279658 s/exec (intercept 0.122454 s)
[19/53] queries/tpch/tpch-queries/q08/v1_materialized.sql (2 warmup [warm ones = N=1 anchor] + 3 x5)
  warmup 1/2: 0.318574 sec, 1 copy (cache prime)
  warmup 2/2: 0.409344 sec, 1 copy (N=1 anchor)
  batch 1/3: 1.543763 sec, 5 copies (server sum 1405.777 ms)
  batch 2/3: 1.514826 sec, 5 copies (server sum 1389.031 ms)
  batch 3/3: 1.483192 sec, 5 copies (server sum 1374.675 ms)
  slope: pkg 3.716 J/exec (intercept 0.7323 J), wall 0.276146 s/exec (intercept 0.133198 s)
[20/53] queries/tpch/tpch-queries/q08/v2_filter.sql (2 warmup [warm ones = N=1 anchor] + 3 x5)
  warmup 1/2: 0.406176 sec, 1 copy (cache prime)
  warmup 2/2: 0.324249 sec, 1 copy (N=1 anchor)
  batch 1/3: 1.524781 sec, 5 copies (server sum 1396.448 ms)
  batch 2/3: 1.507574 sec, 5 copies (server sum 1399.115 ms)
  batch 3/3: 1.462669 sec, 5 copies (server sum 1338.780 ms)
  slope: pkg 3.714 J/exec (intercept 0.9635 J), wall 0.293523 s/exec (intercept 0.030725 s)
[21/53] queries/tpch/tpch-queries/q09/base.sql (2 warmup [warm ones = N=1 anchor] + 3 x5)
  warmup 1/2: 1.570859 sec, 1 copy (cache prime)
  warmup 2/2: 1.548497 sec, 1 copy (N=1 anchor)
  batch 1/3: 7.289448 sec, 5 copies (server sum 7173.834 ms)
  batch 2/3: 7.354097 sec, 5 copies (server sum 7214.268 ms)
  batch 3/3: 7.345185 sec, 5 copies (server sum 7209.513 ms)
  slope: pkg 21.48 J/exec (intercept 0.2679 J), wall 1.445270 s/exec (intercept 0.103228 s)
[22/53] queries/tpch/tpch-queries/q09/v1_materialized.sql (2 warmup [warm ones = N=1 anchor] + 3 x5)
  warmup 1/2: 1.561931 sec, 1 copy (cache prime)
  warmup 2/2: 1.549253 sec, 1 copy (N=1 anchor)
  batch 1/3: 7.378573 sec, 5 copies (server sum 7240.677 ms)
  batch 2/3: 7.320566 sec, 5 copies (server sum 7187.163 ms)
  batch 3/3: 7.304506 sec, 5 copies (server sum 7191.850 ms)
  slope: pkg 21.41 J/exec (intercept 0.5976 J), wall 1.446324 s/exec (intercept 0.102929 s)
[23/53] queries/tpch/tpch-queries/q10/base.sql (2 warmup [warm ones = N=1 anchor] + 3 x5)
  warmup 1/2: 0.493260 sec, 1 copy (cache prime)
  warmup 2/2: 0.487381 sec, 1 copy (N=1 anchor)
  batch 1/3: 2.000096 sec, 5 copies (server sum 1877.511 ms)
  batch 2/3: 1.992864 sec, 5 copies (server sum 1875.229 ms)
  batch 3/3: 2.007916 sec, 5 copies (server sum 1887.195 ms)
  slope: pkg 6.911 J/exec (intercept 0.691 J), wall 0.378228 s/exec (intercept 0.109153 s)
[24/53] queries/tpch/tpch-queries/q10/v1_materialized.sql (2 warmup [warm ones = N=1 anchor] + 3 x5)
  warmup 1/2: 0.470764 sec, 1 copy (cache prime)
  warmup 2/2: 0.473032 sec, 1 copy (N=1 anchor)
  batch 1/3: 1.913151 sec, 5 copies (server sum 1815.541 ms)
  batch 2/3: 1.926050 sec, 5 copies (server sum 1815.082 ms)
  batch 3/3: 1.917550 sec, 5 copies (server sum 1819.600 ms)
  slope: pkg 6.575 J/exec (intercept 0.8161 J), wall 0.361471 s/exec (intercept 0.111560 s)
[25/53] queries/tpch/tpch-queries/q11/base.sql (2 warmup [warm ones = N=1 anchor] + 3 x5)
  warmup 1/2: 0.186973 sec, 1 copy (cache prime)
  warmup 2/2: 0.125489 sec, 1 copy (N=1 anchor)
  batch 1/3: 0.457299 sec, 5 copies (server sum 405.134 ms)
  batch 2/3: 0.520270 sec, 5 copies (server sum 420.434 ms)
  batch 3/3: 0.518622 sec, 5 copies (server sum 421.669 ms)
  slope: pkg 0.5954 J/exec (intercept 0.7704 J), wall 0.093310 s/exec (intercept 0.032179 s)
[26/53] queries/tpch/tpch-queries/q11/v1_materialized.sql (2 warmup [warm ones = N=1 anchor] + 3 x5)
  warmup 1/2: 0.178587 sec, 1 copy (cache prime)
  warmup 2/2: 0.128809 sec, 1 copy (N=1 anchor)
  batch 1/3: 0.537473 sec, 5 copies (server sum 419.451 ms)
  batch 2/3: 0.527604 sec, 5 copies (server sum 425.080 ms)
  batch 3/3: 0.525967 sec, 5 copies (server sum 425.360 ms)
  slope: pkg 0.6108 J/exec (intercept 0.6518 J), wall 0.100385 s/exec (intercept 0.028424 s)
[27/53] queries/tpch/tpch-queries/q11/v2_cte_threshold.sql (2 warmup [warm ones = N=1 anchor] + 3 x5)
  warmup 1/2: 0.177018 sec, 1 copy (cache prime)
  warmup 2/2: 0.129238 sec, 1 copy (N=1 anchor)
  batch 1/3: 0.536758 sec, 5 copies (server sum 424.812 ms)
  batch 2/3: 0.529582 sec, 5 copies (server sum 429.105 ms)
  batch 3/3: 0.527820 sec, 5 copies (server sum 425.833 ms)
  slope: pkg 0.5907 J/exec (intercept 0.6725 J), wall 0.100537 s/exec (intercept 0.028701 s)
[28/53] queries/tpch/tpch-queries/q12/base.sql (2 warmup [warm ones = N=1 anchor] + 3 x5)
  warmup 1/2: 0.407356 sec, 1 copy (cache prime)
  warmup 2/2: 0.432866 sec, 1 copy (N=1 anchor)
  batch 1/3: 1.640584 sec, 5 copies (server sum 1533.105 ms)
  batch 2/3: 1.690642 sec, 5 copies (server sum 1579.184 ms)
  batch 3/3: 1.668385 sec, 5 copies (server sum 1563.354 ms)
  slope: pkg 8.135 J/exec (intercept 0.3487 J), wall 0.308418 s/exec (intercept 0.124448 s)
[29/53] queries/tpch/tpch-queries/q12/v1_materialized.sql (2 warmup [warm ones = N=1 anchor] + 3 x5)
  warmup 1/2: 0.459218 sec, 1 copy (cache prime)
  warmup 2/2: 0.466380 sec, 1 copy (N=1 anchor)
  batch 1/3: 1.631102 sec, 5 copies (server sum 1525.848 ms)
  batch 2/3: 1.681784 sec, 5 copies (server sum 1575.608 ms)
  batch 3/3: 1.698768 sec, 5 copies (server sum 1592.276 ms)
  slope: pkg 8.215 J/exec (intercept 0.1635 J), wall 0.301043 s/exec (intercept 0.165337 s)
[30/53] queries/tpch/tpch-queries/q12/v2_filter.sql (2 warmup [warm ones = N=1 anchor] + 3 x5)
  warmup 1/2: 0.457349 sec, 1 copy (cache prime)
  warmup 2/2: 0.457208 sec, 1 copy (N=1 anchor)
  batch 1/3: 1.632211 sec, 5 copies (server sum 1527.277 ms)
  batch 2/3: 1.668924 sec, 5 copies (server sum 1563.855 ms)
  batch 3/3: 1.681242 sec, 5 copies (server sum 1575.419 ms)
  slope: pkg 8.268 J/exec (intercept 0.1519 J), wall 0.300896 s/exec (intercept 0.156312 s)
[31/53] queries/tpch/tpch-queries/q13/base.sql (2 warmup [warm ones = N=1 anchor] + 3 x5)
  warmup 1/2: 1.673977 sec, 1 copy (cache prime)
  warmup 2/2: 1.625084 sec, 1 copy (N=1 anchor)
  batch 1/3: 7.429546 sec, 5 copies (server sum 7331.605 ms)
  batch 2/3: 7.326569 sec, 5 copies (server sum 7225.985 ms)
  batch 3/3: 7.366428 sec, 5 copies (server sum 7268.157 ms)
  slope: pkg 9.339 J/exec (intercept 0.6015 J), wall 1.437274 s/exec (intercept 0.187810 s)
[32/53] queries/tpch/tpch-queries/q13/v1_materialized.sql (2 warmup [warm ones = N=1 anchor] + 3 x5)
  warmup 1/2: 1.576972 sec, 1 copy (cache prime)
  warmup 2/2: 1.579340 sec, 1 copy (N=1 anchor)
  batch 1/3: 7.383506 sec, 5 copies (server sum 7285.682 ms)
  batch 2/3: 7.310161 sec, 5 copies (server sum 7211.456 ms)
  batch 3/3: 7.405383 sec, 5 copies (server sum 7304.960 ms)
  slope: pkg 9.239 J/exec (intercept 0.7839 J), wall 1.446753 s/exec (intercept 0.132587 s)
[33/53] queries/tpch/tpch-queries/q13/v2_correlated.sql (2 warmup [warm ones = N=1 anchor] + 3 x5)
  warmup 1/2: 2.162798 sec, 1 copy (cache prime)
  warmup 2/2: 2.166749 sec, 1 copy (N=1 anchor)
  batch 1/3: 10.065807 sec, 5 copies (server sum 9971.619 ms)
  batch 2/3: 10.046289 sec, 5 copies (server sum 9952.859 ms)
  batch 3/3: 10.064575 sec, 5 copies (server sum 9967.581 ms)
  slope: pkg 20.22 J/exec (intercept 1.522 J), wall 1.973035 s/exec (intercept 0.193714 s)
[34/53] queries/tpch/tpch-queries/q14/base.sql (2 warmup [warm ones = N=1 anchor] + 3 x5)
  warmup 1/2: 0.247860 sec, 1 copy (cache prime)
  warmup 2/2: 0.266878 sec, 1 copy (N=1 anchor)
  batch 1/3: 0.886372 sec, 5 copies (server sum 742.123 ms)
  batch 2/3: 0.853129 sec, 5 copies (server sum 798.518 ms)
  batch 3/3: 0.933873 sec, 5 copies (server sum 828.003 ms)
  slope: pkg 3.796 J/exec (intercept 0.9547 J), wall 0.156062 s/exec (intercept 0.110816 s)
[35/53] queries/tpch/tpch-queries/q14/v1_materialized.sql (2 warmup [warm ones = N=1 anchor] + 3 x5)
  warmup 1/2: 0.315609 sec, 1 copy (cache prime)
  warmup 2/2: 0.312135 sec, 1 copy (N=1 anchor)
  batch 1/3: 0.891568 sec, 5 copies (server sum 730.734 ms)
  batch 2/3: 0.898680 sec, 5 copies (server sum 794.851 ms)
  batch 3/3: 0.776402 sec, 5 copies (server sum 732.304 ms)
  slope: pkg 4.294 J/exec (intercept -0.8266 J), wall 0.135854 s/exec (intercept 0.176281 s)
[36/53] queries/tpch/tpch-queries/q14/v2_filter.sql (2 warmup [warm ones = N=1 anchor] + 3 x5)
  warmup 1/2: 0.333042 sec, 1 copy (cache prime)
  warmup 2/2: 0.304333 sec, 1 copy (N=1 anchor)
  batch 1/3: 0.849294 sec, 5 copies (server sum 743.306 ms)
  batch 2/3: 0.915449 sec, 5 copies (server sum 809.772 ms)
  batch 3/3: 0.920916 sec, 5 copies (server sum 808.411 ms)
  slope: pkg 4.118 J/exec (intercept -0.4472 J), wall 0.147722 s/exec (intercept 0.156611 s)
[37/53] queries/tpch/tpch-queries/q15/base.sql (2 warmup [warm ones = N=1 anchor] + 3 x5)
  warmup 1/2: 0.414002 sec, 1 copy (cache prime)
  warmup 2/2: 0.366462 sec, 1 copy (N=1 anchor)
  batch 1/3: 1.220668 sec, 5 copies (server sum 1127.539 ms)
  batch 2/3: 1.150675 sec, 5 copies (server sum 1105.733 ms)
  batch 3/3: 1.202486 sec, 5 copies (server sum 1109.298 ms)
  slope: pkg 2.04 J/exec (intercept 1.64 J), wall 0.206203 s/exec (intercept 0.160259 s)
[38/53] queries/tpch/tpch-queries/q15/v1_materialized.sql (2 warmup [warm ones = N=1 anchor] + 3 x5)
  warmup 1/2: 0.365574 sec, 1 copy (cache prime)
  warmup 2/2: 0.375372 sec, 1 copy (N=1 anchor)
  batch 1/3: 1.229167 sec, 5 copies (server sum 1136.248 ms)
  batch 2/3: 1.239213 sec, 5 copies (server sum 1104.774 ms)
  batch 3/3: 1.161783 sec, 5 copies (server sum 1115.450 ms)
  slope: pkg 2.075 J/exec (intercept 1.435 J), wall 0.208671 s/exec (intercept 0.166701 s)
[39/53] queries/tpch/tpch-queries/q16/base.sql (2 warmup [warm ones = N=1 anchor] + 3 x5)
  warmup 1/2: 0.316371 sec, 1 copy (cache prime)
  warmup 2/2: 0.316426 sec, 1 copy (N=1 anchor)
  batch 1/3: 1.241638 sec, 5 copies (server sum 1138.919 ms)
  batch 2/3: 1.239318 sec, 5 copies (server sum 1132.195 ms)
  batch 3/3: 1.241148 sec, 5 copies (server sum 1133.405 ms)
  slope: pkg 6.191 J/exec (intercept 0.3461 J), wall 0.231069 s/exec (intercept 0.085358 s)
[40/53] queries/tpch/tpch-queries/q16/v1_materialized.sql (2 warmup [warm ones = N=1 anchor] + 3 x5)
  warmup 1/2: 0.328887 sec, 1 copy (cache prime)
  warmup 2/2: 0.333960 sec, 1 copy (N=1 anchor)
  batch 1/3: 1.243820 sec, 5 copies (server sum 1145.007 ms)
  batch 2/3: 1.250326 sec, 5 copies (server sum 1147.596 ms)
  batch 3/3: 1.261295 sec, 5 copies (server sum 1157.221 ms)
  slope: pkg 6.231 J/exec (intercept 0.4981 J), wall 0.229463 s/exec (intercept 0.104497 s)
[41/53] queries/tpch/tpch-queries/q16/v2_not_exists.sql (2 warmup [warm ones = N=1 anchor] + 3 x5)
  warmup 1/2: 0.360331 sec, 1 copy (cache prime)
  warmup 2/2: 0.366910 sec, 1 copy (N=1 anchor)
  batch 1/3: 1.418006 sec, 5 copies (server sum 1310.890 ms)
  batch 2/3: 1.402853 sec, 5 copies (server sum 1305.902 ms)
  batch 3/3: 1.412553 sec, 5 copies (server sum 1311.973 ms)
  slope: pkg 4.993 J/exec (intercept 0.5763 J), wall 0.261057 s/exec (intercept 0.105853 s)
[42/53] queries/tpch/tpch-queries/q17/v2_decorrelate.sql (2 warmup [warm ones = N=1 anchor] + 3 x5)
  warmup 1/2: 4.185100 sec, 1 copy (cache prime)
  warmup 2/2: 4.091612 sec, 1 copy (N=1 anchor)
  batch 1/3: 19.737514 sec, 5 copies (server sum 19642.718 ms)
  batch 2/3: 19.825749 sec, 5 copies (server sum 19728.656 ms)
  batch 3/3: 19.694420 sec, 5 copies (server sum 19600.348 ms)
  slope: pkg 18.15 J/exec (intercept 1.551 J), wall 3.915237 s/exec (intercept 0.176375 s)
[43/53] queries/tpch/tpch-queries/q18/base.sql (2 warmup [warm ones = N=1 anchor] + 3 x5)
  warmup 1/2: 4.339683 sec, 1 copy (cache prime)
  warmup 2/2: 4.373372 sec, 1 copy (N=1 anchor)
  batch 1/3: 21.642365 sec, 5 copies (server sum 21543.419 ms)
  batch 2/3: 22.268847 sec, 5 copies (server sum 22154.995 ms)
  batch 3/3: 22.688931 sec, 5 copies (server sum 22580.620 ms)
  slope: pkg 102.2 J/exec (intercept 4.311 J), wall 4.456669 s/exec (intercept -0.083297 s)
[44/53] queries/tpch/tpch-queries/q18/v1_materialized.sql (2 warmup [warm ones = N=1 anchor] + 3 x5)
  warmup 1/2: 4.643011 sec, 1 copy (cache prime)
  warmup 2/2: 4.638624 sec, 1 copy (N=1 anchor)
  batch 1/3: 22.742462 sec, 5 copies (server sum 22636.132 ms)
  batch 2/3: 22.851156 sec, 5 copies (server sum 22746.864 ms)
  batch 3/3: 22.899348 sec, 5 copies (server sum 22784.899 ms)
  slope: pkg 100.2 J/exec (intercept 1.629 J), wall 4.548091 s/exec (intercept 0.090533 s)
[45/53] queries/tpch/tpch-queries/q18/v2_join.sql (2 warmup [warm ones = N=1 anchor] + 3 x5)
  warmup 1/2: 4.619738 sec, 1 copy (cache prime)
  warmup 2/2: 4.617951 sec, 1 copy (N=1 anchor)
  batch 1/3: 22.688761 sec, 5 copies (server sum 22581.017 ms)
  batch 2/3: 22.842744 sec, 5 copies (server sum 22729.218 ms)
  batch 3/3: 22.707227 sec, 5 copies (server sum 22593.679 ms)
  slope: pkg 99.39 J/exec (intercept 2.056 J), wall 4.532073 s/exec (intercept 0.085877 s)
[46/53] queries/tpch/tpch-queries/q19/base.sql (2 warmup [warm ones = N=1 anchor] + 3 x5)
  warmup 1/2: 0.205782 sec, 1 copy (cache prime)
  warmup 2/2: 0.102244 sec, 1 copy (N=1 anchor)
  batch 1/3: 0.339100 sec, 5 copies (server sum 293.539 ms)
  batch 2/3: 0.403964 sec, 5 copies (server sum 293.755 ms)
  batch 3/3: 0.345520 sec, 5 copies (server sum 300.024 ms)
  slope: pkg 1.11 J/exec (intercept 0.5764 J), wall 0.065154 s/exec (intercept 0.037090 s)
[47/53] queries/tpch/tpch-queries/q19/v1_materialized.sql (2 warmup [warm ones = N=1 anchor] + 3 x5)
  warmup 1/2: 0.099986 sec, 1 copy (cache prime)
  warmup 2/2: 0.100553 sec, 1 copy (N=1 anchor)
  batch 1/3: 0.348249 sec, 5 copies (server sum 302.325 ms)
  batch 2/3: 0.389265 sec, 5 copies (server sum 291.994 ms)
  batch 3/3: 0.398384 sec, 5 copies (server sum 300.207 ms)
  slope: pkg 1.112 J/exec (intercept 0.5997 J), wall 0.069520 s/exec (intercept 0.031033 s)
[48/53] queries/tpch/tpch-queries/q19/v2_union_all.sql (2 warmup [warm ones = N=1 anchor] + 3 x5)
  warmup 1/2: 0.172557 sec, 1 copy (cache prime)
  warmup 2/2: 0.117790 sec, 1 copy (N=1 anchor)
  batch 1/3: 0.403219 sec, 5 copies (server sum 355.583 ms)
  batch 2/3: 0.465297 sec, 5 copies (server sum 360.500 ms)
  batch 3/3: 0.491084 sec, 5 copies (server sum 391.866 ms)
  slope: pkg 1.307 J/exec (intercept 0.6154 J), wall 0.083852 s/exec (intercept 0.033938 s)
[49/53] queries/tpch/tpch-queries/q21/base.sql (2 warmup [warm ones = N=1 anchor] + 3 x5)
  warmup 1/2: 0.613990 sec, 1 copy (cache prime)
  warmup 2/2: 0.541088 sec, 1 copy (N=1 anchor)
  batch 1/3: 2.626499 sec, 5 copies (server sum 2574.413 ms)
  batch 2/3: 2.691788 sec, 5 copies (server sum 2588.730 ms)
  batch 3/3: 2.682620 sec, 5 copies (server sum 2559.465 ms)
  slope: pkg 11.54 J/exec (intercept 0.7663 J), wall 0.531470 s/exec (intercept 0.009618 s)
[50/53] queries/tpch/tpch-queries/q21/v1_materialized.sql (2 warmup [warm ones = N=1 anchor] + 3 x5)
  warmup 1/2: 0.633330 sec, 1 copy (cache prime)
  warmup 2/2: 0.641672 sec, 1 copy (N=1 anchor)
  batch 1/3: 2.680361 sec, 5 copies (server sum 2581.311 ms)
  batch 2/3: 2.660426 sec, 5 copies (server sum 2550.483 ms)
  batch 3/3: 2.750701 sec, 5 copies (server sum 2635.560 ms)
  slope: pkg 11.07 J/exec (intercept 1.198 J), wall 0.513873 s/exec (intercept 0.127799 s)
[51/53] queries/tpch/tpch-queries/q22/base.sql (2 warmup [warm ones = N=1 anchor] + 3 x5)
  warmup 1/2: 0.122956 sec, 1 copy (cache prime)
  warmup 2/2: 0.119678 sec, 1 copy (N=1 anchor)
  batch 1/3: 0.439027 sec, 5 copies (server sum 394.111 ms)
  batch 2/3: 0.519024 sec, 5 copies (server sum 405.076 ms)
  batch 3/3: 0.513376 sec, 5 copies (server sum 393.398 ms)
  slope: pkg 1.706 J/exec (intercept 0.5048 J), wall 0.092699 s/exec (intercept 0.026979 s)
[52/53] queries/tpch/tpch-queries/q22/v1_materialized.sql (2 warmup [warm ones = N=1 anchor] + 3 x5)
  warmup 1/2: 0.182357 sec, 1 copy (cache prime)
  warmup 2/2: 0.119822 sec, 1 copy (N=1 anchor)
  batch 1/3: 0.438309 sec, 5 copies (server sum 392.170 ms)
  batch 2/3: 0.502192 sec, 5 copies (server sum 393.299 ms)
  batch 3/3: 0.498143 sec, 5 copies (server sum 392.717 ms)
  slope: pkg 1.695 J/exec (intercept 0.521 J), wall 0.089932 s/exec (intercept 0.029890 s)
[53/53] queries/tpch/tpch-queries/q22/v2_anti_join.sql (2 warmup [warm ones = N=1 anchor] + 3 x5)
  warmup 1/2: 0.245045 sec, 1 copy (cache prime)
  warmup 2/2: 0.189765 sec, 1 copy (N=1 anchor)
  batch 1/3: 0.727123 sec, 5 copies (server sum 682.803 ms)
  batch 2/3: 0.827621 sec, 5 copies (server sum 717.685 ms)
  batch 3/3: 0.808318 sec, 5 copies (server sum 699.742 ms)
  slope: pkg 3.515 J/exec (intercept 0.6115 J), wall 0.149480 s/exec (intercept 0.040285 s)

Done. Batch rows appended to logs/parallel_leader_participation/plp_off/query_timing_tpch_idx.csv
Per-copy samples appended to logs/parallel_leader_participation/plp_off/query_samples_tpch_idx.csv
Relation sizes appended to logs/parallel_leader_participation/plp_off/query_catalog_tpch_idx.csv
Per-query slope/intercept appended to logs/parallel_leader_participation/plp_off/query_slope_tpch_idx.csv
make: Leaving directory '/home/user01/GreenSQL'
