make: Entering directory '/home/user01/GreenSQL'
query_runner configuration:
  QUERY_DIR      = queries/tpch/tpch-queries
  LOG_FILE       = logs/parallel_leader_participation/plp_off/query_timing_tpch.csv
  SAMPLE_FILE    = logs/parallel_leader_participation/plp_off/query_samples_tpch.csv
  CATALOG_FILE   = logs/parallel_leader_participation/plp_off/query_catalog_tpch.csv
  SLOPE_FILE     = logs/parallel_leader_participation/plp_off/query_slope_tpch.csv
  DB_NAME        = tpch
  DB_USER        = postgres
  PGPORT         = 5434
  PG_VERSION     = 18.4  (as reported by the server on that port)
  BATCHNUM       = 5 (slope sizes: 1 copy and 5 copies)
  RUNS           = 3 (measured batches per size)
  WARMUP         = 2 (single-copy; #1 primes cache, warm ones = N=1 anchor)
  WORKERS        = (planner default)
  STATEMENT_TIMEOUT = 900
  SIGLESS_ADDR   = (disabled)
Found 53 queries under queries/tpch/tpch-queries

Catalog snapshot: 11 relations -> logs/parallel_leader_participation/plp_off/query_catalog_tpch.csv
[1/53] queries/tpch/tpch-queries/q01/base.sql (2 warmup [warm ones = N=1 anchor] + 3 x5)
  warmup 1/2: 1.535779 sec, 1 copy (cache prime)
  warmup 2/2: 1.571416 sec, 1 copy (N=1 anchor)
  batch 1/3: 8.582487 sec, 5 copies (server sum 8465.021 ms)
  batch 2/3: 8.568699 sec, 5 copies (server sum 8447.413 ms)
  batch 3/3: 8.576738 sec, 5 copies (server sum 8455.881 ms)
  slope: pkg 35.82 J/exec (intercept 8.716 J), wall 1.751140 s/exec (intercept -0.179723 s)
[2/53] queries/tpch/tpch-queries/q01/v1_materialized.sql (2 warmup [warm ones = N=1 anchor] + 3 x5)
  warmup 1/2: 1.810917 sec, 1 copy (cache prime)
  warmup 2/2: 1.814509 sec, 1 copy (N=1 anchor)
  batch 1/3: 8.586600 sec, 5 copies (server sum 8457.038 ms)
  batch 2/3: 8.571980 sec, 5 copies (server sum 8452.121 ms)
  batch 3/3: 8.570680 sec, 5 copies (server sum 8452.223 ms)
  slope: pkg 37.07 J/exec (intercept 2.793 J), wall 1.690478 s/exec (intercept 0.124031 s)
[3/53] queries/tpch/tpch-queries/q02/base.sql (2 warmup [warm ones = N=1 anchor] + 3 x5)
  warmup 1/2: 46.532900 sec, 1 copy (cache prime)
  warmup 2/2: 46.793269 sec, 1 copy (N=1 anchor)
  batch 1/3: 231.437579 sec, 5 copies (server sum 231341.469 ms)
  batch 2/3: 230.296886 sec, 5 copies (server sum 230201.018 ms)
  batch 3/3: 231.546346 sec, 5 copies (server sum 231450.330 ms)
  slope: pkg 513.4 J/exec (intercept 5.962 J), wall 46.075084 s/exec (intercept 0.718185 s)
[4/53] queries/tpch/tpch-queries/q02/v1_materialized.sql (2 warmup [warm ones = N=1 anchor] + 3 x5)
  warmup 1/2: 46.663317 sec, 1 copy (cache prime)
  warmup 2/2: 46.402783 sec, 1 copy (N=1 anchor)
  batch 1/3: 235.040632 sec, 5 copies (server sum 234942.891 ms)
  batch 2/3: 233.190492 sec, 5 copies (server sum 233090.395 ms)
  batch 3/3: 229.518898 sec, 5 copies (server sum 229419.387 ms)
  slope: pkg -2.132e+04 J/exec (intercept 2.184e+04 J), wall 46.545139 s/exec (intercept -0.142356 s)
[5/53] queries/tpch/tpch-queries/q02/v2_decorrelate.sql (2 warmup [warm ones = N=1 anchor] + 3 x5)
  warmup 1/2: 0.296885 sec, 1 copy (cache prime)
  warmup 2/2: 0.328917 sec, 1 copy (N=1 anchor)
  batch 1/3: 1.230889 sec, 5 copies (server sum 1118.158 ms)
  batch 2/3: 1.230957 sec, 5 copies (server sum 1124.877 ms)
  batch 3/3: 1.224889 sec, 5 copies (server sum 1123.612 ms)
  slope: pkg 3.397 J/exec (intercept 0.6438 J), wall 0.224999 s/exec (intercept 0.103919 s)
[6/53] queries/tpch/tpch-queries/q03/base.sql (2 warmup [warm ones = N=1 anchor] + 3 x5)
  warmup 1/2: 0.430257 sec, 1 copy (cache prime)
  warmup 2/2: 0.480214 sec, 1 copy (N=1 anchor)
  batch 1/3: 1.597321 sec, 5 copies (server sum 1550.574 ms)
  batch 2/3: 1.701942 sec, 5 copies (server sum 1592.227 ms)
  batch 3/3: 1.681536 sec, 5 copies (server sum 1586.514 ms)
  slope: pkg 8.214 J/exec (intercept 0.7095 J), wall 0.295013 s/exec (intercept 0.185200 s)
[7/53] queries/tpch/tpch-queries/q03/v1_materialized.sql (2 warmup [warm ones = N=1 anchor] + 3 x5)
  warmup 1/2: 0.452156 sec, 1 copy (cache prime)
  warmup 2/2: 0.441890 sec, 1 copy (N=1 anchor)
  batch 1/3: 1.689387 sec, 5 copies (server sum 1594.075 ms)
  batch 2/3: 1.706403 sec, 5 copies (server sum 1598.639 ms)
  batch 3/3: 1.705958 sec, 5 copies (server sum 1600.226 ms)
  slope: pkg 8.417 J/exec (intercept 0.6093 J), wall 0.314673 s/exec (intercept 0.127217 s)
[8/53] queries/tpch/tpch-queries/q04/base.sql (2 warmup [warm ones = N=1 anchor] + 3 x5)
  warmup 1/2: 0.242923 sec, 1 copy (cache prime)
  warmup 2/2: 0.250905 sec, 1 copy (N=1 anchor)
  batch 1/3: 0.686000 sec, 5 copies (server sum 636.932 ms)
  batch 2/3: 0.762864 sec, 5 copies (server sum 669.296 ms)
  batch 3/3: 0.765813 sec, 5 copies (server sum 672.481 ms)
  slope: pkg 3.555 J/exec (intercept -0.05225 J), wall 0.121830 s/exec (intercept 0.129074 s)
[9/53] queries/tpch/tpch-queries/q04/v1_materialized.sql (2 warmup [warm ones = N=1 anchor] + 3 x5)
  warmup 1/2: 0.257584 sec, 1 copy (cache prime)
  warmup 2/2: 0.294463 sec, 1 copy (N=1 anchor)
  batch 1/3: 0.732446 sec, 5 copies (server sum 638.088 ms)
  batch 2/3: 0.752358 sec, 5 copies (server sum 658.873 ms)
  batch 3/3: 0.761779 sec, 5 copies (server sum 655.078 ms)
  slope: pkg 3.564 J/exec (intercept 0.08789 J), wall 0.113599 s/exec (intercept 0.180864 s)
[10/53] queries/tpch/tpch-queries/q04/v2_in.sql (2 warmup [warm ones = N=1 anchor] + 3 x5)
  warmup 1/2: 0.167777 sec, 1 copy (cache prime)
  warmup 2/2: 0.167996 sec, 1 copy (N=1 anchor)
  batch 1/3: 0.701075 sec, 5 copies (server sum 633.134 ms)
  batch 2/3: 0.765698 sec, 5 copies (server sum 672.342 ms)
  batch 3/3: 0.744691 sec, 5 copies (server sum 650.506 ms)
  slope: pkg 3.444 J/exec (intercept 0.7249 J), wall 0.142290 s/exec (intercept 0.025707 s)
[11/53] queries/tpch/tpch-queries/q05/base.sql (2 warmup [warm ones = N=1 anchor] + 3 x5)
  warmup 1/2: 0.507272 sec, 1 copy (cache prime)
  warmup 2/2: 0.503801 sec, 1 copy (N=1 anchor)
  batch 1/3: 2.127927 sec, 5 copies (server sum 2026.367 ms)
  batch 2/3: 2.093795 sec, 5 copies (server sum 1992.900 ms)
  batch 3/3: 2.012778 sec, 5 copies (server sum 1910.368 ms)
  slope: pkg 3.746 J/exec (intercept 0.6452 J), wall 0.393592 s/exec (intercept 0.110209 s)
[12/53] queries/tpch/tpch-queries/q05/v1_materialized.sql (2 warmup [warm ones = N=1 anchor] + 3 x5)
  warmup 1/2: 0.490882 sec, 1 copy (cache prime)
  warmup 2/2: 0.480946 sec, 1 copy (N=1 anchor)
  batch 1/3: 2.060691 sec, 5 copies (server sum 1962.133 ms)
  batch 2/3: 2.055324 sec, 5 copies (server sum 1948.814 ms)
  batch 3/3: 2.029937 sec, 5 copies (server sum 1926.810 ms)
  slope: pkg 3.789 J/exec (intercept 0.7326 J), wall 0.391926 s/exec (intercept 0.089020 s)
[13/53] queries/tpch/tpch-queries/q06/base.sql (2 warmup [warm ones = N=1 anchor] + 3 x5)
  warmup 1/2: 0.336996 sec, 1 copy (cache prime)
  warmup 2/2: 0.401780 sec, 1 copy (N=1 anchor)
  batch 1/3: 1.322330 sec, 5 copies (server sum 1221.979 ms)
  batch 2/3: 1.325469 sec, 5 copies (server sum 1225.204 ms)
  batch 3/3: 1.368109 sec, 5 copies (server sum 1262.392 ms)
  slope: pkg 8.492 J/exec (intercept -0.6188 J), wall 0.234214 s/exec (intercept 0.167566 s)
[14/53] queries/tpch/tpch-queries/q06/v1_materialized.sql (2 warmup [warm ones = N=1 anchor] + 3 x5)
  warmup 1/2: 0.406327 sec, 1 copy (cache prime)
  warmup 2/2: 0.406411 sec, 1 copy (N=1 anchor)
  batch 1/3: 1.365111 sec, 5 copies (server sum 1264.947 ms)
  batch 2/3: 1.289183 sec, 5 copies (server sum 1232.515 ms)
  batch 3/3: 1.390831 sec, 5 copies (server sum 1285.164 ms)
  slope: pkg 8.158 J/exec (intercept -0.1716 J), wall 0.235491 s/exec (intercept 0.170920 s)
[15/53] queries/tpch/tpch-queries/q07/base.sql (2 warmup [warm ones = N=1 anchor] + 3 x5)
  warmup 1/2: 0.582820 sec, 1 copy (cache prime)
  warmup 2/2: 0.516490 sec, 1 copy (N=1 anchor)
  batch 1/3: 2.341272 sec, 5 copies (server sum 2238.396 ms)
  batch 2/3: 2.306773 sec, 5 copies (server sum 2207.344 ms)
  batch 3/3: 2.364898 sec, 5 copies (server sum 2264.060 ms)
  slope: pkg 5.182 J/exec (intercept 0.862 J), wall 0.455289 s/exec (intercept 0.061201 s)
[16/53] queries/tpch/tpch-queries/q07/v1_materialized.sql (2 warmup [warm ones = N=1 anchor] + 3 x5)
  warmup 1/2: 0.557375 sec, 1 copy (cache prime)
  warmup 2/2: 0.570628 sec, 1 copy (N=1 anchor)
  batch 1/3: 2.371026 sec, 5 copies (server sum 2271.866 ms)
  batch 2/3: 2.313828 sec, 5 copies (server sum 2212.570 ms)
  batch 3/3: 2.270664 sec, 5 copies (server sum 2217.622 ms)
  slope: pkg 5.275 J/exec (intercept 0.2149 J), wall 0.436969 s/exec (intercept 0.133659 s)
[17/53] queries/tpch/tpch-queries/q07/v2_union_all.sql (2 warmup [warm ones = N=1 anchor] + 3 x5)
  warmup 1/2: 0.561086 sec, 1 copy (cache prime)
  warmup 2/2: 0.513775 sec, 1 copy (N=1 anchor)
  batch 1/3: 2.321823 sec, 5 copies (server sum 2216.298 ms)
  batch 2/3: 2.431462 sec, 5 copies (server sum 2314.572 ms)
  batch 3/3: 2.373417 sec, 5 copies (server sum 2273.104 ms)
  slope: pkg 5.14 J/exec (intercept 1.159 J), wall 0.465448 s/exec (intercept 0.048327 s)
[18/53] queries/tpch/tpch-queries/q08/base.sql (2 warmup [warm ones = N=1 anchor] + 3 x5)
  warmup 1/2: 0.686837 sec, 1 copy (cache prime)
  warmup 2/2: 0.630644 sec, 1 copy (N=1 anchor)
  batch 1/3: 2.995802 sec, 5 copies (server sum 2892.764 ms)
  batch 2/3: 2.987095 sec, 5 copies (server sum 2858.062 ms)
  batch 3/3: 2.980385 sec, 5 copies (server sum 2873.415 ms)
  slope: pkg 6.529 J/exec (intercept 0.8257 J), wall 0.589279 s/exec (intercept 0.041365 s)
[19/53] queries/tpch/tpch-queries/q08/v1_materialized.sql (2 warmup [warm ones = N=1 anchor] + 3 x5)
  warmup 1/2: 0.690162 sec, 1 copy (cache prime)
  warmup 2/2: 0.675410 sec, 1 copy (N=1 anchor)
  batch 1/3: 2.968078 sec, 5 copies (server sum 2866.319 ms)
  batch 2/3: 3.001482 sec, 5 copies (server sum 2875.953 ms)
  batch 3/3: 2.995992 sec, 5 copies (server sum 2866.833 ms)
  slope: pkg 6.542 J/exec (intercept 0.9318 J), wall 0.578277 s/exec (intercept 0.097134 s)
[20/53] queries/tpch/tpch-queries/q08/v2_filter.sql (2 warmup [warm ones = N=1 anchor] + 3 x5)
  warmup 1/2: 0.689937 sec, 1 copy (cache prime)
  warmup 2/2: 0.692460 sec, 1 copy (N=1 anchor)
  batch 1/3: 3.013944 sec, 5 copies (server sum 2888.654 ms)
  batch 2/3: 2.961170 sec, 5 copies (server sum 2857.069 ms)
  batch 3/3: 3.003826 sec, 5 copies (server sum 2871.287 ms)
  slope: pkg 6.529 J/exec (intercept 0.861 J), wall 0.575130 s/exec (intercept 0.117330 s)
[21/53] queries/tpch/tpch-queries/q09/base.sql (2 warmup [warm ones = N=1 anchor] + 3 x5)
  warmup 1/2: 1.269930 sec, 1 copy (cache prime)
  warmup 2/2: 1.280010 sec, 1 copy (N=1 anchor)
  batch 1/3: 5.739453 sec, 5 copies (server sum 5691.591 ms)
  batch 2/3: 5.866673 sec, 5 copies (server sum 5754.137 ms)
  batch 3/3: 5.796270 sec, 5 copies (server sum 5679.718 ms)
  slope: pkg 21.81 J/exec (intercept -0.1638 J), wall 1.130197 s/exec (intercept 0.149812 s)
[22/53] queries/tpch/tpch-queries/q09/v1_materialized.sql (2 warmup [warm ones = N=1 anchor] + 3 x5)
  warmup 1/2: 1.240107 sec, 1 copy (cache prime)
  warmup 2/2: 1.227120 sec, 1 copy (N=1 anchor)
  batch 1/3: 5.812791 sec, 5 copies (server sum 5698.429 ms)
  batch 2/3: 5.785842 sec, 5 copies (server sum 5673.491 ms)
  batch 3/3: 5.816587 sec, 5 copies (server sum 5707.024 ms)
  slope: pkg 21.86 J/exec (intercept 0.7149 J), wall 1.144488 s/exec (intercept 0.082632 s)
[23/53] queries/tpch/tpch-queries/q10/base.sql (2 warmup [warm ones = N=1 anchor] + 3 x5)
  warmup 1/2: 0.392406 sec, 1 copy (cache prime)
  warmup 2/2: 0.417295 sec, 1 copy (N=1 anchor)
  batch 1/3: 1.546304 sec, 5 copies (server sum 1420.158 ms)
  batch 2/3: 1.540289 sec, 5 copies (server sum 1421.739 ms)
  batch 3/3: 1.561665 sec, 5 copies (server sum 1441.731 ms)
  slope: pkg 7.907 J/exec (intercept 0.614 J), wall 0.283031 s/exec (intercept 0.134264 s)
[24/53] queries/tpch/tpch-queries/q10/v1_materialized.sql (2 warmup [warm ones = N=1 anchor] + 3 x5)
  warmup 1/2: 0.441974 sec, 1 copy (cache prime)
  warmup 2/2: 0.432375 sec, 1 copy (N=1 anchor)
  batch 1/3: 1.598959 sec, 5 copies (server sum 1485.953 ms)
  batch 2/3: 1.573470 sec, 5 copies (server sum 1466.101 ms)
  batch 3/3: 1.631563 sec, 5 copies (server sum 1514.229 ms)
  slope: pkg 7.928 J/exec (intercept 0.9224 J), wall 0.292239 s/exec (intercept 0.140136 s)
[25/53] queries/tpch/tpch-queries/q11/base.sql (2 warmup [warm ones = N=1 anchor] + 3 x5)
  warmup 1/2: 0.240564 sec, 1 copy (cache prime)
  warmup 2/2: 0.241959 sec, 1 copy (N=1 anchor)
  batch 1/3: 0.507687 sec, 5 copies (server sum 464.425 ms)
  batch 2/3: 0.617633 sec, 5 copies (server sum 507.533 ms)
  batch 3/3: 0.613885 sec, 5 copies (server sum 502.839 ms)
  slope: pkg 2.577 J/exec (intercept 0.01832 J), wall 0.084444 s/exec (intercept 0.157516 s)
[26/53] queries/tpch/tpch-queries/q11/v1_materialized.sql (2 warmup [warm ones = N=1 anchor] + 3 x5)
  warmup 1/2: 0.249156 sec, 1 copy (cache prime)
  warmup 2/2: 0.210693 sec, 1 copy (N=1 anchor)
  batch 1/3: 0.505224 sec, 5 copies (server sum 461.540 ms)
  batch 2/3: 0.631670 sec, 5 copies (server sum 521.396 ms)
  batch 3/3: 0.514207 sec, 5 copies (server sum 470.508 ms)
  slope: pkg 2.503 J/exec (intercept 0.6188 J), wall 0.084918 s/exec (intercept 0.125775 s)
[27/53] queries/tpch/tpch-queries/q11/v2_cte_threshold.sql (2 warmup [warm ones = N=1 anchor] + 3 x5)
  warmup 1/2: 0.274001 sec, 1 copy (cache prime)
  warmup 2/2: 0.216440 sec, 1 copy (N=1 anchor)
  batch 1/3: 0.523355 sec, 5 copies (server sum 479.874 ms)
  batch 2/3: 0.523522 sec, 5 copies (server sum 479.630 ms)
  batch 3/3: 0.630662 sec, 5 copies (server sum 520.151 ms)
  slope: pkg 2.483 J/exec (intercept 0.7027 J), wall 0.085685 s/exec (intercept 0.130755 s)
[28/53] queries/tpch/tpch-queries/q12/base.sql (2 warmup [warm ones = N=1 anchor] + 3 x5)
  warmup 1/2: 0.684686 sec, 1 copy (cache prime)
  warmup 2/2: 0.660658 sec, 1 copy (N=1 anchor)
  batch 1/3: 2.765253 sec, 5 copies (server sum 2722.398 ms)
  batch 2/3: 2.912393 sec, 5 copies (server sum 2805.407 ms)
  batch 3/3: 2.902812 sec, 5 copies (server sum 2794.523 ms)
  slope: pkg 13.17 J/exec (intercept 1.128 J), wall 0.549874 s/exec (intercept 0.110784 s)
[29/53] queries/tpch/tpch-queries/q12/v1_materialized.sql (2 warmup [warm ones = N=1 anchor] + 3 x5)
  warmup 1/2: 0.670015 sec, 1 copy (cache prime)
  warmup 2/2: 0.679502 sec, 1 copy (N=1 anchor)
  batch 1/3: 2.925896 sec, 5 copies (server sum 2812.700 ms)
  batch 2/3: 2.896034 sec, 5 copies (server sum 2794.730 ms)
  batch 3/3: 2.893944 sec, 5 copies (server sum 2788.743 ms)
  slope: pkg 13.16 J/exec (intercept 0.8512 J), wall 0.556447 s/exec (intercept 0.123055 s)
[30/53] queries/tpch/tpch-queries/q12/v2_filter.sql (2 warmup [warm ones = N=1 anchor] + 3 x5)
  warmup 1/2: 0.675625 sec, 1 copy (cache prime)
  warmup 2/2: 0.680429 sec, 1 copy (N=1 anchor)
  batch 1/3: 2.862366 sec, 5 copies (server sum 2768.785 ms)
  batch 2/3: 2.855804 sec, 5 copies (server sum 2760.445 ms)
  batch 3/3: 2.897822 sec, 5 copies (server sum 2790.993 ms)
  slope: pkg 13.2 J/exec (intercept 0.7263 J), wall 0.547892 s/exec (intercept 0.132537 s)
[31/53] queries/tpch/tpch-queries/q13/base.sql (2 warmup [warm ones = N=1 anchor] + 3 x5)
  warmup 1/2: 1.664854 sec, 1 copy (cache prime)
  warmup 2/2: 1.625191 sec, 1 copy (N=1 anchor)
  batch 1/3: 7.521324 sec, 5 copies (server sum 7416.188 ms)
  batch 2/3: 7.393918 sec, 5 copies (server sum 7294.026 ms)
  batch 3/3: 7.448912 sec, 5 copies (server sum 7339.990 ms)
  slope: pkg 9.215 J/exec (intercept 0.6255 J), wall 1.457382 s/exec (intercept 0.167809 s)
[32/53] queries/tpch/tpch-queries/q13/v1_materialized.sql (2 warmup [warm ones = N=1 anchor] + 3 x5)
  warmup 1/2: 1.580256 sec, 1 copy (cache prime)
  warmup 2/2: 1.596766 sec, 1 copy (N=1 anchor)
  batch 1/3: 7.451027 sec, 5 copies (server sum 7354.078 ms)
  batch 2/3: 7.326593 sec, 5 copies (server sum 7227.532 ms)
  batch 3/3: 7.329857 sec, 5 copies (server sum 7258.068 ms)
  slope: pkg 9.121 J/exec (intercept 0.6771 J), wall 1.443098 s/exec (intercept 0.153667 s)
[33/53] queries/tpch/tpch-queries/q13/v2_correlated.sql (2 warmup [warm ones = N=1 anchor] + 3 x5)
  warmup 1/2: 2.152683 sec, 1 copy (cache prime)
  warmup 2/2: 2.168210 sec, 1 copy (N=1 anchor)
  batch 1/3: 9.937999 sec, 5 copies (server sum 9845.546 ms)
  batch 2/3: 9.851285 sec, 5 copies (server sum 9808.614 ms)
  batch 3/3: 9.989225 sec, 5 copies (server sum 9893.267 ms)
  slope: pkg 19.81 J/exec (intercept 1.143 J), wall 1.939490 s/exec (intercept 0.228720 s)
[34/53] queries/tpch/tpch-queries/q14/base.sql (2 warmup [warm ones = N=1 anchor] + 3 x5)
  warmup 1/2: 0.366195 sec, 1 copy (cache prime)
  warmup 2/2: 0.413812 sec, 1 copy (N=1 anchor)
  batch 1/3: 1.457318 sec, 5 copies (server sum 1357.424 ms)
  batch 2/3: 1.476532 sec, 5 copies (server sum 1371.320 ms)
  batch 3/3: 1.471798 sec, 5 copies (server sum 1366.061 ms)
  slope: pkg 8.754 J/exec (intercept -0.6693 J), wall 0.263684 s/exec (intercept 0.150128 s)
[35/53] queries/tpch/tpch-queries/q14/v1_materialized.sql (2 warmup [warm ones = N=1 anchor] + 3 x5)
  warmup 1/2: 0.308044 sec, 1 copy (cache prime)
  warmup 2/2: 0.441848 sec, 1 copy (N=1 anchor)
  batch 1/3: 1.475525 sec, 5 copies (server sum 1370.289 ms)
  batch 2/3: 1.455123 sec, 5 copies (server sum 1354.624 ms)
  batch 3/3: 1.430910 sec, 5 copies (server sum 1329.509 ms)
  slope: pkg 8.929 J/exec (intercept -0.8707 J), wall 0.253001 s/exec (intercept 0.188847 s)
[36/53] queries/tpch/tpch-queries/q14/v2_filter.sql (2 warmup [warm ones = N=1 anchor] + 3 x5)
  warmup 1/2: 0.450851 sec, 1 copy (cache prime)
  warmup 2/2: 0.308696 sec, 1 copy (N=1 anchor)
  batch 1/3: 1.332516 sec, 5 copies (server sum 1289.899 ms)
  batch 2/3: 1.464017 sec, 5 copies (server sum 1361.437 ms)
  batch 3/3: 1.508436 sec, 5 copies (server sum 1401.545 ms)
  slope: pkg 8.356 J/exec (intercept 1.42 J), wall 0.281573 s/exec (intercept 0.027122 s)
[37/53] queries/tpch/tpch-queries/q15/base.sql (2 warmup [warm ones = N=1 anchor] + 3 x5)
  warmup 1/2: 0.468494 sec, 1 copy (cache prime)
  warmup 2/2: 0.365367 sec, 1 copy (N=1 anchor)
  batch 1/3: 1.640457 sec, 5 copies (server sum 1538.923 ms)
  batch 2/3: 1.689343 sec, 5 copies (server sum 1586.539 ms)
  batch 3/3: 1.709220 sec, 5 copies (server sum 1600.669 ms)
  slope: pkg 8.735 J/exec (intercept 1.094 J), wall 0.328577 s/exec (intercept 0.036791 s)
[38/53] queries/tpch/tpch-queries/q15/v1_materialized.sql (2 warmup [warm ones = N=1 anchor] + 3 x5)
  warmup 1/2: 0.493666 sec, 1 copy (cache prime)
  warmup 2/2: 0.474332 sec, 1 copy (N=1 anchor)
  batch 1/3: 1.688859 sec, 5 copies (server sum 1580.729 ms)
  batch 2/3: 1.731174 sec, 5 copies (server sum 1614.623 ms)
  batch 3/3: 1.617592 sec, 5 copies (server sum 1573.739 ms)
  slope: pkg 8.703 J/exec (intercept 0.4178 J), wall 0.301219 s/exec (intercept 0.173113 s)
[39/53] queries/tpch/tpch-queries/q16/base.sql (2 warmup [warm ones = N=1 anchor] + 3 x5)
  warmup 1/2: 0.460850 sec, 1 copy (cache prime)
  warmup 2/2: 0.381052 sec, 1 copy (N=1 anchor)
  batch 1/3: 1.516444 sec, 5 copies (server sum 1410.627 ms)
  batch 2/3: 1.457583 sec, 5 copies (server sum 1352.404 ms)
  batch 3/3: 1.501564 sec, 5 copies (server sum 1397.299 ms)
  slope: pkg 6.067 J/exec (intercept 0.7584 J), wall 0.277703 s/exec (intercept 0.103350 s)
[40/53] queries/tpch/tpch-queries/q16/v1_materialized.sql (2 warmup [warm ones = N=1 anchor] + 3 x5)
  warmup 1/2: 0.390494 sec, 1 copy (cache prime)
  warmup 2/2: 0.383200 sec, 1 copy (N=1 anchor)
  batch 1/3: 1.565341 sec, 5 copies (server sum 1460.148 ms)
  batch 2/3: 1.540362 sec, 5 copies (server sum 1445.564 ms)
  batch 3/3: 1.513573 sec, 5 copies (server sum 1385.358 ms)
  slope: pkg 6.138 J/exec (intercept 0.7207 J), wall 0.289140 s/exec (intercept 0.094060 s)
[41/53] queries/tpch/tpch-queries/q16/v2_not_exists.sql (2 warmup [warm ones = N=1 anchor] + 3 x5)
  warmup 1/2: 0.303877 sec, 1 copy (cache prime)
  warmup 2/2: 0.347575 sec, 1 copy (N=1 anchor)
  batch 1/3: 1.450812 sec, 5 copies (server sum 1345.954 ms)
  batch 2/3: 1.447416 sec, 5 copies (server sum 1340.806 ms)
  batch 3/3: 1.342498 sec, 5 copies (server sum 1247.798 ms)
  slope: pkg 5.664 J/exec (intercept 0.6422 J), wall 0.266500 s/exec (intercept 0.081075 s)
[42/53] queries/tpch/tpch-queries/q17/v2_decorrelate.sql (2 warmup [warm ones = N=1 anchor] + 3 x5)
  warmup 1/2: 4.473388 sec, 1 copy (cache prime)
  warmup 2/2: 4.483164 sec, 1 copy (N=1 anchor)
  batch 1/3: 21.746111 sec, 5 copies (server sum 21641.939 ms)
  batch 2/3: 21.675616 sec, 5 copies (server sum 21571.499 ms)
  batch 3/3: 21.668766 sec, 5 copies (server sum 21561.914 ms)
  slope: pkg 60.93 J/exec (intercept -0.7034 J), wall 4.303417 s/exec (intercept 0.179747 s)
[43/53] queries/tpch/tpch-queries/q18/base.sql (2 warmup [warm ones = N=1 anchor] + 3 x5)
  warmup 1/2: 4.443739 sec, 1 copy (cache prime)
  warmup 2/2: 4.438330 sec, 1 copy (N=1 anchor)
  batch 1/3: 22.515490 sec, 5 copies (server sum 22410.829 ms)
  batch 2/3: 22.661768 sec, 5 copies (server sum 22549.729 ms)
  batch 3/3: 22.889750 sec, 5 copies (server sum 22759.827 ms)
  slope: pkg 99.64 J/exec (intercept 9.747 J), wall 4.562668 s/exec (intercept -0.124339 s)
[44/53] queries/tpch/tpch-queries/q18/v1_materialized.sql (2 warmup [warm ones = N=1 anchor] + 3 x5)
  warmup 1/2: 4.647921 sec, 1 copy (cache prime)
  warmup 2/2: 4.636691 sec, 1 copy (N=1 anchor)
  batch 1/3: 22.803466 sec, 5 copies (server sum 22706.658 ms)
  batch 2/3: 22.921221 sec, 5 copies (server sum 22809.031 ms)
  batch 3/3: 22.871594 sec, 5 copies (server sum 22773.261 ms)
  slope: pkg 100 J/exec (intercept 2.288 J), wall 4.557184 s/exec (intercept 0.079507 s)
[45/53] queries/tpch/tpch-queries/q18/v2_join.sql (2 warmup [warm ones = N=1 anchor] + 3 x5)
  warmup 1/2: 4.640132 sec, 1 copy (cache prime)
  warmup 2/2: 4.637799 sec, 1 copy (N=1 anchor)
  batch 1/3: 22.829863 sec, 5 copies (server sum 22720.207 ms)
  batch 2/3: 22.838659 sec, 5 copies (server sum 22718.702 ms)
  batch 3/3: 22.831438 sec, 5 copies (server sum 22710.205 ms)
  slope: pkg 99.72 J/exec (intercept 2.101 J), wall 4.548880 s/exec (intercept 0.088919 s)
[46/53] queries/tpch/tpch-queries/q19/base.sql (2 warmup [warm ones = N=1 anchor] + 3 x5)
  warmup 1/2: 0.529750 sec, 1 copy (cache prime)
  warmup 2/2: 0.515438 sec, 1 copy (N=1 anchor)
  batch 1/3: 2.346707 sec, 5 copies (server sum 2234.439 ms)
  batch 2/3: 2.382568 sec, 5 copies (server sum 2264.385 ms)
  batch 3/3: 2.389522 sec, 5 copies (server sum 2264.403 ms)
  slope: pkg 9.878 J/exec (intercept 3.043 J), wall 0.464374 s/exec (intercept 0.051064 s)
[47/53] queries/tpch/tpch-queries/q19/v1_materialized.sql (2 warmup [warm ones = N=1 anchor] + 3 x5)
  warmup 1/2: 0.602363 sec, 1 copy (cache prime)
  warmup 2/2: 0.578436 sec, 1 copy (N=1 anchor)
  batch 1/3: 2.347716 sec, 5 copies (server sum 2239.180 ms)
  batch 2/3: 2.393595 sec, 5 copies (server sum 2256.888 ms)
  batch 3/3: 2.387033 sec, 5 copies (server sum 2261.953 ms)
  slope: pkg 10.07 J/exec (intercept 2.232 J), wall 0.449420 s/exec (intercept 0.129016 s)
[48/53] queries/tpch/tpch-queries/q19/v2_union_all.sql (2 warmup [warm ones = N=1 anchor] + 3 x5)
  warmup 1/2: 1.359635 sec, 1 copy (cache prime)
  warmup 2/2: 1.408790 sec, 1 copy (N=1 anchor)
  batch 1/3: 6.523564 sec, 5 copies (server sum 6398.954 ms)
  batch 2/3: 6.527247 sec, 5 copies (server sum 6399.997 ms)
  batch 3/3: 6.518239 sec, 5 copies (server sum 6389.554 ms)
  slope: pkg 28 J/exec (intercept 2.977 J), wall 1.278557 s/exec (intercept 0.130234 s)
[49/53] queries/tpch/tpch-queries/q21/base.sql (2 warmup [warm ones = N=1 anchor] + 3 x5)
  warmup 1/2: 0.840021 sec, 1 copy (cache prime)
  warmup 2/2: 0.791795 sec, 1 copy (N=1 anchor)
  batch 1/3: 3.534269 sec, 5 copies (server sum 3415.819 ms)
  batch 2/3: 3.573636 sec, 5 copies (server sum 3444.665 ms)
  batch 3/3: 3.571745 sec, 5 copies (server sum 3455.963 ms)
  slope: pkg 15.23 J/exec (intercept 2.284 J), wall 0.692022 s/exec (intercept 0.099773 s)
[50/53] queries/tpch/tpch-queries/q21/v1_materialized.sql (2 warmup [warm ones = N=1 anchor] + 3 x5)
  warmup 1/2: 0.797985 sec, 1 copy (cache prime)
  warmup 2/2: 0.791704 sec, 1 copy (N=1 anchor)
  batch 1/3: 3.572194 sec, 5 copies (server sum 3474.435 ms)
  batch 2/3: 3.555869 sec, 5 copies (server sum 3454.459 ms)
  batch 3/3: 3.557277 sec, 5 copies (server sum 3447.971 ms)
  slope: pkg 15.19 J/exec (intercept 2.255 J), wall 0.692519 s/exec (intercept 0.099185 s)
[51/53] queries/tpch/tpch-queries/q22/base.sql (2 warmup [warm ones = N=1 anchor] + 3 x5)
  warmup 1/2: 0.213529 sec, 1 copy (cache prime)
  warmup 2/2: 0.136298 sec, 1 copy (N=1 anchor)
  batch 1/3: 0.497852 sec, 5 copies (server sum 388.658 ms)
  batch 2/3: 0.502679 sec, 5 copies (server sum 388.678 ms)
  batch 3/3: 0.489385 sec, 5 copies (server sum 388.640 ms)
  slope: pkg 1.732 J/exec (intercept 0.3671 J), wall 0.090085 s/exec (intercept 0.046212 s)
[52/53] queries/tpch/tpch-queries/q22/v1_materialized.sql (2 warmup [warm ones = N=1 anchor] + 3 x5)
  warmup 1/2: 0.118513 sec, 1 copy (cache prime)
  warmup 2/2: 0.120393 sec, 1 copy (N=1 anchor)
  batch 1/3: 0.434754 sec, 5 copies (server sum 390.666 ms)
  batch 2/3: 0.503450 sec, 5 copies (server sum 388.487 ms)
  batch 3/3: 0.502733 sec, 5 copies (server sum 387.756 ms)
  slope: pkg 1.681 J/exec (intercept 0.5829 J), wall 0.089980 s/exec (intercept 0.030413 s)
[53/53] queries/tpch/tpch-queries/q22/v2_anti_join.sql (2 warmup [warm ones = N=1 anchor] + 3 x5)
  warmup 1/2: 0.237325 sec, 1 copy (cache prime)
  warmup 2/2: 0.177086 sec, 1 copy (N=1 anchor)
  batch 1/3: 0.746471 sec, 5 copies (server sum 690.112 ms)
  batch 2/3: 0.793514 sec, 5 copies (server sum 693.814 ms)
  batch 3/3: 0.805481 sec, 5 copies (server sum 700.643 ms)
  slope: pkg 3.437 J/exec (intercept 0.62 J), wall 0.151184 s/exec (intercept 0.025903 s)

Done. Batch rows appended to logs/parallel_leader_participation/plp_off/query_timing_tpch.csv
Per-copy samples appended to logs/parallel_leader_participation/plp_off/query_samples_tpch.csv
Relation sizes appended to logs/parallel_leader_participation/plp_off/query_catalog_tpch.csv
Per-query slope/intercept appended to logs/parallel_leader_participation/plp_off/query_slope_tpch.csv
make: Leaving directory '/home/user01/GreenSQL'
