make: Entering directory '/home/user01/GreenSQL'
query_runner configuration:
  QUERY_DIR      = queries/tpch/tpch-queries
  LOG_FILE       = logs/shared_buffers/sb_1GB/query_timing_tpch_idx.csv
  SAMPLE_FILE    = logs/shared_buffers/sb_1GB/query_samples_tpch_idx.csv
  CATALOG_FILE   = logs/shared_buffers/sb_1GB/query_catalog_tpch_idx.csv
  SLOPE_FILE     = logs/shared_buffers/sb_1GB/query_slope_tpch_idx.csv
  DB_NAME        = tpch_idx
  DB_USER        = postgres
  PGPORT         = 5434
  PG_VERSION     = 18.4  (as reported by the server on that port)
  BATCHNUM       = 5 (slope sizes: 1 copy and 5 copies)
  RUNS           = 3 (measured batches per size)
  WARMUP         = 2 (single-copy; #1 primes cache, warm ones = N=1 anchor)
  WORKERS        = (planner default)
  STATEMENT_TIMEOUT = 900
  SIGLESS_ADDR   = (disabled)
Found 53 queries under queries/tpch/tpch-queries

Catalog snapshot: 37 relations -> logs/shared_buffers/sb_1GB/query_catalog_tpch_idx.csv
[1/53] queries/tpch/tpch-queries/q01/base.sql (2 warmup [warm ones = N=1 anchor] + 3 x5)
  warmup 1/2: 1.951773 sec, 1 copy (cache prime)
  warmup 2/2: 2.113027 sec, 1 copy (N=1 anchor)
  batch 1/3: 10.449125 sec, 5 copies (server sum 10396.025 ms)
  batch 2/3: 10.444016 sec, 5 copies (server sum 10335.116 ms)
  batch 3/3: 10.432887 sec, 5 copies (server sum 10316.623 ms)
  slope: pkg 44.79 J/exec (intercept 5.221 J), wall 2.082246 s/exec (intercept 0.030781 s)
[2/53] queries/tpch/tpch-queries/q01/v1_materialized.sql (2 warmup [warm ones = N=1 anchor] + 3 x5)
  warmup 1/2: 2.133299 sec, 1 copy (cache prime)
  warmup 2/2: 2.114740 sec, 1 copy (N=1 anchor)
  batch 1/3: 10.409539 sec, 5 copies (server sum 10299.469 ms)
  batch 2/3: 10.274937 sec, 5 copies (server sum 10179.293 ms)
  batch 3/3: 10.222895 sec, 5 copies (server sum 10105.925 ms)
  slope: pkg 44.92 J/exec (intercept 1.465 J), wall 2.046929 s/exec (intercept 0.067811 s)
[3/53] queries/tpch/tpch-queries/q02/base.sql (2 warmup [warm ones = N=1 anchor] + 3 x5)
  warmup 1/2: 0.445839 sec, 1 copy (cache prime)
  warmup 2/2: 0.312946 sec, 1 copy (N=1 anchor)
  batch 1/3: 1.187123 sec, 5 copies (server sum 1083.031 ms)
  batch 2/3: 1.122222 sec, 5 copies (server sum 1022.246 ms)
  batch 3/3: 1.115104 sec, 5 copies (server sum 1016.128 ms)
  slope: pkg 1.954 J/exec (intercept 0.9485 J), wall 0.207134 s/exec (intercept 0.105811 s)
[4/53] queries/tpch/tpch-queries/q02/v1_materialized.sql (2 warmup [warm ones = N=1 anchor] + 3 x5)
  warmup 1/2: 0.343981 sec, 1 copy (cache prime)
  warmup 2/2: 0.359219 sec, 1 copy (N=1 anchor)
  batch 1/3: 1.431863 sec, 5 copies (server sum 1333.182 ms)
  batch 2/3: 1.305770 sec, 5 copies (server sum 1205.007 ms)
  batch 3/3: 1.289757 sec, 5 copies (server sum 1190.308 ms)
  slope: pkg 1.832 J/exec (intercept 0.7738 J), wall 0.245811 s/exec (intercept 0.113408 s)
[5/53] queries/tpch/tpch-queries/q02/v2_decorrelate.sql (2 warmup [warm ones = N=1 anchor] + 3 x5)
  warmup 1/2: 0.334610 sec, 1 copy (cache prime)
  warmup 2/2: 0.344598 sec, 1 copy (N=1 anchor)
  batch 1/3: 1.311717 sec, 5 copies (server sum 1208.247 ms)
  batch 2/3: 1.243469 sec, 5 copies (server sum 1140.218 ms)
  batch 3/3: 1.215606 sec, 5 copies (server sum 1112.821 ms)
  slope: pkg 1.432 J/exec (intercept 0.7142 J), wall 0.228083 s/exec (intercept 0.116514 s)
[6/53] queries/tpch/tpch-queries/q03/base.sql (2 warmup [warm ones = N=1 anchor] + 3 x5)
  warmup 1/2: 0.622907 sec, 1 copy (cache prime)
  warmup 2/2: 0.544282 sec, 1 copy (N=1 anchor)
  batch 1/3: 1.663732 sec, 5 copies (server sum 1551.755 ms)
  batch 2/3: 1.552303 sec, 5 copies (server sum 1506.992 ms)
  batch 3/3: 1.608705 sec, 5 copies (server sum 1507.910 ms)
  slope: pkg 7.081 J/exec (intercept 5.072 J), wall 0.265991 s/exec (intercept 0.278291 s)
[7/53] queries/tpch/tpch-queries/q03/v1_materialized.sql (2 warmup [warm ones = N=1 anchor] + 3 x5)
  warmup 1/2: 0.418696 sec, 1 copy (cache prime)
  warmup 2/2: 0.420056 sec, 1 copy (N=1 anchor)
  batch 1/3: 1.604842 sec, 5 copies (server sum 1505.969 ms)
  batch 2/3: 1.607235 sec, 5 copies (server sum 1511.838 ms)
  batch 3/3: 1.609369 sec, 5 copies (server sum 1512.906 ms)
  slope: pkg 7.905 J/exec (intercept 1.309 J), wall 0.296773 s/exec (intercept 0.123283 s)
[8/53] queries/tpch/tpch-queries/q04/base.sql (2 warmup [warm ones = N=1 anchor] + 3 x5)
  warmup 1/2: 0.234336 sec, 1 copy (cache prime)
  warmup 2/2: 0.238067 sec, 1 copy (N=1 anchor)
  batch 1/3: 0.633856 sec, 5 copies (server sum 539.776 ms)
  batch 2/3: 0.637681 sec, 5 copies (server sum 541.975 ms)
  batch 3/3: 0.661114 sec, 5 copies (server sum 549.533 ms)
  slope: pkg 2.408 J/exec (intercept 2.037 J), wall 0.101537 s/exec (intercept 0.136530 s)
[9/53] queries/tpch/tpch-queries/q04/v1_materialized.sql (2 warmup [warm ones = N=1 anchor] + 3 x5)
  warmup 1/2: 0.218206 sec, 1 copy (cache prime)
  warmup 2/2: 0.209963 sec, 1 copy (N=1 anchor)
  batch 1/3: 0.627852 sec, 5 copies (server sum 534.258 ms)
  batch 2/3: 0.576566 sec, 5 copies (server sum 532.830 ms)
  batch 3/3: 0.629272 sec, 5 copies (server sum 536.559 ms)
  slope: pkg 2.605 J/exec (intercept 1.238 J), wall 0.100317 s/exec (intercept 0.109646 s)
[10/53] queries/tpch/tpch-queries/q04/v2_in.sql (2 warmup [warm ones = N=1 anchor] + 3 x5)
  warmup 1/2: 0.215061 sec, 1 copy (cache prime)
  warmup 2/2: 0.214705 sec, 1 copy (N=1 anchor)
  batch 1/3: 0.629120 sec, 5 copies (server sum 534.799 ms)
  batch 2/3: 0.666488 sec, 5 copies (server sum 542.469 ms)
  batch 3/3: 0.587305 sec, 5 copies (server sum 540.857 ms)
  slope: pkg 2.58 J/exec (intercept 1.219 J), wall 0.103233 s/exec (intercept 0.111472 s)
[11/53] queries/tpch/tpch-queries/q05/base.sql (2 warmup [warm ones = N=1 anchor] + 3 x5)
  warmup 1/2: 0.389876 sec, 1 copy (cache prime)
  warmup 2/2: 0.401687 sec, 1 copy (N=1 anchor)
  batch 1/3: 1.428932 sec, 5 copies (server sum 1319.878 ms)
  batch 2/3: 1.379275 sec, 5 copies (server sum 1276.860 ms)
  batch 3/3: 1.373533 sec, 5 copies (server sum 1270.375 ms)
  slope: pkg 3.597 J/exec (intercept 0.7729 J), wall 0.248057 s/exec (intercept 0.153630 s)
[12/53] queries/tpch/tpch-queries/q05/v1_materialized.sql (2 warmup [warm ones = N=1 anchor] + 3 x5)
  warmup 1/2: 0.358938 sec, 1 copy (cache prime)
  warmup 2/2: 0.381282 sec, 1 copy (N=1 anchor)
  batch 1/3: 1.378123 sec, 5 copies (server sum 1275.149 ms)
  batch 2/3: 1.380665 sec, 5 copies (server sum 1273.569 ms)
  batch 3/3: 1.384609 sec, 5 copies (server sum 1281.190 ms)
  slope: pkg 3.612 J/exec (intercept 0.8406 J), wall 0.249963 s/exec (intercept 0.131319 s)
[13/53] queries/tpch/tpch-queries/q06/base.sql (2 warmup [warm ones = N=1 anchor] + 3 x5)
  warmup 1/2: 0.166703 sec, 1 copy (cache prime)
  warmup 2/2: 0.109941 sec, 1 copy (N=1 anchor)
  batch 1/3: 0.381366 sec, 5 copies (server sum 339.958 ms)
  batch 2/3: 0.475245 sec, 5 copies (server sum 365.245 ms)
  batch 3/3: 0.490389 sec, 5 copies (server sum 374.564 ms)
  slope: pkg 1.854 J/exec (intercept 0.526 J), wall 0.084765 s/exec (intercept 0.025176 s)
[14/53] queries/tpch/tpch-queries/q06/v1_materialized.sql (2 warmup [warm ones = N=1 anchor] + 3 x5)
  warmup 1/2: 0.192095 sec, 1 copy (cache prime)
  warmup 2/2: 0.177115 sec, 1 copy (N=1 anchor)
  batch 1/3: 0.380268 sec, 5 copies (server sum 339.025 ms)
  batch 2/3: 0.489792 sec, 5 copies (server sum 340.297 ms)
  batch 3/3: 0.473051 sec, 5 copies (server sum 367.869 ms)
  slope: pkg 1.907 J/exec (intercept 0.4192 J), wall 0.067647 s/exec (intercept 0.109468 s)
[15/53] queries/tpch/tpch-queries/q07/base.sql (2 warmup [warm ones = N=1 anchor] + 3 x5)
  warmup 1/2: 1.236045 sec, 1 copy (cache prime)
  warmup 2/2: 0.842000 sec, 1 copy (N=1 anchor)
  batch 1/3: 4.042800 sec, 5 copies (server sum 3895.127 ms)
  batch 2/3: 3.786618 sec, 5 copies (server sum 3733.923 ms)
  batch 3/3: 4.036628 sec, 5 copies (server sum 3930.723 ms)
  slope: pkg 15.35 J/exec (intercept 4.185 J), wall 0.778337 s/exec (intercept 0.063663 s)
[16/53] queries/tpch/tpch-queries/q07/v1_materialized.sql (2 warmup [warm ones = N=1 anchor] + 3 x5)
  warmup 1/2: 0.939743 sec, 1 copy (cache prime)
  warmup 2/2: 0.964308 sec, 1 copy (N=1 anchor)
  batch 1/3: 3.955253 sec, 5 copies (server sum 3839.071 ms)
  batch 2/3: 3.918225 sec, 5 copies (server sum 3811.665 ms)
  batch 3/3: 3.851825 sec, 5 copies (server sum 3746.530 ms)
  slope: pkg 15.1 J/exec (intercept 5.38 J), wall 0.736032 s/exec (intercept 0.228277 s)
[17/53] queries/tpch/tpch-queries/q07/v2_union_all.sql (2 warmup [warm ones = N=1 anchor] + 3 x5)
  warmup 1/2: 0.935131 sec, 1 copy (cache prime)
  warmup 2/2: 0.857070 sec, 1 copy (N=1 anchor)
  batch 1/3: 3.748095 sec, 5 copies (server sum 3637.755 ms)
  batch 2/3: 3.774472 sec, 5 copies (server sum 3658.541 ms)
  batch 3/3: 3.493869 sec, 5 copies (server sum 3388.925 ms)
  slope: pkg 9.876 J/exec (intercept 3.636 J), wall 0.703769 s/exec (intercept 0.153301 s)
[18/53] queries/tpch/tpch-queries/q08/base.sql (2 warmup [warm ones = N=1 anchor] + 3 x5)
  warmup 1/2: 0.301221 sec, 1 copy (cache prime)
  warmup 2/2: 0.262199 sec, 1 copy (N=1 anchor)
  batch 1/3: 0.819779 sec, 5 copies (server sum 708.606 ms)
  batch 2/3: 0.814025 sec, 5 copies (server sum 708.445 ms)
  batch 3/3: 0.822783 sec, 5 copies (server sum 709.077 ms)
  slope: pkg 2.269 J/exec (intercept 1.269 J), wall 0.139166 s/exec (intercept 0.123034 s)
[19/53] queries/tpch/tpch-queries/q08/v1_materialized.sql (2 warmup [warm ones = N=1 anchor] + 3 x5)
  warmup 1/2: 0.242942 sec, 1 copy (cache prime)
  warmup 2/2: 0.228939 sec, 1 copy (N=1 anchor)
  batch 1/3: 0.817540 sec, 5 copies (server sum 708.281 ms)
  batch 2/3: 0.808924 sec, 5 copies (server sum 704.138 ms)
  batch 3/3: 0.834731 sec, 5 copies (server sum 716.092 ms)
  slope: pkg 2.264 J/exec (intercept 1.335 J), wall 0.147865 s/exec (intercept 0.081074 s)
[20/53] queries/tpch/tpch-queries/q08/v2_filter.sql (2 warmup [warm ones = N=1 anchor] + 3 x5)
  warmup 1/2: 0.246944 sec, 1 copy (cache prime)
  warmup 2/2: 0.266003 sec, 1 copy (N=1 anchor)
  batch 1/3: 0.807103 sec, 5 copies (server sum 702.890 ms)
  batch 2/3: 0.808640 sec, 5 copies (server sum 704.732 ms)
  batch 3/3: 0.815389 sec, 5 copies (server sum 710.733 ms)
  slope: pkg 2.342 J/exec (intercept 0.9392 J), wall 0.136093 s/exec (intercept 0.129910 s)
[21/53] queries/tpch/tpch-queries/q09/base.sql (2 warmup [warm ones = N=1 anchor] + 3 x5)
  warmup 1/2: 1.391989 sec, 1 copy (cache prime)
  warmup 2/2: 1.327174 sec, 1 copy (N=1 anchor)
  batch 1/3: 6.145476 sec, 5 copies (server sum 6038.519 ms)
  batch 2/3: 6.217832 sec, 5 copies (server sum 6107.700 ms)
  batch 3/3: 6.190842 sec, 5 copies (server sum 6085.138 ms)
  slope: pkg 26.02 J/exec (intercept 0.4645 J), wall 1.214385 s/exec (intercept 0.112789 s)
[22/53] queries/tpch/tpch-queries/q09/v1_materialized.sql (2 warmup [warm ones = N=1 anchor] + 3 x5)
  warmup 1/2: 1.328478 sec, 1 copy (cache prime)
  warmup 2/2: 1.331618 sec, 1 copy (N=1 anchor)
  batch 1/3: 6.238293 sec, 5 copies (server sum 6131.279 ms)
  batch 2/3: 6.201718 sec, 5 copies (server sum 6092.727 ms)
  batch 3/3: 6.418243 sec, 5 copies (server sum 6307.475 ms)
  slope: pkg 26.11 J/exec (intercept 0.868 J), wall 1.238617 s/exec (intercept 0.093002 s)
[23/53] queries/tpch/tpch-queries/q10/base.sql (2 warmup [warm ones = N=1 anchor] + 3 x5)
  warmup 1/2: 0.494156 sec, 1 copy (cache prime)
  warmup 2/2: 0.425820 sec, 1 copy (N=1 anchor)
  batch 1/3: 1.610778 sec, 5 copies (server sum 1511.448 ms)
  batch 2/3: 1.682017 sec, 5 copies (server sum 1582.734 ms)
  batch 3/3: 1.613626 sec, 5 copies (server sum 1518.449 ms)
  slope: pkg 6.788 J/exec (intercept 1.486 J), wall 0.302413 s/exec (intercept 0.123406 s)
[24/53] queries/tpch/tpch-queries/q10/v1_materialized.sql (2 warmup [warm ones = N=1 anchor] + 3 x5)
  warmup 1/2: 0.447904 sec, 1 copy (cache prime)
  warmup 2/2: 0.440280 sec, 1 copy (N=1 anchor)
  batch 1/3: 1.704100 sec, 5 copies (server sum 1609.325 ms)
  batch 2/3: 1.642564 sec, 5 copies (server sum 1596.026 ms)
  batch 3/3: 1.703759 sec, 5 copies (server sum 1608.952 ms)
  slope: pkg 7.079 J/exec (intercept 1.457 J), wall 0.310798 s/exec (intercept 0.129482 s)
[25/53] queries/tpch/tpch-queries/q11/base.sql (2 warmup [warm ones = N=1 anchor] + 3 x5)
  warmup 1/2: 0.246411 sec, 1 copy (cache prime)
  warmup 2/2: 0.210045 sec, 1 copy (N=1 anchor)
  batch 1/3: 0.560043 sec, 5 copies (server sum 456.855 ms)
  batch 2/3: 0.590449 sec, 5 copies (server sum 492.648 ms)
  batch 3/3: 0.588180 sec, 5 copies (server sum 490.621 ms)
  slope: pkg 0.5967 J/exec (intercept 1.087 J), wall 0.092378 s/exec (intercept 0.117666 s)
[26/53] queries/tpch/tpch-queries/q11/v1_materialized.sql (2 warmup [warm ones = N=1 anchor] + 3 x5)
  warmup 1/2: 0.210594 sec, 1 copy (cache prime)
  warmup 2/2: 0.222791 sec, 1 copy (N=1 anchor)
  batch 1/3: 0.603262 sec, 5 copies (server sum 504.752 ms)
  batch 2/3: 0.606970 sec, 5 copies (server sum 509.926 ms)
  batch 3/3: 0.597040 sec, 5 copies (server sum 499.678 ms)
  slope: pkg 0.5931 J/exec (intercept 0.9427 J), wall 0.094908 s/exec (intercept 0.127882 s)
[27/53] queries/tpch/tpch-queries/q11/v2_cte_threshold.sql (2 warmup [warm ones = N=1 anchor] + 3 x5)
  warmup 1/2: 0.210328 sec, 1 copy (cache prime)
  warmup 2/2: 0.208902 sec, 1 copy (N=1 anchor)
  batch 1/3: 0.606425 sec, 5 copies (server sum 507.302 ms)
  batch 2/3: 0.552317 sec, 5 copies (server sum 500.597 ms)
  batch 3/3: 0.591497 sec, 5 copies (server sum 494.211 ms)
  slope: pkg 0.562 J/exec (intercept 1.064 J), wall 0.093628 s/exec (intercept 0.115275 s)
[28/53] queries/tpch/tpch-queries/q12/base.sql (2 warmup [warm ones = N=1 anchor] + 3 x5)
  warmup 1/2: 0.739167 sec, 1 copy (cache prime)
  warmup 2/2: 0.726226 sec, 1 copy (N=1 anchor)
  batch 1/3: 2.640892 sec, 5 copies (server sum 2536.164 ms)
  batch 2/3: 2.747534 sec, 5 copies (server sum 2643.937 ms)
  batch 3/3: 2.755295 sec, 5 copies (server sum 2661.178 ms)
  slope: pkg 14.11 J/exec (intercept 4.043 J), wall 0.497087 s/exec (intercept 0.229139 s)
[29/53] queries/tpch/tpch-queries/q12/v1_materialized.sql (2 warmup [warm ones = N=1 anchor] + 3 x5)
  warmup 1/2: 0.572524 sec, 1 copy (cache prime)
  warmup 2/2: 0.678169 sec, 1 copy (N=1 anchor)
  batch 1/3: 2.908592 sec, 5 copies (server sum 2809.843 ms)
  batch 2/3: 2.979264 sec, 5 copies (server sum 2861.815 ms)
  batch 3/3: 2.913484 sec, 5 copies (server sum 2811.395 ms)
  slope: pkg 14.67 J/exec (intercept 1.534 J), wall 0.563903 s/exec (intercept 0.114266 s)
[30/53] queries/tpch/tpch-queries/q12/v2_filter.sql (2 warmup [warm ones = N=1 anchor] + 3 x5)
  warmup 1/2: 0.695921 sec, 1 copy (cache prime)
  warmup 2/2: 0.713392 sec, 1 copy (N=1 anchor)
  batch 1/3: 3.067832 sec, 5 copies (server sum 2971.568 ms)
  batch 2/3: 3.082890 sec, 5 copies (server sum 2969.930 ms)
  batch 3/3: 3.149971 sec, 5 copies (server sum 3031.110 ms)
  slope: pkg 13.02 J/exec (intercept 2.796 J), wall 0.596710 s/exec (intercept 0.116683 s)
[31/53] queries/tpch/tpch-queries/q13/base.sql (2 warmup [warm ones = N=1 anchor] + 3 x5)
  warmup 1/2: 0.909810 sec, 1 copy (cache prime)
  warmup 2/2: 0.915661 sec, 1 copy (N=1 anchor)
  batch 1/3: 4.094034 sec, 5 copies (server sum 3991.936 ms)
  batch 2/3: 4.079016 sec, 5 copies (server sum 3978.755 ms)
  batch 3/3: 3.967244 sec, 5 copies (server sum 3914.380 ms)
  slope: pkg 10.03 J/exec (intercept 0.7849 J), wall 0.782776 s/exec (intercept 0.132885 s)
[32/53] queries/tpch/tpch-queries/q13/v1_materialized.sql (2 warmup [warm ones = N=1 anchor] + 3 x5)
  warmup 1/2: 0.900212 sec, 1 copy (cache prime)
  warmup 2/2: 0.905482 sec, 1 copy (N=1 anchor)
  batch 1/3: 4.015966 sec, 5 copies (server sum 3919.254 ms)
  batch 2/3: 4.082615 sec, 5 copies (server sum 3987.702 ms)
  batch 3/3: 4.000023 sec, 5 copies (server sum 3900.644 ms)
  slope: pkg 9.922 J/exec (intercept 1.005 J), wall 0.781846 s/exec (intercept 0.123635 s)
[33/53] queries/tpch/tpch-queries/q13/v2_correlated.sql (2 warmup [warm ones = N=1 anchor] + 3 x5)
  warmup 1/2: 2.376296 sec, 1 copy (cache prime)
  warmup 2/2: 2.436056 sec, 1 copy (N=1 anchor)
  batch 1/3: 11.194422 sec, 5 copies (server sum 11102.342 ms)
  batch 2/3: 11.197635 sec, 5 copies (server sum 11097.016 ms)
  batch 3/3: 11.126557 sec, 5 copies (server sum 11082.616 ms)
  slope: pkg 18.93 J/exec (intercept 1.344 J), wall 2.184204 s/exec (intercept 0.251852 s)
[34/53] queries/tpch/tpch-queries/q14/base.sql (2 warmup [warm ones = N=1 anchor] + 3 x5)
  warmup 1/2: 0.280375 sec, 1 copy (cache prime)
  warmup 2/2: 0.254268 sec, 1 copy (N=1 anchor)
  batch 1/3: 0.816277 sec, 5 copies (server sum 717.493 ms)
  batch 2/3: 0.814113 sec, 5 copies (server sum 717.549 ms)
  batch 3/3: 0.825549 sec, 5 copies (server sum 723.789 ms)
  slope: pkg 2.584 J/exec (intercept 1.356 J), wall 0.141095 s/exec (intercept 0.113173 s)
[35/53] queries/tpch/tpch-queries/q14/v1_materialized.sql (2 warmup [warm ones = N=1 anchor] + 3 x5)
  warmup 1/2: 0.278262 sec, 1 copy (cache prime)
  warmup 2/2: 0.206375 sec, 1 copy (N=1 anchor)
  batch 1/3: 0.820948 sec, 5 copies (server sum 722.182 ms)
  batch 2/3: 0.832707 sec, 5 copies (server sum 729.030 ms)
  batch 3/3: 0.773731 sec, 5 copies (server sum 723.554 ms)
  slope: pkg 2.58 J/exec (intercept 1.24 J), wall 0.150688 s/exec (intercept 0.055687 s)
[36/53] queries/tpch/tpch-queries/q14/v2_filter.sql (2 warmup [warm ones = N=1 anchor] + 3 x5)
  warmup 1/2: 0.262270 sec, 1 copy (cache prime)
  warmup 2/2: 0.206530 sec, 1 copy (N=1 anchor)
  batch 1/3: 0.824360 sec, 5 copies (server sum 727.166 ms)
  batch 2/3: 0.814841 sec, 5 copies (server sum 719.497 ms)
  batch 3/3: 0.826689 sec, 5 copies (server sum 726.516 ms)
  slope: pkg 2.593 J/exec (intercept 1.211 J), wall 0.153858 s/exec (intercept 0.052671 s)
[37/53] queries/tpch/tpch-queries/q15/base.sql (2 warmup [warm ones = N=1 anchor] + 3 x5)
  warmup 1/2: 0.443000 sec, 1 copy (cache prime)
  warmup 2/2: 0.398566 sec, 1 copy (N=1 anchor)
  batch 1/3: 1.442097 sec, 5 copies (server sum 1348.824 ms)
  batch 2/3: 1.439653 sec, 5 copies (server sum 1344.675 ms)
  batch 3/3: 1.435103 sec, 5 copies (server sum 1338.373 ms)
  slope: pkg 6.032 J/exec (intercept 0.8565 J), wall 0.260096 s/exec (intercept 0.138470 s)
[38/53] queries/tpch/tpch-queries/q15/v1_materialized.sql (2 warmup [warm ones = N=1 anchor] + 3 x5)
  warmup 1/2: 0.382305 sec, 1 copy (cache prime)
  warmup 2/2: 0.387122 sec, 1 copy (N=1 anchor)
  batch 1/3: 1.437972 sec, 5 copies (server sum 1344.020 ms)
  batch 2/3: 1.453220 sec, 5 copies (server sum 1349.543 ms)
  batch 3/3: 1.470253 sec, 5 copies (server sum 1373.886 ms)
  slope: pkg 5.945 J/exec (intercept 1.196 J), wall 0.266673 s/exec (intercept 0.120449 s)
[39/53] queries/tpch/tpch-queries/q16/base.sql (2 warmup [warm ones = N=1 anchor] + 3 x5)
  warmup 1/2: 0.335789 sec, 1 copy (cache prime)
  warmup 2/2: 0.344354 sec, 1 copy (N=1 anchor)
  batch 1/3: 1.306179 sec, 5 copies (server sum 1199.620 ms)
  batch 2/3: 1.300401 sec, 5 copies (server sum 1197.001 ms)
  batch 3/3: 1.344932 sec, 5 copies (server sum 1205.509 ms)
  slope: pkg 5.938 J/exec (intercept 0.5446 J), wall 0.243204 s/exec (intercept 0.101150 s)
[40/53] queries/tpch/tpch-queries/q16/v1_materialized.sql (2 warmup [warm ones = N=1 anchor] + 3 x5)
  warmup 1/2: 0.347339 sec, 1 copy (cache prime)
  warmup 2/2: 0.348552 sec, 1 copy (N=1 anchor)
  batch 1/3: 1.325377 sec, 5 copies (server sum 1218.954 ms)
  batch 2/3: 1.318068 sec, 5 copies (server sum 1221.732 ms)
  batch 3/3: 1.314395 sec, 5 copies (server sum 1218.430 ms)
  slope: pkg 6.018 J/exec (intercept 0.4965 J), wall 0.242682 s/exec (intercept 0.105870 s)
[41/53] queries/tpch/tpch-queries/q16/v2_not_exists.sql (2 warmup [warm ones = N=1 anchor] + 3 x5)
  warmup 1/2: 0.309822 sec, 1 copy (cache prime)
  warmup 2/2: 0.300229 sec, 1 copy (N=1 anchor)
  batch 1/3: 1.159799 sec, 5 copies (server sum 1053.492 ms)
  batch 2/3: 1.159635 sec, 5 copies (server sum 1060.906 ms)
  batch 3/3: 1.163922 sec, 5 copies (server sum 1055.816 ms)
  slope: pkg 4.862 J/exec (intercept 0.6537 J), wall 0.215222 s/exec (intercept 0.085006 s)
[42/53] queries/tpch/tpch-queries/q17/v2_decorrelate.sql (2 warmup [warm ones = N=1 anchor] + 3 x5)
  warmup 1/2: 2.490965 sec, 1 copy (cache prime)
  warmup 2/2: 2.344719 sec, 1 copy (N=1 anchor)
  batch 1/3: 11.444324 sec, 5 copies (server sum 11339.277 ms)
  batch 2/3: 11.133093 sec, 5 copies (server sum 11021.210 ms)
  batch 3/3: 11.074688 sec, 5 copies (server sum 10975.499 ms)
  slope: pkg 46.76 J/exec (intercept 3.513 J), wall 2.218162 s/exec (intercept 0.126556 s)
[43/53] queries/tpch/tpch-queries/q18/base.sql (2 warmup [warm ones = N=1 anchor] + 3 x5)
  warmup 1/2: 2.349925 sec, 1 copy (cache prime)
  warmup 2/2: 2.360007 sec, 1 copy (N=1 anchor)
  batch 1/3: 12.618163 sec, 5 copies (server sum 12514.638 ms)
  batch 2/3: 12.635103 sec, 5 copies (server sum 12580.142 ms)
  batch 3/3: 12.546560 sec, 5 copies (server sum 12433.684 ms)
  slope: pkg 55.58 J/exec (intercept 5.629 J), wall 2.559984 s/exec (intercept -0.199976 s)
[44/53] queries/tpch/tpch-queries/q18/v1_materialized.sql (2 warmup [warm ones = N=1 anchor] + 3 x5)
  warmup 1/2: 2.879054 sec, 1 copy (cache prime)
  warmup 2/2: 2.806468 sec, 1 copy (N=1 anchor)
  batch 1/3: 13.507105 sec, 5 copies (server sum 13400.590 ms)
  batch 2/3: 13.441064 sec, 5 copies (server sum 13343.325 ms)
  batch 3/3: 13.318478 sec, 5 copies (server sum 13216.258 ms)
  slope: pkg 57.98 J/exec (intercept 4.404 J), wall 2.653937 s/exec (intercept 0.152531 s)
[45/53] queries/tpch/tpch-queries/q18/v2_join.sql (2 warmup [warm ones = N=1 anchor] + 3 x5)
  warmup 1/2: 3.029186 sec, 1 copy (cache prime)
  warmup 2/2: 3.107224 sec, 1 copy (N=1 anchor)
  batch 1/3: 13.345937 sec, 5 copies (server sum 13231.395 ms)
  batch 2/3: 13.523236 sec, 5 copies (server sum 13413.817 ms)
  batch 3/3: 13.578503 sec, 5 copies (server sum 13525.118 ms)
  slope: pkg 57.09 J/exec (intercept 10.65 J), wall 2.593834 s/exec (intercept 0.513391 s)
[46/53] queries/tpch/tpch-queries/q19/base.sql (2 warmup [warm ones = N=1 anchor] + 3 x5)
  warmup 1/2: 0.172639 sec, 1 copy (cache prime)
  warmup 2/2: 0.093855 sec, 1 copy (N=1 anchor)
  batch 1/3: 0.226896 sec, 5 copies (server sum 180.012 ms)
  batch 2/3: 0.294961 sec, 5 copies (server sum 188.487 ms)
  batch 3/3: 0.302699 sec, 5 copies (server sum 190.295 ms)
  slope: pkg 0.7366 J/exec (intercept 0.657 J), wall 0.045249 s/exec (intercept 0.048605 s)
[47/53] queries/tpch/tpch-queries/q19/v1_materialized.sql (2 warmup [warm ones = N=1 anchor] + 3 x5)
  warmup 1/2: 0.139354 sec, 1 copy (cache prime)
  warmup 2/2: 0.082146 sec, 1 copy (N=1 anchor)
  batch 1/3: 0.230340 sec, 5 copies (server sum 182.942 ms)
  batch 2/3: 0.294362 sec, 5 copies (server sum 187.425 ms)
  batch 3/3: 0.299700 sec, 5 copies (server sum 187.447 ms)
  slope: pkg 0.7126 J/exec (intercept 0.8164 J), wall 0.048164 s/exec (intercept 0.033982 s)
[48/53] queries/tpch/tpch-queries/q19/v2_union_all.sql (2 warmup [warm ones = N=1 anchor] + 3 x5)
  warmup 1/2: 0.151223 sec, 1 copy (cache prime)
  warmup 2/2: 0.093381 sec, 1 copy (N=1 anchor)
  batch 1/3: 0.291441 sec, 5 copies (server sum 242.462 ms)
  batch 2/3: 0.328254 sec, 5 copies (server sum 215.104 ms)
  batch 3/3: 0.315442 sec, 5 copies (server sum 218.564 ms)
  slope: pkg 1.012 J/exec (intercept 0.7215 J), wall 0.054583 s/exec (intercept 0.038799 s)
[49/53] queries/tpch/tpch-queries/q21/base.sql (2 warmup [warm ones = N=1 anchor] + 3 x5)
  warmup 1/2: 0.854447 sec, 1 copy (cache prime)
  warmup 2/2: 0.701565 sec, 1 copy (N=1 anchor)
  batch 1/3: 3.122225 sec, 5 copies (server sum 3020.641 ms)
  batch 2/3: 3.098875 sec, 5 copies (server sum 2998.954 ms)
  batch 3/3: 3.039092 sec, 5 copies (server sum 2985.642 ms)
  slope: pkg 11.56 J/exec (intercept 0.4381 J), wall 0.596291 s/exec (intercept 0.105274 s)
[50/53] queries/tpch/tpch-queries/q21/v1_materialized.sql (2 warmup [warm ones = N=1 anchor] + 3 x5)
  warmup 1/2: 0.692202 sec, 1 copy (cache prime)
  warmup 2/2: 0.691705 sec, 1 copy (N=1 anchor)
  batch 1/3: 3.103136 sec, 5 copies (server sum 3004.540 ms)
  batch 2/3: 3.044336 sec, 5 copies (server sum 2944.341 ms)
  batch 3/3: 3.036118 sec, 5 copies (server sum 2938.281 ms)
  slope: pkg 11.5 J/exec (intercept 0.4795 J), wall 0.592373 s/exec (intercept 0.099332 s)
[51/53] queries/tpch/tpch-queries/q22/base.sql (2 warmup [warm ones = N=1 anchor] + 3 x5)
  warmup 1/2: 0.167325 sec, 1 copy (cache prime)
  warmup 2/2: 0.097737 sec, 1 copy (N=1 anchor)
  batch 1/3: 0.329505 sec, 5 copies (server sum 285.841 ms)
  batch 2/3: 0.421613 sec, 5 copies (server sum 312.429 ms)
  batch 3/3: 0.431202 sec, 5 copies (server sum 320.166 ms)
  slope: pkg 1.552 J/exec (intercept 0.6511 J), wall 0.074092 s/exec (intercept 0.023644 s)
[52/53] queries/tpch/tpch-queries/q22/v1_materialized.sql (2 warmup [warm ones = N=1 anchor] + 3 x5)
  warmup 1/2: 0.190852 sec, 1 copy (cache prime)
  warmup 2/2: 0.176576 sec, 1 copy (N=1 anchor)
  batch 1/3: 0.336536 sec, 5 copies (server sum 290.004 ms)
  batch 2/3: 0.326951 sec, 5 copies (server sum 282.183 ms)
  batch 3/3: 0.321852 sec, 5 copies (server sum 277.965 ms)
  slope: pkg 1.672 J/exec (intercept 0.6352 J), wall 0.037968 s/exec (intercept 0.138608 s)
[53/53] queries/tpch/tpch-queries/q22/v2_anti_join.sql (2 warmup [warm ones = N=1 anchor] + 3 x5)
  warmup 1/2: 0.330662 sec, 1 copy (cache prime)
  warmup 2/2: 0.232241 sec, 1 copy (N=1 anchor)
  batch 1/3: 0.787262 sec, 5 copies (server sum 678.989 ms)
  batch 2/3: 0.806557 sec, 5 copies (server sum 686.716 ms)
  batch 3/3: 0.826371 sec, 5 copies (server sum 716.259 ms)
  slope: pkg 2.517 J/exec (intercept 1.018 J), wall 0.143622 s/exec (intercept 0.088619 s)

Done. Batch rows appended to logs/shared_buffers/sb_1GB/query_timing_tpch_idx.csv
Per-copy samples appended to logs/shared_buffers/sb_1GB/query_samples_tpch_idx.csv
Relation sizes appended to logs/shared_buffers/sb_1GB/query_catalog_tpch_idx.csv
Per-query slope/intercept appended to logs/shared_buffers/sb_1GB/query_slope_tpch_idx.csv
make: Leaving directory '/home/user01/GreenSQL'
