make: Entering directory '/home/user01/GreenSQL'
query_runner configuration:
  QUERY_DIR      = queries/tpch/tpch-queries
  LOG_FILE       = logs/shared_buffers/sb_1GB/query_timing_tpch.csv
  SAMPLE_FILE    = logs/shared_buffers/sb_1GB/query_samples_tpch.csv
  CATALOG_FILE   = logs/shared_buffers/sb_1GB/query_catalog_tpch.csv
  SLOPE_FILE     = logs/shared_buffers/sb_1GB/query_slope_tpch.csv
  DB_NAME        = tpch
  DB_USER        = postgres
  PGPORT         = 5434
  PG_VERSION     = 18.4  (as reported by the server on that port)
  BATCHNUM       = 5 (slope sizes: 1 copy and 5 copies)
  RUNS           = 3 (measured batches per size)
  WARMUP         = 2 (single-copy; #1 primes cache, warm ones = N=1 anchor)
  WORKERS        = (planner default)
  STATEMENT_TIMEOUT = 900
  SIGLESS_ADDR   = (disabled)
Found 53 queries under queries/tpch/tpch-queries

Catalog snapshot: 11 relations -> logs/shared_buffers/sb_1GB/query_catalog_tpch.csv
[1/53] queries/tpch/tpch-queries/q01/base.sql (2 warmup [warm ones = N=1 anchor] + 3 x5)
  warmup 1/2: 1.887145 sec, 1 copy (cache prime)
  warmup 2/2: 1.899475 sec, 1 copy (N=1 anchor)
  batch 1/3: 9.840424 sec, 5 copies (server sum 9738.842 ms)
  batch 2/3: 10.394013 sec, 5 copies (server sum 10288.500 ms)
  batch 3/3: 10.502657 sec, 5 copies (server sum 10359.505 ms)
  slope: pkg 45.82 J/exec (intercept 7.574 J), wall 2.086556 s/exec (intercept -0.187081 s)
[2/53] queries/tpch/tpch-queries/q01/v1_materialized.sql (2 warmup [warm ones = N=1 anchor] + 3 x5)
  warmup 1/2: 2.102846 sec, 1 copy (cache prime)
  warmup 2/2: 2.165990 sec, 1 copy (N=1 anchor)
  batch 1/3: 10.443123 sec, 5 copies (server sum 10328.096 ms)
  batch 2/3: 10.327670 sec, 5 copies (server sum 10232.160 ms)
  batch 3/3: 10.236983 sec, 5 copies (server sum 10142.401 ms)
  slope: pkg 44.79 J/exec (intercept 2.801 J), wall 2.042484 s/exec (intercept 0.123506 s)
[3/53] queries/tpch/tpch-queries/q02/base.sql (2 warmup [warm ones = N=1 anchor] + 3 x5)
  warmup 1/2: 54.072242 sec, 1 copy (cache prime)
  warmup 2/2: 52.781743 sec, 1 copy (N=1 anchor)
  batch 1/3: 263.279725 sec, 5 copies (server sum 263182.552 ms)
  batch 2/3: 261.555842 sec, 5 copies (server sum 261455.618 ms)
  batch 3/3: 261.944580 sec, 5 copies (server sum 261845.450 ms)
  slope: pkg 454.6 J/exec (intercept 14.87 J), wall 52.369576 s/exec (intercept 0.412167 s)
[4/53] queries/tpch/tpch-queries/q02/v1_materialized.sql (2 warmup [warm ones = N=1 anchor] + 3 x5)
  warmup 1/2: 52.158756 sec, 1 copy (cache prime)
  warmup 2/2: 52.053658 sec, 1 copy (N=1 anchor)
  batch 1/3: 259.737956 sec, 5 copies (server sum 259640.417 ms)
  batch 2/3: 260.304616 sec, 5 copies (server sum 260202.749 ms)
  batch 3/3: 258.363890 sec, 5 copies (server sum 258264.872 ms)
  slope: pkg 452.5 J/exec (intercept 2.486 J), wall 51.853791 s/exec (intercept 0.199868 s)
[5/53] queries/tpch/tpch-queries/q02/v2_decorrelate.sql (2 warmup [warm ones = N=1 anchor] + 3 x5)
  warmup 1/2: 0.323696 sec, 1 copy (cache prime)
  warmup 2/2: 0.348147 sec, 1 copy (N=1 anchor)
  batch 1/3: 1.293596 sec, 5 copies (server sum 1187.385 ms)
  batch 2/3: 1.314226 sec, 5 copies (server sum 1217.135 ms)
  batch 3/3: 1.256251 sec, 5 copies (server sum 1158.687 ms)
  slope: pkg 3.291 J/exec (intercept 0.7164 J), wall 0.234969 s/exec (intercept 0.113177 s)
[6/53] queries/tpch/tpch-queries/q03/base.sql (2 warmup [warm ones = N=1 anchor] + 3 x5)
  warmup 1/2: 0.627177 sec, 1 copy (cache prime)
  warmup 2/2: 0.546221 sec, 1 copy (N=1 anchor)
  batch 1/3: 1.748135 sec, 5 copies (server sum 1647.893 ms)
  batch 2/3: 1.708574 sec, 5 copies (server sum 1615.306 ms)
  batch 3/3: 1.707506 sec, 5 copies (server sum 1614.764 ms)
  slope: pkg 6.997 J/exec (intercept 5.102 J), wall 0.293796 s/exec (intercept 0.252425 s)
[7/53] queries/tpch/tpch-queries/q03/v1_materialized.sql (2 warmup [warm ones = N=1 anchor] + 3 x5)
  warmup 1/2: 0.438016 sec, 1 copy (cache prime)
  warmup 2/2: 0.442315 sec, 1 copy (N=1 anchor)
  batch 1/3: 1.721873 sec, 5 copies (server sum 1628.328 ms)
  batch 2/3: 1.717328 sec, 5 copies (server sum 1624.160 ms)
  batch 3/3: 1.716226 sec, 5 copies (server sum 1622.904 ms)
  slope: pkg 7.728 J/exec (intercept 1.352 J), wall 0.319040 s/exec (intercept 0.123275 s)
[8/53] queries/tpch/tpch-queries/q04/base.sql (2 warmup [warm ones = N=1 anchor] + 3 x5)
  warmup 1/2: 0.259939 sec, 1 copy (cache prime)
  warmup 2/2: 0.264968 sec, 1 copy (N=1 anchor)
  batch 1/3: 0.731753 sec, 5 copies (server sum 635.596 ms)
  batch 2/3: 0.710929 sec, 5 copies (server sum 617.703 ms)
  batch 3/3: 0.711347 sec, 5 copies (server sum 620.356 ms)
  slope: pkg 3.061 J/exec (intercept 1.998 J), wall 0.113260 s/exec (intercept 0.151707 s)
[9/53] queries/tpch/tpch-queries/q04/v1_materialized.sql (2 warmup [warm ones = N=1 anchor] + 3 x5)
  warmup 1/2: 0.227014 sec, 1 copy (cache prime)
  warmup 2/2: 0.224424 sec, 1 copy (N=1 anchor)
  batch 1/3: 0.709830 sec, 5 copies (server sum 618.081 ms)
  batch 2/3: 0.715235 sec, 5 copies (server sum 621.349 ms)
  batch 3/3: 0.718131 sec, 5 copies (server sum 626.561 ms)
  slope: pkg 3.178 J/exec (intercept 1.317 J), wall 0.122494 s/exec (intercept 0.101931 s)
[10/53] queries/tpch/tpch-queries/q04/v2_in.sql (2 warmup [warm ones = N=1 anchor] + 3 x5)
  warmup 1/2: 0.201251 sec, 1 copy (cache prime)
  warmup 2/2: 0.248349 sec, 1 copy (N=1 anchor)
  batch 1/3: 0.718577 sec, 5 copies (server sum 622.984 ms)
  batch 2/3: 0.711588 sec, 5 copies (server sum 619.892 ms)
  batch 3/3: 0.706459 sec, 5 copies (server sum 615.706 ms)
  slope: pkg 3.368 J/exec (intercept 0.6007 J), wall 0.115965 s/exec (intercept 0.132384 s)
[11/53] queries/tpch/tpch-queries/q05/base.sql (2 warmup [warm ones = N=1 anchor] + 3 x5)
  warmup 1/2: 0.385137 sec, 1 copy (cache prime)
  warmup 2/2: 0.369884 sec, 1 copy (N=1 anchor)
  batch 1/3: 1.403337 sec, 5 copies (server sum 1301.110 ms)
  batch 2/3: 1.395439 sec, 5 copies (server sum 1285.803 ms)
  batch 3/3: 1.393283 sec, 5 copies (server sum 1274.316 ms)
  slope: pkg 3.429 J/exec (intercept 1.127 J), wall 0.256867 s/exec (intercept 0.113016 s)
[12/53] queries/tpch/tpch-queries/q05/v1_materialized.sql (2 warmup [warm ones = N=1 anchor] + 3 x5)
  warmup 1/2: 0.372239 sec, 1 copy (cache prime)
  warmup 2/2: 0.357010 sec, 1 copy (N=1 anchor)
  batch 1/3: 1.396414 sec, 5 copies (server sum 1292.189 ms)
  batch 2/3: 1.360291 sec, 5 copies (server sum 1259.834 ms)
  batch 3/3: 1.374639 sec, 5 copies (server sum 1268.557 ms)
  slope: pkg 3.431 J/exec (intercept 1.335 J), wall 0.255026 s/exec (intercept 0.101984 s)
[13/53] queries/tpch/tpch-queries/q06/base.sql (2 warmup [warm ones = N=1 anchor] + 3 x5)
  warmup 1/2: 0.522297 sec, 1 copy (cache prime)
  warmup 2/2: 0.552283 sec, 1 copy (N=1 anchor)
  batch 1/3: 2.173837 sec, 5 copies (server sum 2070.963 ms)
  batch 2/3: 2.115688 sec, 5 copies (server sum 2013.181 ms)
  batch 3/3: 2.022202 sec, 5 copies (server sum 1923.147 ms)
  slope: pkg 11.61 J/exec (intercept 1.257 J), wall 0.387906 s/exec (intercept 0.164377 s)
[14/53] queries/tpch/tpch-queries/q06/v1_materialized.sql (2 warmup [warm ones = N=1 anchor] + 3 x5)
  warmup 1/2: 0.475031 sec, 1 copy (cache prime)
  warmup 2/2: 0.476536 sec, 1 copy (N=1 anchor)
  batch 1/3: 1.887699 sec, 5 copies (server sum 1784.907 ms)
  batch 2/3: 1.756641 sec, 5 copies (server sum 1660.551 ms)
  batch 3/3: 1.682276 sec, 5 copies (server sum 1590.906 ms)
  slope: pkg 8.846 J/exec (intercept 2.525 J), wall 0.324751 s/exec (intercept 0.151785 s)
[15/53] queries/tpch/tpch-queries/q07/base.sql (2 warmup [warm ones = N=1 anchor] + 3 x5)
  warmup 1/2: 0.500532 sec, 1 copy (cache prime)
  warmup 2/2: 0.341145 sec, 1 copy (N=1 anchor)
  batch 1/3: 1.553627 sec, 5 copies (server sum 1448.995 ms)
  batch 2/3: 1.567632 sec, 5 copies (server sum 1462.175 ms)
  batch 3/3: 1.544157 sec, 5 copies (server sum 1438.534 ms)
  slope: pkg 4.444 J/exec (intercept 1.408 J), wall 0.303498 s/exec (intercept 0.037646 s)
[16/53] queries/tpch/tpch-queries/q07/v1_materialized.sql (2 warmup [warm ones = N=1 anchor] + 3 x5)
  warmup 1/2: 0.336698 sec, 1 copy (cache prime)
  warmup 2/2: 0.402724 sec, 1 copy (N=1 anchor)
  batch 1/3: 1.531469 sec, 5 copies (server sum 1431.052 ms)
  batch 2/3: 1.468743 sec, 5 copies (server sum 1421.773 ms)
  batch 3/3: 1.528086 sec, 5 copies (server sum 1425.821 ms)
  slope: pkg 4.642 J/exec (intercept 0.9991 J), wall 0.276677 s/exec (intercept 0.126047 s)
[17/53] queries/tpch/tpch-queries/q07/v2_union_all.sql (2 warmup [warm ones = N=1 anchor] + 3 x5)
  warmup 1/2: 0.401554 sec, 1 copy (cache prime)
  warmup 2/2: 0.397581 sec, 1 copy (N=1 anchor)
  batch 1/3: 1.580972 sec, 5 copies (server sum 1474.979 ms)
  batch 2/3: 1.569965 sec, 5 copies (server sum 1467.313 ms)
  batch 3/3: 1.617714 sec, 5 copies (server sum 1465.165 ms)
  slope: pkg 4.567 J/exec (intercept 1.447 J), wall 0.297992 s/exec (intercept 0.099588 s)
[18/53] queries/tpch/tpch-queries/q08/base.sql (2 warmup [warm ones = N=1 anchor] + 3 x5)
  warmup 1/2: 0.553301 sec, 1 copy (cache prime)
  warmup 2/2: 0.529283 sec, 1 copy (N=1 anchor)
  batch 1/3: 1.898252 sec, 5 copies (server sum 1799.971 ms)
  batch 2/3: 1.878601 sec, 5 copies (server sum 1781.444 ms)
  batch 3/3: 1.873466 sec, 5 copies (server sum 1771.356 ms)
  slope: pkg 5.808 J/exec (intercept 2.428 J), wall 0.338539 s/exec (intercept 0.190744 s)
[19/53] queries/tpch/tpch-queries/q08/v1_materialized.sql (2 warmup [warm ones = N=1 anchor] + 3 x5)
  warmup 1/2: 0.474218 sec, 1 copy (cache prime)
  warmup 2/2: 0.473477 sec, 1 copy (N=1 anchor)
  batch 1/3: 1.886513 sec, 5 copies (server sum 1787.309 ms)
  batch 2/3: 1.892351 sec, 5 copies (server sum 1783.846 ms)
  batch 3/3: 1.887802 sec, 5 copies (server sum 1781.769 ms)
  slope: pkg 5.999 J/exec (intercept 1.519 J), wall 0.353853 s/exec (intercept 0.119624 s)
[20/53] queries/tpch/tpch-queries/q08/v2_filter.sql (2 warmup [warm ones = N=1 anchor] + 3 x5)
  warmup 1/2: 0.469849 sec, 1 copy (cache prime)
  warmup 2/2: 0.471657 sec, 1 copy (N=1 anchor)
  batch 1/3: 1.876957 sec, 5 copies (server sum 1780.222 ms)
  batch 2/3: 1.896653 sec, 5 copies (server sum 1782.385 ms)
  batch 3/3: 1.877266 sec, 5 copies (server sum 1775.273 ms)
  slope: pkg 6.038 J/exec (intercept 1.511 J), wall 0.352992 s/exec (intercept 0.118664 s)
[21/53] queries/tpch/tpch-queries/q09/base.sql (2 warmup [warm ones = N=1 anchor] + 3 x5)
  warmup 1/2: 1.392684 sec, 1 copy (cache prime)
  warmup 2/2: 1.394111 sec, 1 copy (N=1 anchor)
  batch 1/3: 6.563741 sec, 5 copies (server sum 6467.645 ms)
  batch 2/3: 6.308781 sec, 5 copies (server sum 6261.463 ms)
  batch 3/3: 6.563999 sec, 5 copies (server sum 6466.856 ms)
  slope: pkg 30.72 J/exec (intercept 2.11 J), wall 1.271182 s/exec (intercept 0.122928 s)
[22/53] queries/tpch/tpch-queries/q09/v1_materialized.sql (2 warmup [warm ones = N=1 anchor] + 3 x5)
  warmup 1/2: 1.451447 sec, 1 copy (cache prime)
  warmup 2/2: 1.480170 sec, 1 copy (N=1 anchor)
  batch 1/3: 6.818859 sec, 5 copies (server sum 6721.189 ms)
  batch 2/3: 6.461366 sec, 5 copies (server sum 6364.806 ms)
  batch 3/3: 6.811743 sec, 5 copies (server sum 6709.548 ms)
  slope: pkg 28.73 J/exec (intercept 2.551 J), wall 1.304288 s/exec (intercept 0.175882 s)
[23/53] queries/tpch/tpch-queries/q10/base.sql (2 warmup [warm ones = N=1 anchor] + 3 x5)
  warmup 1/2: 0.571289 sec, 1 copy (cache prime)
  warmup 2/2: 0.489173 sec, 1 copy (N=1 anchor)
  batch 1/3: 1.970746 sec, 5 copies (server sum 1874.393 ms)
  batch 2/3: 2.025076 sec, 5 copies (server sum 1930.865 ms)
  batch 3/3: 1.924168 sec, 5 copies (server sum 1878.279 ms)
  slope: pkg 8.234 J/exec (intercept 1.523 J), wall 0.371039 s/exec (intercept 0.118134 s)
[24/53] queries/tpch/tpch-queries/q10/v1_materialized.sql (2 warmup [warm ones = N=1 anchor] + 3 x5)
  warmup 1/2: 0.503149 sec, 1 copy (cache prime)
  warmup 2/2: 0.505118 sec, 1 copy (N=1 anchor)
  batch 1/3: 2.101357 sec, 5 copies (server sum 1967.363 ms)
  batch 2/3: 2.035697 sec, 5 copies (server sum 1942.153 ms)
  batch 3/3: 2.163296 sec, 5 copies (server sum 2069.139 ms)
  slope: pkg 8.542 J/exec (intercept 1.545 J), wall 0.398750 s/exec (intercept 0.106368 s)
[25/53] queries/tpch/tpch-queries/q11/base.sql (2 warmup [warm ones = N=1 anchor] + 3 x5)
  warmup 1/2: 0.158129 sec, 1 copy (cache prime)
  warmup 2/2: 0.213625 sec, 1 copy (N=1 anchor)
  batch 1/3: 0.595643 sec, 5 copies (server sum 490.381 ms)
  batch 2/3: 0.566884 sec, 5 copies (server sum 485.978 ms)
  batch 3/3: 0.628515 sec, 5 copies (server sum 525.394 ms)
  slope: pkg 2.498 J/exec (intercept 0.9867 J), wall 0.095847 s/exec (intercept 0.117778 s)
[26/53] queries/tpch/tpch-queries/q11/v1_materialized.sql (2 warmup [warm ones = N=1 anchor] + 3 x5)
  warmup 1/2: 0.207830 sec, 1 copy (cache prime)
  warmup 2/2: 0.220451 sec, 1 copy (N=1 anchor)
  batch 1/3: 0.596636 sec, 5 copies (server sum 496.985 ms)
  batch 2/3: 0.604608 sec, 5 copies (server sum 506.716 ms)
  batch 3/3: 0.587453 sec, 5 copies (server sum 489.034 ms)
  slope: pkg 2.631 J/exec (intercept 0.4659 J), wall 0.093945 s/exec (intercept 0.126505 s)
[27/53] queries/tpch/tpch-queries/q11/v2_cte_threshold.sql (2 warmup [warm ones = N=1 anchor] + 3 x5)
  warmup 1/2: 0.310663 sec, 1 copy (cache prime)
  warmup 2/2: 0.147036 sec, 1 copy (N=1 anchor)
  batch 1/3: 0.591488 sec, 5 copies (server sum 491.247 ms)
  batch 2/3: 0.599178 sec, 5 copies (server sum 500.519 ms)
  batch 3/3: 0.623010 sec, 5 copies (server sum 519.708 ms)
  slope: pkg 2.584 J/exec (intercept 0.6977 J), wall 0.114381 s/exec (intercept 0.032656 s)
[28/53] queries/tpch/tpch-queries/q12/base.sql (2 warmup [warm ones = N=1 anchor] + 3 x5)
  warmup 1/2: 0.768978 sec, 1 copy (cache prime)
  warmup 2/2: 0.761427 sec, 1 copy (N=1 anchor)
  batch 1/3: 3.541141 sec, 5 copies (server sum 3432.596 ms)
  batch 2/3: 3.778430 sec, 5 copies (server sum 3677.136 ms)
  batch 3/3: 3.692846 sec, 5 copies (server sum 3594.728 ms)
  slope: pkg 16.45 J/exec (intercept 2.506 J), wall 0.727345 s/exec (intercept 0.034083 s)
[29/53] queries/tpch/tpch-queries/q12/v1_materialized.sql (2 warmup [warm ones = N=1 anchor] + 3 x5)
  warmup 1/2: 0.824638 sec, 1 copy (cache prime)
  warmup 2/2: 0.763927 sec, 1 copy (N=1 anchor)
  batch 1/3: 3.563607 sec, 5 copies (server sum 3412.973 ms)
  batch 2/3: 3.345657 sec, 5 copies (server sum 3289.848 ms)
  batch 3/3: 3.350060 sec, 5 copies (server sum 3253.620 ms)
  slope: pkg 14.55 J/exec (intercept 2.21 J), wall 0.663962 s/exec (intercept 0.099965 s)
[30/53] queries/tpch/tpch-queries/q12/v2_filter.sql (2 warmup [warm ones = N=1 anchor] + 3 x5)
  warmup 1/2: 0.723712 sec, 1 copy (cache prime)
  warmup 2/2: 0.743790 sec, 1 copy (N=1 anchor)
  batch 1/3: 3.260353 sec, 5 copies (server sum 3157.538 ms)
  batch 2/3: 3.116483 sec, 5 copies (server sum 3021.713 ms)
  batch 3/3: 3.123751 sec, 5 copies (server sum 3026.053 ms)
  slope: pkg 13.3 J/exec (intercept 3.049 J), wall 0.605768 s/exec (intercept 0.138021 s)
[31/53] queries/tpch/tpch-queries/q13/base.sql (2 warmup [warm ones = N=1 anchor] + 3 x5)
  warmup 1/2: 0.929623 sec, 1 copy (cache prime)
  warmup 2/2: 0.922507 sec, 1 copy (N=1 anchor)
  batch 1/3: 4.122399 sec, 5 copies (server sum 4027.363 ms)
  batch 2/3: 4.082308 sec, 5 copies (server sum 3977.769 ms)
  batch 3/3: 4.061590 sec, 5 copies (server sum 3964.358 ms)
  slope: pkg 10.02 J/exec (intercept 1.068 J), wall 0.791565 s/exec (intercept 0.130942 s)
[32/53] queries/tpch/tpch-queries/q13/v1_materialized.sql (2 warmup [warm ones = N=1 anchor] + 3 x5)
  warmup 1/2: 0.915827 sec, 1 copy (cache prime)
  warmup 2/2: 0.914630 sec, 1 copy (N=1 anchor)
  batch 1/3: 4.155074 sec, 5 copies (server sum 4045.607 ms)
  batch 2/3: 4.069744 sec, 5 copies (server sum 3966.322 ms)
  batch 3/3: 4.076371 sec, 5 copies (server sum 3981.964 ms)
  slope: pkg 9.905 J/exec (intercept 1.122 J), wall 0.796442 s/exec (intercept 0.118188 s)
[33/53] queries/tpch/tpch-queries/q13/v2_correlated.sql (2 warmup [warm ones = N=1 anchor] + 3 x5)
  warmup 1/2: 2.396315 sec, 1 copy (cache prime)
  warmup 2/2: 2.377945 sec, 1 copy (N=1 anchor)
  batch 1/3: 10.875103 sec, 5 copies (server sum 10782.995 ms)
  batch 2/3: 10.765246 sec, 5 copies (server sum 10670.105 ms)
  batch 3/3: 10.824690 sec, 5 copies (server sum 10717.961 ms)
  slope: pkg 18.82 J/exec (intercept 1.149 J), wall 2.110934 s/exec (intercept 0.267011 s)
[34/53] queries/tpch/tpch-queries/q14/base.sql (2 warmup [warm ones = N=1 anchor] + 3 x5)
  warmup 1/2: 0.487174 sec, 1 copy (cache prime)
  warmup 2/2: 0.514665 sec, 1 copy (N=1 anchor)
  batch 1/3: 2.127034 sec, 5 copies (server sum 2015.393 ms)
  batch 2/3: 1.965464 sec, 5 copies (server sum 1844.865 ms)
  batch 3/3: 1.764833 sec, 5 copies (server sum 1708.968 ms)
  slope: pkg 10.06 J/exec (intercept 2.198 J), wall 0.359445 s/exec (intercept 0.155221 s)
[35/53] queries/tpch/tpch-queries/q14/v1_materialized.sql (2 warmup [warm ones = N=1 anchor] + 3 x5)
  warmup 1/2: 0.440822 sec, 1 copy (cache prime)
  warmup 2/2: 0.400371 sec, 1 copy (N=1 anchor)
  batch 1/3: 1.714260 sec, 5 copies (server sum 1617.510 ms)
  batch 2/3: 1.683892 sec, 5 copies (server sum 1591.964 ms)
  batch 3/3: 1.695093 sec, 5 copies (server sum 1584.565 ms)
  slope: pkg 8.714 J/exec (intercept 1.47 J), wall 0.324344 s/exec (intercept 0.076027 s)
[36/53] queries/tpch/tpch-queries/q14/v2_filter.sql (2 warmup [warm ones = N=1 anchor] + 3 x5)
  warmup 1/2: 0.378918 sec, 1 copy (cache prime)
  warmup 2/2: 0.441558 sec, 1 copy (N=1 anchor)
  batch 1/3: 1.683203 sec, 5 copies (server sum 1592.186 ms)
  batch 2/3: 1.688526 sec, 5 copies (server sum 1591.823 ms)
  batch 3/3: 1.700193 sec, 5 copies (server sum 1601.657 ms)
  slope: pkg 8.688 J/exec (intercept 1.276 J), wall 0.312271 s/exec (intercept 0.129287 s)
[37/53] queries/tpch/tpch-queries/q15/base.sql (2 warmup [warm ones = N=1 anchor] + 3 x5)
  warmup 1/2: 0.456073 sec, 1 copy (cache prime)
  warmup 2/2: 0.463554 sec, 1 copy (N=1 anchor)
  batch 1/3: 1.804533 sec, 5 copies (server sum 1710.137 ms)
  batch 2/3: 1.862497 sec, 5 copies (server sum 1724.405 ms)
  batch 3/3: 1.795384 sec, 5 copies (server sum 1740.936 ms)
  slope: pkg 9.083 J/exec (intercept 1.388 J), wall 0.339313 s/exec (intercept 0.124242 s)
[38/53] queries/tpch/tpch-queries/q15/v1_materialized.sql (2 warmup [warm ones = N=1 anchor] + 3 x5)
  warmup 1/2: 0.468740 sec, 1 copy (cache prime)
  warmup 2/2: 0.458704 sec, 1 copy (N=1 anchor)
  batch 1/3: 1.838658 sec, 5 copies (server sum 1746.962 ms)
  batch 2/3: 1.860105 sec, 5 copies (server sum 1765.296 ms)
  batch 3/3: 1.858950 sec, 5 copies (server sum 1761.158 ms)
  slope: pkg 8.864 J/exec (intercept 1.48 J), wall 0.348467 s/exec (intercept 0.110238 s)
[39/53] queries/tpch/tpch-queries/q16/base.sql (2 warmup [warm ones = N=1 anchor] + 3 x5)
  warmup 1/2: 0.400118 sec, 1 copy (cache prime)
  warmup 2/2: 0.360413 sec, 1 copy (N=1 anchor)
  batch 1/3: 1.375020 sec, 5 copies (server sum 1331.799 ms)
  batch 2/3: 1.421924 sec, 5 copies (server sum 1319.969 ms)
  batch 3/3: 1.428842 sec, 5 copies (server sum 1330.661 ms)
  slope: pkg 5.898 J/exec (intercept 0.7873 J), wall 0.262046 s/exec (intercept 0.098367 s)
[40/53] queries/tpch/tpch-queries/q16/v1_materialized.sql (2 warmup [warm ones = N=1 anchor] + 3 x5)
  warmup 1/2: 0.381410 sec, 1 copy (cache prime)
  warmup 2/2: 0.309801 sec, 1 copy (N=1 anchor)
  batch 1/3: 1.442319 sec, 5 copies (server sum 1340.537 ms)
  batch 2/3: 1.463169 sec, 5 copies (server sum 1353.848 ms)
  batch 3/3: 1.458847 sec, 5 copies (server sum 1349.011 ms)
  slope: pkg 6.05 J/exec (intercept 0.5791 J), wall 0.286244 s/exec (intercept 0.023557 s)
[41/53] queries/tpch/tpch-queries/q16/v2_not_exists.sql (2 warmup [warm ones = N=1 anchor] + 3 x5)
  warmup 1/2: 0.370735 sec, 1 copy (cache prime)
  warmup 2/2: 0.290928 sec, 1 copy (N=1 anchor)
  batch 1/3: 1.367676 sec, 5 copies (server sum 1264.913 ms)
  batch 2/3: 1.376586 sec, 5 copies (server sum 1265.675 ms)
  batch 3/3: 1.353745 sec, 5 copies (server sum 1258.138 ms)
  slope: pkg 5.407 J/exec (intercept 0.7516 J), wall 0.268769 s/exec (intercept 0.022160 s)
[42/53] queries/tpch/tpch-queries/q17/v2_decorrelate.sql (2 warmup [warm ones = N=1 anchor] + 3 x5)
  warmup 1/2: 2.920555 sec, 1 copy (cache prime)
  warmup 2/2: 2.797467 sec, 1 copy (N=1 anchor)
  batch 1/3: 13.481262 sec, 5 copies (server sum 13438.197 ms)
  batch 2/3: 13.335687 sec, 5 copies (server sum 13241.985 ms)
  batch 3/3: 13.165693 sec, 5 copies (server sum 13074.513 ms)
  slope: pkg 56.22 J/exec (intercept 2.89 J), wall 2.632520 s/exec (intercept 0.164946 s)
[43/53] queries/tpch/tpch-queries/q18/base.sql (2 warmup [warm ones = N=1 anchor] + 3 x5)
  warmup 1/2: 2.410699 sec, 1 copy (cache prime)
  warmup 2/2: 2.752016 sec, 1 copy (N=1 anchor)
  batch 1/3: 13.171989 sec, 5 copies (server sum 13102.672 ms)
  batch 2/3: 13.515677 sec, 5 copies (server sum 13413.504 ms)
  batch 3/3: 14.499500 sec, 5 copies (server sum 14385.347 ms)
  slope: pkg 59.29 J/exec (intercept 6.537 J), wall 2.744260 s/exec (intercept 0.007756 s)
[44/53] queries/tpch/tpch-queries/q18/v1_materialized.sql (2 warmup [warm ones = N=1 anchor] + 3 x5)
  warmup 1/2: 3.152186 sec, 1 copy (cache prime)
  warmup 2/2: 3.324977 sec, 1 copy (N=1 anchor)
  batch 1/3: 15.358763 sec, 5 copies (server sum 15249.544 ms)
  batch 2/3: 14.939646 sec, 5 copies (server sum 14833.012 ms)
  batch 3/3: 15.106196 sec, 5 copies (server sum 14983.230 ms)
  slope: pkg 64.84 J/exec (intercept 8.019 J), wall 2.952473 s/exec (intercept 0.372505 s)
[45/53] queries/tpch/tpch-queries/q18/v2_join.sql (2 warmup [warm ones = N=1 anchor] + 3 x5)
  warmup 1/2: 2.966427 sec, 1 copy (cache prime)
  warmup 2/2: 3.113727 sec, 1 copy (N=1 anchor)
  batch 1/3: 14.268891 sec, 5 copies (server sum 14159.834 ms)
  batch 2/3: 13.842217 sec, 5 copies (server sum 13735.613 ms)
  batch 3/3: 14.660567 sec, 5 copies (server sum 14538.590 ms)
  slope: pkg 61.13 J/exec (intercept 7.335 J), wall 2.785875 s/exec (intercept 0.327852 s)
[46/53] queries/tpch/tpch-queries/q19/base.sql (2 warmup [warm ones = N=1 anchor] + 3 x5)
  warmup 1/2: 0.611482 sec, 1 copy (cache prime)
  warmup 2/2: 0.618294 sec, 1 copy (N=1 anchor)
  batch 1/3: 2.642947 sec, 5 copies (server sum 2526.816 ms)
  batch 2/3: 2.622687 sec, 5 copies (server sum 2523.328 ms)
  batch 3/3: 2.601928 sec, 5 copies (server sum 2498.513 ms)
  slope: pkg 11 J/exec (intercept 2.631 J), wall 0.501057 s/exec (intercept 0.117238 s)
[47/53] queries/tpch/tpch-queries/q19/v1_materialized.sql (2 warmup [warm ones = N=1 anchor] + 3 x5)
  warmup 1/2: 0.598656 sec, 1 copy (cache prime)
  warmup 2/2: 0.592437 sec, 1 copy (N=1 anchor)
  batch 1/3: 2.591477 sec, 5 copies (server sum 2482.900 ms)
  batch 2/3: 2.591385 sec, 5 copies (server sum 2495.304 ms)
  batch 3/3: 2.584859 sec, 5 copies (server sum 2488.817 ms)
  slope: pkg 10.96 J/exec (intercept 2.037 J), wall 0.499201 s/exec (intercept 0.093236 s)
[48/53] queries/tpch/tpch-queries/q19/v2_union_all.sql (2 warmup [warm ones = N=1 anchor] + 3 x5)
  warmup 1/2: 1.755706 sec, 1 copy (cache prime)
  warmup 2/2: 1.755711 sec, 1 copy (N=1 anchor)
  batch 1/3: 8.221392 sec, 5 copies (server sum 8124.340 ms)
  batch 2/3: 8.314581 sec, 5 copies (server sum 8168.039 ms)
  batch 3/3: 8.251514 sec, 5 copies (server sum 8202.033 ms)
  slope: pkg 35.68 J/exec (intercept 2.91 J), wall 1.626696 s/exec (intercept 0.129015 s)
[49/53] queries/tpch/tpch-queries/q21/base.sql (2 warmup [warm ones = N=1 anchor] + 3 x5)
  warmup 1/2: 0.808224 sec, 1 copy (cache prime)
  warmup 2/2: 0.768191 sec, 1 copy (N=1 anchor)
  batch 1/3: 3.457813 sec, 5 copies (server sum 3354.370 ms)
  batch 2/3: 3.481816 sec, 5 copies (server sum 3382.055 ms)
  batch 3/3: 3.504193 sec, 5 copies (server sum 3403.457 ms)
  slope: pkg 14.51 J/exec (intercept 3.611 J), wall 0.678271 s/exec (intercept 0.089920 s)
[50/53] queries/tpch/tpch-queries/q21/v1_materialized.sql (2 warmup [warm ones = N=1 anchor] + 3 x5)
  warmup 1/2: 0.733637 sec, 1 copy (cache prime)
  warmup 2/2: 0.777660 sec, 1 copy (N=1 anchor)
  batch 1/3: 3.540277 sec, 5 copies (server sum 3443.346 ms)
  batch 2/3: 3.504515 sec, 5 copies (server sum 3449.791 ms)
  batch 3/3: 3.498459 sec, 5 copies (server sum 3398.359 ms)
  slope: pkg 15.12 J/exec (intercept 1.658 J), wall 0.684189 s/exec (intercept 0.093471 s)
[51/53] queries/tpch/tpch-queries/q22/base.sql (2 warmup [warm ones = N=1 anchor] + 3 x5)
  warmup 1/2: 0.185567 sec, 1 copy (cache prime)
  warmup 2/2: 0.164040 sec, 1 copy (N=1 anchor)
  batch 1/3: 0.328898 sec, 5 copies (server sum 284.540 ms)
  batch 2/3: 0.419056 sec, 5 copies (server sum 312.293 ms)
  batch 3/3: 0.434066 sec, 5 copies (server sum 323.470 ms)
  slope: pkg 1.463 J/exec (intercept 0.7632 J), wall 0.057492 s/exec (intercept 0.106548 s)
[52/53] queries/tpch/tpch-queries/q22/v1_materialized.sql (2 warmup [warm ones = N=1 anchor] + 3 x5)
  warmup 1/2: 0.201529 sec, 1 copy (cache prime)
  warmup 2/2: 0.105865 sec, 1 copy (N=1 anchor)
  batch 1/3: 0.332855 sec, 5 copies (server sum 287.954 ms)
  batch 2/3: 0.413998 sec, 5 copies (server sum 306.323 ms)
  batch 3/3: 0.435405 sec, 5 copies (server sum 319.489 ms)
  slope: pkg 1.498 J/exec (intercept 0.7414 J), wall 0.072055 s/exec (intercept 0.033810 s)
[53/53] queries/tpch/tpch-queries/q22/v2_anti_join.sql (2 warmup [warm ones = N=1 anchor] + 3 x5)
  warmup 1/2: 0.284152 sec, 1 copy (cache prime)
  warmup 2/2: 0.225245 sec, 1 copy (N=1 anchor)
  batch 1/3: 0.742790 sec, 5 copies (server sum 640.933 ms)
  batch 2/3: 0.734640 sec, 5 copies (server sum 616.281 ms)
  batch 3/3: 0.748017 sec, 5 copies (server sum 639.944 ms)
  slope: pkg 3.245 J/exec (intercept 0.897 J), wall 0.129143 s/exec (intercept 0.096102 s)

Done. Batch rows appended to logs/shared_buffers/sb_1GB/query_timing_tpch.csv
Per-copy samples appended to logs/shared_buffers/sb_1GB/query_samples_tpch.csv
Relation sizes appended to logs/shared_buffers/sb_1GB/query_catalog_tpch.csv
Per-query slope/intercept appended to logs/shared_buffers/sb_1GB/query_slope_tpch.csv
make: Leaving directory '/home/user01/GreenSQL'
