make: Entering directory '/home/user01/GreenSQL'
query_runner configuration:
  QUERY_DIR      = queries/tpch/tpch-queries
  LOG_FILE       = logs/hash_mem_multiplier/hmm_4/query_timing_tpch.csv
  SAMPLE_FILE    = logs/hash_mem_multiplier/hmm_4/query_samples_tpch.csv
  CATALOG_FILE   = logs/hash_mem_multiplier/hmm_4/query_catalog_tpch.csv
  SLOPE_FILE     = logs/hash_mem_multiplier/hmm_4/query_slope_tpch.csv
  DB_NAME        = tpch
  DB_USER        = postgres
  PGPORT         = 5434
  PG_VERSION     = 18.4  (as reported by the server on that port)
  BATCHNUM       = 5 (slope sizes: 1 copy and 5 copies)
  RUNS           = 3 (measured batches per size)
  WARMUP         = 2 (single-copy; #1 primes cache, warm ones = N=1 anchor)
  WORKERS        = (planner default)
  STATEMENT_TIMEOUT = 900
  SIGLESS_ADDR   = (disabled)
Found 53 queries under queries/tpch/tpch-queries

Catalog snapshot: 11 relations -> logs/hash_mem_multiplier/hmm_4/query_catalog_tpch.csv
[1/53] queries/tpch/tpch-queries/q01/base.sql (2 warmup [warm ones = N=1 anchor] + 3 x5)
  warmup 1/2: 1.543502 sec, 1 copy (cache prime)
  warmup 2/2: 1.754692 sec, 1 copy (N=1 anchor)
  batch 1/3: 8.647898 sec, 5 copies (server sum 8516.605 ms)
  batch 2/3: 8.612718 sec, 5 copies (server sum 8500.623 ms)
  batch 3/3: 8.597841 sec, 5 copies (server sum 8487.343 ms)
  slope: pkg 37.52 J/exec (intercept 1.118 J), wall 1.716198 s/exec (intercept 0.038494 s)
[2/53] queries/tpch/tpch-queries/q01/v1_materialized.sql (2 warmup [warm ones = N=1 anchor] + 3 x5)
  warmup 1/2: 1.814365 sec, 1 copy (cache prime)
  warmup 2/2: 1.827036 sec, 1 copy (N=1 anchor)
  batch 1/3: 8.647110 sec, 5 copies (server sum 8515.814 ms)
  batch 2/3: 8.638704 sec, 5 copies (server sum 8521.856 ms)
  batch 3/3: 8.624564 sec, 5 copies (server sum 8506.181 ms)
  slope: pkg 37.33 J/exec (intercept 2.86 J), wall 1.702439 s/exec (intercept 0.124597 s)
[3/53] queries/tpch/tpch-queries/q02/base.sql (2 warmup [warm ones = N=1 anchor] + 3 x5)
  warmup 1/2: 47.588960 sec, 1 copy (cache prime)
  warmup 2/2: 47.597114 sec, 1 copy (N=1 anchor)
  batch 1/3: 234.230372 sec, 5 copies (server sum 234126.068 ms)
  batch 2/3: 235.171904 sec, 5 copies (server sum 235072.586 ms)
  batch 3/3: 235.115486 sec, 5 copies (server sum 235017.702 ms)
  slope: pkg 525.9 J/exec (intercept -10.44 J), wall 46.810535 s/exec (intercept 0.786579 s)
[4/53] queries/tpch/tpch-queries/q02/v1_materialized.sql (2 warmup [warm ones = N=1 anchor] + 3 x5)
  warmup 1/2: 47.547393 sec, 1 copy (cache prime)
  warmup 2/2: 47.431393 sec, 1 copy (N=1 anchor)
  batch 1/3: 232.197469 sec, 5 copies (server sum 232097.831 ms)
  batch 2/3: 233.927821 sec, 5 copies (server sum 233831.102 ms)
  batch 3/3: 232.510431 sec, 5 copies (server sum 232401.505 ms)
  slope: pkg 525.7 J/exec (intercept 9.535 J), wall 46.361795 s/exec (intercept 1.069598 s)
[5/53] queries/tpch/tpch-queries/q02/v2_decorrelate.sql (2 warmup [warm ones = N=1 anchor] + 3 x5)
  warmup 1/2: 0.300999 sec, 1 copy (cache prime)
  warmup 2/2: 0.315627 sec, 1 copy (N=1 anchor)
  batch 1/3: 1.134016 sec, 5 copies (server sum 1023.576 ms)
  batch 2/3: 1.146893 sec, 5 copies (server sum 1031.027 ms)
  batch 3/3: 1.129633 sec, 5 copies (server sum 1022.342 ms)
  slope: pkg 3.309 J/exec (intercept 0.6083 J), wall 0.205305 s/exec (intercept 0.110322 s)
[6/53] queries/tpch/tpch-queries/q03/base.sql (2 warmup [warm ones = N=1 anchor] + 3 x5)
  warmup 1/2: 0.355648 sec, 1 copy (cache prime)
  warmup 2/2: 0.358807 sec, 1 copy (N=1 anchor)
  batch 1/3: 1.338202 sec, 5 copies (server sum 1236.640 ms)
  batch 2/3: 1.301766 sec, 5 copies (server sum 1207.770 ms)
  batch 3/3: 1.283414 sec, 5 copies (server sum 1190.768 ms)
  slope: pkg 7.663 J/exec (intercept 1.052 J), wall 0.237247 s/exec (intercept 0.121561 s)
[7/53] queries/tpch/tpch-queries/q03/v1_materialized.sql (2 warmup [warm ones = N=1 anchor] + 3 x5)
  warmup 1/2: 0.385986 sec, 1 copy (cache prime)
  warmup 2/2: 0.426640 sec, 1 copy (N=1 anchor)
  batch 1/3: 1.345636 sec, 5 copies (server sum 1248.654 ms)
  batch 2/3: 1.302755 sec, 5 copies (server sum 1209.855 ms)
  batch 3/3: 1.328535 sec, 5 copies (server sum 1233.580 ms)
  slope: pkg 8.033 J/exec (intercept -0.5206 J), wall 0.224751 s/exec (intercept 0.201889 s)
[8/53] queries/tpch/tpch-queries/q04/base.sql (2 warmup [warm ones = N=1 anchor] + 3 x5)
  warmup 1/2: 0.194706 sec, 1 copy (cache prime)
  warmup 2/2: 0.137923 sec, 1 copy (N=1 anchor)
  batch 1/3: 0.603815 sec, 5 copies (server sum 496.181 ms)
  batch 2/3: 0.574087 sec, 5 copies (server sum 477.151 ms)
  batch 3/3: 0.589143 sec, 5 copies (server sum 486.981 ms)
  slope: pkg 3.098 J/exec (intercept 0.9412 J), wall 0.112773 s/exec (intercept 0.025151 s)
[9/53] queries/tpch/tpch-queries/q04/v1_materialized.sql (2 warmup [warm ones = N=1 anchor] + 3 x5)
  warmup 1/2: 0.141007 sec, 1 copy (cache prime)
  warmup 2/2: 0.138586 sec, 1 copy (N=1 anchor)
  batch 1/3: 0.653012 sec, 5 copies (server sum 485.844 ms)
  batch 2/3: 0.603989 sec, 5 copies (server sum 499.197 ms)
  batch 3/3: 0.588600 sec, 5 copies (server sum 488.018 ms)
  slope: pkg 3.048 J/exec (intercept 1.037 J), wall 0.119154 s/exec (intercept 0.019432 s)
[10/53] queries/tpch/tpch-queries/q04/v2_in.sql (2 warmup [warm ones = N=1 anchor] + 3 x5)
  warmup 1/2: 0.141301 sec, 1 copy (cache prime)
  warmup 2/2: 0.140108 sec, 1 copy (N=1 anchor)
  batch 1/3: 0.612308 sec, 5 copies (server sum 504.535 ms)
  batch 2/3: 0.528759 sec, 5 copies (server sum 482.697 ms)
  batch 3/3: 0.591404 sec, 5 copies (server sum 493.003 ms)
  slope: pkg 3.015 J/exec (intercept 1.009 J), wall 0.109346 s/exec (intercept 0.030762 s)
[11/53] queries/tpch/tpch-queries/q05/base.sql (2 warmup [warm ones = N=1 anchor] + 3 x5)
  warmup 1/2: 0.362833 sec, 1 copy (cache prime)
  warmup 2/2: 0.397492 sec, 1 copy (N=1 anchor)
  batch 1/3: 1.368222 sec, 5 copies (server sum 1268.742 ms)
  batch 2/3: 1.354870 sec, 5 copies (server sum 1254.474 ms)
  batch 3/3: 1.291247 sec, 5 copies (server sum 1239.673 ms)
  slope: pkg 3.677 J/exec (intercept 0.6601 J), wall 0.235155 s/exec (intercept 0.162336 s)
[12/53] queries/tpch/tpch-queries/q05/v1_materialized.sql (2 warmup [warm ones = N=1 anchor] + 3 x5)
  warmup 1/2: 0.375670 sec, 1 copy (cache prime)
  warmup 2/2: 0.352748 sec, 1 copy (N=1 anchor)
  batch 1/3: 1.377146 sec, 5 copies (server sum 1268.998 ms)
  batch 2/3: 1.377291 sec, 5 copies (server sum 1266.948 ms)
  batch 3/3: 1.349821 sec, 5 copies (server sum 1241.726 ms)
  slope: pkg 3.458 J/exec (intercept 1.446 J), wall 0.253834 s/exec (intercept 0.098914 s)
[13/53] queries/tpch/tpch-queries/q06/base.sql (2 warmup [warm ones = N=1 anchor] + 3 x5)
  warmup 1/2: 0.338823 sec, 1 copy (cache prime)
  warmup 2/2: 0.391765 sec, 1 copy (N=1 anchor)
  batch 1/3: 1.316536 sec, 5 copies (server sum 1216.980 ms)
  batch 2/3: 1.291611 sec, 5 copies (server sum 1200.136 ms)
  batch 3/3: 1.343279 sec, 5 copies (server sum 1239.337 ms)
  slope: pkg 7.721 J/exec (intercept 0.2167 J), wall 0.231344 s/exec (intercept 0.160421 s)
[14/53] queries/tpch/tpch-queries/q06/v1_materialized.sql (2 warmup [warm ones = N=1 anchor] + 3 x5)
  warmup 1/2: 0.299411 sec, 1 copy (cache prime)
  warmup 2/2: 0.403908 sec, 1 copy (N=1 anchor)
  batch 1/3: 1.355459 sec, 5 copies (server sum 1255.671 ms)
  batch 2/3: 1.360771 sec, 5 copies (server sum 1259.381 ms)
  batch 3/3: 1.387197 sec, 5 copies (server sum 1281.641 ms)
  slope: pkg 7.231 J/exec (intercept 0.8082 J), wall 0.240975 s/exec (intercept 0.162933 s)
[15/53] queries/tpch/tpch-queries/q07/base.sql (2 warmup [warm ones = N=1 anchor] + 3 x5)
  warmup 1/2: 0.415770 sec, 1 copy (cache prime)
  warmup 2/2: 0.419045 sec, 1 copy (N=1 anchor)
  batch 1/3: 1.568620 sec, 5 copies (server sum 1472.320 ms)
  batch 2/3: 1.573106 sec, 5 copies (server sum 1475.383 ms)
  batch 3/3: 1.584379 sec, 5 copies (server sum 1479.303 ms)
  slope: pkg 5.042 J/exec (intercept 1.045 J), wall 0.289081 s/exec (intercept 0.129965 s)
[16/53] queries/tpch/tpch-queries/q07/v1_materialized.sql (2 warmup [warm ones = N=1 anchor] + 3 x5)
  warmup 1/2: 0.401243 sec, 1 copy (cache prime)
  warmup 2/2: 0.426827 sec, 1 copy (N=1 anchor)
  batch 1/3: 1.587662 sec, 5 copies (server sum 1488.849 ms)
  batch 2/3: 1.509729 sec, 5 copies (server sum 1461.766 ms)
  batch 3/3: 1.509673 sec, 5 copies (server sum 1461.698 ms)
  slope: pkg 5.074 J/exec (intercept 0.9604 J), wall 0.277215 s/exec (intercept 0.149611 s)
[17/53] queries/tpch/tpch-queries/q07/v2_union_all.sql (2 warmup [warm ones = N=1 anchor] + 3 x5)
  warmup 1/2: 0.355823 sec, 1 copy (cache prime)
  warmup 2/2: 0.416939 sec, 1 copy (N=1 anchor)
  batch 1/3: 1.609202 sec, 5 copies (server sum 1502.940 ms)
  batch 2/3: 1.539040 sec, 5 copies (server sum 1488.126 ms)
  batch 3/3: 1.580983 sec, 5 copies (server sum 1480.632 ms)
  slope: pkg 5.153 J/exec (intercept 1.115 J), wall 0.289867 s/exec (intercept 0.127071 s)
[18/53] queries/tpch/tpch-queries/q08/base.sql (2 warmup [warm ones = N=1 anchor] + 3 x5)
  warmup 1/2: 0.487241 sec, 1 copy (cache prime)
  warmup 2/2: 0.492017 sec, 1 copy (N=1 anchor)
  batch 1/3: 1.916118 sec, 5 copies (server sum 1818.113 ms)
  batch 2/3: 1.905289 sec, 5 copies (server sum 1803.152 ms)
  batch 3/3: 1.902577 sec, 5 copies (server sum 1804.020 ms)
  slope: pkg 6.353 J/exec (intercept 1.515 J), wall 0.353995 s/exec (intercept 0.138022 s)
[19/53] queries/tpch/tpch-queries/q08/v1_materialized.sql (2 warmup [warm ones = N=1 anchor] + 3 x5)
  warmup 1/2: 0.484197 sec, 1 copy (cache prime)
  warmup 2/2: 0.493741 sec, 1 copy (N=1 anchor)
  batch 1/3: 1.909140 sec, 5 copies (server sum 1808.619 ms)
  batch 2/3: 1.927778 sec, 5 copies (server sum 1811.016 ms)
  batch 3/3: 1.901302 sec, 5 copies (server sum 1801.173 ms)
  slope: pkg 6.398 J/exec (intercept 1.452 J), wall 0.354750 s/exec (intercept 0.138991 s)
[20/53] queries/tpch/tpch-queries/q08/v2_filter.sql (2 warmup [warm ones = N=1 anchor] + 3 x5)
  warmup 1/2: 0.480528 sec, 1 copy (cache prime)
  warmup 2/2: 0.480719 sec, 1 copy (N=1 anchor)
  batch 1/3: 1.905095 sec, 5 copies (server sum 1807.265 ms)
  batch 2/3: 1.903454 sec, 5 copies (server sum 1803.121 ms)
  batch 3/3: 1.891604 sec, 5 copies (server sum 1792.353 ms)
  slope: pkg 6.355 J/exec (intercept 1.629 J), wall 0.354833 s/exec (intercept 0.125886 s)
[21/53] queries/tpch/tpch-queries/q09/base.sql (2 warmup [warm ones = N=1 anchor] + 3 x5)
  warmup 1/2: 0.996749 sec, 1 copy (cache prime)
  warmup 2/2: 0.993744 sec, 1 copy (N=1 anchor)
  batch 1/3: 4.537737 sec, 5 copies (server sum 4435.676 ms)
  batch 2/3: 4.563012 sec, 5 copies (server sum 4459.927 ms)
  batch 3/3: 4.563231 sec, 5 copies (server sum 4464.419 ms)
  slope: pkg 20.75 J/exec (intercept 1.115 J), wall 0.890229 s/exec (intercept 0.103515 s)
[22/53] queries/tpch/tpch-queries/q09/v1_materialized.sql (2 warmup [warm ones = N=1 anchor] + 3 x5)
  warmup 1/2: 1.004030 sec, 1 copy (cache prime)
  warmup 2/2: 1.019400 sec, 1 copy (N=1 anchor)
  batch 1/3: 4.641182 sec, 5 copies (server sum 4532.777 ms)
  batch 2/3: 4.682811 sec, 5 copies (server sum 4581.347 ms)
  batch 3/3: 4.593484 sec, 5 copies (server sum 4489.035 ms)
  slope: pkg 20.43 J/exec (intercept 1.089 J), wall 0.904940 s/exec (intercept 0.114460 s)
[23/53] queries/tpch/tpch-queries/q10/base.sql (2 warmup [warm ones = N=1 anchor] + 3 x5)
  warmup 1/2: 0.350856 sec, 1 copy (cache prime)
  warmup 2/2: 0.371525 sec, 1 copy (N=1 anchor)
  batch 1/3: 1.309499 sec, 5 copies (server sum 1263.963 ms)
  batch 2/3: 1.401178 sec, 5 copies (server sum 1303.329 ms)
  batch 3/3: 1.408536 sec, 5 copies (server sum 1310.474 ms)
  slope: pkg 7.004 J/exec (intercept 1.408 J), wall 0.250386 s/exec (intercept 0.121139 s)
[24/53] queries/tpch/tpch-queries/q10/v1_materialized.sql (2 warmup [warm ones = N=1 anchor] + 3 x5)
  warmup 1/2: 0.391555 sec, 1 copy (cache prime)
  warmup 2/2: 0.386472 sec, 1 copy (N=1 anchor)
  batch 1/3: 1.457700 sec, 5 copies (server sum 1351.255 ms)
  batch 2/3: 1.548698 sec, 5 copies (server sum 1440.063 ms)
  batch 3/3: 1.536880 sec, 5 copies (server sum 1432.005 ms)
  slope: pkg 6.681 J/exec (intercept 1.62 J), wall 0.281988 s/exec (intercept 0.104484 s)
[25/53] queries/tpch/tpch-queries/q11/base.sql (2 warmup [warm ones = N=1 anchor] + 3 x5)
  warmup 1/2: 0.213580 sec, 1 copy (cache prime)
  warmup 2/2: 0.165128 sec, 1 copy (N=1 anchor)
  batch 1/3: 0.481551 sec, 5 copies (server sum 407.489 ms)
  batch 2/3: 0.544380 sec, 5 copies (server sum 436.189 ms)
  batch 3/3: 0.531548 sec, 5 copies (server sum 420.825 ms)
  slope: pkg 2.472 J/exec (intercept -0.3987 J), wall 0.088508 s/exec (intercept 0.076620 s)
[26/53] queries/tpch/tpch-queries/q11/v1_materialized.sql (2 warmup [warm ones = N=1 anchor] + 3 x5)
  warmup 1/2: 0.207423 sec, 1 copy (cache prime)
  warmup 2/2: 0.140431 sec, 1 copy (N=1 anchor)
  batch 1/3: 0.563882 sec, 5 copies (server sum 450.843 ms)
  batch 2/3: 0.554526 sec, 5 copies (server sum 447.317 ms)
  batch 3/3: 0.554278 sec, 5 copies (server sum 451.744 ms)
  slope: pkg 2.205 J/exec (intercept 0.6616 J), wall 0.104283 s/exec (intercept 0.036148 s)
[27/53] queries/tpch/tpch-queries/q11/v2_cte_threshold.sql (2 warmup [warm ones = N=1 anchor] + 3 x5)
  warmup 1/2: 0.241750 sec, 1 copy (cache prime)
  warmup 2/2: 0.224812 sec, 1 copy (N=1 anchor)
  batch 1/3: 0.446247 sec, 5 copies (server sum 402.466 ms)
  batch 2/3: 0.553516 sec, 5 copies (server sum 447.816 ms)
  batch 3/3: 0.445541 sec, 5 copies (server sum 402.035 ms)
  slope: pkg 2.569 J/exec (intercept -0.4276 J), wall 0.064239 s/exec (intercept 0.160574 s)
[28/53] queries/tpch/tpch-queries/q12/base.sql (2 warmup [warm ones = N=1 anchor] + 3 x5)
  warmup 1/2: 0.580611 sec, 1 copy (cache prime)
  warmup 2/2: 0.473914 sec, 1 copy (N=1 anchor)
  batch 1/3: 2.410046 sec, 5 copies (server sum 2306.423 ms)
  batch 2/3: 2.458345 sec, 5 copies (server sum 2348.443 ms)
  batch 3/3: 2.459963 sec, 5 copies (server sum 2353.519 ms)
  slope: pkg 10.17 J/exec (intercept 3.502 J), wall 0.492218 s/exec (intercept -0.018304 s)
[29/53] queries/tpch/tpch-queries/q12/v1_materialized.sql (2 warmup [warm ones = N=1 anchor] + 3 x5)
  warmup 1/2: 0.584123 sec, 1 copy (cache prime)
  warmup 2/2: 0.599102 sec, 1 copy (N=1 anchor)
  batch 1/3: 2.468926 sec, 5 copies (server sum 2355.326 ms)
  batch 2/3: 2.472595 sec, 5 copies (server sum 2364.354 ms)
  batch 3/3: 2.476253 sec, 5 copies (server sum 2367.972 ms)
  slope: pkg 10.35 J/exec (intercept 2.551 J), wall 0.468372 s/exec (intercept 0.130730 s)
[30/53] queries/tpch/tpch-queries/q12/v2_filter.sql (2 warmup [warm ones = N=1 anchor] + 3 x5)
  warmup 1/2: 0.581935 sec, 1 copy (cache prime)
  warmup 2/2: 0.573573 sec, 1 copy (N=1 anchor)
  batch 1/3: 2.449013 sec, 5 copies (server sum 2336.059 ms)
  batch 2/3: 2.449654 sec, 5 copies (server sum 2344.859 ms)
  batch 3/3: 2.399024 sec, 5 copies (server sum 2346.571 ms)
  slope: pkg 10.22 J/exec (intercept 2.288 J), wall 0.464748 s/exec (intercept 0.108825 s)
[31/53] queries/tpch/tpch-queries/q13/base.sql (2 warmup [warm ones = N=1 anchor] + 3 x5)
  warmup 1/2: 1.578027 sec, 1 copy (cache prime)
  warmup 2/2: 1.597204 sec, 1 copy (N=1 anchor)
  batch 1/3: 7.448997 sec, 5 copies (server sum 7352.244 ms)
  batch 2/3: 7.487218 sec, 5 copies (server sum 7387.775 ms)
  batch 3/3: 7.363669 sec, 5 copies (server sum 7263.369 ms)
  slope: pkg 9.381 J/exec (intercept 1.019 J), wall 1.459023 s/exec (intercept 0.138182 s)
[32/53] queries/tpch/tpch-queries/q13/v1_materialized.sql (2 warmup [warm ones = N=1 anchor] + 3 x5)
  warmup 1/2: 1.497530 sec, 1 copy (cache prime)
  warmup 2/2: 1.577786 sec, 1 copy (N=1 anchor)
  batch 1/3: 7.327495 sec, 5 copies (server sum 7228.840 ms)
  batch 2/3: 7.384959 sec, 5 copies (server sum 7285.866 ms)
  batch 3/3: 7.265702 sec, 5 copies (server sum 7165.996 ms)
  slope: pkg 9.365 J/exec (intercept 0.6378 J), wall 1.437067 s/exec (intercept 0.140719 s)
[33/53] queries/tpch/tpch-queries/q13/v2_correlated.sql (2 warmup [warm ones = N=1 anchor] + 3 x5)
  warmup 1/2: 2.080647 sec, 1 copy (cache prime)
  warmup 2/2: 2.162808 sec, 1 copy (N=1 anchor)
  batch 1/3: 10.078839 sec, 5 copies (server sum 9984.814 ms)
  batch 2/3: 10.028730 sec, 5 copies (server sum 9933.174 ms)
  batch 3/3: 9.920322 sec, 5 copies (server sum 9875.879 ms)
  slope: pkg 19.94 J/exec (intercept 1.538 J), wall 1.961622 s/exec (intercept 0.201185 s)
[34/53] queries/tpch/tpch-queries/q14/base.sql (2 warmup [warm ones = N=1 anchor] + 3 x5)
  warmup 1/2: 0.344647 sec, 1 copy (cache prime)
  warmup 2/2: 0.377942 sec, 1 copy (N=1 anchor)
  batch 1/3: 1.331779 sec, 5 copies (server sum 1231.374 ms)
  batch 2/3: 1.294477 sec, 5 copies (server sum 1196.913 ms)
  batch 3/3: 1.303505 sec, 5 copies (server sum 1205.997 ms)
  slope: pkg 8.642 J/exec (intercept -0.3374 J), wall 0.232995 s/exec (intercept 0.144948 s)
[35/53] queries/tpch/tpch-queries/q14/v1_materialized.sql (2 warmup [warm ones = N=1 anchor] + 3 x5)
  warmup 1/2: 0.360062 sec, 1 copy (cache prime)
  warmup 2/2: 0.293837 sec, 1 copy (N=1 anchor)
  batch 1/3: 1.257763 sec, 5 copies (server sum 1214.489 ms)
  batch 2/3: 1.294750 sec, 5 copies (server sum 1250.192 ms)
  batch 3/3: 1.328503 sec, 5 copies (server sum 1231.215 ms)
  slope: pkg 8.287 J/exec (intercept 1.386 J), wall 0.249959 s/exec (intercept 0.043878 s)
[36/53] queries/tpch/tpch-queries/q14/v2_filter.sql (2 warmup [warm ones = N=1 anchor] + 3 x5)
  warmup 1/2: 0.373989 sec, 1 copy (cache prime)
  warmup 2/2: 0.422296 sec, 1 copy (N=1 anchor)
  batch 1/3: 1.381363 sec, 5 copies (server sum 1275.167 ms)
  batch 2/3: 1.355760 sec, 5 copies (server sum 1262.556 ms)
  batch 3/3: 1.408545 sec, 5 copies (server sum 1309.980 ms)
  slope: pkg 8.162 J/exec (intercept -0.1219 J), wall 0.239898 s/exec (intercept 0.182398 s)
[37/53] queries/tpch/tpch-queries/q15/base.sql (2 warmup [warm ones = N=1 anchor] + 3 x5)
  warmup 1/2: 0.412470 sec, 1 copy (cache prime)
  warmup 2/2: 0.461772 sec, 1 copy (N=1 anchor)
  batch 1/3: 1.589532 sec, 5 copies (server sum 1471.037 ms)
  batch 2/3: 1.552766 sec, 5 copies (server sum 1456.632 ms)
  batch 3/3: 1.527828 sec, 5 copies (server sum 1431.785 ms)
  slope: pkg 8.749 J/exec (intercept -0.08278 J), wall 0.273734 s/exec (intercept 0.188038 s)
[38/53] queries/tpch/tpch-queries/q15/v1_materialized.sql (2 warmup [warm ones = N=1 anchor] + 3 x5)
  warmup 1/2: 0.446586 sec, 1 copy (cache prime)
  warmup 2/2: 0.460070 sec, 1 copy (N=1 anchor)
  batch 1/3: 1.548144 sec, 5 copies (server sum 1454.085 ms)
  batch 2/3: 1.572260 sec, 5 copies (server sum 1477.091 ms)
  batch 3/3: 1.603174 sec, 5 copies (server sum 1500.299 ms)
  slope: pkg 8.295 J/exec (intercept 0.5471 J), wall 0.278614 s/exec (intercept 0.181455 s)
[39/53] queries/tpch/tpch-queries/q16/base.sql (2 warmup [warm ones = N=1 anchor] + 3 x5)
  warmup 1/2: 0.328898 sec, 1 copy (cache prime)
  warmup 2/2: 0.349037 sec, 1 copy (N=1 anchor)
  batch 1/3: 1.277039 sec, 5 copies (server sum 1179.721 ms)
  batch 2/3: 1.305580 sec, 5 copies (server sum 1207.392 ms)
  batch 3/3: 1.246624 sec, 5 copies (server sum 1202.859 ms)
  slope: pkg 5.757 J/exec (intercept 0.05183 J), wall 0.231844 s/exec (intercept 0.117192 s)
[40/53] queries/tpch/tpch-queries/q16/v1_materialized.sql (2 warmup [warm ones = N=1 anchor] + 3 x5)
  warmup 1/2: 0.330665 sec, 1 copy (cache prime)
  warmup 2/2: 0.336051 sec, 1 copy (N=1 anchor)
  batch 1/3: 1.263033 sec, 5 copies (server sum 1158.171 ms)
  batch 2/3: 1.326296 sec, 5 copies (server sum 1227.476 ms)
  batch 3/3: 1.261837 sec, 5 copies (server sum 1162.285 ms)
  slope: pkg 5.745 J/exec (intercept 0.7551 J), wall 0.236918 s/exec (intercept 0.099133 s)
[41/53] queries/tpch/tpch-queries/q16/v2_not_exists.sql (2 warmup [warm ones = N=1 anchor] + 3 x5)
  warmup 1/2: 0.322400 sec, 1 copy (cache prime)
  warmup 2/2: 0.325313 sec, 1 copy (N=1 anchor)
  batch 1/3: 1.169447 sec, 5 copies (server sum 1065.112 ms)
  batch 2/3: 1.218585 sec, 5 copies (server sum 1117.232 ms)
  batch 3/3: 1.177212 sec, 5 copies (server sum 1078.136 ms)
  slope: pkg 5.214 J/exec (intercept 0.9257 J), wall 0.215775 s/exec (intercept 0.109537 s)
[42/53] queries/tpch/tpch-queries/q17/v2_decorrelate.sql (2 warmup [warm ones = N=1 anchor] + 3 x5)
  warmup 1/2: 5.537034 sec, 1 copy (cache prime)
  warmup 2/2: 5.549290 sec, 1 copy (N=1 anchor)
  batch 1/3: 27.137799 sec, 5 copies (server sum 27044.267 ms)
  batch 2/3: 27.045461 sec, 5 copies (server sum 26986.941 ms)
  batch 3/3: 26.992872 sec, 5 copies (server sum 26949.467 ms)
  slope: pkg 74.15 J/exec (intercept 1.904 J), wall 5.377355 s/exec (intercept 0.171935 s)
[43/53] queries/tpch/tpch-queries/q18/base.sql (2 warmup [warm ones = N=1 anchor] + 3 x5)
  warmup 1/2: 3.894991 sec, 1 copy (cache prime)
  warmup 2/2: 3.998014 sec, 1 copy (N=1 anchor)
  batch 1/3: 20.448796 sec, 5 copies (server sum 20353.233 ms)
  batch 2/3: 21.771673 sec, 5 copies (server sum 21663.861 ms)
  batch 3/3: 21.704340 sec, 5 copies (server sum 21598.253 ms)
  slope: pkg 94.18 J/exec (intercept 25.37 J), wall 4.327564 s/exec (intercept -0.329550 s)
[44/53] queries/tpch/tpch-queries/q18/v1_materialized.sql (2 warmup [warm ones = N=1 anchor] + 3 x5)
  warmup 1/2: 4.470739 sec, 1 copy (cache prime)
  warmup 2/2: 4.466564 sec, 1 copy (N=1 anchor)
  batch 1/3: 21.750177 sec, 5 copies (server sum 21636.705 ms)
  batch 2/3: 21.841842 sec, 5 copies (server sum 21737.098 ms)
  batch 3/3: 21.783839 sec, 5 copies (server sum 21675.446 ms)
  slope: pkg 95.08 J/exec (intercept 2.84 J), wall 4.331347 s/exec (intercept 0.135217 s)
[45/53] queries/tpch/tpch-queries/q18/v2_join.sql (2 warmup [warm ones = N=1 anchor] + 3 x5)
  warmup 1/2: 4.452490 sec, 1 copy (cache prime)
  warmup 2/2: 4.458678 sec, 1 copy (N=1 anchor)
  batch 1/3: 21.773512 sec, 5 copies (server sum 21662.543 ms)
  batch 2/3: 21.673952 sec, 5 copies (server sum 21623.760 ms)
  batch 3/3: 21.734736 sec, 5 copies (server sum 21619.600 ms)
  slope: pkg 94.71 J/exec (intercept 3.216 J), wall 4.317180 s/exec (intercept 0.141498 s)
[46/53] queries/tpch/tpch-queries/q19/base.sql (2 warmup [warm ones = N=1 anchor] + 3 x5)
  warmup 1/2: 0.562877 sec, 1 copy (cache prime)
  warmup 2/2: 0.470389 sec, 1 copy (N=1 anchor)
  batch 1/3: 2.278493 sec, 5 copies (server sum 2224.875 ms)
  batch 2/3: 2.341231 sec, 5 copies (server sum 2233.291 ms)
  batch 3/3: 2.334642 sec, 5 copies (server sum 2221.092 ms)
  slope: pkg 9.65 J/exec (intercept 2.639 J), wall 0.461933 s/exec (intercept 0.008455 s)
[47/53] queries/tpch/tpch-queries/q19/v1_materialized.sql (2 warmup [warm ones = N=1 anchor] + 3 x5)
  warmup 1/2: 0.587307 sec, 1 copy (cache prime)
  warmup 2/2: 0.593379 sec, 1 copy (N=1 anchor)
  batch 1/3: 2.294973 sec, 5 copies (server sum 2191.225 ms)
  batch 2/3: 2.327213 sec, 5 copies (server sum 2221.770 ms)
  batch 3/3: 2.327132 sec, 5 copies (server sum 2218.812 ms)
  slope: pkg 9.942 J/exec (intercept 1.789 J), wall 0.430765 s/exec (intercept 0.162614 s)
[48/53] queries/tpch/tpch-queries/q19/v2_union_all.sql (2 warmup [warm ones = N=1 anchor] + 3 x5)
  warmup 1/2: 1.375423 sec, 1 copy (cache prime)
  warmup 2/2: 1.321102 sec, 1 copy (N=1 anchor)
  batch 1/3: 6.451883 sec, 5 copies (server sum 6335.668 ms)
  batch 2/3: 6.430011 sec, 5 copies (server sum 6321.932 ms)
  batch 3/3: 6.426486 sec, 5 copies (server sum 6306.478 ms)
  slope: pkg 28.07 J/exec (intercept 0.7971 J), wall 1.278756 s/exec (intercept 0.042346 s)
[49/53] queries/tpch/tpch-queries/q21/base.sql (2 warmup [warm ones = N=1 anchor] + 3 x5)
  warmup 1/2: 0.666851 sec, 1 copy (cache prime)
  warmup 2/2: 0.626357 sec, 1 copy (N=1 anchor)
  batch 1/3: 2.695438 sec, 5 copies (server sum 2631.153 ms)
  batch 2/3: 2.720623 sec, 5 copies (server sum 2615.836 ms)
  batch 3/3: 2.728267 sec, 5 copies (server sum 2619.629 ms)
  slope: pkg 11.43 J/exec (intercept 2.434 J), wall 0.522105 s/exec (intercept 0.104252 s)
[50/53] queries/tpch/tpch-queries/q21/v1_materialized.sql (2 warmup [warm ones = N=1 anchor] + 3 x5)
  warmup 1/2: 0.625349 sec, 1 copy (cache prime)
  warmup 2/2: 0.628996 sec, 1 copy (N=1 anchor)
  batch 1/3: 2.727621 sec, 5 copies (server sum 2621.396 ms)
  batch 2/3: 2.723696 sec, 5 copies (server sum 2618.880 ms)
  batch 3/3: 2.724193 sec, 5 copies (server sum 2620.587 ms)
  slope: pkg 11.49 J/exec (intercept 2.417 J), wall 0.524043 s/exec (intercept 0.104953 s)
[51/53] queries/tpch/tpch-queries/q22/base.sql (2 warmup [warm ones = N=1 anchor] + 3 x5)
  warmup 1/2: 0.166807 sec, 1 copy (cache prime)
  warmup 2/2: 0.105289 sec, 1 copy (N=1 anchor)
  batch 1/3: 0.330019 sec, 5 copies (server sum 284.093 ms)
  batch 2/3: 0.406166 sec, 5 copies (server sum 299.489 ms)
  batch 3/3: 0.419921 sec, 5 copies (server sum 309.114 ms)
  slope: pkg 1.414 J/exec (intercept 0.6533 J), wall 0.070020 s/exec (intercept 0.035269 s)
[52/53] queries/tpch/tpch-queries/q22/v1_materialized.sql (2 warmup [warm ones = N=1 anchor] + 3 x5)
  warmup 1/2: 0.188989 sec, 1 copy (cache prime)
  warmup 2/2: 0.102318 sec, 1 copy (N=1 anchor)
  batch 1/3: 0.313796 sec, 5 copies (server sum 269.669 ms)
  batch 2/3: 0.435564 sec, 5 copies (server sum 324.116 ms)
  batch 3/3: 0.419897 sec, 5 copies (server sum 310.361 ms)
  slope: pkg 1.446 J/exec (intercept 0.5537 J), wall 0.071859 s/exec (intercept 0.030459 s)
[53/53] queries/tpch/tpch-queries/q22/v2_anti_join.sql (2 warmup [warm ones = N=1 anchor] + 3 x5)
  warmup 1/2: 0.250968 sec, 1 copy (cache prime)
  warmup 2/2: 0.146708 sec, 1 copy (N=1 anchor)
  batch 1/3: 0.627102 sec, 5 copies (server sum 524.333 ms)
  batch 2/3: 0.628439 sec, 5 copies (server sum 526.712 ms)
  batch 3/3: 0.639965 sec, 5 copies (server sum 530.715 ms)
  slope: pkg 2.844 J/exec (intercept 1.032 J), wall 0.121282 s/exec (intercept 0.025426 s)

Done. Batch rows appended to logs/hash_mem_multiplier/hmm_4/query_timing_tpch.csv
Per-copy samples appended to logs/hash_mem_multiplier/hmm_4/query_samples_tpch.csv
Relation sizes appended to logs/hash_mem_multiplier/hmm_4/query_catalog_tpch.csv
Per-query slope/intercept appended to logs/hash_mem_multiplier/hmm_4/query_slope_tpch.csv
make: Leaving directory '/home/user01/GreenSQL'
