make: Entering directory '/home/user01/GreenSQL'
query_runner configuration:
  QUERY_DIR      = queries/tpch/tpch-queries
  LOG_FILE       = logs/hash_mem_multiplier/hmm_4/query_timing_tpch_idx.csv
  SAMPLE_FILE    = logs/hash_mem_multiplier/hmm_4/query_samples_tpch_idx.csv
  CATALOG_FILE   = logs/hash_mem_multiplier/hmm_4/query_catalog_tpch_idx.csv
  SLOPE_FILE     = logs/hash_mem_multiplier/hmm_4/query_slope_tpch_idx.csv
  DB_NAME        = tpch_idx
  DB_USER        = postgres
  PGPORT         = 5434
  PG_VERSION     = 18.4  (as reported by the server on that port)
  BATCHNUM       = 5 (slope sizes: 1 copy and 5 copies)
  RUNS           = 3 (measured batches per size)
  WARMUP         = 2 (single-copy; #1 primes cache, warm ones = N=1 anchor)
  WORKERS        = (planner default)
  STATEMENT_TIMEOUT = 900
  SIGLESS_ADDR   = (disabled)
Found 53 queries under queries/tpch/tpch-queries

Catalog snapshot: 37 relations -> logs/hash_mem_multiplier/hmm_4/query_catalog_tpch_idx.csv
[1/53] queries/tpch/tpch-queries/q01/base.sql (2 warmup [warm ones = N=1 anchor] + 3 x5)
  warmup 1/2: 1.561312 sec, 1 copy (cache prime)
  warmup 2/2: 1.751738 sec, 1 copy (N=1 anchor)
  batch 1/3: 8.629860 sec, 5 copies (server sum 8502.766 ms)
  batch 2/3: 8.600789 sec, 5 copies (server sum 8485.339 ms)
  batch 3/3: 8.573378 sec, 5 copies (server sum 8466.856 ms)
  slope: pkg 37.54 J/exec (intercept 0.6732 J), wall 1.712401 s/exec (intercept 0.039337 s)
[2/53] queries/tpch/tpch-queries/q01/v1_materialized.sql (2 warmup [warm ones = N=1 anchor] + 3 x5)
  warmup 1/2: 1.821166 sec, 1 copy (cache prime)
  warmup 2/2: 1.829311 sec, 1 copy (N=1 anchor)
  batch 1/3: 8.628163 sec, 5 copies (server sum 8510.338 ms)
  batch 2/3: 8.605261 sec, 5 copies (server sum 8485.786 ms)
  batch 3/3: 8.607755 sec, 5 copies (server sum 8490.595 ms)
  slope: pkg 37.21 J/exec (intercept 2.97 J), wall 1.696104 s/exec (intercept 0.133207 s)
[3/53] queries/tpch/tpch-queries/q02/base.sql (2 warmup [warm ones = N=1 anchor] + 3 x5)
  warmup 1/2: 0.321088 sec, 1 copy (cache prime)
  warmup 2/2: 0.286511 sec, 1 copy (N=1 anchor)
  batch 1/3: 0.929470 sec, 5 copies (server sum 829.895 ms)
  batch 2/3: 0.919531 sec, 5 copies (server sum 820.191 ms)
  batch 3/3: 0.934246 sec, 5 copies (server sum 833.149 ms)
  slope: pkg 1.507 J/exec (intercept 1.068 J), wall 0.160309 s/exec (intercept 0.126202 s)
[4/53] queries/tpch/tpch-queries/q02/v1_materialized.sql (2 warmup [warm ones = N=1 anchor] + 3 x5)
  warmup 1/2: 0.311679 sec, 1 copy (cache prime)
  warmup 2/2: 0.320516 sec, 1 copy (N=1 anchor)
  batch 1/3: 1.073262 sec, 5 copies (server sum 973.930 ms)
  batch 2/3: 1.056914 sec, 5 copies (server sum 957.196 ms)
  batch 3/3: 1.061385 sec, 5 copies (server sum 962.500 ms)
  slope: pkg 1.381 J/exec (intercept 0.9553 J), wall 0.185834 s/exec (intercept 0.134681 s)
[5/53] queries/tpch/tpch-queries/q02/v2_decorrelate.sql (2 warmup [warm ones = N=1 anchor] + 3 x5)
  warmup 1/2: 0.308074 sec, 1 copy (cache prime)
  warmup 2/2: 0.320715 sec, 1 copy (N=1 anchor)
  batch 1/3: 1.181439 sec, 5 copies (server sum 1071.376 ms)
  batch 2/3: 1.154815 sec, 5 copies (server sum 1042.848 ms)
  batch 3/3: 1.154361 sec, 5 copies (server sum 1045.948 ms)
  slope: pkg 1.269 J/exec (intercept 0.6881 J), wall 0.210706 s/exec (intercept 0.110009 s)
[6/53] queries/tpch/tpch-queries/q03/base.sql (2 warmup [warm ones = N=1 anchor] + 3 x5)
  warmup 1/2: 0.341584 sec, 1 copy (cache prime)
  warmup 2/2: 0.354130 sec, 1 copy (N=1 anchor)
  batch 1/3: 1.273487 sec, 5 copies (server sum 1169.774 ms)
  batch 2/3: 1.249702 sec, 5 copies (server sum 1154.649 ms)
  batch 3/3: 1.259203 sec, 5 copies (server sum 1164.620 ms)
  slope: pkg 7.792 J/exec (intercept 1.069 J), wall 0.226667 s/exec (intercept 0.127463 s)
[7/53] queries/tpch/tpch-queries/q03/v1_materialized.sql (2 warmup [warm ones = N=1 anchor] + 3 x5)
  warmup 1/2: 0.359187 sec, 1 copy (cache prime)
  warmup 2/2: 0.401265 sec, 1 copy (N=1 anchor)
  batch 1/3: 1.212346 sec, 5 copies (server sum 1166.893 ms)
  batch 2/3: 1.282783 sec, 5 copies (server sum 1188.305 ms)
  batch 3/3: 1.310866 sec, 5 copies (server sum 1213.904 ms)
  slope: pkg 7.626 J/exec (intercept 0.854 J), wall 0.216850 s/exec (intercept 0.184415 s)
[8/53] queries/tpch/tpch-queries/q04/base.sql (2 warmup [warm ones = N=1 anchor] + 3 x5)
  warmup 1/2: 0.187532 sec, 1 copy (cache prime)
  warmup 2/2: 0.138919 sec, 1 copy (N=1 anchor)
  batch 1/3: 0.578917 sec, 5 copies (server sum 477.087 ms)
  batch 2/3: 0.494425 sec, 5 copies (server sum 450.776 ms)
  batch 3/3: 0.561940 sec, 5 copies (server sum 464.033 ms)
  slope: pkg 2.715 J/exec (intercept 1.179 J), wall 0.101544 s/exec (intercept 0.037375 s)
[9/53] queries/tpch/tpch-queries/q04/v1_materialized.sql (2 warmup [warm ones = N=1 anchor] + 3 x5)
  warmup 1/2: 0.208827 sec, 1 copy (cache prime)
  warmup 2/2: 0.145425 sec, 1 copy (N=1 anchor)
  batch 1/3: 0.608150 sec, 5 copies (server sum 495.648 ms)
  batch 2/3: 0.511452 sec, 5 copies (server sum 466.693 ms)
  batch 3/3: 0.589071 sec, 5 copies (server sum 481.594 ms)
  slope: pkg 2.609 J/exec (intercept 1.337 J), wall 0.106033 s/exec (intercept 0.039392 s)
[10/53] queries/tpch/tpch-queries/q04/v2_in.sql (2 warmup [warm ones = N=1 anchor] + 3 x5)
  warmup 1/2: 0.237625 sec, 1 copy (cache prime)
  warmup 2/2: 0.234624 sec, 1 copy (N=1 anchor)
  batch 1/3: 0.504699 sec, 5 copies (server sum 460.935 ms)
  batch 2/3: 0.566297 sec, 5 copies (server sum 468.124 ms)
  batch 3/3: 0.576773 sec, 5 copies (server sum 476.247 ms)
  slope: pkg 2.953 J/exec (intercept -0.1155 J), wall 0.078658 s/exec (intercept 0.155966 s)
[11/53] queries/tpch/tpch-queries/q05/base.sql (2 warmup [warm ones = N=1 anchor] + 3 x5)
  warmup 1/2: 0.363419 sec, 1 copy (cache prime)
  warmup 2/2: 0.313867 sec, 1 copy (N=1 anchor)
  batch 1/3: 1.400730 sec, 5 copies (server sum 1285.448 ms)
  batch 2/3: 1.379890 sec, 5 copies (server sum 1270.153 ms)
  batch 3/3: 1.364161 sec, 5 copies (server sum 1258.497 ms)
  slope: pkg 3.582 J/exec (intercept 1.252 J), wall 0.266932 s/exec (intercept 0.046936 s)
[12/53] queries/tpch/tpch-queries/q05/v1_materialized.sql (2 warmup [warm ones = N=1 anchor] + 3 x5)
  warmup 1/2: 0.370194 sec, 1 copy (cache prime)
  warmup 2/2: 0.368710 sec, 1 copy (N=1 anchor)
  batch 1/3: 1.327007 sec, 5 copies (server sum 1257.853 ms)
  batch 2/3: 1.354515 sec, 5 copies (server sum 1250.953 ms)
  batch 3/3: 1.358366 sec, 5 copies (server sum 1249.382 ms)
  slope: pkg 3.715 J/exec (intercept 1.053 J), wall 0.244480 s/exec (intercept 0.124230 s)
[13/53] queries/tpch/tpch-queries/q06/base.sql (2 warmup [warm ones = N=1 anchor] + 3 x5)
  warmup 1/2: 0.146821 sec, 1 copy (cache prime)
  warmup 2/2: 0.096661 sec, 1 copy (N=1 anchor)
  batch 1/3: 0.345217 sec, 5 copies (server sum 302.669 ms)
  batch 2/3: 0.408914 sec, 5 copies (server sum 308.318 ms)
  batch 3/3: 0.444110 sec, 5 copies (server sum 337.774 ms)
  slope: pkg 1.873 J/exec (intercept 0.7887 J), wall 0.075688 s/exec (intercept 0.020973 s)
[14/53] queries/tpch/tpch-queries/q06/v1_materialized.sql (2 warmup [warm ones = N=1 anchor] + 3 x5)
  warmup 1/2: 0.103311 sec, 1 copy (cache prime)
  warmup 2/2: 0.103656 sec, 1 copy (N=1 anchor)
  batch 1/3: 0.348918 sec, 5 copies (server sum 302.562 ms)
  batch 2/3: 0.418460 sec, 5 copies (server sum 317.333 ms)
  batch 3/3: 0.442229 sec, 5 copies (server sum 333.009 ms)
  slope: pkg 1.789 J/exec (intercept 0.6894 J), wall 0.074887 s/exec (intercept 0.028769 s)
[15/53] queries/tpch/tpch-queries/q07/base.sql (2 warmup [warm ones = N=1 anchor] + 3 x5)
  warmup 1/2: 0.869851 sec, 1 copy (cache prime)
  warmup 2/2: 0.747609 sec, 1 copy (N=1 anchor)
  batch 1/3: 3.129115 sec, 5 copies (server sum 3055.910 ms)
  batch 2/3: 3.151319 sec, 5 copies (server sum 3041.653 ms)
  batch 3/3: 3.164089 sec, 5 copies (server sum 3054.635 ms)
  slope: pkg 9.568 J/exec (intercept 0.7104 J), wall 0.600141 s/exec (intercept 0.147468 s)
[16/53] queries/tpch/tpch-queries/q07/v1_materialized.sql (2 warmup [warm ones = N=1 anchor] + 3 x5)
  warmup 1/2: 0.723833 sec, 1 copy (cache prime)
  warmup 2/2: 0.744197 sec, 1 copy (N=1 anchor)
  batch 1/3: 3.188110 sec, 5 copies (server sum 3073.555 ms)
  batch 2/3: 3.171586 sec, 5 copies (server sum 3065.118 ms)
  batch 3/3: 3.163947 sec, 5 copies (server sum 3051.096 ms)
  slope: pkg 9.49 J/exec (intercept 0.761 J), wall 0.607588 s/exec (intercept 0.136610 s)
[17/53] queries/tpch/tpch-queries/q07/v2_union_all.sql (2 warmup [warm ones = N=1 anchor] + 3 x5)
  warmup 1/2: 0.712491 sec, 1 copy (cache prime)
  warmup 2/2: 0.714177 sec, 1 copy (N=1 anchor)
  batch 1/3: 3.083372 sec, 5 copies (server sum 2972.598 ms)
  batch 2/3: 3.085868 sec, 5 copies (server sum 2981.211 ms)
  batch 3/3: 3.063481 sec, 5 copies (server sum 2956.924 ms)
  slope: pkg 7.621 J/exec (intercept 1.745 J), wall 0.590849 s/exec (intercept 0.123328 s)
[18/53] queries/tpch/tpch-queries/q08/base.sql (2 warmup [warm ones = N=1 anchor] + 3 x5)
  warmup 1/2: 0.240674 sec, 1 copy (cache prime)
  warmup 2/2: 0.250563 sec, 1 copy (N=1 anchor)
  batch 1/3: 0.739658 sec, 5 copies (server sum 685.770 ms)
  batch 2/3: 0.736047 sec, 5 copies (server sum 681.543 ms)
  batch 3/3: 0.800728 sec, 5 copies (server sum 694.917 ms)
  slope: pkg 2.443 J/exec (intercept 1.364 J), wall 0.127062 s/exec (intercept 0.123501 s)
[19/53] queries/tpch/tpch-queries/q08/v1_materialized.sql (2 warmup [warm ones = N=1 anchor] + 3 x5)
  warmup 1/2: 0.244031 sec, 1 copy (cache prime)
  warmup 2/2: 0.252267 sec, 1 copy (N=1 anchor)
  batch 1/3: 0.745598 sec, 5 copies (server sum 691.277 ms)
  batch 2/3: 0.798382 sec, 5 copies (server sum 694.044 ms)
  batch 3/3: 0.797211 sec, 5 copies (server sum 690.355 ms)
  slope: pkg 2.441 J/exec (intercept 1.262 J), wall 0.132033 s/exec (intercept 0.120235 s)
[20/53] queries/tpch/tpch-queries/q08/v2_filter.sql (2 warmup [warm ones = N=1 anchor] + 3 x5)
  warmup 1/2: 0.243532 sec, 1 copy (cache prime)
  warmup 2/2: 0.249423 sec, 1 copy (N=1 anchor)
  batch 1/3: 0.748816 sec, 5 copies (server sum 694.667 ms)
  batch 2/3: 0.748771 sec, 5 copies (server sum 694.201 ms)
  batch 3/3: 0.794134 sec, 5 copies (server sum 688.243 ms)
  slope: pkg 2.435 J/exec (intercept 1.301 J), wall 0.128621 s/exec (intercept 0.120802 s)
[21/53] queries/tpch/tpch-queries/q09/base.sql (2 warmup [warm ones = N=1 anchor] + 3 x5)
  warmup 1/2: 1.142113 sec, 1 copy (cache prime)
  warmup 2/2: 1.143785 sec, 1 copy (N=1 anchor)
  batch 1/3: 5.220497 sec, 5 copies (server sum 5114.011 ms)
  batch 2/3: 5.242813 sec, 5 copies (server sum 5094.692 ms)
  batch 3/3: 5.128533 sec, 5 copies (server sum 5072.512 ms)
  slope: pkg 21.89 J/exec (intercept 1.017 J), wall 1.013374 s/exec (intercept 0.130411 s)
[22/53] queries/tpch/tpch-queries/q09/v1_materialized.sql (2 warmup [warm ones = N=1 anchor] + 3 x5)
  warmup 1/2: 1.078876 sec, 1 copy (cache prime)
  warmup 2/2: 1.134522 sec, 1 copy (N=1 anchor)
  batch 1/3: 5.221323 sec, 5 copies (server sum 5115.731 ms)
  batch 2/3: 5.218648 sec, 5 copies (server sum 5112.102 ms)
  batch 3/3: 5.256787 sec, 5 copies (server sum 5109.034 ms)
  slope: pkg 21.93 J/exec (intercept 1.662 J), wall 1.024433 s/exec (intercept 0.110089 s)
[23/53] queries/tpch/tpch-queries/q10/base.sql (2 warmup [warm ones = N=1 anchor] + 3 x5)
  warmup 1/2: 0.352177 sec, 1 copy (cache prime)
  warmup 2/2: 0.397339 sec, 1 copy (N=1 anchor)
  batch 1/3: 1.486276 sec, 5 copies (server sum 1389.354 ms)
  batch 2/3: 1.479672 sec, 5 copies (server sum 1382.806 ms)
  batch 3/3: 1.490850 sec, 5 copies (server sum 1392.791 ms)
  slope: pkg 6.453 J/exec (intercept 1.596 J), wall 0.272065 s/exec (intercept 0.125274 s)
[24/53] queries/tpch/tpch-queries/q10/v1_materialized.sql (2 warmup [warm ones = N=1 anchor] + 3 x5)
  warmup 1/2: 0.363873 sec, 1 copy (cache prime)
  warmup 2/2: 0.411481 sec, 1 copy (N=1 anchor)
  batch 1/3: 1.549534 sec, 5 copies (server sum 1453.544 ms)
  batch 2/3: 1.503037 sec, 5 copies (server sum 1455.318 ms)
  batch 3/3: 1.549023 sec, 5 copies (server sum 1453.303 ms)
  slope: pkg 6.252 J/exec (intercept 1.604 J), wall 0.280596 s/exec (intercept 0.130885 s)
[25/53] queries/tpch/tpch-queries/q11/base.sql (2 warmup [warm ones = N=1 anchor] + 3 x5)
  warmup 1/2: 0.175558 sec, 1 copy (cache prime)
  warmup 2/2: 0.129402 sec, 1 copy (N=1 anchor)
  batch 1/3: 0.535891 sec, 5 copies (server sum 423.990 ms)
  batch 2/3: 0.528176 sec, 5 copies (server sum 427.009 ms)
  batch 3/3: 0.524820 sec, 5 copies (server sum 424.366 ms)
  slope: pkg 0.6146 J/exec (intercept 0.7633 J), wall 0.100057 s/exec (intercept 0.029345 s)
[26/53] queries/tpch/tpch-queries/q11/v1_materialized.sql (2 warmup [warm ones = N=1 anchor] + 3 x5)
  warmup 1/2: 0.148043 sec, 1 copy (cache prime)
  warmup 2/2: 0.178008 sec, 1 copy (N=1 anchor)
  batch 1/3: 0.481500 sec, 5 copies (server sum 428.664 ms)
  batch 2/3: 0.528188 sec, 5 copies (server sum 425.695 ms)
  batch 3/3: 0.526772 sec, 5 copies (server sum 423.994 ms)
  slope: pkg 0.5741 J/exec (intercept 0.8872 J), wall 0.083536 s/exec (intercept 0.094472 s)
[27/53] queries/tpch/tpch-queries/q11/v2_cte_threshold.sql (2 warmup [warm ones = N=1 anchor] + 3 x5)
  warmup 1/2: 0.180055 sec, 1 copy (cache prime)
  warmup 2/2: 0.129292 sec, 1 copy (N=1 anchor)
  batch 1/3: 0.551381 sec, 5 copies (server sum 440.180 ms)
  batch 2/3: 0.525325 sec, 5 copies (server sum 424.174 ms)
  batch 3/3: 0.536144 sec, 5 copies (server sum 433.144 ms)
  slope: pkg 0.5931 J/exec (intercept 0.6939 J), wall 0.102081 s/exec (intercept 0.027211 s)
[28/53] queries/tpch/tpch-queries/q12/base.sql (2 warmup [warm ones = N=1 anchor] + 3 x5)
  warmup 1/2: 0.385590 sec, 1 copy (cache prime)
  warmup 2/2: 0.395037 sec, 1 copy (N=1 anchor)
  batch 1/3: 1.466713 sec, 5 copies (server sum 1364.947 ms)
  batch 2/3: 1.446327 sec, 5 copies (server sum 1351.983 ms)
  batch 3/3: 1.461227 sec, 5 copies (server sum 1365.617 ms)
  slope: pkg 7.612 J/exec (intercept 1.631 J), wall 0.265763 s/exec (intercept 0.129275 s)
[29/53] queries/tpch/tpch-queries/q12/v1_materialized.sql (2 warmup [warm ones = N=1 anchor] + 3 x5)
  warmup 1/2: 0.406296 sec, 1 copy (cache prime)
  warmup 2/2: 0.386638 sec, 1 copy (N=1 anchor)
  batch 1/3: 1.470561 sec, 5 copies (server sum 1371.200 ms)
  batch 2/3: 1.477985 sec, 5 copies (server sum 1373.450 ms)
  batch 3/3: 1.475034 sec, 5 copies (server sum 1379.148 ms)
  slope: pkg 7.479 J/exec (intercept 1.807 J), wall 0.271972 s/exec (intercept 0.114665 s)
[30/53] queries/tpch/tpch-queries/q12/v2_filter.sql (2 warmup [warm ones = N=1 anchor] + 3 x5)
  warmup 1/2: 0.349342 sec, 1 copy (cache prime)
  warmup 2/2: 0.407241 sec, 1 copy (N=1 anchor)
  batch 1/3: 1.495400 sec, 5 copies (server sum 1391.226 ms)
  batch 2/3: 1.484617 sec, 5 copies (server sum 1384.956 ms)
  batch 3/3: 1.491463 sec, 5 copies (server sum 1398.119 ms)
  slope: pkg 7.411 J/exec (intercept 1.555 J), wall 0.270813 s/exec (intercept 0.136429 s)
[31/53] queries/tpch/tpch-queries/q13/base.sql (2 warmup [warm ones = N=1 anchor] + 3 x5)
  warmup 1/2: 1.652333 sec, 1 copy (cache prime)
  warmup 2/2: 1.605867 sec, 1 copy (N=1 anchor)
  batch 1/3: 7.456653 sec, 5 copies (server sum 7358.918 ms)
  batch 2/3: 7.330923 sec, 5 copies (server sum 7283.522 ms)
  batch 3/3: 7.287911 sec, 5 copies (server sum 7190.972 ms)
  slope: pkg 9.489 J/exec (intercept 0.4927 J), wall 1.438157 s/exec (intercept 0.167710 s)
[32/53] queries/tpch/tpch-queries/q13/v1_materialized.sql (2 warmup [warm ones = N=1 anchor] + 3 x5)
  warmup 1/2: 1.586555 sec, 1 copy (cache prime)
  warmup 2/2: 1.590543 sec, 1 copy (N=1 anchor)
  batch 1/3: 7.337022 sec, 5 copies (server sum 7238.661 ms)
  batch 2/3: 7.344383 sec, 5 copies (server sum 7246.516 ms)
  batch 3/3: 7.292270 sec, 5 copies (server sum 7194.407 ms)
  slope: pkg 9.313 J/exec (intercept 0.5701 J), wall 1.433504 s/exec (intercept 0.157039 s)
[33/53] queries/tpch/tpch-queries/q13/v2_correlated.sql (2 warmup [warm ones = N=1 anchor] + 3 x5)
  warmup 1/2: 2.200674 sec, 1 copy (cache prime)
  warmup 2/2: 2.187747 sec, 1 copy (N=1 anchor)
  batch 1/3: 10.129425 sec, 5 copies (server sum 10032.203 ms)
  batch 2/3: 10.211457 sec, 5 copies (server sum 10116.630 ms)
  batch 3/3: 10.122417 sec, 5 copies (server sum 10079.180 ms)
  slope: pkg 19.96 J/exec (intercept 1.606 J), wall 1.991672 s/exec (intercept 0.196075 s)
[34/53] queries/tpch/tpch-queries/q14/base.sql (2 warmup [warm ones = N=1 anchor] + 3 x5)
  warmup 1/2: 0.215236 sec, 1 copy (cache prime)
  warmup 2/2: 0.239704 sec, 1 copy (N=1 anchor)
  batch 1/3: 0.659516 sec, 5 copies (server sum 615.090 ms)
  batch 2/3: 0.787652 sec, 5 copies (server sum 684.849 ms)
  batch 3/3: 0.779833 sec, 5 copies (server sum 672.260 ms)
  slope: pkg 3.362 J/exec (intercept 1.375 J), wall 0.125658 s/exec (intercept 0.114046 s)
[35/53] queries/tpch/tpch-queries/q14/v1_materialized.sql (2 warmup [warm ones = N=1 anchor] + 3 x5)
  warmup 1/2: 0.280609 sec, 1 copy (cache prime)
  warmup 2/2: 0.280026 sec, 1 copy (N=1 anchor)
  batch 1/3: 0.750827 sec, 5 copies (server sum 649.063 ms)
  batch 2/3: 0.758841 sec, 5 copies (server sum 656.201 ms)
  batch 3/3: 0.781990 sec, 5 copies (server sum 675.578 ms)
  slope: pkg 3.508 J/exec (intercept 0.3548 J), wall 0.120965 s/exec (intercept 0.159061 s)
[36/53] queries/tpch/tpch-queries/q14/v2_filter.sql (2 warmup [warm ones = N=1 anchor] + 3 x5)
  warmup 1/2: 0.305657 sec, 1 copy (cache prime)
  warmup 2/2: 0.279315 sec, 1 copy (N=1 anchor)
  batch 1/3: 0.660208 sec, 5 copies (server sum 615.022 ms)
  batch 2/3: 0.782248 sec, 5 copies (server sum 680.281 ms)
  batch 3/3: 0.766962 sec, 5 copies (server sum 664.569 ms)
  slope: pkg 3.602 J/exec (intercept 0.1711 J), wall 0.114289 s/exec (intercept 0.165026 s)
[37/53] queries/tpch/tpch-queries/q15/base.sql (2 warmup [warm ones = N=1 anchor] + 3 x5)
  warmup 1/2: 0.394840 sec, 1 copy (cache prime)
  warmup 2/2: 0.376388 sec, 1 copy (N=1 anchor)
  batch 1/3: 1.230903 sec, 5 copies (server sum 1137.924 ms)
  batch 2/3: 1.214395 sec, 5 copies (server sum 1121.041 ms)
  batch 3/3: 1.201696 sec, 5 copies (server sum 1109.258 ms)
  slope: pkg 2.052 J/exec (intercept 1.429 J), wall 0.209819 s/exec (intercept 0.166569 s)
[38/53] queries/tpch/tpch-queries/q15/v1_materialized.sql (2 warmup [warm ones = N=1 anchor] + 3 x5)
  warmup 1/2: 0.354960 sec, 1 copy (cache prime)
  warmup 2/2: 0.359707 sec, 1 copy (N=1 anchor)
  batch 1/3: 1.200083 sec, 5 copies (server sum 1106.953 ms)
  batch 2/3: 1.211415 sec, 5 copies (server sum 1117.872 ms)
  batch 3/3: 1.168293 sec, 5 copies (server sum 1099.215 ms)
  slope: pkg 2.044 J/exec (intercept 1.709 J), wall 0.208389 s/exec (intercept 0.151318 s)
[39/53] queries/tpch/tpch-queries/q16/base.sql (2 warmup [warm ones = N=1 anchor] + 3 x5)
  warmup 1/2: 0.285697 sec, 1 copy (cache prime)
  warmup 2/2: 0.331350 sec, 1 copy (N=1 anchor)
  batch 1/3: 1.228172 sec, 5 copies (server sum 1125.106 ms)
  batch 2/3: 1.223765 sec, 5 copies (server sum 1124.389 ms)
  batch 3/3: 1.248573 sec, 5 copies (server sum 1148.583 ms)
  slope: pkg 6.208 J/exec (intercept 0.5411 J), wall 0.225538 s/exec (intercept 0.105812 s)
[40/53] queries/tpch/tpch-queries/q16/v1_materialized.sql (2 warmup [warm ones = N=1 anchor] + 3 x5)
  warmup 1/2: 0.292940 sec, 1 copy (cache prime)
  warmup 2/2: 0.330437 sec, 1 copy (N=1 anchor)
  batch 1/3: 1.310053 sec, 5 copies (server sum 1209.805 ms)
  batch 2/3: 1.248613 sec, 5 copies (server sum 1146.352 ms)
  batch 3/3: 1.301601 sec, 5 copies (server sum 1190.789 ms)
  slope: pkg 6.313 J/exec (intercept 0.6142 J), wall 0.239080 s/exec (intercept 0.091357 s)
[41/53] queries/tpch/tpch-queries/q16/v2_not_exists.sql (2 warmup [warm ones = N=1 anchor] + 3 x5)
  warmup 1/2: 0.318197 sec, 1 copy (cache prime)
  warmup 2/2: 0.312553 sec, 1 copy (N=1 anchor)
  batch 1/3: 1.185771 sec, 5 copies (server sum 1077.278 ms)
  batch 2/3: 1.169136 sec, 5 copies (server sum 1073.663 ms)
  batch 3/3: 1.168703 sec, 5 copies (server sum 1072.262 ms)
  slope: pkg 4.914 J/exec (intercept 0.5516 J), wall 0.215496 s/exec (intercept 0.097057 s)
[42/53] queries/tpch/tpch-queries/q17/v2_decorrelate.sql (2 warmup [warm ones = N=1 anchor] + 3 x5)
  warmup 1/2: 4.097823 sec, 1 copy (cache prime)
  warmup 2/2: 4.068349 sec, 1 copy (N=1 anchor)
  batch 1/3: 19.666915 sec, 5 copies (server sum 19572.189 ms)
  batch 2/3: 19.742307 sec, 5 copies (server sum 19635.521 ms)
  batch 3/3: 19.601798 sec, 5 copies (server sum 19506.911 ms)
  slope: pkg 17.98 J/exec (intercept 1.872 J), wall 3.900498 s/exec (intercept 0.167851 s)
[43/53] queries/tpch/tpch-queries/q18/base.sql (2 warmup [warm ones = N=1 anchor] + 3 x5)
  warmup 1/2: 3.882945 sec, 1 copy (cache prime)
  warmup 2/2: 3.884548 sec, 1 copy (N=1 anchor)
  batch 1/3: 19.630268 sec, 5 copies (server sum 19514.538 ms)
  batch 2/3: 21.087368 sec, 5 copies (server sum 20970.929 ms)
  batch 3/3: 21.646161 sec, 5 copies (server sum 21539.439 ms)
  slope: pkg 98.93 J/exec (intercept 20.53 J), wall 4.225846 s/exec (intercept -0.341298 s)
[44/53] queries/tpch/tpch-queries/q18/v1_materialized.sql (2 warmup [warm ones = N=1 anchor] + 3 x5)
  warmup 1/2: 4.460663 sec, 1 copy (cache prime)
  warmup 2/2: 4.465220 sec, 1 copy (N=1 anchor)
  batch 1/3: 21.770755 sec, 5 copies (server sum 21660.135 ms)
  batch 2/3: 21.774751 sec, 5 copies (server sum 21670.781 ms)
  batch 3/3: 21.833044 sec, 5 copies (server sum 21723.531 ms)
  slope: pkg 95.05 J/exec (intercept 2.979 J), wall 4.331907 s/exec (intercept 0.133313 s)
[45/53] queries/tpch/tpch-queries/q18/v2_join.sql (2 warmup [warm ones = N=1 anchor] + 3 x5)
  warmup 1/2: 4.448022 sec, 1 copy (cache prime)
  warmup 2/2: 4.457911 sec, 1 copy (N=1 anchor)
  batch 1/3: 21.779603 sec, 5 copies (server sum 21661.322 ms)
  batch 2/3: 21.704743 sec, 5 copies (server sum 21585.566 ms)
  batch 3/3: 21.719447 sec, 5 copies (server sum 21606.055 ms)
  slope: pkg 94.81 J/exec (intercept 2.935 J), wall 4.319172 s/exec (intercept 0.138739 s)
[46/53] queries/tpch/tpch-queries/q19/base.sql (2 warmup [warm ones = N=1 anchor] + 3 x5)
  warmup 1/2: 0.187658 sec, 1 copy (cache prime)
  warmup 2/2: 0.104520 sec, 1 copy (N=1 anchor)
  batch 1/3: 0.222522 sec, 5 copies (server sum 176.946 ms)
  batch 2/3: 0.272509 sec, 5 copies (server sum 176.500 ms)
  batch 3/3: 0.288123 sec, 5 copies (server sum 184.114 ms)
  slope: pkg 0.9409 J/exec (intercept 0.4842 J), wall 0.039133 s/exec (intercept 0.065388 s)
[47/53] queries/tpch/tpch-queries/q19/v1_materialized.sql (2 warmup [warm ones = N=1 anchor] + 3 x5)
  warmup 1/2: 0.147036 sec, 1 copy (cache prime)
  warmup 2/2: 0.083199 sec, 1 copy (N=1 anchor)
  batch 1/3: 0.225526 sec, 5 copies (server sum 179.991 ms)
  batch 2/3: 0.285176 sec, 5 copies (server sum 183.192 ms)
  batch 3/3: 0.291014 sec, 5 copies (server sum 186.322 ms)
  slope: pkg 0.8964 J/exec (intercept 0.7583 J), wall 0.046010 s/exec (intercept 0.037189 s)
[48/53] queries/tpch/tpch-queries/q19/v2_union_all.sql (2 warmup [warm ones = N=1 anchor] + 3 x5)
  warmup 1/2: 0.155529 sec, 1 copy (cache prime)
  warmup 2/2: 0.093071 sec, 1 copy (N=1 anchor)
  batch 1/3: 0.282680 sec, 5 copies (server sum 234.618 ms)
  batch 2/3: 0.331234 sec, 5 copies (server sum 231.632 ms)
  batch 3/3: 0.349208 sec, 5 copies (server sum 237.482 ms)
  slope: pkg 1.144 J/exec (intercept 0.7658 J), wall 0.056992 s/exec (intercept 0.036079 s)
[49/53] queries/tpch/tpch-queries/q21/base.sql (2 warmup [warm ones = N=1 anchor] + 3 x5)
  warmup 1/2: 0.591637 sec, 1 copy (cache prime)
  warmup 2/2: 0.575525 sec, 1 copy (N=1 anchor)
  batch 1/3: 2.413553 sec, 5 copies (server sum 2310.556 ms)
  batch 2/3: 2.422429 sec, 5 copies (server sum 2318.857 ms)
  batch 3/3: 2.442933 sec, 5 copies (server sum 2339.158 ms)
  slope: pkg 10.69 J/exec (intercept 1.142 J), wall 0.462695 s/exec (intercept 0.112830 s)
[50/53] queries/tpch/tpch-queries/q21/v1_materialized.sql (2 warmup [warm ones = N=1 anchor] + 3 x5)
  warmup 1/2: 0.580140 sec, 1 copy (cache prime)
  warmup 2/2: 0.568959 sec, 1 copy (N=1 anchor)
  batch 1/3: 2.410031 sec, 5 copies (server sum 2301.582 ms)
  batch 2/3: 2.435062 sec, 5 copies (server sum 2334.327 ms)
  batch 3/3: 2.413170 sec, 5 copies (server sum 2309.246 ms)
  slope: pkg 10.48 J/exec (intercept 1.135 J), wall 0.462616 s/exec (intercept 0.106343 s)
[51/53] queries/tpch/tpch-queries/q22/base.sql (2 warmup [warm ones = N=1 anchor] + 3 x5)
  warmup 1/2: 0.160653 sec, 1 copy (cache prime)
  warmup 2/2: 0.111850 sec, 1 copy (N=1 anchor)
  batch 1/3: 0.350192 sec, 5 copies (server sum 298.661 ms)
  batch 2/3: 0.406965 sec, 5 copies (server sum 301.355 ms)
  batch 3/3: 0.420738 sec, 5 copies (server sum 309.242 ms)
  slope: pkg 1.525 J/exec (intercept 0.3954 J), wall 0.070195 s/exec (intercept 0.041654 s)
[52/53] queries/tpch/tpch-queries/q22/v1_materialized.sql (2 warmup [warm ones = N=1 anchor] + 3 x5)
  warmup 1/2: 0.190585 sec, 1 copy (cache prime)
  warmup 2/2: 0.103573 sec, 1 copy (N=1 anchor)
  batch 1/3: 0.324303 sec, 5 copies (server sum 279.315 ms)
  batch 2/3: 0.409658 sec, 5 copies (server sum 301.394 ms)
  batch 3/3: 0.419917 sec, 5 copies (server sum 307.524 ms)
  slope: pkg 1.51 J/exec (intercept 0.5073 J), wall 0.070263 s/exec (intercept 0.033310 s)
[53/53] queries/tpch/tpch-queries/q22/v2_anti_join.sql (2 warmup [warm ones = N=1 anchor] + 3 x5)
  warmup 1/2: 0.242401 sec, 1 copy (cache prime)
  warmup 2/2: 0.144874 sec, 1 copy (N=1 anchor)
  batch 1/3: 0.648255 sec, 5 copies (server sum 537.302 ms)
  batch 2/3: 0.657944 sec, 5 copies (server sum 545.625 ms)
  batch 3/3: 0.653498 sec, 5 copies (server sum 548.514 ms)
  slope: pkg 2.844 J/exec (intercept 1.151 J), wall 0.127090 s/exec (intercept 0.017784 s)

Done. Batch rows appended to logs/hash_mem_multiplier/hmm_4/query_timing_tpch_idx.csv
Per-copy samples appended to logs/hash_mem_multiplier/hmm_4/query_samples_tpch_idx.csv
Relation sizes appended to logs/hash_mem_multiplier/hmm_4/query_catalog_tpch_idx.csv
Per-query slope/intercept appended to logs/hash_mem_multiplier/hmm_4/query_slope_tpch_idx.csv
make: Leaving directory '/home/user01/GreenSQL'
