make: Entering directory '/home/user01/GreenSQL'
query_runner configuration:
  QUERY_DIR      = queries/tpch/tpch-queries
  LOG_FILE       = logs/hash_mem_multiplier/hmm_8/query_timing_tpch.csv
  SAMPLE_FILE    = logs/hash_mem_multiplier/hmm_8/query_samples_tpch.csv
  CATALOG_FILE   = logs/hash_mem_multiplier/hmm_8/query_catalog_tpch.csv
  SLOPE_FILE     = logs/hash_mem_multiplier/hmm_8/query_slope_tpch.csv
  DB_NAME        = tpch
  DB_USER        = postgres
  PGPORT         = 5434
  PG_VERSION     = 18.4  (as reported by the server on that port)
  BATCHNUM       = 5 (slope sizes: 1 copy and 5 copies)
  RUNS           = 3 (measured batches per size)
  WARMUP         = 2 (single-copy; #1 primes cache, warm ones = N=1 anchor)
  WORKERS        = (planner default)
  STATEMENT_TIMEOUT = 900
  SIGLESS_ADDR   = (disabled)
Found 53 queries under queries/tpch/tpch-queries

Catalog snapshot: 11 relations -> logs/hash_mem_multiplier/hmm_8/query_catalog_tpch.csv
[1/53] queries/tpch/tpch-queries/q01/base.sql (2 warmup [warm ones = N=1 anchor] + 3 x5)
  warmup 1/2: 1.530873 sec, 1 copy (cache prime)
  warmup 2/2: 1.709396 sec, 1 copy (N=1 anchor)
  batch 1/3: 8.631902 sec, 5 copies (server sum 8511.829 ms)
  batch 2/3: 8.599337 sec, 5 copies (server sum 8494.853 ms)
  batch 3/3: 8.613708 sec, 5 copies (server sum 8497.004 ms)
  slope: pkg 37.12 J/exec (intercept 3.053 J), wall 1.726397 s/exec (intercept -0.017001 s)
[2/53] queries/tpch/tpch-queries/q01/v1_materialized.sql (2 warmup [warm ones = N=1 anchor] + 3 x5)
  warmup 1/2: 1.759316 sec, 1 copy (cache prime)
  warmup 2/2: 1.833771 sec, 1 copy (N=1 anchor)
  batch 1/3: 8.623283 sec, 5 copies (server sum 8506.363 ms)
  batch 2/3: 8.623297 sec, 5 copies (server sum 8509.218 ms)
  batch 3/3: 8.639707 sec, 5 copies (server sum 8509.803 ms)
  slope: pkg 37.27 J/exec (intercept 3.029 J), wall 1.698748 s/exec (intercept 0.135024 s)
[3/53] queries/tpch/tpch-queries/q02/base.sql (2 warmup [warm ones = N=1 anchor] + 3 x5)
  warmup 1/2: 46.557602 sec, 1 copy (cache prime)
  warmup 2/2: 47.180421 sec, 1 copy (N=1 anchor)
  batch 1/3: 231.354451 sec, 5 copies (server sum 231258.329 ms)
  batch 2/3: 227.825108 sec, 5 copies (server sum 227726.366 ms)
  batch 3/3: 230.086375 sec, 5 copies (server sum 230008.285 ms)
  slope: pkg 521.5 J/exec (intercept -12.49 J), wall 45.643723 s/exec (intercept 1.536698 s)
[4/53] queries/tpch/tpch-queries/q02/v1_materialized.sql (2 warmup [warm ones = N=1 anchor] + 3 x5)
  warmup 1/2: 45.487003 sec, 1 copy (cache prime)
  warmup 2/2: 45.612619 sec, 1 copy (N=1 anchor)
  batch 1/3: 228.760715 sec, 5 copies (server sum 228654.256 ms)
  batch 2/3: 232.953172 sec, 5 copies (server sum 232854.480 ms)
  batch 3/3: 229.134604 sec, 5 copies (server sum 229035.078 ms)
  slope: pkg 516.5 J/exec (intercept 17.85 J), wall 46.167553 s/exec (intercept -0.554934 s)
[5/53] queries/tpch/tpch-queries/q02/v2_decorrelate.sql (2 warmup [warm ones = N=1 anchor] + 3 x5)
  warmup 1/2: 0.255763 sec, 1 copy (cache prime)
  warmup 2/2: 0.308632 sec, 1 copy (N=1 anchor)
  batch 1/3: 1.140573 sec, 5 copies (server sum 1028.601 ms)
  batch 2/3: 1.128546 sec, 5 copies (server sum 1027.197 ms)
  batch 3/3: 1.148147 sec, 5 copies (server sum 1039.536 ms)
  slope: pkg 3.293 J/exec (intercept 0.6599 J), wall 0.207614 s/exec (intercept 0.101018 s)
[6/53] queries/tpch/tpch-queries/q03/base.sql (2 warmup [warm ones = N=1 anchor] + 3 x5)
  warmup 1/2: 0.357981 sec, 1 copy (cache prime)
  warmup 2/2: 0.365431 sec, 1 copy (N=1 anchor)
  batch 1/3: 1.331841 sec, 5 copies (server sum 1230.069 ms)
  batch 2/3: 1.294981 sec, 5 copies (server sum 1201.158 ms)
  batch 3/3: 1.312682 sec, 5 copies (server sum 1218.588 ms)
  slope: pkg 7.636 J/exec (intercept 0.8433 J), wall 0.236934 s/exec (intercept 0.128497 s)
[7/53] queries/tpch/tpch-queries/q03/v1_materialized.sql (2 warmup [warm ones = N=1 anchor] + 3 x5)
  warmup 1/2: 0.355381 sec, 1 copy (cache prime)
  warmup 2/2: 0.408882 sec, 1 copy (N=1 anchor)
  batch 1/3: 1.351638 sec, 5 copies (server sum 1249.665 ms)
  batch 2/3: 1.223428 sec, 5 copies (server sum 1178.317 ms)
  batch 3/3: 1.299683 sec, 5 copies (server sum 1206.220 ms)
  slope: pkg 8.087 J/exec (intercept -0.5462 J), wall 0.220675 s/exec (intercept 0.188207 s)
[8/53] queries/tpch/tpch-queries/q04/base.sql (2 warmup [warm ones = N=1 anchor] + 3 x5)
  warmup 1/2: 0.203209 sec, 1 copy (cache prime)
  warmup 2/2: 0.137741 sec, 1 copy (N=1 anchor)
  batch 1/3: 0.617851 sec, 5 copies (server sum 504.538 ms)
  batch 2/3: 0.575147 sec, 5 copies (server sum 479.865 ms)
  batch 3/3: 0.576395 sec, 5 copies (server sum 479.582 ms)
  slope: pkg 3.108 J/exec (intercept 0.9332 J), wall 0.113014 s/exec (intercept 0.024727 s)
[9/53] queries/tpch/tpch-queries/q04/v1_materialized.sql (2 warmup [warm ones = N=1 anchor] + 3 x5)
  warmup 1/2: 0.200843 sec, 1 copy (cache prime)
  warmup 2/2: 0.138278 sec, 1 copy (N=1 anchor)
  batch 1/3: 0.589275 sec, 5 copies (server sum 488.733 ms)
  batch 2/3: 0.520228 sec, 5 copies (server sum 476.927 ms)
  batch 3/3: 0.582648 sec, 5 copies (server sum 485.845 ms)
  slope: pkg 3.124 J/exec (intercept 0.9411 J), wall 0.106443 s/exec (intercept 0.031835 s)
[10/53] queries/tpch/tpch-queries/q04/v2_in.sql (2 warmup [warm ones = N=1 anchor] + 3 x5)
  warmup 1/2: 0.141416 sec, 1 copy (cache prime)
  warmup 2/2: 0.139145 sec, 1 copy (N=1 anchor)
  batch 1/3: 0.612710 sec, 5 copies (server sum 504.346 ms)
  batch 2/3: 0.582526 sec, 5 copies (server sum 485.713 ms)
  batch 3/3: 0.590790 sec, 5 copies (server sum 492.048 ms)
  slope: pkg 3.006 J/exec (intercept 1.014 J), wall 0.114049 s/exec (intercept 0.025096 s)
[11/53] queries/tpch/tpch-queries/q05/base.sql (2 warmup [warm ones = N=1 anchor] + 3 x5)
  warmup 1/2: 0.367311 sec, 1 copy (cache prime)
  warmup 2/2: 0.403562 sec, 1 copy (N=1 anchor)
  batch 1/3: 1.372626 sec, 5 copies (server sum 1271.970 ms)
  batch 2/3: 1.365911 sec, 5 copies (server sum 1257.645 ms)
  batch 3/3: 1.285776 sec, 5 copies (server sum 1234.320 ms)
  slope: pkg 3.649 J/exec (intercept 0.6297 J), wall 0.234469 s/exec (intercept 0.169093 s)
[12/53] queries/tpch/tpch-queries/q05/v1_materialized.sql (2 warmup [warm ones = N=1 anchor] + 3 x5)
  warmup 1/2: 0.354769 sec, 1 copy (cache prime)
  warmup 2/2: 0.351323 sec, 1 copy (N=1 anchor)
  batch 1/3: 1.370992 sec, 5 copies (server sum 1261.199 ms)
  batch 2/3: 1.333201 sec, 5 copies (server sum 1233.369 ms)
  batch 3/3: 1.359969 sec, 5 copies (server sum 1246.193 ms)
  slope: pkg 3.499 J/exec (intercept 1.471 J), wall 0.250849 s/exec (intercept 0.100474 s)
[13/53] queries/tpch/tpch-queries/q06/base.sql (2 warmup [warm ones = N=1 anchor] + 3 x5)
  warmup 1/2: 0.338790 sec, 1 copy (cache prime)
  warmup 2/2: 0.375504 sec, 1 copy (N=1 anchor)
  batch 1/3: 1.297329 sec, 5 copies (server sum 1197.610 ms)
  batch 2/3: 1.342374 sec, 5 copies (server sum 1243.715 ms)
  batch 3/3: 1.261845 sec, 5 copies (server sum 1219.680 ms)
  slope: pkg 7.64 J/exec (intercept 0.3896 J), wall 0.231253 s/exec (intercept 0.144251 s)
[14/53] queries/tpch/tpch-queries/q06/v1_materialized.sql (2 warmup [warm ones = N=1 anchor] + 3 x5)
  warmup 1/2: 0.381720 sec, 1 copy (cache prime)
  warmup 2/2: 0.391104 sec, 1 copy (N=1 anchor)
  batch 1/3: 1.363024 sec, 5 copies (server sum 1263.189 ms)
  batch 2/3: 1.379215 sec, 5 copies (server sum 1278.412 ms)
  batch 3/3: 1.369466 sec, 5 copies (server sum 1272.842 ms)
  slope: pkg 7.154 J/exec (intercept 0.5328 J), wall 0.244866 s/exec (intercept 0.146238 s)
[15/53] queries/tpch/tpch-queries/q07/base.sql (2 warmup [warm ones = N=1 anchor] + 3 x5)
  warmup 1/2: 0.438321 sec, 1 copy (cache prime)
  warmup 2/2: 0.405038 sec, 1 copy (N=1 anchor)
  batch 1/3: 1.590418 sec, 5 copies (server sum 1490.247 ms)
  batch 2/3: 1.570871 sec, 5 copies (server sum 1474.004 ms)
  batch 3/3: 1.587472 sec, 5 copies (server sum 1473.112 ms)
  slope: pkg 4.929 J/exec (intercept 1.456 J), wall 0.294471 s/exec (intercept 0.110568 s)
[16/53] queries/tpch/tpch-queries/q07/v1_materialized.sql (2 warmup [warm ones = N=1 anchor] + 3 x5)
  warmup 1/2: 0.401759 sec, 1 copy (cache prime)
  warmup 2/2: 0.404136 sec, 1 copy (N=1 anchor)
  batch 1/3: 1.575341 sec, 5 copies (server sum 1475.214 ms)
  batch 2/3: 1.515572 sec, 5 copies (server sum 1467.404 ms)
  batch 3/3: 1.508895 sec, 5 copies (server sum 1460.353 ms)
  slope: pkg 5.024 J/exec (intercept 1.299 J), wall 0.282283 s/exec (intercept 0.121852 s)
[17/53] queries/tpch/tpch-queries/q07/v2_union_all.sql (2 warmup [warm ones = N=1 anchor] + 3 x5)
  warmup 1/2: 0.369396 sec, 1 copy (cache prime)
  warmup 2/2: 0.404065 sec, 1 copy (N=1 anchor)
  batch 1/3: 1.595785 sec, 5 copies (server sum 1493.591 ms)
  batch 2/3: 1.589670 sec, 5 copies (server sum 1491.428 ms)
  batch 3/3: 1.610146 sec, 5 copies (server sum 1499.671 ms)
  slope: pkg 5.01 J/exec (intercept 1.67 J), wall 0.298617 s/exec (intercept 0.105448 s)
[18/53] queries/tpch/tpch-queries/q08/base.sql (2 warmup [warm ones = N=1 anchor] + 3 x5)
  warmup 1/2: 0.491328 sec, 1 copy (cache prime)
  warmup 2/2: 0.484355 sec, 1 copy (N=1 anchor)
  batch 1/3: 1.905442 sec, 5 copies (server sum 1806.044 ms)
  batch 2/3: 1.901670 sec, 5 copies (server sum 1803.289 ms)
  batch 3/3: 1.942642 sec, 5 copies (server sum 1803.422 ms)
  slope: pkg 6.318 J/exec (intercept 1.584 J), wall 0.358057 s/exec (intercept 0.126297 s)
[19/53] queries/tpch/tpch-queries/q08/v1_materialized.sql (2 warmup [warm ones = N=1 anchor] + 3 x5)
  warmup 1/2: 0.431441 sec, 1 copy (cache prime)
  warmup 2/2: 0.484673 sec, 1 copy (N=1 anchor)
  batch 1/3: 1.916658 sec, 5 copies (server sum 1818.556 ms)
  batch 2/3: 1.907562 sec, 5 copies (server sum 1805.768 ms)
  batch 3/3: 1.899075 sec, 5 copies (server sum 1800.145 ms)
  slope: pkg 6.332 J/exec (intercept 1.563 J), wall 0.355773 s/exec (intercept 0.128900 s)
[20/53] queries/tpch/tpch-queries/q08/v2_filter.sql (2 warmup [warm ones = N=1 anchor] + 3 x5)
  warmup 1/2: 0.480820 sec, 1 copy (cache prime)
  warmup 2/2: 0.504101 sec, 1 copy (N=1 anchor)
  batch 1/3: 1.906649 sec, 5 copies (server sum 1809.157 ms)
  batch 2/3: 1.908272 sec, 5 copies (server sum 1809.033 ms)
  batch 3/3: 1.915085 sec, 5 copies (server sum 1809.903 ms)
  slope: pkg 6.331 J/exec (intercept 1.373 J), wall 0.351475 s/exec (intercept 0.152626 s)
[21/53] queries/tpch/tpch-queries/q09/base.sql (2 warmup [warm ones = N=1 anchor] + 3 x5)
  warmup 1/2: 0.988742 sec, 1 copy (cache prime)
  warmup 2/2: 1.000548 sec, 1 copy (N=1 anchor)
  batch 1/3: 4.555847 sec, 5 copies (server sum 4450.307 ms)
  batch 2/3: 4.591667 sec, 5 copies (server sum 4488.339 ms)
  batch 3/3: 4.583774 sec, 5 copies (server sum 4486.798 ms)
  slope: pkg 20.91 J/exec (intercept 0.861 J), wall 0.894137 s/exec (intercept 0.106411 s)
[22/53] queries/tpch/tpch-queries/q09/v1_materialized.sql (2 warmup [warm ones = N=1 anchor] + 3 x5)
  warmup 1/2: 1.001756 sec, 1 copy (cache prime)
  warmup 2/2: 1.004020 sec, 1 copy (N=1 anchor)
  batch 1/3: 4.637228 sec, 5 copies (server sum 4534.306 ms)
  batch 2/3: 4.653960 sec, 5 copies (server sum 4556.439 ms)
  batch 3/3: 4.665151 sec, 5 copies (server sum 4532.378 ms)
  slope: pkg 20.67 J/exec (intercept 0.9365 J), wall 0.912023 s/exec (intercept 0.091997 s)
[23/53] queries/tpch/tpch-queries/q10/base.sql (2 warmup [warm ones = N=1 anchor] + 3 x5)
  warmup 1/2: 0.351075 sec, 1 copy (cache prime)
  warmup 2/2: 0.383965 sec, 1 copy (N=1 anchor)
  batch 1/3: 1.371370 sec, 5 copies (server sum 1270.052 ms)
  batch 2/3: 1.376064 sec, 5 copies (server sum 1278.276 ms)
  batch 3/3: 1.415804 sec, 5 copies (server sum 1318.002 ms)
  slope: pkg 7.073 J/exec (intercept 1.236 J), wall 0.250945 s/exec (intercept 0.133020 s)
[24/53] queries/tpch/tpch-queries/q10/v1_materialized.sql (2 warmup [warm ones = N=1 anchor] + 3 x5)
  warmup 1/2: 0.402102 sec, 1 copy (cache prime)
  warmup 2/2: 0.405238 sec, 1 copy (N=1 anchor)
  batch 1/3: 1.447614 sec, 5 copies (server sum 1341.183 ms)
  batch 2/3: 1.538752 sec, 5 copies (server sum 1436.876 ms)
  batch 3/3: 1.562560 sec, 5 copies (server sum 1446.051 ms)
  slope: pkg 6.737 J/exec (intercept 1.512 J), wall 0.277768 s/exec (intercept 0.127470 s)
[25/53] queries/tpch/tpch-queries/q11/base.sql (2 warmup [warm ones = N=1 anchor] + 3 x5)
  warmup 1/2: 0.192164 sec, 1 copy (cache prime)
  warmup 2/2: 0.127026 sec, 1 copy (N=1 anchor)
  batch 1/3: 0.530885 sec, 5 copies (server sum 405.494 ms)
  batch 2/3: 0.523038 sec, 5 copies (server sum 420.632 ms)
  batch 3/3: 0.559383 sec, 5 copies (server sum 454.943 ms)
  slope: pkg 2.207 J/exec (intercept 0.8895 J), wall 0.102686 s/exec (intercept 0.024341 s)
[26/53] queries/tpch/tpch-queries/q11/v1_materialized.sql (2 warmup [warm ones = N=1 anchor] + 3 x5)
  warmup 1/2: 0.214461 sec, 1 copy (cache prime)
  warmup 2/2: 0.234539 sec, 1 copy (N=1 anchor)
  batch 1/3: 0.460960 sec, 5 copies (server sum 415.575 ms)
  batch 2/3: 0.581427 sec, 5 copies (server sum 475.607 ms)
  batch 3/3: 0.543472 sec, 5 copies (server sum 436.663 ms)
  slope: pkg 2.495 J/exec (intercept -0.2696 J), wall 0.073520 s/exec (intercept 0.161018 s)
[27/53] queries/tpch/tpch-queries/q11/v2_cte_threshold.sql (2 warmup [warm ones = N=1 anchor] + 3 x5)
  warmup 1/2: 0.220995 sec, 1 copy (cache prime)
  warmup 2/2: 0.128192 sec, 1 copy (N=1 anchor)
  batch 1/3: 0.571811 sec, 5 copies (server sum 457.719 ms)
  batch 2/3: 0.585763 sec, 5 copies (server sum 472.323 ms)
  batch 3/3: 0.561111 sec, 5 copies (server sum 455.760 ms)
  slope: pkg 2.197 J/exec (intercept 0.9316 J), wall 0.111176 s/exec (intercept 0.017016 s)
[28/53] queries/tpch/tpch-queries/q12/base.sql (2 warmup [warm ones = N=1 anchor] + 3 x5)
  warmup 1/2: 0.558495 sec, 1 copy (cache prime)
  warmup 2/2: 0.567461 sec, 1 copy (N=1 anchor)
  batch 1/3: 2.334450 sec, 5 copies (server sum 2230.944 ms)
  batch 2/3: 2.455806 sec, 5 copies (server sum 2351.295 ms)
  batch 3/3: 2.448046 sec, 5 copies (server sum 2342.054 ms)
  slope: pkg 10.57 J/exec (intercept 2.462 J), wall 0.461327 s/exec (intercept 0.106134 s)
[29/53] queries/tpch/tpch-queries/q12/v1_materialized.sql (2 warmup [warm ones = N=1 anchor] + 3 x5)
  warmup 1/2: 0.589345 sec, 1 copy (cache prime)
  warmup 2/2: 0.622776 sec, 1 copy (N=1 anchor)
  batch 1/3: 2.472455 sec, 5 copies (server sum 2355.953 ms)
  batch 2/3: 2.459080 sec, 5 copies (server sum 2353.304 ms)
  batch 3/3: 2.443990 sec, 5 copies (server sum 2342.278 ms)
  slope: pkg 10.24 J/exec (intercept 2.886 J), wall 0.458933 s/exec (intercept 0.163843 s)
[30/53] queries/tpch/tpch-queries/q12/v2_filter.sql (2 warmup [warm ones = N=1 anchor] + 3 x5)
  warmup 1/2: 0.581076 sec, 1 copy (cache prime)
  warmup 2/2: 0.517244 sec, 1 copy (N=1 anchor)
  batch 1/3: 2.460443 sec, 5 copies (server sum 2349.945 ms)
  batch 2/3: 2.435801 sec, 5 copies (server sum 2332.109 ms)
  batch 3/3: 2.427927 sec, 5 copies (server sum 2326.674 ms)
  slope: pkg 10.49 J/exec (intercept 1.071 J), wall 0.481037 s/exec (intercept 0.036207 s)
[31/53] queries/tpch/tpch-queries/q13/base.sql (2 warmup [warm ones = N=1 anchor] + 3 x5)
  warmup 1/2: 1.654134 sec, 1 copy (cache prime)
  warmup 2/2: 1.614648 sec, 1 copy (N=1 anchor)
  batch 1/3: 7.422830 sec, 5 copies (server sum 7325.453 ms)
  batch 2/3: 7.444241 sec, 5 copies (server sum 7344.977 ms)
  batch 3/3: 7.397639 sec, 5 copies (server sum 7297.202 ms)
  slope: pkg 9.247 J/exec (intercept 0.8706 J), wall 1.451730 s/exec (intercept 0.162918 s)
[32/53] queries/tpch/tpch-queries/q13/v1_materialized.sql (2 warmup [warm ones = N=1 anchor] + 3 x5)
  warmup 1/2: 1.569657 sec, 1 copy (cache prime)
  warmup 2/2: 1.589669 sec, 1 copy (N=1 anchor)
  batch 1/3: 7.468499 sec, 5 copies (server sum 7363.703 ms)
  batch 2/3: 7.419865 sec, 5 copies (server sum 7315.751 ms)
  batch 3/3: 7.288836 sec, 5 copies (server sum 7242.033 ms)
  slope: pkg 9.216 J/exec (intercept 0.6326 J), wall 1.450683 s/exec (intercept 0.138986 s)
[33/53] queries/tpch/tpch-queries/q13/v2_correlated.sql (2 warmup [warm ones = N=1 anchor] + 3 x5)
  warmup 1/2: 2.158469 sec, 1 copy (cache prime)
  warmup 2/2: 2.146202 sec, 1 copy (N=1 anchor)
  batch 1/3: 9.943312 sec, 5 copies (server sum 9842.841 ms)
  batch 2/3: 9.918309 sec, 5 copies (server sum 9816.233 ms)
  batch 3/3: 9.980998 sec, 5 copies (server sum 9886.157 ms)
  slope: pkg 19.81 J/exec (intercept 1.631 J), wall 1.950334 s/exec (intercept 0.195868 s)
[34/53] queries/tpch/tpch-queries/q14/base.sql (2 warmup [warm ones = N=1 anchor] + 3 x5)
  warmup 1/2: 0.293947 sec, 1 copy (cache prime)
  warmup 2/2: 0.377969 sec, 1 copy (N=1 anchor)
  batch 1/3: 1.321649 sec, 5 copies (server sum 1221.261 ms)
  batch 2/3: 1.304380 sec, 5 copies (server sum 1207.277 ms)
  batch 3/3: 1.317556 sec, 5 copies (server sum 1221.754 ms)
  slope: pkg 8.609 J/exec (intercept -0.3062 J), wall 0.234140 s/exec (intercept 0.143829 s)
[35/53] queries/tpch/tpch-queries/q14/v1_materialized.sql (2 warmup [warm ones = N=1 anchor] + 3 x5)
  warmup 1/2: 0.386771 sec, 1 copy (cache prime)
  warmup 2/2: 0.294380 sec, 1 copy (N=1 anchor)
  batch 1/3: 1.238547 sec, 5 copies (server sum 1195.542 ms)
  batch 2/3: 1.350357 sec, 5 copies (server sum 1254.249 ms)
  batch 3/3: 1.347864 sec, 5 copies (server sum 1254.057 ms)
  slope: pkg 8.179 J/exec (intercept 1.407 J), wall 0.254469 s/exec (intercept 0.039911 s)
[36/53] queries/tpch/tpch-queries/q14/v2_filter.sql (2 warmup [warm ones = N=1 anchor] + 3 x5)
  warmup 1/2: 0.384293 sec, 1 copy (cache prime)
  warmup 2/2: 0.405359 sec, 1 copy (N=1 anchor)
  batch 1/3: 1.373240 sec, 5 copies (server sum 1271.782 ms)
  batch 2/3: 1.364129 sec, 5 copies (server sum 1262.353 ms)
  batch 3/3: 1.369739 sec, 5 copies (server sum 1276.532 ms)
  slope: pkg 8.195 J/exec (intercept -0.1408 J), wall 0.240919 s/exec (intercept 0.164440 s)
[37/53] queries/tpch/tpch-queries/q15/base.sql (2 warmup [warm ones = N=1 anchor] + 3 x5)
  warmup 1/2: 0.430410 sec, 1 copy (cache prime)
  warmup 2/2: 0.443782 sec, 1 copy (N=1 anchor)
  batch 1/3: 1.586836 sec, 5 copies (server sum 1482.410 ms)
  batch 2/3: 1.568445 sec, 5 copies (server sum 1469.245 ms)
  batch 3/3: 1.569739 sec, 5 copies (server sum 1475.679 ms)
  slope: pkg 8.599 J/exec (intercept 0.1219 J), wall 0.282806 s/exec (intercept 0.160976 s)
[38/53] queries/tpch/tpch-queries/q15/v1_materialized.sql (2 warmup [warm ones = N=1 anchor] + 3 x5)
  warmup 1/2: 0.444186 sec, 1 copy (cache prime)
  warmup 2/2: 0.423659 sec, 1 copy (N=1 anchor)
  batch 1/3: 1.646031 sec, 5 copies (server sum 1540.418 ms)
  batch 2/3: 1.589830 sec, 5 copies (server sum 1491.264 ms)
  batch 3/3: 1.637886 sec, 5 copies (server sum 1543.068 ms)
  slope: pkg 8.148 J/exec (intercept 0.7938 J), wall 0.300231 s/exec (intercept 0.123429 s)
[39/53] queries/tpch/tpch-queries/q16/base.sql (2 warmup [warm ones = N=1 anchor] + 3 x5)
  warmup 1/2: 0.364979 sec, 1 copy (cache prime)
  warmup 2/2: 0.347682 sec, 1 copy (N=1 anchor)
  batch 1/3: 1.281572 sec, 5 copies (server sum 1183.382 ms)
  batch 2/3: 1.192359 sec, 5 copies (server sum 1148.503 ms)
  batch 3/3: 1.251661 sec, 5 copies (server sum 1153.300 ms)
  slope: pkg 5.808 J/exec (intercept -0.004786 J), wall 0.223546 s/exec (intercept 0.124136 s)
[40/53] queries/tpch/tpch-queries/q16/v1_materialized.sql (2 warmup [warm ones = N=1 anchor] + 3 x5)
  warmup 1/2: 0.347754 sec, 1 copy (cache prime)
  warmup 2/2: 0.331801 sec, 1 copy (N=1 anchor)
  batch 1/3: 1.268030 sec, 5 copies (server sum 1166.873 ms)
  batch 2/3: 1.258954 sec, 5 copies (server sum 1157.062 ms)
  batch 3/3: 1.228904 sec, 5 copies (server sum 1184.886 ms)
  slope: pkg 5.85 J/exec (intercept 0.7949 J), wall 0.230040 s/exec (intercept 0.101761 s)
[41/53] queries/tpch/tpch-queries/q16/v2_not_exists.sql (2 warmup [warm ones = N=1 anchor] + 3 x5)
  warmup 1/2: 0.306445 sec, 1 copy (cache prime)
  warmup 2/2: 0.313481 sec, 1 copy (N=1 anchor)
  batch 1/3: 1.137792 sec, 5 copies (server sum 1080.744 ms)
  batch 2/3: 1.171758 sec, 5 copies (server sum 1073.372 ms)
  batch 3/3: 1.187288 sec, 5 copies (server sum 1085.681 ms)
  slope: pkg 5.316 J/exec (intercept 0.7785 J), wall 0.213033 s/exec (intercept 0.100448 s)
[42/53] queries/tpch/tpch-queries/q17/v2_decorrelate.sql (2 warmup [warm ones = N=1 anchor] + 3 x5)
  warmup 1/2: 5.557740 sec, 1 copy (cache prime)
  warmup 2/2: 5.534189 sec, 1 copy (N=1 anchor)
  batch 1/3: 27.034970 sec, 5 copies (server sum 26991.752 ms)
  batch 2/3: 27.097732 sec, 5 copies (server sum 27054.464 ms)
  batch 3/3: 27.020726 sec, 5 copies (server sum 26959.199 ms)
  slope: pkg 74.47 J/exec (intercept 1.352 J), wall 5.379238 s/exec (intercept 0.154951 s)
[43/53] queries/tpch/tpch-queries/q18/base.sql (2 warmup [warm ones = N=1 anchor] + 3 x5)
  warmup 1/2: 3.082349 sec, 1 copy (cache prime)
  warmup 2/2: 3.124047 sec, 1 copy (N=1 anchor)
  batch 1/3: 15.480399 sec, 5 copies (server sum 15367.776 ms)
  batch 2/3: 16.249902 sec, 5 copies (server sum 16142.442 ms)
  batch 3/3: 16.561699 sec, 5 copies (server sum 16447.764 ms)
  slope: pkg 74.09 J/exec (intercept 14 J), wall 3.243322 s/exec (intercept -0.119275 s)
[44/53] queries/tpch/tpch-queries/q18/v1_materialized.sql (2 warmup [warm ones = N=1 anchor] + 3 x5)
  warmup 1/2: 3.443990 sec, 1 copy (cache prime)
  warmup 2/2: 3.445720 sec, 1 copy (N=1 anchor)
  batch 1/3: 16.613478 sec, 5 copies (server sum 16517.155 ms)
  batch 2/3: 16.616894 sec, 5 copies (server sum 16514.061 ms)
  batch 3/3: 16.637960 sec, 5 copies (server sum 16530.886 ms)
  slope: pkg 72.19 J/exec (intercept 3.295 J), wall 3.294264 s/exec (intercept 0.151456 s)
[45/53] queries/tpch/tpch-queries/q18/v2_join.sql (2 warmup [warm ones = N=1 anchor] + 3 x5)
  warmup 1/2: 3.425994 sec, 1 copy (cache prime)
  warmup 2/2: 3.435317 sec, 1 copy (N=1 anchor)
  batch 1/3: 16.602099 sec, 5 copies (server sum 16493.252 ms)
  batch 2/3: 16.632145 sec, 5 copies (server sum 16517.758 ms)
  batch 3/3: 16.660161 sec, 5 copies (server sum 16562.430 ms)
  slope: pkg 72.31 J/exec (intercept 2.979 J), wall 3.299038 s/exec (intercept 0.136279 s)
[46/53] queries/tpch/tpch-queries/q19/base.sql (2 warmup [warm ones = N=1 anchor] + 3 x5)
  warmup 1/2: 0.564502 sec, 1 copy (cache prime)
  warmup 2/2: 0.438606 sec, 1 copy (N=1 anchor)
  batch 1/3: 2.257106 sec, 5 copies (server sum 2154.657 ms)
  batch 2/3: 2.341684 sec, 5 copies (server sum 2223.444 ms)
  batch 3/3: 2.354516 sec, 5 copies (server sum 2207.289 ms)
  slope: pkg 9.685 J/exec (intercept 3.733 J), wall 0.469791 s/exec (intercept -0.031185 s)
[47/53] queries/tpch/tpch-queries/q19/v1_materialized.sql (2 warmup [warm ones = N=1 anchor] + 3 x5)
  warmup 1/2: 0.590321 sec, 1 copy (cache prime)
  warmup 2/2: 0.573531 sec, 1 copy (N=1 anchor)
  batch 1/3: 2.289354 sec, 5 copies (server sum 2180.801 ms)
  batch 2/3: 2.327275 sec, 5 copies (server sum 2221.124 ms)
  batch 3/3: 2.351781 sec, 5 copies (server sum 2231.934 ms)
  slope: pkg 10.02 J/exec (intercept 1.616 J), wall 0.437318 s/exec (intercept 0.136213 s)
[48/53] queries/tpch/tpch-queries/q19/v2_union_all.sql (2 warmup [warm ones = N=1 anchor] + 3 x5)
  warmup 1/2: 1.389204 sec, 1 copy (cache prime)
  warmup 2/2: 1.361832 sec, 1 copy (N=1 anchor)
  batch 1/3: 6.437337 sec, 5 copies (server sum 6316.949 ms)
  batch 2/3: 6.429982 sec, 5 copies (server sum 6310.300 ms)
  batch 3/3: 6.436126 sec, 5 copies (server sum 6314.453 ms)
  slope: pkg 27.8 J/exec (intercept 2.021 J), wall 1.268162 s/exec (intercept 0.093670 s)
[49/53] queries/tpch/tpch-queries/q21/base.sql (2 warmup [warm ones = N=1 anchor] + 3 x5)
  warmup 1/2: 0.656803 sec, 1 copy (cache prime)
  warmup 2/2: 0.626338 sec, 1 copy (N=1 anchor)
  batch 1/3: 2.726861 sec, 5 copies (server sum 2617.001 ms)
  batch 2/3: 2.691184 sec, 5 copies (server sum 2633.161 ms)
  batch 3/3: 2.724353 sec, 5 copies (server sum 2619.993 ms)
  slope: pkg 11.46 J/exec (intercept 2.312 J), wall 0.521949 s/exec (intercept 0.104389 s)
[50/53] queries/tpch/tpch-queries/q21/v1_materialized.sql (2 warmup [warm ones = N=1 anchor] + 3 x5)
  warmup 1/2: 0.635104 sec, 1 copy (cache prime)
  warmup 2/2: 0.630605 sec, 1 copy (N=1 anchor)
  batch 1/3: 2.722761 sec, 5 copies (server sum 2618.615 ms)
  batch 2/3: 2.726071 sec, 5 copies (server sum 2621.532 ms)
  batch 3/3: 2.741855 sec, 5 copies (server sum 2627.836 ms)
  slope: pkg 11.52 J/exec (intercept 2.388 J), wall 0.524906 s/exec (intercept 0.105699 s)
[51/53] queries/tpch/tpch-queries/q22/base.sql (2 warmup [warm ones = N=1 anchor] + 3 x5)
  warmup 1/2: 0.169815 sec, 1 copy (cache prime)
  warmup 2/2: 0.119386 sec, 1 copy (N=1 anchor)
  batch 1/3: 0.353755 sec, 5 copies (server sum 302.407 ms)
  batch 2/3: 0.382580 sec, 5 copies (server sum 280.833 ms)
  batch 3/3: 0.402266 sec, 5 copies (server sum 300.428 ms)
  slope: pkg 1.6 J/exec (intercept 0.06675 J), wall 0.065037 s/exec (intercept 0.054349 s)
[52/53] queries/tpch/tpch-queries/q22/v1_materialized.sql (2 warmup [warm ones = N=1 anchor] + 3 x5)
  warmup 1/2: 0.094949 sec, 1 copy (cache prime)
  warmup 2/2: 0.098012 sec, 1 copy (N=1 anchor)
  batch 1/3: 0.319072 sec, 5 copies (server sum 273.964 ms)
  batch 2/3: 0.417745 sec, 5 copies (server sum 310.549 ms)
  batch 3/3: 0.409484 sec, 5 copies (server sum 305.959 ms)
  slope: pkg 1.379 J/exec (intercept 0.7117 J), wall 0.071022 s/exec (intercept 0.026990 s)
[53/53] queries/tpch/tpch-queries/q22/v2_anti_join.sql (2 warmup [warm ones = N=1 anchor] + 3 x5)
  warmup 1/2: 0.234577 sec, 1 copy (cache prime)
  warmup 2/2: 0.143532 sec, 1 copy (N=1 anchor)
  batch 1/3: 0.653017 sec, 5 copies (server sum 542.565 ms)
  batch 2/3: 0.662131 sec, 5 copies (server sum 551.983 ms)
  batch 3/3: 0.634206 sec, 5 copies (server sum 532.263 ms)
  slope: pkg 2.862 J/exec (intercept 0.9493 J), wall 0.126563 s/exec (intercept 0.016969 s)

Done. Batch rows appended to logs/hash_mem_multiplier/hmm_8/query_timing_tpch.csv
Per-copy samples appended to logs/hash_mem_multiplier/hmm_8/query_samples_tpch.csv
Relation sizes appended to logs/hash_mem_multiplier/hmm_8/query_catalog_tpch.csv
Per-query slope/intercept appended to logs/hash_mem_multiplier/hmm_8/query_slope_tpch.csv
make: Leaving directory '/home/user01/GreenSQL'
