make: Entering directory '/home/user01/GreenSQL'
query_runner configuration:
  QUERY_DIR      = queries/tpch/tpch-queries
  LOG_FILE       = logs/hash_mem_multiplier/hmm_8/query_timing_tpch_idx.csv
  SAMPLE_FILE    = logs/hash_mem_multiplier/hmm_8/query_samples_tpch_idx.csv
  CATALOG_FILE   = logs/hash_mem_multiplier/hmm_8/query_catalog_tpch_idx.csv
  SLOPE_FILE     = logs/hash_mem_multiplier/hmm_8/query_slope_tpch_idx.csv
  DB_NAME        = tpch_idx
  DB_USER        = postgres
  PGPORT         = 5434
  PG_VERSION     = 18.4  (as reported by the server on that port)
  BATCHNUM       = 5 (slope sizes: 1 copy and 5 copies)
  RUNS           = 3 (measured batches per size)
  WARMUP         = 2 (single-copy; #1 primes cache, warm ones = N=1 anchor)
  WORKERS        = (planner default)
  STATEMENT_TIMEOUT = 900
  SIGLESS_ADDR   = (disabled)
Found 53 queries under queries/tpch/tpch-queries

Catalog snapshot: 37 relations -> logs/hash_mem_multiplier/hmm_8/query_catalog_tpch_idx.csv
[1/53] queries/tpch/tpch-queries/q01/base.sql (2 warmup [warm ones = N=1 anchor] + 3 x5)
  warmup 1/2: 1.595407 sec, 1 copy (cache prime)
  warmup 2/2: 1.755921 sec, 1 copy (N=1 anchor)
  batch 1/3: 8.646513 sec, 5 copies (server sum 8525.603 ms)
  batch 2/3: 8.599878 sec, 5 copies (server sum 8487.096 ms)
  batch 3/3: 8.528136 sec, 5 copies (server sum 8475.657 ms)
  slope: pkg 37.42 J/exec (intercept 1.041 J), wall 1.708897 s/exec (intercept 0.047024 s)
[2/53] queries/tpch/tpch-queries/q01/v1_materialized.sql (2 warmup [warm ones = N=1 anchor] + 3 x5)
  warmup 1/2: 1.802395 sec, 1 copy (cache prime)
  warmup 2/2: 1.816132 sec, 1 copy (N=1 anchor)
  batch 1/3: 8.608356 sec, 5 copies (server sum 8501.771 ms)
  batch 2/3: 8.645172 sec, 5 copies (server sum 8512.422 ms)
  batch 3/3: 8.631077 sec, 5 copies (server sum 8510.893 ms)
  slope: pkg 37.37 J/exec (intercept 2.43 J), wall 1.703017 s/exec (intercept 0.113114 s)
[3/53] queries/tpch/tpch-queries/q02/base.sql (2 warmup [warm ones = N=1 anchor] + 3 x5)
  warmup 1/2: 0.342972 sec, 1 copy (cache prime)
  warmup 2/2: 0.285302 sec, 1 copy (N=1 anchor)
  batch 1/3: 0.930929 sec, 5 copies (server sum 823.562 ms)
  batch 2/3: 0.929819 sec, 5 copies (server sum 823.378 ms)
  batch 3/3: 0.915743 sec, 5 copies (server sum 817.253 ms)
  slope: pkg 1.513 J/exec (intercept 1.095 J), wall 0.160049 s/exec (intercept 0.125253 s)
[4/53] queries/tpch/tpch-queries/q02/v1_materialized.sql (2 warmup [warm ones = N=1 anchor] + 3 x5)
  warmup 1/2: 0.258052 sec, 1 copy (cache prime)
  warmup 2/2: 0.309408 sec, 1 copy (N=1 anchor)
  batch 1/3: 1.055642 sec, 5 copies (server sum 955.826 ms)
  batch 2/3: 1.058936 sec, 5 copies (server sum 959.174 ms)
  batch 3/3: 1.053796 sec, 5 copies (server sum 954.380 ms)
  slope: pkg 1.381 J/exec (intercept 1.079 J), wall 0.186679 s/exec (intercept 0.122729 s)
[5/53] queries/tpch/tpch-queries/q02/v2_decorrelate.sql (2 warmup [warm ones = N=1 anchor] + 3 x5)
  warmup 1/2: 0.306969 sec, 1 copy (cache prime)
  warmup 2/2: 0.320223 sec, 1 copy (N=1 anchor)
  batch 1/3: 1.179279 sec, 5 copies (server sum 1064.309 ms)
  batch 2/3: 1.144637 sec, 5 copies (server sum 1028.764 ms)
  batch 3/3: 1.147989 sec, 5 copies (server sum 1039.021 ms)
  slope: pkg 1.24 J/exec (intercept 0.7361 J), wall 0.209270 s/exec (intercept 0.110954 s)
[6/53] queries/tpch/tpch-queries/q03/base.sql (2 warmup [warm ones = N=1 anchor] + 3 x5)
  warmup 1/2: 0.340893 sec, 1 copy (cache prime)
  warmup 2/2: 0.292521 sec, 1 copy (N=1 anchor)
  batch 1/3: 1.196183 sec, 5 copies (server sum 1150.369 ms)
  batch 2/3: 1.187589 sec, 5 copies (server sum 1142.073 ms)
  batch 3/3: 1.275092 sec, 5 copies (server sum 1178.696 ms)
  slope: pkg 7.795 J/exec (intercept 1.141 J), wall 0.231775 s/exec (intercept 0.060746 s)
[7/53] queries/tpch/tpch-queries/q03/v1_materialized.sql (2 warmup [warm ones = N=1 anchor] + 3 x5)
  warmup 1/2: 0.367826 sec, 1 copy (cache prime)
  warmup 2/2: 0.383953 sec, 1 copy (N=1 anchor)
  batch 1/3: 1.287609 sec, 5 copies (server sum 1191.002 ms)
  batch 2/3: 1.282518 sec, 5 copies (server sum 1188.388 ms)
  batch 3/3: 1.326873 sec, 5 copies (server sum 1231.178 ms)
  slope: pkg 7.6 J/exec (intercept 0.6867 J), wall 0.228762 s/exec (intercept 0.155191 s)
[8/53] queries/tpch/tpch-queries/q04/base.sql (2 warmup [warm ones = N=1 anchor] + 3 x5)
  warmup 1/2: 0.196601 sec, 1 copy (cache prime)
  warmup 2/2: 0.138797 sec, 1 copy (N=1 anchor)
  batch 1/3: 0.586944 sec, 5 copies (server sum 479.429 ms)
  batch 2/3: 0.560096 sec, 5 copies (server sum 461.015 ms)
  batch 3/3: 0.568271 sec, 5 copies (server sum 469.541 ms)
  slope: pkg 2.664 J/exec (intercept 1.212 J), wall 0.108243 s/exec (intercept 0.030554 s)
[9/53] queries/tpch/tpch-queries/q04/v1_materialized.sql (2 warmup [warm ones = N=1 anchor] + 3 x5)
  warmup 1/2: 0.240814 sec, 1 copy (cache prime)
  warmup 2/2: 0.252128 sec, 1 copy (N=1 anchor)
  batch 1/3: 0.494433 sec, 5 copies (server sum 445.603 ms)
  batch 2/3: 0.560663 sec, 5 copies (server sum 462.103 ms)
  batch 3/3: 0.553256 sec, 5 copies (server sum 457.915 ms)
  slope: pkg 3.054 J/exec (intercept -0.3551 J), wall 0.070997 s/exec (intercept 0.181130 s)
[10/53] queries/tpch/tpch-queries/q04/v2_in.sql (2 warmup [warm ones = N=1 anchor] + 3 x5)
  warmup 1/2: 0.139937 sec, 1 copy (cache prime)
  warmup 2/2: 0.139807 sec, 1 copy (N=1 anchor)
  batch 1/3: 0.585999 sec, 5 copies (server sum 479.335 ms)
  batch 2/3: 0.570400 sec, 5 copies (server sum 471.216 ms)
  batch 3/3: 0.563207 sec, 5 copies (server sum 464.720 ms)
  slope: pkg 2.647 J/exec (intercept 1.19 J), wall 0.108349 s/exec (intercept 0.031458 s)
[11/53] queries/tpch/tpch-queries/q05/base.sql (2 warmup [warm ones = N=1 anchor] + 3 x5)
  warmup 1/2: 0.376748 sec, 1 copy (cache prime)
  warmup 2/2: 0.392687 sec, 1 copy (N=1 anchor)
  batch 1/3: 1.398679 sec, 5 copies (server sum 1291.389 ms)
  batch 2/3: 1.300341 sec, 5 copies (server sum 1246.151 ms)
  batch 3/3: 1.358895 sec, 5 copies (server sum 1250.405 ms)
  slope: pkg 3.733 J/exec (intercept 0.6103 J), wall 0.239988 s/exec (intercept 0.152699 s)
[12/53] queries/tpch/tpch-queries/q05/v1_materialized.sql (2 warmup [warm ones = N=1 anchor] + 3 x5)
  warmup 1/2: 0.359846 sec, 1 copy (cache prime)
  warmup 2/2: 0.363372 sec, 1 copy (N=1 anchor)
  batch 1/3: 1.382135 sec, 5 copies (server sum 1271.885 ms)
  batch 2/3: 1.367758 sec, 5 copies (server sum 1263.288 ms)
  batch 3/3: 1.356989 sec, 5 copies (server sum 1251.102 ms)
  slope: pkg 3.628 J/exec (intercept 1.27 J), wall 0.251397 s/exec (intercept 0.111975 s)
[13/53] queries/tpch/tpch-queries/q06/base.sql (2 warmup [warm ones = N=1 anchor] + 3 x5)
  warmup 1/2: 0.155259 sec, 1 copy (cache prime)
  warmup 2/2: 0.103841 sec, 1 copy (N=1 anchor)
  batch 1/3: 0.328518 sec, 5 copies (server sum 286.547 ms)
  batch 2/3: 0.346395 sec, 5 copies (server sum 303.721 ms)
  batch 3/3: 0.452269 sec, 5 copies (server sum 346.039 ms)
  slope: pkg 1.971 J/exec (intercept 0.3777 J), wall 0.067972 s/exec (intercept 0.035870 s)
[14/53] queries/tpch/tpch-queries/q06/v1_materialized.sql (2 warmup [warm ones = N=1 anchor] + 3 x5)
  warmup 1/2: 0.204299 sec, 1 copy (cache prime)
  warmup 2/2: 0.117406 sec, 1 copy (N=1 anchor)
  batch 1/3: 0.328879 sec, 5 copies (server sum 285.959 ms)
  batch 2/3: 0.442069 sec, 5 copies (server sum 336.376 ms)
  batch 3/3: 0.428104 sec, 5 copies (server sum 321.462 ms)
  slope: pkg 1.997 J/exec (intercept -0.03739 J), wall 0.070570 s/exec (intercept 0.046836 s)
[15/53] queries/tpch/tpch-queries/q07/base.sql (2 warmup [warm ones = N=1 anchor] + 3 x5)
  warmup 1/2: 0.790636 sec, 1 copy (cache prime)
  warmup 2/2: 0.690481 sec, 1 copy (N=1 anchor)
  batch 1/3: 3.222639 sec, 5 copies (server sum 3108.568 ms)
  batch 2/3: 3.160556 sec, 5 copies (server sum 3050.242 ms)
  batch 3/3: 3.171546 sec, 5 copies (server sum 3063.924 ms)
  slope: pkg 9.329 J/exec (intercept 1.176 J), wall 0.623608 s/exec (intercept 0.066873 s)
[16/53] queries/tpch/tpch-queries/q07/v1_materialized.sql (2 warmup [warm ones = N=1 anchor] + 3 x5)
  warmup 1/2: 0.731130 sec, 1 copy (cache prime)
  warmup 2/2: 0.744009 sec, 1 copy (N=1 anchor)
  batch 1/3: 3.169520 sec, 5 copies (server sum 3059.731 ms)
  batch 2/3: 3.158752 sec, 5 copies (server sum 3052.348 ms)
  batch 3/3: 3.167535 sec, 5 copies (server sum 3051.707 ms)
  slope: pkg 9.339 J/exec (intercept 0.8553 J), wall 0.605315 s/exec (intercept 0.138694 s)
[17/53] queries/tpch/tpch-queries/q07/v2_union_all.sql (2 warmup [warm ones = N=1 anchor] + 3 x5)
  warmup 1/2: 0.719137 sec, 1 copy (cache prime)
  warmup 2/2: 0.713989 sec, 1 copy (N=1 anchor)
  batch 1/3: 3.078254 sec, 5 copies (server sum 2973.708 ms)
  batch 2/3: 3.050611 sec, 5 copies (server sum 2946.598 ms)
  batch 3/3: 3.076573 sec, 5 copies (server sum 2971.374 ms)
  slope: pkg 7.449 J/exec (intercept 1.977 J), wall 0.588623 s/exec (intercept 0.125366 s)
[18/53] queries/tpch/tpch-queries/q08/base.sql (2 warmup [warm ones = N=1 anchor] + 3 x5)
  warmup 1/2: 0.242253 sec, 1 copy (cache prime)
  warmup 2/2: 0.245041 sec, 1 copy (N=1 anchor)
  batch 1/3: 0.804188 sec, 5 copies (server sum 699.376 ms)
  batch 2/3: 0.794761 sec, 5 copies (server sum 691.349 ms)
  batch 3/3: 0.792516 sec, 5 copies (server sum 688.631 ms)
  slope: pkg 2.375 J/exec (intercept 1.557 J), wall 0.138029 s/exec (intercept 0.107012 s)
[19/53] queries/tpch/tpch-queries/q08/v1_materialized.sql (2 warmup [warm ones = N=1 anchor] + 3 x5)
  warmup 1/2: 0.247208 sec, 1 copy (cache prime)
  warmup 2/2: 0.245268 sec, 1 copy (N=1 anchor)
  batch 1/3: 0.751821 sec, 5 copies (server sum 695.650 ms)
  batch 2/3: 0.804341 sec, 5 copies (server sum 694.238 ms)
  batch 3/3: 0.799399 sec, 5 copies (server sum 696.239 ms)
  slope: pkg 2.356 J/exec (intercept 1.52 J), wall 0.134980 s/exec (intercept 0.110288 s)
[20/53] queries/tpch/tpch-queries/q08/v2_filter.sql (2 warmup [warm ones = N=1 anchor] + 3 x5)
  warmup 1/2: 0.244834 sec, 1 copy (cache prime)
  warmup 2/2: 0.197592 sec, 1 copy (N=1 anchor)
  batch 1/3: 0.747357 sec, 5 copies (server sum 692.831 ms)
  batch 2/3: 0.793179 sec, 5 copies (server sum 689.795 ms)
  batch 3/3: 0.793375 sec, 5 copies (server sum 690.029 ms)
  slope: pkg 2.447 J/exec (intercept 1.237 J), wall 0.145095 s/exec (intercept 0.052497 s)
[21/53] queries/tpch/tpch-queries/q09/base.sql (2 warmup [warm ones = N=1 anchor] + 3 x5)
  warmup 1/2: 1.136969 sec, 1 copy (cache prime)
  warmup 2/2: 1.137510 sec, 1 copy (N=1 anchor)
  batch 1/3: 5.197757 sec, 5 copies (server sum 5089.159 ms)
  batch 2/3: 5.144242 sec, 5 copies (server sum 5047.884 ms)
  batch 3/3: 5.120186 sec, 5 copies (server sum 5058.360 ms)
  slope: pkg 22.03 J/exec (intercept 0.6756 J), wall 1.004138 s/exec (intercept 0.133372 s)
[22/53] queries/tpch/tpch-queries/q09/v1_materialized.sql (2 warmup [warm ones = N=1 anchor] + 3 x5)
  warmup 1/2: 1.079129 sec, 1 copy (cache prime)
  warmup 2/2: 1.118237 sec, 1 copy (N=1 anchor)
  batch 1/3: 5.186481 sec, 5 copies (server sum 5080.150 ms)
  batch 2/3: 5.146179 sec, 5 copies (server sum 5088.151 ms)
  batch 3/3: 5.163562 sec, 5 copies (server sum 5106.026 ms)
  slope: pkg 22.13 J/exec (intercept 1.806 J), wall 1.011792 s/exec (intercept 0.106445 s)
[23/53] queries/tpch/tpch-queries/q10/base.sql (2 warmup [warm ones = N=1 anchor] + 3 x5)
  warmup 1/2: 0.349712 sec, 1 copy (cache prime)
  warmup 2/2: 0.398335 sec, 1 copy (N=1 anchor)
  batch 1/3: 1.494933 sec, 5 copies (server sum 1396.550 ms)
  batch 2/3: 1.491100 sec, 5 copies (server sum 1394.302 ms)
  batch 3/3: 1.488399 sec, 5 copies (server sum 1390.739 ms)
  slope: pkg 6.409 J/exec (intercept 1.638 J), wall 0.273286 s/exec (intercept 0.125049 s)
[24/53] queries/tpch/tpch-queries/q10/v1_materialized.sql (2 warmup [warm ones = N=1 anchor] + 3 x5)
  warmup 1/2: 0.409951 sec, 1 copy (cache prime)
  warmup 2/2: 0.408714 sec, 1 copy (N=1 anchor)
  batch 1/3: 1.554383 sec, 5 copies (server sum 1458.477 ms)
  batch 2/3: 1.497756 sec, 5 copies (server sum 1450.266 ms)
  batch 3/3: 1.566201 sec, 5 copies (server sum 1470.595 ms)
  slope: pkg 6.297 J/exec (intercept 1.423 J), wall 0.282683 s/exec (intercept 0.126030 s)
[25/53] queries/tpch/tpch-queries/q11/base.sql (2 warmup [warm ones = N=1 anchor] + 3 x5)
  warmup 1/2: 0.152128 sec, 1 copy (cache prime)
  warmup 2/2: 0.127064 sec, 1 copy (N=1 anchor)
  batch 1/3: 0.447833 sec, 5 copies (server sum 395.983 ms)
  batch 2/3: 0.511534 sec, 5 copies (server sum 412.802 ms)
  batch 3/3: 0.516162 sec, 5 copies (server sum 414.735 ms)
  slope: pkg 0.6397 J/exec (intercept 0.7076 J), wall 0.091195 s/exec (intercept 0.035869 s)
[26/53] queries/tpch/tpch-queries/q11/v1_materialized.sql (2 warmup [warm ones = N=1 anchor] + 3 x5)
  warmup 1/2: 0.179722 sec, 1 copy (cache prime)
  warmup 2/2: 0.130338 sec, 1 copy (N=1 anchor)
  batch 1/3: 0.535933 sec, 5 copies (server sum 418.794 ms)
  batch 2/3: 0.521863 sec, 5 copies (server sum 420.983 ms)
  batch 3/3: 0.543133 sec, 5 copies (server sum 430.537 ms)
  slope: pkg 0.6142 J/exec (intercept 0.6782 J), wall 0.100826 s/exec (intercept 0.029512 s)
[27/53] queries/tpch/tpch-queries/q11/v2_cte_threshold.sql (2 warmup [warm ones = N=1 anchor] + 3 x5)
  warmup 1/2: 0.132860 sec, 1 copy (cache prime)
  warmup 2/2: 0.196629 sec, 1 copy (N=1 anchor)
  batch 1/3: 0.534333 sec, 5 copies (server sum 423.825 ms)
  batch 2/3: 0.535994 sec, 5 copies (server sum 435.642 ms)
  batch 3/3: 0.518124 sec, 5 copies (server sum 416.759 ms)
  slope: pkg 0.5872 J/exec (intercept 0.7513 J), wall 0.083214 s/exec (intercept 0.113415 s)
[28/53] queries/tpch/tpch-queries/q12/base.sql (2 warmup [warm ones = N=1 anchor] + 3 x5)
  warmup 1/2: 0.391751 sec, 1 copy (cache prime)
  warmup 2/2: 0.392164 sec, 1 copy (N=1 anchor)
  batch 1/3: 1.454673 sec, 5 copies (server sum 1356.895 ms)
  batch 2/3: 1.455849 sec, 5 copies (server sum 1362.820 ms)
  batch 3/3: 1.412915 sec, 5 copies (server sum 1368.646 ms)
  slope: pkg 7.786 J/exec (intercept 1.365 J), wall 0.262245 s/exec (intercept 0.129919 s)
[29/53] queries/tpch/tpch-queries/q12/v1_materialized.sql (2 warmup [warm ones = N=1 anchor] + 3 x5)
  warmup 1/2: 0.415209 sec, 1 copy (cache prime)
  warmup 2/2: 0.404446 sec, 1 copy (N=1 anchor)
  batch 1/3: 1.479648 sec, 5 copies (server sum 1383.292 ms)
  batch 2/3: 1.464895 sec, 5 copies (server sum 1371.305 ms)
  batch 3/3: 1.483448 sec, 5 copies (server sum 1372.657 ms)
  slope: pkg 7.572 J/exec (intercept 1.482 J), wall 0.267888 s/exec (intercept 0.136558 s)
[30/53] queries/tpch/tpch-queries/q12/v2_filter.sql (2 warmup [warm ones = N=1 anchor] + 3 x5)
  warmup 1/2: 0.336387 sec, 1 copy (cache prime)
  warmup 2/2: 0.421969 sec, 1 copy (N=1 anchor)
  batch 1/3: 1.488503 sec, 5 copies (server sum 1389.818 ms)
  batch 2/3: 1.483907 sec, 5 copies (server sum 1390.146 ms)
  batch 3/3: 1.488656 sec, 5 copies (server sum 1393.482 ms)
  slope: pkg 7.553 J/exec (intercept 0.9772 J), wall 0.266263 s/exec (intercept 0.155706 s)
[31/53] queries/tpch/tpch-queries/q13/base.sql (2 warmup [warm ones = N=1 anchor] + 3 x5)
  warmup 1/2: 1.632502 sec, 1 copy (cache prime)
  warmup 2/2: 1.604983 sec, 1 copy (N=1 anchor)
  batch 1/3: 7.459093 sec, 5 copies (server sum 7361.993 ms)
  batch 2/3: 7.354326 sec, 5 copies (server sum 7254.360 ms)
  batch 3/3: 7.220749 sec, 5 copies (server sum 7173.914 ms)
  slope: pkg 9.54 J/exec (intercept 0.3877 J), wall 1.434935 s/exec (intercept 0.170048 s)
[32/53] queries/tpch/tpch-queries/q13/v1_materialized.sql (2 warmup [warm ones = N=1 anchor] + 3 x5)
  warmup 1/2: 1.576823 sec, 1 copy (cache prime)
  warmup 2/2: 1.583459 sec, 1 copy (N=1 anchor)
  batch 1/3: 7.387493 sec, 5 copies (server sum 7289.302 ms)
  batch 2/3: 7.286503 sec, 5 copies (server sum 7239.350 ms)
  batch 3/3: 7.258766 sec, 5 copies (server sum 7211.361 ms)
  slope: pkg 9.275 J/exec (intercept 0.8509 J), wall 1.431865 s/exec (intercept 0.151594 s)
[33/53] queries/tpch/tpch-queries/q13/v2_correlated.sql (2 warmup [warm ones = N=1 anchor] + 3 x5)
  warmup 1/2: 2.201407 sec, 1 copy (cache prime)
  warmup 2/2: 2.120275 sec, 1 copy (N=1 anchor)
  batch 1/3: 10.113929 sec, 5 copies (server sum 10020.305 ms)
  batch 2/3: 10.020314 sec, 5 copies (server sum 9976.638 ms)
  batch 3/3: 10.149693 sec, 5 copies (server sum 10052.914 ms)
  slope: pkg 19.89 J/exec (intercept 2.207 J), wall 1.993593 s/exec (intercept 0.126683 s)
[34/53] queries/tpch/tpch-queries/q14/base.sql (2 warmup [warm ones = N=1 anchor] + 3 x5)
  warmup 1/2: 0.240300 sec, 1 copy (cache prime)
  warmup 2/2: 0.243005 sec, 1 copy (N=1 anchor)
  batch 1/3: 0.669481 sec, 5 copies (server sum 625.214 ms)
  batch 2/3: 0.764558 sec, 5 copies (server sum 662.449 ms)
  batch 3/3: 0.757288 sec, 5 copies (server sum 654.923 ms)
  slope: pkg 3.37 J/exec (intercept 1.324 J), wall 0.121859 s/exec (intercept 0.121146 s)
[35/53] queries/tpch/tpch-queries/q14/v1_materialized.sql (2 warmup [warm ones = N=1 anchor] + 3 x5)
  warmup 1/2: 0.290982 sec, 1 copy (cache prime)
  warmup 2/2: 0.287498 sec, 1 copy (N=1 anchor)
  batch 1/3: 0.743838 sec, 5 copies (server sum 635.995 ms)
  batch 2/3: 0.654151 sec, 5 copies (server sum 609.596 ms)
  batch 3/3: 0.789343 sec, 5 copies (server sum 680.766 ms)
  slope: pkg 3.703 J/exec (intercept -0.1038 J), wall 0.110403 s/exec (intercept 0.177095 s)
[36/53] queries/tpch/tpch-queries/q14/v2_filter.sql (2 warmup [warm ones = N=1 anchor] + 3 x5)
  warmup 1/2: 0.320282 sec, 1 copy (cache prime)
  warmup 2/2: 0.250107 sec, 1 copy (N=1 anchor)
  batch 1/3: 0.663103 sec, 5 copies (server sum 618.455 ms)
  batch 2/3: 0.770487 sec, 5 copies (server sum 664.658 ms)
  batch 3/3: 0.777094 sec, 5 copies (server sum 671.733 ms)
  slope: pkg 3.432 J/exec (intercept 1.192 J), wall 0.121697 s/exec (intercept 0.128411 s)
[37/53] queries/tpch/tpch-queries/q15/base.sql (2 warmup [warm ones = N=1 anchor] + 3 x5)
  warmup 1/2: 0.401025 sec, 1 copy (cache prime)
  warmup 2/2: 0.362602 sec, 1 copy (N=1 anchor)
  batch 1/3: 1.238561 sec, 5 copies (server sum 1140.184 ms)
  batch 2/3: 1.219431 sec, 5 copies (server sum 1125.984 ms)
  batch 3/3: 1.204199 sec, 5 copies (server sum 1111.417 ms)
  slope: pkg 1.994 J/exec (intercept 1.641 J), wall 0.214532 s/exec (intercept 0.148069 s)
[38/53] queries/tpch/tpch-queries/q15/v1_materialized.sql (2 warmup [warm ones = N=1 anchor] + 3 x5)
  warmup 1/2: 0.358114 sec, 1 copy (cache prime)
  warmup 2/2: 0.362506 sec, 1 copy (N=1 anchor)
  batch 1/3: 1.223947 sec, 5 copies (server sum 1130.934 ms)
  batch 2/3: 1.223269 sec, 5 copies (server sum 1122.540 ms)
  batch 3/3: 1.211436 sec, 5 copies (server sum 1116.475 ms)
  slope: pkg 2.006 J/exec (intercept 1.68 J), wall 0.214261 s/exec (intercept 0.148244 s)
[39/53] queries/tpch/tpch-queries/q16/base.sql (2 warmup [warm ones = N=1 anchor] + 3 x5)
  warmup 1/2: 0.315054 sec, 1 copy (cache prime)
  warmup 2/2: 0.332477 sec, 1 copy (N=1 anchor)
  batch 1/3: 1.246345 sec, 5 copies (server sum 1139.882 ms)
  batch 2/3: 1.229306 sec, 5 copies (server sum 1124.737 ms)
  batch 3/3: 1.223132 sec, 5 copies (server sum 1123.760 ms)
  slope: pkg 6.171 J/exec (intercept 0.6619 J), wall 0.225113 s/exec (intercept 0.107365 s)
[40/53] queries/tpch/tpch-queries/q16/v1_materialized.sql (2 warmup [warm ones = N=1 anchor] + 3 x5)
  warmup 1/2: 0.337968 sec, 1 copy (cache prime)
  warmup 2/2: 0.338753 sec, 1 copy (N=1 anchor)
  batch 1/3: 1.266234 sec, 5 copies (server sum 1163.094 ms)
  batch 2/3: 1.266878 sec, 5 copies (server sum 1163.837 ms)
  batch 3/3: 1.266795 sec, 5 copies (server sum 1183.185 ms)
  slope: pkg 6.359 J/exec (intercept 0.5595 J), wall 0.231971 s/exec (intercept 0.106783 s)
[41/53] queries/tpch/tpch-queries/q16/v2_not_exists.sql (2 warmup [warm ones = N=1 anchor] + 3 x5)
  warmup 1/2: 0.314052 sec, 1 copy (cache prime)
  warmup 2/2: 0.306104 sec, 1 copy (N=1 anchor)
  batch 1/3: 1.187469 sec, 5 copies (server sum 1075.911 ms)
  batch 2/3: 1.186498 sec, 5 copies (server sum 1078.963 ms)
  batch 3/3: 1.216343 sec, 5 copies (server sum 1079.386 ms)
  slope: pkg 4.898 J/exec (intercept 0.6781 J), wall 0.222667 s/exec (intercept 0.083437 s)
[42/53] queries/tpch/tpch-queries/q17/v2_decorrelate.sql (2 warmup [warm ones = N=1 anchor] + 3 x5)
  warmup 1/2: 4.130258 sec, 1 copy (cache prime)
  warmup 2/2: 4.117920 sec, 1 copy (N=1 anchor)
  batch 1/3: 20.029908 sec, 5 copies (server sum 19935.676 ms)
  batch 2/3: 19.929585 sec, 5 copies (server sum 19883.329 ms)
  batch 3/3: 20.041762 sec, 5 copies (server sum 19944.739 ms)
  slope: pkg 18.4 J/exec (intercept 1.447 J), wall 3.970625 s/exec (intercept 0.147295 s)
[43/53] queries/tpch/tpch-queries/q18/base.sql (2 warmup [warm ones = N=1 anchor] + 3 x5)
  warmup 1/2: 3.051225 sec, 1 copy (cache prime)
  warmup 2/2: 3.115033 sec, 1 copy (N=1 anchor)
  batch 1/3: 15.139174 sec, 5 copies (server sum 15020.263 ms)
  batch 2/3: 15.793483 sec, 5 copies (server sum 15678.680 ms)
  batch 3/3: 16.176329 sec, 5 copies (server sum 16059.370 ms)
  slope: pkg 78.69 J/exec (intercept 6.57 J), wall 3.146991 s/exec (intercept -0.031958 s)
[44/53] queries/tpch/tpch-queries/q18/v1_materialized.sql (2 warmup [warm ones = N=1 anchor] + 3 x5)
  warmup 1/2: 3.413335 sec, 1 copy (cache prime)
  warmup 2/2: 3.427065 sec, 1 copy (N=1 anchor)
  batch 1/3: 16.583535 sec, 5 copies (server sum 16483.559 ms)
  batch 2/3: 16.567416 sec, 5 copies (server sum 16469.434 ms)
  batch 3/3: 16.585316 sec, 5 copies (server sum 16475.021 ms)
  slope: pkg 72.07 J/exec (intercept 2.881 J), wall 3.287923 s/exec (intercept 0.139142 s)
[45/53] queries/tpch/tpch-queries/q18/v2_join.sql (2 warmup [warm ones = N=1 anchor] + 3 x5)
  warmup 1/2: 3.402696 sec, 1 copy (cache prime)
  warmup 2/2: 3.420945 sec, 1 copy (N=1 anchor)
  batch 1/3: 16.562928 sec, 5 copies (server sum 16447.692 ms)
  batch 2/3: 16.575688 sec, 5 copies (server sum 16457.323 ms)
  batch 3/3: 16.559890 sec, 5 copies (server sum 16450.869 ms)
  slope: pkg 72.07 J/exec (intercept 2.738 J), wall 3.286306 s/exec (intercept 0.134639 s)
[46/53] queries/tpch/tpch-queries/q19/base.sql (2 warmup [warm ones = N=1 anchor] + 3 x5)
  warmup 1/2: 0.176546 sec, 1 copy (cache prime)
  warmup 2/2: 0.101428 sec, 1 copy (N=1 anchor)
  batch 1/3: 0.223030 sec, 5 copies (server sum 177.698 ms)
  batch 2/3: 0.272008 sec, 5 copies (server sum 175.575 ms)
  batch 3/3: 0.273680 sec, 5 copies (server sum 177.375 ms)
  slope: pkg 0.9698 J/exec (intercept 0.4477 J), wall 0.038703 s/exec (intercept 0.062725 s)
[47/53] queries/tpch/tpch-queries/q19/v1_materialized.sql (2 warmup [warm ones = N=1 anchor] + 3 x5)
  warmup 1/2: 0.136164 sec, 1 copy (cache prime)
  warmup 2/2: 0.082780 sec, 1 copy (N=1 anchor)
  batch 1/3: 0.224532 sec, 5 copies (server sum 178.950 ms)
  batch 2/3: 0.272249 sec, 5 copies (server sum 176.040 ms)
  batch 3/3: 0.285594 sec, 5 copies (server sum 178.398 ms)
  slope: pkg 0.9056 J/exec (intercept 0.7634 J), wall 0.044503 s/exec (intercept 0.038277 s)
[48/53] queries/tpch/tpch-queries/q19/v2_union_all.sql (2 warmup [warm ones = N=1 anchor] + 3 x5)
  warmup 1/2: 0.147562 sec, 1 copy (cache prime)
  warmup 2/2: 0.093014 sec, 1 copy (N=1 anchor)
  batch 1/3: 0.272857 sec, 5 copies (server sum 225.621 ms)
  batch 2/3: 0.340867 sec, 5 copies (server sum 230.166 ms)
  batch 3/3: 0.359729 sec, 5 copies (server sum 242.708 ms)
  slope: pkg 1.139 J/exec (intercept 0.7982 J), wall 0.057867 s/exec (intercept 0.035147 s)
[49/53] queries/tpch/tpch-queries/q21/base.sql (2 warmup [warm ones = N=1 anchor] + 3 x5)
  warmup 1/2: 0.568676 sec, 1 copy (cache prime)
  warmup 2/2: 0.571806 sec, 1 copy (N=1 anchor)
  batch 1/3: 2.412145 sec, 5 copies (server sum 2307.003 ms)
  batch 2/3: 2.416691 sec, 5 copies (server sum 2314.213 ms)
  batch 3/3: 2.425479 sec, 5 copies (server sum 2321.504 ms)
  slope: pkg 10.8 J/exec (intercept 1.18 J), wall 0.461575 s/exec (intercept 0.110232 s)
[50/53] queries/tpch/tpch-queries/q21/v1_materialized.sql (2 warmup [warm ones = N=1 anchor] + 3 x5)
  warmup 1/2: 0.564642 sec, 1 copy (cache prime)
  warmup 2/2: 0.532553 sec, 1 copy (N=1 anchor)
  batch 1/3: 2.316442 sec, 5 copies (server sum 2266.546 ms)
  batch 2/3: 2.430762 sec, 5 copies (server sum 2330.526 ms)
  batch 3/3: 2.401995 sec, 5 copies (server sum 2300.970 ms)
  slope: pkg 11.07 J/exec (intercept -0.5631 J), wall 0.462628 s/exec (intercept 0.069924 s)
[51/53] queries/tpch/tpch-queries/q22/base.sql (2 warmup [warm ones = N=1 anchor] + 3 x5)
  warmup 1/2: 0.165495 sec, 1 copy (cache prime)
  warmup 2/2: 0.122666 sec, 1 copy (N=1 anchor)
  batch 1/3: 0.341598 sec, 5 copies (server sum 285.324 ms)
  batch 2/3: 0.467491 sec, 5 copies (server sum 356.046 ms)
  batch 3/3: 0.380662 sec, 5 copies (server sum 282.491 ms)
  slope: pkg 1.638 J/exec (intercept 0.008748 J), wall 0.068479 s/exec (intercept 0.054187 s)
[52/53] queries/tpch/tpch-queries/q22/v1_materialized.sql (2 warmup [warm ones = N=1 anchor] + 3 x5)
  warmup 1/2: 0.192878 sec, 1 copy (cache prime)
  warmup 2/2: 0.103565 sec, 1 copy (N=1 anchor)
  batch 1/3: 0.316032 sec, 5 copies (server sum 270.844 ms)
  batch 2/3: 0.413775 sec, 5 copies (server sum 301.788 ms)
  batch 3/3: 0.420306 sec, 5 copies (server sum 305.762 ms)
  slope: pkg 1.459 J/exec (intercept 0.7462 J), wall 0.069951 s/exec (intercept 0.033614 s)
[53/53] queries/tpch/tpch-queries/q22/v2_anti_join.sql (2 warmup [warm ones = N=1 anchor] + 3 x5)
  warmup 1/2: 0.250943 sec, 1 copy (cache prime)
  warmup 2/2: 0.147183 sec, 1 copy (N=1 anchor)
  batch 1/3: 0.640643 sec, 5 copies (server sum 541.531 ms)
  batch 2/3: 0.642205 sec, 5 copies (server sum 537.024 ms)
  batch 3/3: 0.567954 sec, 5 copies (server sum 523.805 ms)
  slope: pkg 2.952 J/exec (intercept 0.91 J), wall 0.117438 s/exec (intercept 0.029746 s)

Done. Batch rows appended to logs/hash_mem_multiplier/hmm_8/query_timing_tpch_idx.csv
Per-copy samples appended to logs/hash_mem_multiplier/hmm_8/query_samples_tpch_idx.csv
Relation sizes appended to logs/hash_mem_multiplier/hmm_8/query_catalog_tpch_idx.csv
Per-query slope/intercept appended to logs/hash_mem_multiplier/hmm_8/query_slope_tpch_idx.csv
make: Leaving directory '/home/user01/GreenSQL'
