make: Entering directory '/home/user01/GreenSQL'
query_runner configuration:
  QUERY_DIR      = queries/tpch/tpch-queries
  LOG_FILE       = logs/parallel_leader_participation/plp_on/query_timing_tpch.csv
  SAMPLE_FILE    = logs/parallel_leader_participation/plp_on/query_samples_tpch.csv
  CATALOG_FILE   = logs/parallel_leader_participation/plp_on/query_catalog_tpch.csv
  SLOPE_FILE     = logs/parallel_leader_participation/plp_on/query_slope_tpch.csv
  DB_NAME        = tpch
  DB_USER        = postgres
  PGPORT         = 5434
  PG_VERSION     = 18.4  (as reported by the server on that port)
  BATCHNUM       = 5 (slope sizes: 1 copy and 5 copies)
  RUNS           = 3 (measured batches per size)
  WARMUP         = 2 (single-copy; #1 primes cache, warm ones = N=1 anchor)
  WORKERS        = (planner default)
  STATEMENT_TIMEOUT = 900
  SIGLESS_ADDR   = (disabled)
Found 53 queries under queries/tpch/tpch-queries

Catalog snapshot: 11 relations -> logs/parallel_leader_participation/plp_on/query_catalog_tpch.csv
[1/53] queries/tpch/tpch-queries/q01/base.sql (2 warmup [warm ones = N=1 anchor] + 3 x5)
  warmup 1/2: 1.573611 sec, 1 copy (cache prime)
  warmup 2/2: 1.385411 sec, 1 copy (N=1 anchor)
  batch 1/3: 6.794515 sec, 5 copies (server sum 6694.079 ms)
  batch 2/3: 6.832279 sec, 5 copies (server sum 6729.223 ms)
  batch 3/3: 7.147463 sec, 5 copies (server sum 7045.270 ms)
  slope: pkg 49.2 J/exec (intercept 0.1096 J), wall 1.384835 s/exec (intercept 0.000575 s)
[2/53] queries/tpch/tpch-queries/q01/v1_materialized.sql (2 warmup [warm ones = N=1 anchor] + 3 x5)
  warmup 1/2: 1.480264 sec, 1 copy (cache prime)
  warmup 2/2: 1.583718 sec, 1 copy (N=1 anchor)
  batch 1/3: 8.321597 sec, 5 copies (server sum 8214.326 ms)
  batch 2/3: 8.477590 sec, 5 copies (server sum 8366.410 ms)
  batch 3/3: 8.410150 sec, 5 copies (server sum 8359.051 ms)
  slope: pkg 35.14 J/exec (intercept 11.79 J), wall 1.704849 s/exec (intercept -0.121130 s)
[3/53] queries/tpch/tpch-queries/q02/base.sql (2 warmup [warm ones = N=1 anchor] + 3 x5)
  warmup 1/2: 48.131548 sec, 1 copy (cache prime)
  warmup 2/2: 46.450082 sec, 1 copy (N=1 anchor)
  batch 1/3: 227.525568 sec, 5 copies (server sum 227430.202 ms)
  batch 2/3: 230.010454 sec, 5 copies (server sum 229907.617 ms)
  batch 3/3: 227.542311 sec, 5 copies (server sum 227438.015 ms)
  slope: pkg 521.4 J/exec (intercept -12.62 J), wall 45.477341 s/exec (intercept 0.972742 s)
[4/53] queries/tpch/tpch-queries/q02/v1_materialized.sql (2 warmup [warm ones = N=1 anchor] + 3 x5)
  warmup 1/2: 46.705068 sec, 1 copy (cache prime)
  warmup 2/2: 46.679230 sec, 1 copy (N=1 anchor)
  batch 1/3: 227.519368 sec, 5 copies (server sum 227422.993 ms)
  batch 2/3: 231.494700 sec, 5 copies (server sum 231395.827 ms)
  batch 3/3: 228.943964 sec, 5 copies (server sum 228845.661 ms)
  slope: pkg 532.9 J/exec (intercept -14.9 J), wall 45.660028 s/exec (intercept 1.019202 s)
[5/53] queries/tpch/tpch-queries/q02/v2_decorrelate.sql (2 warmup [warm ones = N=1 anchor] + 3 x5)
  warmup 1/2: 0.309199 sec, 1 copy (cache prime)
  warmup 2/2: 0.316808 sec, 1 copy (N=1 anchor)
  batch 1/3: 1.156498 sec, 5 copies (server sum 1051.783 ms)
  batch 2/3: 1.140096 sec, 5 copies (server sum 1031.873 ms)
  batch 3/3: 1.143052 sec, 5 copies (server sum 1031.658 ms)
  slope: pkg 3.304 J/exec (intercept 0.5482 J), wall 0.207435 s/exec (intercept 0.109373 s)
[6/53] queries/tpch/tpch-queries/q03/base.sql (2 warmup [warm ones = N=1 anchor] + 3 x5)
  warmup 1/2: 0.467111 sec, 1 copy (cache prime)
  warmup 2/2: 0.366491 sec, 1 copy (N=1 anchor)
  batch 1/3: 1.324053 sec, 5 copies (server sum 1222.056 ms)
  batch 2/3: 1.323713 sec, 5 copies (server sum 1227.475 ms)
  batch 3/3: 1.309243 sec, 5 copies (server sum 1216.878 ms)
  slope: pkg 7.761 J/exec (intercept 0.9027 J), wall 0.238128 s/exec (intercept 0.128362 s)
[7/53] queries/tpch/tpch-queries/q03/v1_materialized.sql (2 warmup [warm ones = N=1 anchor] + 3 x5)
  warmup 1/2: 0.380045 sec, 1 copy (cache prime)
  warmup 2/2: 0.413919 sec, 1 copy (N=1 anchor)
  batch 1/3: 1.340942 sec, 5 copies (server sum 1244.453 ms)
  batch 2/3: 1.310371 sec, 5 copies (server sum 1215.931 ms)
  batch 3/3: 1.310052 sec, 5 copies (server sum 1217.052 ms)
  slope: pkg 8.158 J/exec (intercept -0.643 J), wall 0.226634 s/exec (intercept 0.187285 s)
[8/53] queries/tpch/tpch-queries/q04/base.sql (2 warmup [warm ones = N=1 anchor] + 3 x5)
  warmup 1/2: 0.198384 sec, 1 copy (cache prime)
  warmup 2/2: 0.232514 sec, 1 copy (N=1 anchor)
  batch 1/3: 0.612411 sec, 5 copies (server sum 503.461 ms)
  batch 2/3: 0.583620 sec, 5 copies (server sum 485.755 ms)
  batch 3/3: 0.584745 sec, 5 copies (server sum 487.179 ms)
  slope: pkg 3.338 J/exec (intercept -0.2749 J), wall 0.090270 s/exec (intercept 0.142244 s)
[9/53] queries/tpch/tpch-queries/q04/v1_materialized.sql (2 warmup [warm ones = N=1 anchor] + 3 x5)
  warmup 1/2: 0.208379 sec, 1 copy (cache prime)
  warmup 2/2: 0.248440 sec, 1 copy (N=1 anchor)
  batch 1/3: 0.517537 sec, 5 copies (server sum 473.868 ms)
  batch 2/3: 0.584906 sec, 5 copies (server sum 486.753 ms)
  batch 3/3: 0.581567 sec, 5 copies (server sum 482.454 ms)
  slope: pkg 3.425 J/exec (intercept -0.4197 J), wall 0.078224 s/exec (intercept 0.170216 s)
[10/53] queries/tpch/tpch-queries/q04/v2_in.sql (2 warmup [warm ones = N=1 anchor] + 3 x5)
  warmup 1/2: 0.231285 sec, 1 copy (cache prime)
  warmup 2/2: 0.241656 sec, 1 copy (N=1 anchor)
  batch 1/3: 0.619337 sec, 5 copies (server sum 507.849 ms)
  batch 2/3: 0.590915 sec, 5 copies (server sum 493.003 ms)
  batch 3/3: 0.589722 sec, 5 copies (server sum 491.651 ms)
  slope: pkg 3.265 J/exec (intercept -0.1494 J), wall 0.089584 s/exec (intercept 0.152072 s)
[11/53] queries/tpch/tpch-queries/q05/base.sql (2 warmup [warm ones = N=1 anchor] + 3 x5)
  warmup 1/2: 0.383835 sec, 1 copy (cache prime)
  warmup 2/2: 0.400931 sec, 1 copy (N=1 anchor)
  batch 1/3: 1.390499 sec, 5 copies (server sum 1279.760 ms)
  batch 2/3: 1.309471 sec, 5 copies (server sum 1257.852 ms)
  batch 3/3: 1.360221 sec, 5 copies (server sum 1260.271 ms)
  slope: pkg 3.693 J/exec (intercept 0.4417 J), wall 0.238117 s/exec (intercept 0.162814 s)
[12/53] queries/tpch/tpch-queries/q05/v1_materialized.sql (2 warmup [warm ones = N=1 anchor] + 3 x5)
  warmup 1/2: 0.355397 sec, 1 copy (cache prime)
  warmup 2/2: 0.380191 sec, 1 copy (N=1 anchor)
  batch 1/3: 1.381307 sec, 5 copies (server sum 1280.668 ms)
  batch 2/3: 1.343587 sec, 5 copies (server sum 1242.148 ms)
  batch 3/3: 1.358165 sec, 5 copies (server sum 1254.925 ms)
  slope: pkg 3.643 J/exec (intercept 0.7509 J), wall 0.245207 s/exec (intercept 0.134983 s)
[13/53] queries/tpch/tpch-queries/q06/base.sql (2 warmup [warm ones = N=1 anchor] + 3 x5)
  warmup 1/2: 0.336643 sec, 1 copy (cache prime)
  warmup 2/2: 0.383610 sec, 1 copy (N=1 anchor)
  batch 1/3: 1.306454 sec, 5 copies (server sum 1203.545 ms)
  batch 2/3: 1.222248 sec, 5 copies (server sum 1180.521 ms)
  batch 3/3: 1.311759 sec, 5 copies (server sum 1211.663 ms)
  slope: pkg 8.029 J/exec (intercept -0.1549 J), wall 0.224136 s/exec (intercept 0.159474 s)
[14/53] queries/tpch/tpch-queries/q06/v1_materialized.sql (2 warmup [warm ones = N=1 anchor] + 3 x5)
  warmup 1/2: 0.385284 sec, 1 copy (cache prime)
  warmup 2/2: 0.398827 sec, 1 copy (N=1 anchor)
  batch 1/3: 1.272493 sec, 5 copies (server sum 1230.334 ms)
  batch 2/3: 1.371271 sec, 5 copies (server sum 1272.781 ms)
  batch 3/3: 1.388506 sec, 5 copies (server sum 1282.969 ms)
  slope: pkg 7.284 J/exec (intercept 0.6695 J), wall 0.236316 s/exec (intercept 0.162511 s)
[15/53] queries/tpch/tpch-queries/q07/base.sql (2 warmup [warm ones = N=1 anchor] + 3 x5)
  warmup 1/2: 0.465032 sec, 1 copy (cache prime)
  warmup 2/2: 0.416035 sec, 1 copy (N=1 anchor)
  batch 1/3: 1.633054 sec, 5 copies (server sum 1529.848 ms)
  batch 2/3: 1.654665 sec, 5 copies (server sum 1550.995 ms)
  batch 3/3: 1.609952 sec, 5 copies (server sum 1510.308 ms)
  slope: pkg 4.731 J/exec (intercept 1.457 J), wall 0.304131 s/exec (intercept 0.111904 s)
[16/53] queries/tpch/tpch-queries/q07/v1_materialized.sql (2 warmup [warm ones = N=1 anchor] + 3 x5)
  warmup 1/2: 0.414656 sec, 1 copy (cache prime)
  warmup 2/2: 0.418583 sec, 1 copy (N=1 anchor)
  batch 1/3: 1.606884 sec, 5 copies (server sum 1509.550 ms)
  batch 2/3: 1.549737 sec, 5 copies (server sum 1500.627 ms)
  batch 3/3: 1.603147 sec, 5 copies (server sum 1502.866 ms)
  slope: pkg 4.908 J/exec (intercept 1.048 J), wall 0.292002 s/exec (intercept 0.126582 s)
[17/53] queries/tpch/tpch-queries/q07/v2_union_all.sql (2 warmup [warm ones = N=1 anchor] + 3 x5)
  warmup 1/2: 0.417179 sec, 1 copy (cache prime)
  warmup 2/2: 0.449577 sec, 1 copy (N=1 anchor)
  batch 1/3: 1.649067 sec, 5 copies (server sum 1539.781 ms)
  batch 2/3: 1.620358 sec, 5 copies (server sum 1520.517 ms)
  batch 3/3: 1.623869 sec, 5 copies (server sum 1525.302 ms)
  slope: pkg 5.035 J/exec (intercept 0.6652 J), wall 0.295380 s/exec (intercept 0.154197 s)
[18/53] queries/tpch/tpch-queries/q08/base.sql (2 warmup [warm ones = N=1 anchor] + 3 x5)
  warmup 1/2: 0.498977 sec, 1 copy (cache prime)
  warmup 2/2: 0.491435 sec, 1 copy (N=1 anchor)
  batch 1/3: 1.881233 sec, 5 copies (server sum 1828.610 ms)
  batch 2/3: 1.924773 sec, 5 copies (server sum 1820.216 ms)
  batch 3/3: 1.920805 sec, 5 copies (server sum 1820.236 ms)
  slope: pkg 6.215 J/exec (intercept 1.501 J), wall 0.354375 s/exec (intercept 0.137060 s)
[19/53] queries/tpch/tpch-queries/q08/v1_materialized.sql (2 warmup [warm ones = N=1 anchor] + 3 x5)
  warmup 1/2: 0.499607 sec, 1 copy (cache prime)
  warmup 2/2: 0.488288 sec, 1 copy (N=1 anchor)
  batch 1/3: 1.933481 sec, 5 copies (server sum 1831.502 ms)
  batch 2/3: 1.932953 sec, 5 copies (server sum 1830.496 ms)
  batch 3/3: 1.862597 sec, 5 copies (server sum 1812.429 ms)
  slope: pkg 6.233 J/exec (intercept 1.486 J), wall 0.355347 s/exec (intercept 0.132941 s)
[20/53] queries/tpch/tpch-queries/q08/v2_filter.sql (2 warmup [warm ones = N=1 anchor] + 3 x5)
  warmup 1/2: 0.485865 sec, 1 copy (cache prime)
  warmup 2/2: 0.489847 sec, 1 copy (N=1 anchor)
  batch 1/3: 1.920315 sec, 5 copies (server sum 1822.054 ms)
  batch 2/3: 1.866802 sec, 5 copies (server sum 1816.407 ms)
  batch 3/3: 1.928415 sec, 5 copies (server sum 1825.482 ms)
  slope: pkg 6.252 J/exec (intercept 1.388 J), wall 0.353833 s/exec (intercept 0.136014 s)
[21/53] queries/tpch/tpch-queries/q09/base.sql (2 warmup [warm ones = N=1 anchor] + 3 x5)
  warmup 1/2: 0.996814 sec, 1 copy (cache prime)
  warmup 2/2: 1.004476 sec, 1 copy (N=1 anchor)
  batch 1/3: 4.574737 sec, 5 copies (server sum 4466.086 ms)
  batch 2/3: 4.537085 sec, 5 copies (server sum 4439.665 ms)
  batch 3/3: 4.637208 sec, 5 copies (server sum 4539.120 ms)
  slope: pkg 21.02 J/exec (intercept 0.7456 J), wall 0.894633 s/exec (intercept 0.109843 s)
[22/53] queries/tpch/tpch-queries/q09/v1_materialized.sql (2 warmup [warm ones = N=1 anchor] + 3 x5)
  warmup 1/2: 1.004870 sec, 1 copy (cache prime)
  warmup 2/2: 1.016934 sec, 1 copy (N=1 anchor)
  batch 1/3: 4.637697 sec, 5 copies (server sum 4535.294 ms)
  batch 2/3: 4.622106 sec, 5 copies (server sum 4507.417 ms)
  batch 3/3: 4.584468 sec, 5 copies (server sum 4485.778 ms)
  slope: pkg 20.65 J/exec (intercept 0.8207 J), wall 0.899456 s/exec (intercept 0.117478 s)
[23/53] queries/tpch/tpch-queries/q10/base.sql (2 warmup [warm ones = N=1 anchor] + 3 x5)
  warmup 1/2: 0.357725 sec, 1 copy (cache prime)
  warmup 2/2: 0.306384 sec, 1 copy (N=1 anchor)
  batch 1/3: 1.381934 sec, 5 copies (server sum 1276.096 ms)
  batch 2/3: 1.394283 sec, 5 copies (server sum 1292.856 ms)
  batch 3/3: 1.387568 sec, 5 copies (server sum 1292.518 ms)
  slope: pkg 7.142 J/exec (intercept 0.9504 J), wall 0.270386 s/exec (intercept 0.035998 s)
[24/53] queries/tpch/tpch-queries/q10/v1_materialized.sql (2 warmup [warm ones = N=1 anchor] + 3 x5)
  warmup 1/2: 0.407368 sec, 1 copy (cache prime)
  warmup 2/2: 0.409014 sec, 1 copy (N=1 anchor)
  batch 1/3: 1.476248 sec, 5 copies (server sum 1365.964 ms)
  batch 2/3: 1.500620 sec, 5 copies (server sum 1402.668 ms)
  batch 3/3: 1.534176 sec, 5 copies (server sum 1432.030 ms)
  slope: pkg 6.747 J/exec (intercept 1.464 J), wall 0.273667 s/exec (intercept 0.135347 s)
[25/53] queries/tpch/tpch-queries/q11/base.sql (2 warmup [warm ones = N=1 anchor] + 3 x5)
  warmup 1/2: 0.215090 sec, 1 copy (cache prime)
  warmup 2/2: 0.238405 sec, 1 copy (N=1 anchor)
  batch 1/3: 0.557716 sec, 5 copies (server sum 441.737 ms)
  batch 2/3: 0.573391 sec, 5 copies (server sum 466.442 ms)
  batch 3/3: 0.551541 sec, 5 copies (server sum 447.817 ms)
  slope: pkg 2.389 J/exec (intercept 0.1198 J), wall 0.080619 s/exec (intercept 0.157786 s)
[26/53] queries/tpch/tpch-queries/q11/v1_materialized.sql (2 warmup [warm ones = N=1 anchor] + 3 x5)
  warmup 1/2: 0.240730 sec, 1 copy (cache prime)
  warmup 2/2: 0.249733 sec, 1 copy (N=1 anchor)
  batch 1/3: 0.530356 sec, 5 copies (server sum 392.553 ms)
  batch 2/3: 0.531752 sec, 5 copies (server sum 428.313 ms)
  batch 3/3: 0.529739 sec, 5 copies (server sum 423.588 ms)
  slope: pkg 2.552 J/exec (intercept -0.68 J), wall 0.070221 s/exec (intercept 0.179513 s)
[27/53] queries/tpch/tpch-queries/q11/v2_cte_threshold.sql (2 warmup [warm ones = N=1 anchor] + 3 x5)
  warmup 1/2: 0.210455 sec, 1 copy (cache prime)
  warmup 2/2: 0.264148 sec, 1 copy (N=1 anchor)
  batch 1/3: 0.568053 sec, 5 copies (server sum 457.373 ms)
  batch 2/3: 0.571568 sec, 5 copies (server sum 466.071 ms)
  batch 3/3: 0.545593 sec, 5 copies (server sum 439.041 ms)
  slope: pkg 2.454 J/exec (intercept -0.3423 J), wall 0.074397 s/exec (intercept 0.189750 s)
[28/53] queries/tpch/tpch-queries/q12/base.sql (2 warmup [warm ones = N=1 anchor] + 3 x5)
  warmup 1/2: 0.560174 sec, 1 copy (cache prime)
  warmup 2/2: 0.570489 sec, 1 copy (N=1 anchor)
  batch 1/3: 2.253748 sec, 5 copies (server sum 2145.321 ms)
  batch 2/3: 2.432500 sec, 5 copies (server sum 2334.779 ms)
  batch 3/3: 2.452517 sec, 5 copies (server sum 2348.272 ms)
  slope: pkg 10.93 J/exec (intercept 2.32 J), wall 0.452275 s/exec (intercept 0.118214 s)
[29/53] queries/tpch/tpch-queries/q12/v1_materialized.sql (2 warmup [warm ones = N=1 anchor] + 3 x5)
  warmup 1/2: 0.572258 sec, 1 copy (cache prime)
  warmup 2/2: 0.603222 sec, 1 copy (N=1 anchor)
  batch 1/3: 2.417803 sec, 5 copies (server sum 2345.205 ms)
  batch 2/3: 2.447218 sec, 5 copies (server sum 2346.955 ms)
  batch 3/3: 2.447998 sec, 5 copies (server sum 2347.616 ms)
  slope: pkg 10.15 J/exec (intercept 2.798 J), wall 0.458613 s/exec (intercept 0.144610 s)
[30/53] queries/tpch/tpch-queries/q12/v2_filter.sql (2 warmup [warm ones = N=1 anchor] + 3 x5)
  warmup 1/2: 0.589386 sec, 1 copy (cache prime)
  warmup 2/2: 0.600569 sec, 1 copy (N=1 anchor)
  batch 1/3: 2.457372 sec, 5 copies (server sum 2346.620 ms)
  batch 2/3: 2.454640 sec, 5 copies (server sum 2350.661 ms)
  batch 3/3: 2.474071 sec, 5 copies (server sum 2370.930 ms)
  slope: pkg 10.31 J/exec (intercept 2.647 J), wall 0.465365 s/exec (intercept 0.135205 s)
[31/53] queries/tpch/tpch-queries/q13/base.sql (2 warmup [warm ones = N=1 anchor] + 3 x5)
  warmup 1/2: 1.669001 sec, 1 copy (cache prime)
  warmup 2/2: 1.617937 sec, 1 copy (N=1 anchor)
  batch 1/3: 7.622809 sec, 5 copies (server sum 7502.537 ms)
  batch 2/3: 7.425584 sec, 5 copies (server sum 7324.855 ms)
  batch 3/3: 7.396901 sec, 5 copies (server sum 7293.536 ms)
  slope: pkg 9.132 J/exec (intercept 0.7063 J), wall 1.465957 s/exec (intercept 0.151980 s)
[32/53] queries/tpch/tpch-queries/q13/v1_materialized.sql (2 warmup [warm ones = N=1 anchor] + 3 x5)
  warmup 1/2: 1.628225 sec, 1 copy (cache prime)
  warmup 2/2: 1.594400 sec, 1 copy (N=1 anchor)
  batch 1/3: 7.453625 sec, 5 copies (server sum 7357.353 ms)
  batch 2/3: 7.379961 sec, 5 copies (server sum 7282.882 ms)
  batch 3/3: 7.416310 sec, 5 copies (server sum 7319.680 ms)
  slope: pkg 9.13 J/exec (intercept 0.8333 J), wall 1.455558 s/exec (intercept 0.138842 s)
[33/53] queries/tpch/tpch-queries/q13/v2_correlated.sql (2 warmup [warm ones = N=1 anchor] + 3 x5)
  warmup 1/2: 2.169690 sec, 1 copy (cache prime)
  warmup 2/2: 2.156556 sec, 1 copy (N=1 anchor)
  batch 1/3: 9.883185 sec, 5 copies (server sum 9838.259 ms)
  batch 2/3: 9.942898 sec, 5 copies (server sum 9853.692 ms)
  batch 3/3: 9.972636 sec, 5 copies (server sum 9879.991 ms)
  slope: pkg 19.9 J/exec (intercept 1.551 J), wall 1.944088 s/exec (intercept 0.212468 s)
[34/53] queries/tpch/tpch-queries/q14/base.sql (2 warmup [warm ones = N=1 anchor] + 3 x5)
  warmup 1/2: 0.343498 sec, 1 copy (cache prime)
  warmup 2/2: 0.293426 sec, 1 copy (N=1 anchor)
  batch 1/3: 1.329299 sec, 5 copies (server sum 1228.826 ms)
  batch 2/3: 1.329989 sec, 5 copies (server sum 1234.519 ms)
  batch 3/3: 1.299102 sec, 5 copies (server sum 1206.339 ms)
  slope: pkg 8.331 J/exec (intercept 1.098 J), wall 0.256509 s/exec (intercept 0.036917 s)
[35/53] queries/tpch/tpch-queries/q14/v1_materialized.sql (2 warmup [warm ones = N=1 anchor] + 3 x5)
  warmup 1/2: 0.397790 sec, 1 copy (cache prime)
  warmup 2/2: 0.409042 sec, 1 copy (N=1 anchor)
  batch 1/3: 1.239157 sec, 5 copies (server sum 1196.403 ms)
  batch 2/3: 1.350118 sec, 5 copies (server sum 1255.040 ms)
  batch 3/3: 1.351647 sec, 5 copies (server sum 1256.458 ms)
  slope: pkg 8.57 J/exec (intercept -0.1704 J), wall 0.226150 s/exec (intercept 0.182893 s)
[36/53] queries/tpch/tpch-queries/q14/v2_filter.sql (2 warmup [warm ones = N=1 anchor] + 3 x5)
  warmup 1/2: 0.390533 sec, 1 copy (cache prime)
  warmup 2/2: 0.435254 sec, 1 copy (N=1 anchor)
  batch 1/3: 1.336865 sec, 5 copies (server sum 1245.007 ms)
  batch 2/3: 1.380407 sec, 5 copies (server sum 1278.099 ms)
  batch 3/3: 1.407120 sec, 5 copies (server sum 1309.382 ms)
  slope: pkg 8.224 J/exec (intercept -0.2359 J), wall 0.234886 s/exec (intercept 0.200368 s)
[37/53] queries/tpch/tpch-queries/q15/base.sql (2 warmup [warm ones = N=1 anchor] + 3 x5)
  warmup 1/2: 0.421847 sec, 1 copy (cache prime)
  warmup 2/2: 0.460995 sec, 1 copy (N=1 anchor)
  batch 1/3: 1.613782 sec, 5 copies (server sum 1466.520 ms)
  batch 2/3: 1.565638 sec, 5 copies (server sum 1471.343 ms)
  batch 3/3: 1.553247 sec, 5 copies (server sum 1456.557 ms)
  slope: pkg 8.213 J/exec (intercept 1.613 J), wall 0.279140 s/exec (intercept 0.181855 s)
[38/53] queries/tpch/tpch-queries/q15/v1_materialized.sql (2 warmup [warm ones = N=1 anchor] + 3 x5)
  warmup 1/2: 0.441118 sec, 1 copy (cache prime)
  warmup 2/2: 0.425102 sec, 1 copy (N=1 anchor)
  batch 1/3: 1.513658 sec, 5 copies (server sum 1469.156 ms)
  batch 2/3: 1.563268 sec, 5 copies (server sum 1468.352 ms)
  batch 3/3: 1.637163 sec, 5 copies (server sum 1542.030 ms)
  slope: pkg 8.3 J/exec (intercept 0.3057 J), wall 0.286565 s/exec (intercept 0.138537 s)
[39/53] queries/tpch/tpch-queries/q16/base.sql (2 warmup [warm ones = N=1 anchor] + 3 x5)
  warmup 1/2: 0.374286 sec, 1 copy (cache prime)
  warmup 2/2: 0.299777 sec, 1 copy (N=1 anchor)
  batch 1/3: 1.225574 sec, 5 copies (server sum 1179.593 ms)
  batch 2/3: 1.241156 sec, 5 copies (server sum 1143.462 ms)
  batch 3/3: 1.291429 sec, 5 copies (server sum 1193.464 ms)
  slope: pkg 5.763 J/exec (intercept -0.004476 J), wall 0.238236 s/exec (intercept 0.061541 s)
[40/53] queries/tpch/tpch-queries/q16/v1_materialized.sql (2 warmup [warm ones = N=1 anchor] + 3 x5)
  warmup 1/2: 0.334324 sec, 1 copy (cache prime)
  warmup 2/2: 0.335097 sec, 1 copy (N=1 anchor)
  batch 1/3: 1.246125 sec, 5 copies (server sum 1148.617 ms)
  batch 2/3: 1.245471 sec, 5 copies (server sum 1200.725 ms)
  batch 3/3: 1.289497 sec, 5 copies (server sum 1192.016 ms)
  slope: pkg 5.719 J/exec (intercept 0.7388 J), wall 0.231317 s/exec (intercept 0.103781 s)
[41/53] queries/tpch/tpch-queries/q16/v2_not_exists.sql (2 warmup [warm ones = N=1 anchor] + 3 x5)
  warmup 1/2: 0.306438 sec, 1 copy (cache prime)
  warmup 2/2: 0.320759 sec, 1 copy (N=1 anchor)
  batch 1/3: 1.178881 sec, 5 copies (server sum 1072.420 ms)
  batch 2/3: 1.123764 sec, 5 copies (server sum 1079.887 ms)
  batch 3/3: 1.152088 sec, 5 copies (server sum 1075.219 ms)
  slope: pkg 5.375 J/exec (intercept 0.7012 J), wall 0.207705 s/exec (intercept 0.113054 s)
[42/53] queries/tpch/tpch-queries/q17/v2_decorrelate.sql (2 warmup [warm ones = N=1 anchor] + 3 x5)
  warmup 1/2: 5.606382 sec, 1 copy (cache prime)
  warmup 2/2: 5.564195 sec, 1 copy (N=1 anchor)
  batch 1/3: 27.114657 sec, 5 copies (server sum 27069.029 ms)
  batch 2/3: 27.090317 sec, 5 copies (server sum 27047.288 ms)
  batch 3/3: 27.179227 sec, 5 copies (server sum 27074.839 ms)
  slope: pkg 74.43 J/exec (intercept 1.708 J), wall 5.390968 s/exec (intercept 0.173227 s)
[43/53] queries/tpch/tpch-queries/q18/base.sql (2 warmup [warm ones = N=1 anchor] + 3 x5)
  warmup 1/2: 4.404187 sec, 1 copy (cache prime)
  warmup 2/2: 4.523507 sec, 1 copy (N=1 anchor)
  batch 1/3: 23.632866 sec, 5 copies (server sum 23519.013 ms)
  batch 2/3: 24.769333 sec, 5 copies (server sum 24654.444 ms)
  batch 3/3: 24.890994 sec, 5 copies (server sum 24792.284 ms)
  slope: pkg 105.7 J/exec (intercept 32.84 J), wall 4.976889 s/exec (intercept -0.453383 s)
[44/53] queries/tpch/tpch-queries/q18/v1_materialized.sql (2 warmup [warm ones = N=1 anchor] + 3 x5)
  warmup 1/2: 5.132314 sec, 1 copy (cache prime)
  warmup 2/2: 5.144657 sec, 1 copy (N=1 anchor)
  batch 1/3: 24.914457 sec, 5 copies (server sum 24807.553 ms)
  batch 2/3: 24.928321 sec, 5 copies (server sum 24828.943 ms)
  batch 3/3: 24.909473 sec, 5 copies (server sum 24806.293 ms)
  slope: pkg 108.4 J/exec (intercept 4.511 J), wall 4.943190 s/exec (intercept 0.201467 s)
[45/53] queries/tpch/tpch-queries/q18/v2_join.sql (2 warmup [warm ones = N=1 anchor] + 3 x5)
  warmup 1/2: 5.100678 sec, 1 copy (cache prime)
  warmup 2/2: 5.141365 sec, 1 copy (N=1 anchor)
  batch 1/3: 25.485572 sec, 5 copies (server sum 25371.082 ms)
  batch 2/3: 24.941084 sec, 5 copies (server sum 24833.205 ms)
  batch 3/3: 24.916646 sec, 5 copies (server sum 24811.498 ms)
  slope: pkg 109.6 J/exec (intercept 3.317 J), wall 4.993267 s/exec (intercept 0.148097 s)
[46/53] queries/tpch/tpch-queries/q19/base.sql (2 warmup [warm ones = N=1 anchor] + 3 x5)
  warmup 1/2: 0.532857 sec, 1 copy (cache prime)
  warmup 2/2: 0.600000 sec, 1 copy (N=1 anchor)
  batch 1/3: 2.314939 sec, 5 copies (server sum 2205.420 ms)
  batch 2/3: 2.350062 sec, 5 copies (server sum 2244.543 ms)
  batch 3/3: 2.368917 sec, 5 copies (server sum 2247.238 ms)
  slope: pkg 10.11 J/exec (intercept 1.589 J), wall 0.436160 s/exec (intercept 0.163840 s)
[47/53] queries/tpch/tpch-queries/q19/v1_materialized.sql (2 warmup [warm ones = N=1 anchor] + 3 x5)
  warmup 1/2: 0.583253 sec, 1 copy (cache prime)
  warmup 2/2: 0.591000 sec, 1 copy (N=1 anchor)
  batch 1/3: 2.259306 sec, 5 copies (server sum 2213.609 ms)
  batch 2/3: 2.363502 sec, 5 copies (server sum 2241.537 ms)
  batch 3/3: 2.355606 sec, 5 copies (server sum 2246.544 ms)
  slope: pkg 9.962 J/exec (intercept 1.821 J), wall 0.433785 s/exec (intercept 0.157215 s)
[48/53] queries/tpch/tpch-queries/q19/v2_union_all.sql (2 warmup [warm ones = N=1 anchor] + 3 x5)
  warmup 1/2: 1.400019 sec, 1 copy (cache prime)
  warmup 2/2: 1.384394 sec, 1 copy (N=1 anchor)
  batch 1/3: 6.478279 sec, 5 copies (server sum 6373.958 ms)
  batch 2/3: 6.460532 sec, 5 copies (server sum 6349.723 ms)
  batch 3/3: 6.466955 sec, 5 copies (server sum 6362.182 ms)
  slope: pkg 27.87 J/exec (intercept 2.511 J), wall 1.271049 s/exec (intercept 0.113345 s)
[49/53] queries/tpch/tpch-queries/q21/base.sql (2 warmup [warm ones = N=1 anchor] + 3 x5)
  warmup 1/2: 0.675588 sec, 1 copy (cache prime)
  warmup 2/2: 0.660537 sec, 1 copy (N=1 anchor)
  batch 1/3: 2.894255 sec, 5 copies (server sum 2787.760 ms)
  batch 2/3: 2.904856 sec, 5 copies (server sum 2799.250 ms)
  batch 3/3: 2.889005 sec, 5 copies (server sum 2785.273 ms)
  slope: pkg 12.26 J/exec (intercept 2.291 J), wall 0.558875 s/exec (intercept 0.101661 s)
[50/53] queries/tpch/tpch-queries/q21/v1_materialized.sql (2 warmup [warm ones = N=1 anchor] + 3 x5)
  warmup 1/2: 0.666480 sec, 1 copy (cache prime)
  warmup 2/2: 0.674983 sec, 1 copy (N=1 anchor)
  batch 1/3: 2.906678 sec, 5 copies (server sum 2800.457 ms)
  batch 2/3: 2.896967 sec, 5 copies (server sum 2792.910 ms)
  batch 3/3: 2.900261 sec, 5 copies (server sum 2796.760 ms)
  slope: pkg 12.22 J/exec (intercept 2.615 J), wall 0.556580 s/exec (intercept 0.118404 s)
[51/53] queries/tpch/tpch-queries/q22/base.sql (2 warmup [warm ones = N=1 anchor] + 3 x5)
  warmup 1/2: 0.165844 sec, 1 copy (cache prime)
  warmup 2/2: 0.116616 sec, 1 copy (N=1 anchor)
  batch 1/3: 0.332211 sec, 5 copies (server sum 281.725 ms)
  batch 2/3: 0.409098 sec, 5 copies (server sum 300.924 ms)
  batch 3/3: 0.422570 sec, 5 copies (server sum 314.481 ms)
  slope: pkg 1.512 J/exec (intercept 0.2322 J), wall 0.067836 s/exec (intercept 0.048781 s)
[52/53] queries/tpch/tpch-queries/q22/v1_materialized.sql (2 warmup [warm ones = N=1 anchor] + 3 x5)
  warmup 1/2: 0.182557 sec, 1 copy (cache prime)
  warmup 2/2: 0.194093 sec, 1 copy (N=1 anchor)
  batch 1/3: 0.391124 sec, 5 copies (server sum 282.396 ms)
  batch 2/3: 0.404412 sec, 5 copies (server sum 299.880 ms)
  batch 3/3: 0.440248 sec, 5 copies (server sum 330.261 ms)
  slope: pkg 1.441 J/exec (intercept 0.6368 J), wall 0.054459 s/exec (intercept 0.139634 s)
[53/53] queries/tpch/tpch-queries/q22/v2_anti_join.sql (2 warmup [warm ones = N=1 anchor] + 3 x5)
  warmup 1/2: 0.150067 sec, 1 copy (cache prime)
  warmup 2/2: 0.255200 sec, 1 copy (N=1 anchor)
  batch 1/3: 0.637669 sec, 5 copies (server sum 530.266 ms)
  batch 2/3: 0.636772 sec, 5 copies (server sum 530.666 ms)
  batch 3/3: 0.669654 sec, 5 copies (server sum 558.194 ms)
  slope: pkg 3.155 J/exec (intercept -0.3782 J), wall 0.098208 s/exec (intercept 0.156992 s)

Done. Batch rows appended to logs/parallel_leader_participation/plp_on/query_timing_tpch.csv
Per-copy samples appended to logs/parallel_leader_participation/plp_on/query_samples_tpch.csv
Relation sizes appended to logs/parallel_leader_participation/plp_on/query_catalog_tpch.csv
Per-query slope/intercept appended to logs/parallel_leader_participation/plp_on/query_slope_tpch.csv
make: Leaving directory '/home/user01/GreenSQL'
