make: Entering directory '/home/user01/GreenSQL'
query_runner configuration:
  QUERY_DIR      = queries/tpch/tpch-queries
  LOG_FILE       = logs/parallel_leader_participation/plp_on/query_timing_tpch_idx.csv
  SAMPLE_FILE    = logs/parallel_leader_participation/plp_on/query_samples_tpch_idx.csv
  CATALOG_FILE   = logs/parallel_leader_participation/plp_on/query_catalog_tpch_idx.csv
  SLOPE_FILE     = logs/parallel_leader_participation/plp_on/query_slope_tpch_idx.csv
  DB_NAME        = tpch_idx
  DB_USER        = postgres
  PGPORT         = 5434
  PG_VERSION     = 18.4  (as reported by the server on that port)
  BATCHNUM       = 5 (slope sizes: 1 copy and 5 copies)
  RUNS           = 3 (measured batches per size)
  WARMUP         = 2 (single-copy; #1 primes cache, warm ones = N=1 anchor)
  WORKERS        = (planner default)
  STATEMENT_TIMEOUT = 900
  SIGLESS_ADDR   = (disabled)
Found 53 queries under queries/tpch/tpch-queries

Catalog snapshot: 37 relations -> logs/parallel_leader_participation/plp_on/query_catalog_tpch_idx.csv
[1/53] queries/tpch/tpch-queries/q01/base.sql (2 warmup [warm ones = N=1 anchor] + 3 x5)
  warmup 1/2: 1.804255 sec, 1 copy (cache prime)
  warmup 2/2: 1.686712 sec, 1 copy (N=1 anchor)
  batch 1/3: 8.650559 sec, 5 copies (server sum 8535.426 ms)
  batch 2/3: 8.635522 sec, 5 copies (server sum 8522.829 ms)
  batch 3/3: 8.579738 sec, 5 copies (server sum 8526.159 ms)
  slope: pkg 36.91 J/exec (intercept 4.256 J), wall 1.733807 s/exec (intercept -0.047095 s)
[2/53] queries/tpch/tpch-queries/q01/v1_materialized.sql (2 warmup [warm ones = N=1 anchor] + 3 x5)
  warmup 1/2: 1.814885 sec, 1 copy (cache prime)
  warmup 2/2: 1.839980 sec, 1 copy (N=1 anchor)
  batch 1/3: 8.650145 sec, 5 copies (server sum 8522.180 ms)
  batch 2/3: 8.653253 sec, 5 copies (server sum 8537.619 ms)
  batch 3/3: 8.624989 sec, 5 copies (server sum 8518.403 ms)
  slope: pkg 37.32 J/exec (intercept 3.024 J), wall 1.700704 s/exec (intercept 0.139276 s)
[3/53] queries/tpch/tpch-queries/q02/base.sql (2 warmup [warm ones = N=1 anchor] + 3 x5)
  warmup 1/2: 0.470112 sec, 1 copy (cache prime)
  warmup 2/2: 0.273695 sec, 1 copy (N=1 anchor)
  batch 1/3: 0.928797 sec, 5 copies (server sum 822.605 ms)
  batch 2/3: 0.930937 sec, 5 copies (server sum 831.146 ms)
  batch 3/3: 0.920279 sec, 5 copies (server sum 821.054 ms)
  slope: pkg 1.461 J/exec (intercept 1.273 J), wall 0.163244 s/exec (intercept 0.110451 s)
[4/53] queries/tpch/tpch-queries/q02/v1_materialized.sql (2 warmup [warm ones = N=1 anchor] + 3 x5)
  warmup 1/2: 0.316487 sec, 1 copy (cache prime)
  warmup 2/2: 0.319821 sec, 1 copy (N=1 anchor)
  batch 1/3: 1.053449 sec, 5 copies (server sum 952.787 ms)
  batch 2/3: 1.045746 sec, 5 copies (server sum 946.520 ms)
  batch 3/3: 1.042443 sec, 5 copies (server sum 944.239 ms)
  slope: pkg 1.391 J/exec (intercept 0.9383 J), wall 0.181848 s/exec (intercept 0.137973 s)
[5/53] queries/tpch/tpch-queries/q02/v2_decorrelate.sql (2 warmup [warm ones = N=1 anchor] + 3 x5)
  warmup 1/2: 0.306797 sec, 1 copy (cache prime)
  warmup 2/2: 0.318448 sec, 1 copy (N=1 anchor)
  batch 1/3: 1.157402 sec, 5 copies (server sum 1046.300 ms)
  batch 2/3: 1.157363 sec, 5 copies (server sum 1046.935 ms)
  batch 3/3: 1.148109 sec, 5 copies (server sum 1040.013 ms)
  slope: pkg 1.27 J/exec (intercept 0.6171 J), wall 0.208961 s/exec (intercept 0.109487 s)
[6/53] queries/tpch/tpch-queries/q03/base.sql (2 warmup [warm ones = N=1 anchor] + 3 x5)
  warmup 1/2: 0.412042 sec, 1 copy (cache prime)
  warmup 2/2: 0.369316 sec, 1 copy (N=1 anchor)
  batch 1/3: 1.285159 sec, 5 copies (server sum 1182.110 ms)
  batch 2/3: 1.261749 sec, 5 copies (server sum 1167.547 ms)
  batch 3/3: 1.293571 sec, 5 copies (server sum 1197.393 ms)
  slope: pkg 7.84 J/exec (intercept 0.7489 J), wall 0.227711 s/exec (intercept 0.141605 s)
[7/53] queries/tpch/tpch-queries/q03/v1_materialized.sql (2 warmup [warm ones = N=1 anchor] + 3 x5)
  warmup 1/2: 0.371484 sec, 1 copy (cache prime)
  warmup 2/2: 0.372167 sec, 1 copy (N=1 anchor)
  batch 1/3: 1.334286 sec, 5 copies (server sum 1206.780 ms)
  batch 2/3: 1.302582 sec, 5 copies (server sum 1205.888 ms)
  batch 3/3: 1.302500 sec, 5 copies (server sum 1208.015 ms)
  slope: pkg 7.602 J/exec (intercept 0.8894 J), wall 0.235239 s/exec (intercept 0.136928 s)
[8/53] queries/tpch/tpch-queries/q04/base.sql (2 warmup [warm ones = N=1 anchor] + 3 x5)
  warmup 1/2: 0.188637 sec, 1 copy (cache prime)
  warmup 2/2: 0.237607 sec, 1 copy (N=1 anchor)
  batch 1/3: 0.602554 sec, 5 copies (server sum 496.944 ms)
  batch 2/3: 0.571515 sec, 5 copies (server sum 475.684 ms)
  batch 3/3: 0.505491 sec, 5 copies (server sum 461.291 ms)
  slope: pkg 2.97 J/exec (intercept -0.1835 J), wall 0.080562 s/exec (intercept 0.157045 s)
[9/53] queries/tpch/tpch-queries/q04/v1_materialized.sql (2 warmup [warm ones = N=1 anchor] + 3 x5)
  warmup 1/2: 0.140954 sec, 1 copy (cache prime)
  warmup 2/2: 0.235073 sec, 1 copy (N=1 anchor)
  batch 1/3: 0.591802 sec, 5 copies (server sum 486.351 ms)
  batch 2/3: 0.550604 sec, 5 copies (server sum 456.617 ms)
  batch 3/3: 0.564405 sec, 5 copies (server sum 465.387 ms)
  slope: pkg 2.956 J/exec (intercept -0.1122 J), wall 0.083466 s/exec (intercept 0.151607 s)
[10/53] queries/tpch/tpch-queries/q04/v2_in.sql (2 warmup [warm ones = N=1 anchor] + 3 x5)
  warmup 1/2: 0.222799 sec, 1 copy (cache prime)
  warmup 2/2: 0.237893 sec, 1 copy (N=1 anchor)
  batch 1/3: 0.591715 sec, 5 copies (server sum 482.408 ms)
  batch 2/3: 0.578643 sec, 5 copies (server sum 477.577 ms)
  batch 3/3: 0.542928 sec, 5 copies (server sum 450.835 ms)
  slope: pkg 2.995 J/exec (intercept -0.2571 J), wall 0.083301 s/exec (intercept 0.154592 s)
[11/53] queries/tpch/tpch-queries/q05/base.sql (2 warmup [warm ones = N=1 anchor] + 3 x5)
  warmup 1/2: 0.375224 sec, 1 copy (cache prime)
  warmup 2/2: 0.396671 sec, 1 copy (N=1 anchor)
  batch 1/3: 1.333713 sec, 5 copies (server sum 1277.548 ms)
  batch 2/3: 1.385732 sec, 5 copies (server sum 1279.037 ms)
  batch 3/3: 1.382674 sec, 5 copies (server sum 1270.176 ms)
  slope: pkg 3.679 J/exec (intercept 0.8541 J), wall 0.242676 s/exec (intercept 0.153995 s)
[12/53] queries/tpch/tpch-queries/q05/v1_materialized.sql (2 warmup [warm ones = N=1 anchor] + 3 x5)
  warmup 1/2: 0.381470 sec, 1 copy (cache prime)
  warmup 2/2: 0.361784 sec, 1 copy (N=1 anchor)
  batch 1/3: 1.405961 sec, 5 copies (server sum 1293.802 ms)
  batch 2/3: 1.389137 sec, 5 copies (server sum 1278.782 ms)
  batch 3/3: 1.374045 sec, 5 copies (server sum 1270.776 ms)
  slope: pkg 3.579 J/exec (intercept 1.386 J), wall 0.256982 s/exec (intercept 0.104802 s)
[13/53] queries/tpch/tpch-queries/q06/base.sql (2 warmup [warm ones = N=1 anchor] + 3 x5)
  warmup 1/2: 0.187454 sec, 1 copy (cache prime)
  warmup 2/2: 0.178916 sec, 1 copy (N=1 anchor)
  batch 1/3: 0.429972 sec, 5 copies (server sum 310.154 ms)
  batch 2/3: 0.425183 sec, 5 copies (server sum 319.400 ms)
  batch 3/3: 0.430159 sec, 5 copies (server sum 323.666 ms)
  slope: pkg 1.941 J/exec (intercept 0.05131 J), wall 0.062381 s/exec (intercept 0.116535 s)
[14/53] queries/tpch/tpch-queries/q06/v1_materialized.sql (2 warmup [warm ones = N=1 anchor] + 3 x5)
  warmup 1/2: 0.174038 sec, 1 copy (cache prime)
  warmup 2/2: 0.137256 sec, 1 copy (N=1 anchor)
  batch 1/3: 0.459916 sec, 5 copies (server sum 302.359 ms)
  batch 2/3: 0.434586 sec, 5 copies (server sum 328.363 ms)
  batch 3/3: 0.338553 sec, 5 copies (server sum 296.099 ms)
  slope: pkg 2.128 J/exec (intercept -0.3294 J), wall 0.068441 s/exec (intercept 0.068816 s)
[15/53] queries/tpch/tpch-queries/q07/base.sql (2 warmup [warm ones = N=1 anchor] + 3 x5)
  warmup 1/2: 0.779581 sec, 1 copy (cache prime)
  warmup 2/2: 0.763300 sec, 1 copy (N=1 anchor)
  batch 1/3: 3.216810 sec, 5 copies (server sum 3104.648 ms)
  batch 2/3: 3.167798 sec, 5 copies (server sum 3063.702 ms)
  batch 3/3: 3.109461 sec, 5 copies (server sum 3054.911 ms)
  slope: pkg 9.473 J/exec (intercept 0.5278 J), wall 0.600347 s/exec (intercept 0.162953 s)
[16/53] queries/tpch/tpch-queries/q07/v1_materialized.sql (2 warmup [warm ones = N=1 anchor] + 3 x5)
  warmup 1/2: 0.743010 sec, 1 copy (cache prime)
  warmup 2/2: 0.729062 sec, 1 copy (N=1 anchor)
  batch 1/3: 3.191232 sec, 5 copies (server sum 3086.970 ms)
  batch 2/3: 3.185149 sec, 5 copies (server sum 3076.237 ms)
  batch 3/3: 3.169967 sec, 5 copies (server sum 3057.283 ms)
  slope: pkg 9.302 J/exec (intercept 1.368 J), wall 0.613264 s/exec (intercept 0.115798 s)
[17/53] queries/tpch/tpch-queries/q07/v2_union_all.sql (2 warmup [warm ones = N=1 anchor] + 3 x5)
  warmup 1/2: 0.722501 sec, 1 copy (cache prime)
  warmup 2/2: 0.715696 sec, 1 copy (N=1 anchor)
  batch 1/3: 3.100114 sec, 5 copies (server sum 2990.315 ms)
  batch 2/3: 3.075158 sec, 5 copies (server sum 2970.308 ms)
  batch 3/3: 3.073645 sec, 5 copies (server sum 2969.692 ms)
  slope: pkg 7.51 J/exec (intercept 1.765 J), wall 0.591819 s/exec (intercept 0.123877 s)
[18/53] queries/tpch/tpch-queries/q08/base.sql (2 warmup [warm ones = N=1 anchor] + 3 x5)
  warmup 1/2: 0.269258 sec, 1 copy (cache prime)
  warmup 2/2: 0.249912 sec, 1 copy (N=1 anchor)
  batch 1/3: 0.811315 sec, 5 copies (server sum 704.806 ms)
  batch 2/3: 0.811316 sec, 5 copies (server sum 703.626 ms)
  batch 3/3: 0.755897 sec, 5 copies (server sum 700.490 ms)
  slope: pkg 2.432 J/exec (intercept 1.356 J), wall 0.135733 s/exec (intercept 0.114180 s)
[19/53] queries/tpch/tpch-queries/q08/v1_materialized.sql (2 warmup [warm ones = N=1 anchor] + 3 x5)
  warmup 1/2: 0.246333 sec, 1 copy (cache prime)
  warmup 2/2: 0.260486 sec, 1 copy (N=1 anchor)
  batch 1/3: 0.815065 sec, 5 copies (server sum 709.822 ms)
  batch 2/3: 0.833598 sec, 5 copies (server sum 722.368 ms)
  batch 3/3: 0.823061 sec, 5 copies (server sum 714.235 ms)
  slope: pkg 2.391 J/exec (intercept 1.143 J), wall 0.140855 s/exec (intercept 0.119631 s)
[20/53] queries/tpch/tpch-queries/q08/v2_filter.sql (2 warmup [warm ones = N=1 anchor] + 3 x5)
  warmup 1/2: 0.246878 sec, 1 copy (cache prime)
  warmup 2/2: 0.250854 sec, 1 copy (N=1 anchor)
  batch 1/3: 0.822806 sec, 5 copies (server sum 715.153 ms)
  batch 2/3: 0.813799 sec, 5 copies (server sum 709.907 ms)
  batch 3/3: 0.819737 sec, 5 copies (server sum 714.122 ms)
  slope: pkg 2.437 J/exec (intercept 1.285 J), wall 0.141982 s/exec (intercept 0.108873 s)
[21/53] queries/tpch/tpch-queries/q09/base.sql (2 warmup [warm ones = N=1 anchor] + 3 x5)
  warmup 1/2: 1.194743 sec, 1 copy (cache prime)
  warmup 2/2: 1.142932 sec, 1 copy (N=1 anchor)
  batch 1/3: 5.261568 sec, 5 copies (server sum 5156.651 ms)
  batch 2/3: 5.205592 sec, 5 copies (server sum 5099.729 ms)
  batch 3/3: 5.182186 sec, 5 copies (server sum 5124.388 ms)
  slope: pkg 21.84 J/exec (intercept 1.548 J), wall 1.018379 s/exec (intercept 0.124553 s)
[22/53] queries/tpch/tpch-queries/q09/v1_materialized.sql (2 warmup [warm ones = N=1 anchor] + 3 x5)
  warmup 1/2: 1.075827 sec, 1 copy (cache prime)
  warmup 2/2: 1.134305 sec, 1 copy (N=1 anchor)
  batch 1/3: 5.260009 sec, 5 copies (server sum 5154.115 ms)
  batch 2/3: 5.235435 sec, 5 copies (server sum 5128.097 ms)
  batch 3/3: 5.208566 sec, 5 copies (server sum 5149.243 ms)
  slope: pkg 21.74 J/exec (intercept 1.373 J), wall 1.025091 s/exec (intercept 0.109214 s)
[23/53] queries/tpch/tpch-queries/q10/base.sql (2 warmup [warm ones = N=1 anchor] + 3 x5)
  warmup 1/2: 0.351629 sec, 1 copy (cache prime)
  warmup 2/2: 0.430673 sec, 1 copy (N=1 anchor)
  batch 1/3: 1.482551 sec, 5 copies (server sum 1385.737 ms)
  batch 2/3: 1.492701 sec, 5 copies (server sum 1395.432 ms)
  batch 3/3: 1.490877 sec, 5 copies (server sum 1391.604 ms)
  slope: pkg 6.537 J/exec (intercept 1.25 J), wall 0.264509 s/exec (intercept 0.166164 s)
[24/53] queries/tpch/tpch-queries/q10/v1_materialized.sql (2 warmup [warm ones = N=1 anchor] + 3 x5)
  warmup 1/2: 0.410224 sec, 1 copy (cache prime)
  warmup 2/2: 0.410283 sec, 1 copy (N=1 anchor)
  batch 1/3: 1.550457 sec, 5 copies (server sum 1451.785 ms)
  batch 2/3: 1.554514 sec, 5 copies (server sum 1455.958 ms)
  batch 3/3: 1.496369 sec, 5 copies (server sum 1445.170 ms)
  slope: pkg 6.291 J/exec (intercept 1.521 J), wall 0.280874 s/exec (intercept 0.129408 s)
[25/53] queries/tpch/tpch-queries/q11/base.sql (2 warmup [warm ones = N=1 anchor] + 3 x5)
  warmup 1/2: 0.175698 sec, 1 copy (cache prime)
  warmup 2/2: 0.133474 sec, 1 copy (N=1 anchor)
  batch 1/3: 0.515852 sec, 5 copies (server sum 405.982 ms)
  batch 2/3: 0.514979 sec, 5 copies (server sum 414.231 ms)
  batch 3/3: 0.507708 sec, 5 copies (server sum 408.189 ms)
  slope: pkg 0.6151 J/exec (intercept 0.7461 J), wall 0.094843 s/exec (intercept 0.038630 s)
[26/53] queries/tpch/tpch-queries/q11/v1_materialized.sql (2 warmup [warm ones = N=1 anchor] + 3 x5)
  warmup 1/2: 0.186242 sec, 1 copy (cache prime)
  warmup 2/2: 0.176986 sec, 1 copy (N=1 anchor)
  batch 1/3: 0.482102 sec, 5 copies (server sum 427.841 ms)
  batch 2/3: 0.539786 sec, 5 copies (server sum 437.862 ms)
  batch 3/3: 0.547667 sec, 5 copies (server sum 442.487 ms)
  slope: pkg 0.5578 J/exec (intercept 0.876 J), wall 0.086550 s/exec (intercept 0.090436 s)
[27/53] queries/tpch/tpch-queries/q11/v2_cte_threshold.sql (2 warmup [warm ones = N=1 anchor] + 3 x5)
  warmup 1/2: 0.184641 sec, 1 copy (cache prime)
  warmup 2/2: 0.192627 sec, 1 copy (N=1 anchor)
  batch 1/3: 0.536761 sec, 5 copies (server sum 430.866 ms)
  batch 2/3: 0.480721 sec, 5 copies (server sum 427.268 ms)
  batch 3/3: 0.519311 sec, 5 copies (server sum 419.859 ms)
  slope: pkg 0.5903 J/exec (intercept 0.6925 J), wall 0.079909 s/exec (intercept 0.112718 s)
[28/53] queries/tpch/tpch-queries/q12/base.sql (2 warmup [warm ones = N=1 anchor] + 3 x5)
  warmup 1/2: 0.392619 sec, 1 copy (cache prime)
  warmup 2/2: 0.358076 sec, 1 copy (N=1 anchor)
  batch 1/3: 1.439754 sec, 5 copies (server sum 1340.178 ms)
  batch 2/3: 1.441685 sec, 5 copies (server sum 1346.236 ms)
  batch 3/3: 1.492307 sec, 5 copies (server sum 1348.641 ms)
  slope: pkg 7.713 J/exec (intercept 1.618 J), wall 0.274960 s/exec (intercept 0.083116 s)
[29/53] queries/tpch/tpch-queries/q12/v1_materialized.sql (2 warmup [warm ones = N=1 anchor] + 3 x5)
  warmup 1/2: 0.347339 sec, 1 copy (cache prime)
  warmup 2/2: 0.398630 sec, 1 copy (N=1 anchor)
  batch 1/3: 1.482125 sec, 5 copies (server sum 1378.643 ms)
  batch 2/3: 1.470774 sec, 5 copies (server sum 1377.872 ms)
  batch 3/3: 1.480933 sec, 5 copies (server sum 1381.949 ms)
  slope: pkg 7.555 J/exec (intercept 1.703 J), wall 0.269829 s/exec (intercept 0.128801 s)
[30/53] queries/tpch/tpch-queries/q12/v2_filter.sql (2 warmup [warm ones = N=1 anchor] + 3 x5)
  warmup 1/2: 0.390793 sec, 1 copy (cache prime)
  warmup 2/2: 0.339397 sec, 1 copy (N=1 anchor)
  batch 1/3: 1.488356 sec, 5 copies (server sum 1393.414 ms)
  batch 2/3: 1.488224 sec, 5 copies (server sum 1389.610 ms)
  batch 3/3: 1.489022 sec, 5 copies (server sum 1388.174 ms)
  slope: pkg 7.386 J/exec (intercept 1.853 J), wall 0.287284 s/exec (intercept 0.052113 s)
[31/53] queries/tpch/tpch-queries/q13/base.sql (2 warmup [warm ones = N=1 anchor] + 3 x5)
  warmup 1/2: 1.653236 sec, 1 copy (cache prime)
  warmup 2/2: 1.617787 sec, 1 copy (N=1 anchor)
  batch 1/3: 7.507998 sec, 5 copies (server sum 7411.360 ms)
  batch 2/3: 7.464483 sec, 5 copies (server sum 7363.055 ms)
  batch 3/3: 7.337709 sec, 5 copies (server sum 7238.331 ms)
  slope: pkg 9.446 J/exec (intercept 0.7996 J), wall 1.454736 s/exec (intercept 0.163051 s)
[32/53] queries/tpch/tpch-queries/q13/v1_materialized.sql (2 warmup [warm ones = N=1 anchor] + 3 x5)
  warmup 1/2: 1.590959 sec, 1 copy (cache prime)
  warmup 2/2: 1.597744 sec, 1 copy (N=1 anchor)
  batch 1/3: 7.406820 sec, 5 copies (server sum 7304.153 ms)
  batch 2/3: 7.341544 sec, 5 copies (server sum 7240.135 ms)
  batch 3/3: 7.384135 sec, 5 copies (server sum 7282.857 ms)
  slope: pkg 9.33 J/exec (intercept 0.724 J), wall 1.444939 s/exec (intercept 0.152805 s)
[33/53] queries/tpch/tpch-queries/q13/v2_correlated.sql (2 warmup [warm ones = N=1 anchor] + 3 x5)
  warmup 1/2: 2.107941 sec, 1 copy (cache prime)
  warmup 2/2: 2.193809 sec, 1 copy (N=1 anchor)
  batch 1/3: 10.182522 sec, 5 copies (server sum 10089.949 ms)
  batch 2/3: 10.093219 sec, 5 copies (server sum 9998.303 ms)
  batch 3/3: 10.087885 sec, 5 copies (server sum 10044.624 ms)
  slope: pkg 20.34 J/exec (intercept 0.936 J), wall 1.981850 s/exec (intercept 0.211958 s)
[34/53] queries/tpch/tpch-queries/q14/base.sql (2 warmup [warm ones = N=1 anchor] + 3 x5)
  warmup 1/2: 0.236864 sec, 1 copy (cache prime)
  warmup 2/2: 0.236721 sec, 1 copy (N=1 anchor)
  batch 1/3: 0.749398 sec, 5 copies (server sum 612.888 ms)
  batch 2/3: 0.676516 sec, 5 copies (server sum 619.561 ms)
  batch 3/3: 0.767996 sec, 5 copies (server sum 665.641 ms)
  slope: pkg 3.474 J/exec (intercept 1.278 J), wall 0.123646 s/exec (intercept 0.113075 s)
[35/53] queries/tpch/tpch-queries/q14/v1_materialized.sql (2 warmup [warm ones = N=1 anchor] + 3 x5)
  warmup 1/2: 0.304873 sec, 1 copy (cache prime)
  warmup 2/2: 0.294333 sec, 1 copy (N=1 anchor)
  batch 1/3: 0.749552 sec, 5 copies (server sum 638.156 ms)
  batch 2/3: 0.763633 sec, 5 copies (server sum 668.626 ms)
  batch 3/3: 0.761970 sec, 5 copies (server sum 665.505 ms)
  slope: pkg 3.781 J/exec (intercept -0.3476 J), wall 0.116013 s/exec (intercept 0.178320 s)
[36/53] queries/tpch/tpch-queries/q14/v2_filter.sql (2 warmup [warm ones = N=1 anchor] + 3 x5)
  warmup 1/2: 0.296401 sec, 1 copy (cache prime)
  warmup 2/2: 0.282834 sec, 1 copy (N=1 anchor)
  batch 1/3: 0.738862 sec, 5 copies (server sum 633.147 ms)
  batch 2/3: 0.758537 sec, 5 copies (server sum 661.864 ms)
  batch 3/3: 0.773388 sec, 5 copies (server sum 665.569 ms)
  slope: pkg 3.604 J/exec (intercept 0.1861 J), wall 0.118524 s/exec (intercept 0.164310 s)
[37/53] queries/tpch/tpch-queries/q15/base.sql (2 warmup [warm ones = N=1 anchor] + 3 x5)
  warmup 1/2: 0.392746 sec, 1 copy (cache prime)
  warmup 2/2: 0.378119 sec, 1 copy (N=1 anchor)
  batch 1/3: 1.230111 sec, 5 copies (server sum 1137.280 ms)
  batch 2/3: 1.221499 sec, 5 copies (server sum 1128.079 ms)
  batch 3/3: 1.164127 sec, 5 copies (server sum 1119.138 ms)
  slope: pkg 2.098 J/exec (intercept 1.322 J), wall 0.206782 s/exec (intercept 0.171338 s)
[38/53] queries/tpch/tpch-queries/q15/v1_materialized.sql (2 warmup [warm ones = N=1 anchor] + 3 x5)
  warmup 1/2: 0.360659 sec, 1 copy (cache prime)
  warmup 2/2: 0.362716 sec, 1 copy (N=1 anchor)
  batch 1/3: 1.218626 sec, 5 copies (server sum 1125.200 ms)
  batch 2/3: 1.188002 sec, 5 copies (server sum 1095.114 ms)
  batch 3/3: 1.202073 sec, 5 copies (server sum 1108.258 ms)
  slope: pkg 2.073 J/exec (intercept 1.582 J), wall 0.210046 s/exec (intercept 0.152670 s)
[39/53] queries/tpch/tpch-queries/q16/base.sql (2 warmup [warm ones = N=1 anchor] + 3 x5)
  warmup 1/2: 0.280565 sec, 1 copy (cache prime)
  warmup 2/2: 0.333786 sec, 1 copy (N=1 anchor)
  batch 1/3: 1.258580 sec, 5 copies (server sum 1155.842 ms)
  batch 2/3: 1.235985 sec, 5 copies (server sum 1129.966 ms)
  batch 3/3: 1.225534 sec, 5 copies (server sum 1126.676 ms)
  slope: pkg 6.217 J/exec (intercept 0.5833 J), wall 0.226562 s/exec (intercept 0.107224 s)
[40/53] queries/tpch/tpch-queries/q16/v1_materialized.sql (2 warmup [warm ones = N=1 anchor] + 3 x5)
  warmup 1/2: 0.328624 sec, 1 copy (cache prime)
  warmup 2/2: 0.275038 sec, 1 copy (N=1 anchor)
  batch 1/3: 1.272921 sec, 5 copies (server sum 1170.330 ms)
  batch 2/3: 1.288768 sec, 5 copies (server sum 1181.193 ms)
  batch 3/3: 1.269284 sec, 5 copies (server sum 1158.738 ms)
  slope: pkg 6.296 J/exec (intercept 0.5945 J), wall 0.250488 s/exec (intercept 0.024550 s)
[41/53] queries/tpch/tpch-queries/q16/v2_not_exists.sql (2 warmup [warm ones = N=1 anchor] + 3 x5)
  warmup 1/2: 0.315826 sec, 1 copy (cache prime)
  warmup 2/2: 0.357097 sec, 1 copy (N=1 anchor)
  batch 1/3: 1.132922 sec, 5 copies (server sum 1070.550 ms)
  batch 2/3: 1.181881 sec, 5 copies (server sum 1074.738 ms)
  batch 3/3: 1.125440 sec, 5 copies (server sum 1079.996 ms)
  slope: pkg 4.854 J/exec (intercept 0.6937 J), wall 0.197413 s/exec (intercept 0.159684 s)
[42/53] queries/tpch/tpch-queries/q17/v2_decorrelate.sql (2 warmup [warm ones = N=1 anchor] + 3 x5)
  warmup 1/2: 4.122187 sec, 1 copy (cache prime)
  warmup 2/2: 4.110206 sec, 1 copy (N=1 anchor)
  batch 1/3: 19.724822 sec, 5 copies (server sum 19631.172 ms)
  batch 2/3: 19.730671 sec, 5 copies (server sum 19636.391 ms)
  batch 3/3: 19.749045 sec, 5 copies (server sum 19652.879 ms)
  slope: pkg 18.34 J/exec (intercept 1.303 J), wall 3.906160 s/exec (intercept 0.204046 s)
[43/53] queries/tpch/tpch-queries/q18/base.sql (2 warmup [warm ones = N=1 anchor] + 3 x5)
  warmup 1/2: 4.370844 sec, 1 copy (cache prime)
  warmup 2/2: 4.407138 sec, 1 copy (N=1 anchor)
  batch 1/3: 22.632215 sec, 5 copies (server sum 22523.630 ms)
  batch 2/3: 24.569494 sec, 5 copies (server sum 24459.692 ms)
  batch 3/3: 24.759993 sec, 5 copies (server sum 24646.350 ms)
  slope: pkg 110.7 J/exec (intercept 28.35 J), wall 4.895024 s/exec (intercept -0.487886 s)
[44/53] queries/tpch/tpch-queries/q18/v1_materialized.sql (2 warmup [warm ones = N=1 anchor] + 3 x5)
  warmup 1/2: 5.136941 sec, 1 copy (cache prime)
  warmup 2/2: 5.136249 sec, 1 copy (N=1 anchor)
  batch 1/3: 24.888911 sec, 5 copies (server sum 24778.655 ms)
  batch 2/3: 24.894625 sec, 5 copies (server sum 24786.878 ms)
  batch 3/3: 24.795876 sec, 5 copies (server sum 24690.542 ms)
  slope: pkg 108.2 J/exec (intercept 4.51 J), wall 4.930889 s/exec (intercept 0.205360 s)
[45/53] queries/tpch/tpch-queries/q18/v2_join.sql (2 warmup [warm ones = N=1 anchor] + 3 x5)
  warmup 1/2: 5.122643 sec, 1 copy (cache prime)
  warmup 2/2: 5.097320 sec, 1 copy (N=1 anchor)
  batch 1/3: 24.868800 sec, 5 copies (server sum 24811.874 ms)
  batch 2/3: 24.945570 sec, 5 copies (server sum 24821.774 ms)
  batch 3/3: 24.918054 sec, 5 copies (server sum 24799.593 ms)
  slope: pkg 108.9 J/exec (intercept 2.725 J), wall 4.953372 s/exec (intercept 0.143948 s)
[46/53] queries/tpch/tpch-queries/q19/base.sql (2 warmup [warm ones = N=1 anchor] + 3 x5)
  warmup 1/2: 0.178600 sec, 1 copy (cache prime)
  warmup 2/2: 0.103063 sec, 1 copy (N=1 anchor)
  batch 1/3: 0.222738 sec, 5 copies (server sum 177.435 ms)
  batch 2/3: 0.277441 sec, 5 copies (server sum 182.475 ms)
  batch 3/3: 0.286725 sec, 5 copies (server sum 183.838 ms)
  slope: pkg 0.9245 J/exec (intercept 0.5724 J), wall 0.039809 s/exec (intercept 0.063254 s)
[47/53] queries/tpch/tpch-queries/q19/v1_materialized.sql (2 warmup [warm ones = N=1 anchor] + 3 x5)
  warmup 1/2: 0.136610 sec, 1 copy (cache prime)
  warmup 2/2: 0.084136 sec, 1 copy (N=1 anchor)
  batch 1/3: 0.231023 sec, 5 copies (server sum 185.323 ms)
  batch 2/3: 0.275627 sec, 5 copies (server sum 180.311 ms)
  batch 3/3: 0.300242 sec, 5 copies (server sum 183.069 ms)
  slope: pkg 0.9216 J/exec (intercept 0.7544 J), wall 0.046207 s/exec (intercept 0.037929 s)
[48/53] queries/tpch/tpch-queries/q19/v2_union_all.sql (2 warmup [warm ones = N=1 anchor] + 3 x5)
  warmup 1/2: 0.095827 sec, 1 copy (cache prime)
  warmup 2/2: 0.094992 sec, 1 copy (N=1 anchor)
  batch 1/3: 0.287521 sec, 5 copies (server sum 239.541 ms)
  batch 2/3: 0.352972 sec, 5 copies (server sum 244.658 ms)
  batch 3/3: 0.290818 sec, 5 copies (server sum 242.052 ms)
  slope: pkg 1.095 J/exec (intercept 0.8499 J), wall 0.053861 s/exec (intercept 0.041131 s)
[49/53] queries/tpch/tpch-queries/q21/base.sql (2 warmup [warm ones = N=1 anchor] + 3 x5)
  warmup 1/2: 0.584941 sec, 1 copy (cache prime)
  warmup 2/2: 0.601304 sec, 1 copy (N=1 anchor)
  batch 1/3: 2.514113 sec, 5 copies (server sum 2408.831 ms)
  batch 2/3: 2.439340 sec, 5 copies (server sum 2334.228 ms)
  batch 3/3: 2.488119 sec, 5 copies (server sum 2385.035 ms)
  slope: pkg 10.44 J/exec (intercept -0.2036 J), wall 0.469805 s/exec (intercept 0.131500 s)
[50/53] queries/tpch/tpch-queries/q21/v1_materialized.sql (2 warmup [warm ones = N=1 anchor] + 3 x5)
  warmup 1/2: 0.566423 sec, 1 copy (cache prime)
  warmup 2/2: 0.576181 sec, 1 copy (N=1 anchor)
  batch 1/3: 2.434785 sec, 5 copies (server sum 2334.470 ms)
  batch 2/3: 2.402616 sec, 5 copies (server sum 2304.573 ms)
  batch 3/3: 2.389170 sec, 5 copies (server sum 2339.261 ms)
  slope: pkg 10.55 J/exec (intercept 1.183 J), wall 0.458169 s/exec (intercept 0.118012 s)
[51/53] queries/tpch/tpch-queries/q22/base.sql (2 warmup [warm ones = N=1 anchor] + 3 x5)
  warmup 1/2: 0.153898 sec, 1 copy (cache prime)
  warmup 2/2: 0.108973 sec, 1 copy (N=1 anchor)
  batch 1/3: 0.331629 sec, 5 copies (server sum 284.167 ms)
  batch 2/3: 0.424932 sec, 5 copies (server sum 312.504 ms)
  batch 3/3: 0.418175 sec, 5 copies (server sum 312.843 ms)
  slope: pkg 1.43 J/exec (intercept 0.5827 J), wall 0.070651 s/exec (intercept 0.038322 s)
[52/53] queries/tpch/tpch-queries/q22/v1_materialized.sql (2 warmup [warm ones = N=1 anchor] + 3 x5)
  warmup 1/2: 0.200013 sec, 1 copy (cache prime)
  warmup 2/2: 0.195063 sec, 1 copy (N=1 anchor)
  batch 1/3: 0.392040 sec, 5 copies (server sum 283.216 ms)
  batch 2/3: 0.419434 sec, 5 copies (server sum 288.268 ms)
  batch 3/3: 0.322751 sec, 5 copies (server sum 278.732 ms)
  slope: pkg 1.557 J/exec (intercept 0.5389 J), wall 0.045753 s/exec (intercept 0.149309 s)
[53/53] queries/tpch/tpch-queries/q22/v2_anti_join.sql (2 warmup [warm ones = N=1 anchor] + 3 x5)
  warmup 1/2: 0.249713 sec, 1 copy (cache prime)
  warmup 2/2: 0.246947 sec, 1 copy (N=1 anchor)
  batch 1/3: 0.639110 sec, 5 copies (server sum 530.720 ms)
  batch 2/3: 0.637935 sec, 5 copies (server sum 531.399 ms)
  batch 3/3: 0.654098 sec, 5 copies (server sum 547.525 ms)
  slope: pkg 3.132 J/exec (intercept -0.04072 J), wall 0.099192 s/exec (intercept 0.147755 s)

Done. Batch rows appended to logs/parallel_leader_participation/plp_on/query_timing_tpch_idx.csv
Per-copy samples appended to logs/parallel_leader_participation/plp_on/query_samples_tpch_idx.csv
Relation sizes appended to logs/parallel_leader_participation/plp_on/query_catalog_tpch_idx.csv
Per-query slope/intercept appended to logs/parallel_leader_participation/plp_on/query_slope_tpch_idx.csv
make: Leaving directory '/home/user01/GreenSQL'
