make: Entering directory '/home/user01/GreenSQL'
query_runner configuration:
  QUERY_DIR      = queries/tpch/tpch-queries
  LOG_FILE       = logs/shared_buffers/sb_8GB/query_timing_tpch.csv
  SAMPLE_FILE    = logs/shared_buffers/sb_8GB/query_samples_tpch.csv
  CATALOG_FILE   = logs/shared_buffers/sb_8GB/query_catalog_tpch.csv
  SLOPE_FILE     = logs/shared_buffers/sb_8GB/query_slope_tpch.csv
  DB_NAME        = tpch
  DB_USER        = postgres
  PGPORT         = 5434
  PG_VERSION     = 18.4  (as reported by the server on that port)
  BATCHNUM       = 5 (slope sizes: 1 copy and 5 copies)
  RUNS           = 3 (measured batches per size)
  WARMUP         = 2 (single-copy; #1 primes cache, warm ones = N=1 anchor)
  WORKERS        = (planner default)
  STATEMENT_TIMEOUT = 900
  SIGLESS_ADDR   = (disabled)
Found 53 queries under queries/tpch/tpch-queries

Catalog snapshot: 11 relations -> logs/shared_buffers/sb_8GB/query_catalog_tpch.csv
[1/53] queries/tpch/tpch-queries/q01/base.sql (2 warmup [warm ones = N=1 anchor] + 3 x5)
  warmup 1/2: 2.002639 sec, 1 copy (cache prime)
  warmup 2/2: 1.822169 sec, 1 copy (N=1 anchor)
  batch 1/3: 9.275634 sec, 5 copies (server sum 9174.139 ms)
  batch 2/3: 9.593398 sec, 5 copies (server sum 9548.880 ms)
  batch 3/3: 9.951076 sec, 5 copies (server sum 9849.142 ms)
  slope: pkg 44.72 J/exec (intercept 7.481 J), wall 1.946133 s/exec (intercept -0.123964 s)
[2/53] queries/tpch/tpch-queries/q01/v1_materialized.sql (2 warmup [warm ones = N=1 anchor] + 3 x5)
  warmup 1/2: 2.081882 sec, 1 copy (cache prime)
  warmup 2/2: 2.066224 sec, 1 copy (N=1 anchor)
  batch 1/3: 9.957282 sec, 5 copies (server sum 9838.793 ms)
  batch 2/3: 9.930350 sec, 5 copies (server sum 9834.263 ms)
  batch 3/3: 9.946275 sec, 5 copies (server sum 9839.158 ms)
  slope: pkg 43.2 J/exec (intercept 2.173 J), wall 1.969603 s/exec (intercept 0.096621 s)
[3/53] queries/tpch/tpch-queries/q02/base.sql (2 warmup [warm ones = N=1 anchor] + 3 x5)
  warmup 1/2: 54.943740 sec, 1 copy (cache prime)
  warmup 2/2: 54.335880 sec, 1 copy (N=1 anchor)
  batch 1/3: 269.222605 sec, 5 copies (server sum 269124.211 ms)
  batch 2/3: 267.324872 sec, 5 copies (server sum 267223.441 ms)
  batch 3/3: 265.909741 sec, 5 copies (server sum 265810.927 ms)
  slope: pkg 446.2 J/exec (intercept 16.6 J), wall 53.287465 s/exec (intercept 1.048415 s)
[4/53] queries/tpch/tpch-queries/q02/v1_materialized.sql (2 warmup [warm ones = N=1 anchor] + 3 x5)
  warmup 1/2: 54.807969 sec, 1 copy (cache prime)
  warmup 2/2: 54.228837 sec, 1 copy (N=1 anchor)
  batch 1/3: 268.022606 sec, 5 copies (server sum 267922.062 ms)
  batch 2/3: 265.103353 sec, 5 copies (server sum 265003.131 ms)
  batch 3/3: 265.034684 sec, 5 copies (server sum 264934.460 ms)
  slope: pkg 453 J/exec (intercept 15.12 J), wall 52.956178 s/exec (intercept 1.272659 s)
[5/53] queries/tpch/tpch-queries/q02/v2_decorrelate.sql (2 warmup [warm ones = N=1 anchor] + 3 x5)
  warmup 1/2: 0.326118 sec, 1 copy (cache prime)
  warmup 2/2: 0.331869 sec, 1 copy (N=1 anchor)
  batch 1/3: 1.222221 sec, 5 copies (server sum 1112.673 ms)
  batch 2/3: 1.308932 sec, 5 copies (server sum 1200.859 ms)
  batch 3/3: 1.289189 sec, 5 copies (server sum 1179.126 ms)
  slope: pkg 3.291 J/exec (intercept 0.6579 J), wall 0.235395 s/exec (intercept 0.096475 s)
[6/53] queries/tpch/tpch-queries/q03/base.sql (2 warmup [warm ones = N=1 anchor] + 3 x5)
  warmup 1/2: 0.504481 sec, 1 copy (cache prime)
  warmup 2/2: 0.472032 sec, 1 copy (N=1 anchor)
  batch 1/3: 1.521185 sec, 5 copies (server sum 1472.569 ms)
  batch 2/3: 1.561567 sec, 5 copies (server sum 1468.366 ms)
  batch 3/3: 1.568387 sec, 5 copies (server sum 1476.028 ms)
  slope: pkg 7.291 J/exec (intercept 1.168 J), wall 0.269587 s/exec (intercept 0.202445 s)
[7/53] queries/tpch/tpch-queries/q03/v1_materialized.sql (2 warmup [warm ones = N=1 anchor] + 3 x5)
  warmup 1/2: 0.406296 sec, 1 copy (cache prime)
  warmup 2/2: 0.408275 sec, 1 copy (N=1 anchor)
  batch 1/3: 1.575262 sec, 5 copies (server sum 1480.667 ms)
  batch 2/3: 1.581589 sec, 5 copies (server sum 1488.909 ms)
  batch 3/3: 1.572881 sec, 5 copies (server sum 1480.932 ms)
  slope: pkg 7.407 J/exec (intercept 1.216 J), wall 0.292076 s/exec (intercept 0.116199 s)
[8/53] queries/tpch/tpch-queries/q04/base.sql (2 warmup [warm ones = N=1 anchor] + 3 x5)
  warmup 1/2: 0.195024 sec, 1 copy (cache prime)
  warmup 2/2: 0.162024 sec, 1 copy (N=1 anchor)
  batch 1/3: 0.647926 sec, 5 copies (server sum 572.773 ms)
  batch 2/3: 0.666556 sec, 5 copies (server sum 575.509 ms)
  batch 3/3: 0.663274 sec, 5 copies (server sum 572.319 ms)
  slope: pkg 3.095 J/exec (intercept 0.7928 J), wall 0.124307 s/exec (intercept 0.037717 s)
[9/53] queries/tpch/tpch-queries/q04/v1_materialized.sql (2 warmup [warm ones = N=1 anchor] + 3 x5)
  warmup 1/2: 0.219213 sec, 1 copy (cache prime)
  warmup 2/2: 0.230506 sec, 1 copy (N=1 anchor)
  batch 1/3: 0.615512 sec, 5 copies (server sum 572.958 ms)
  batch 2/3: 0.680008 sec, 5 copies (server sum 582.737 ms)
  batch 3/3: 0.665935 sec, 5 copies (server sum 573.528 ms)
  slope: pkg 3.108 J/exec (intercept 0.6632 J), wall 0.105828 s/exec (intercept 0.124678 s)
[10/53] queries/tpch/tpch-queries/q04/v2_in.sql (2 warmup [warm ones = N=1 anchor] + 3 x5)
  warmup 1/2: 0.216340 sec, 1 copy (cache prime)
  warmup 2/2: 0.212664 sec, 1 copy (N=1 anchor)
  batch 1/3: 0.612278 sec, 5 copies (server sum 568.883 ms)
  batch 2/3: 0.619695 sec, 5 copies (server sum 576.715 ms)
  batch 3/3: 0.664536 sec, 5 copies (server sum 572.932 ms)
  slope: pkg 3.068 J/exec (intercept 1.005 J), wall 0.104876 s/exec (intercept 0.107788 s)
[11/53] queries/tpch/tpch-queries/q05/base.sql (2 warmup [warm ones = N=1 anchor] + 3 x5)
  warmup 1/2: 0.369732 sec, 1 copy (cache prime)
  warmup 2/2: 0.370344 sec, 1 copy (N=1 anchor)
  batch 1/3: 1.404148 sec, 5 copies (server sum 1298.619 ms)
  batch 2/3: 1.370968 sec, 5 copies (server sum 1267.693 ms)
  batch 3/3: 1.394411 sec, 5 copies (server sum 1284.771 ms)
  slope: pkg 3.418 J/exec (intercept 1.122 J), wall 0.254875 s/exec (intercept 0.115469 s)
[12/53] queries/tpch/tpch-queries/q05/v1_materialized.sql (2 warmup [warm ones = N=1 anchor] + 3 x5)
  warmup 1/2: 0.354210 sec, 1 copy (cache prime)
  warmup 2/2: 0.369648 sec, 1 copy (N=1 anchor)
  batch 1/3: 1.373470 sec, 5 copies (server sum 1269.430 ms)
  batch 2/3: 1.374504 sec, 5 copies (server sum 1269.859 ms)
  batch 3/3: 1.306123 sec, 5 copies (server sum 1256.011 ms)
  slope: pkg 3.524 J/exec (intercept 1.023 J), wall 0.245429 s/exec (intercept 0.124218 s)
[13/53] queries/tpch/tpch-queries/q06/base.sql (2 warmup [warm ones = N=1 anchor] + 3 x5)
  warmup 1/2: 0.400168 sec, 1 copy (cache prime)
  warmup 2/2: 0.393424 sec, 1 copy (N=1 anchor)
  batch 1/3: 1.515333 sec, 5 copies (server sum 1415.084 ms)
  batch 2/3: 1.518219 sec, 5 copies (server sum 1424.268 ms)
  batch 3/3: 1.504571 sec, 5 copies (server sum 1412.920 ms)
  slope: pkg 7.935 J/exec (intercept 0.9773 J), wall 0.279821 s/exec (intercept 0.113604 s)
[14/53] queries/tpch/tpch-queries/q06/v1_materialized.sql (2 warmup [warm ones = N=1 anchor] + 3 x5)
  warmup 1/2: 0.339827 sec, 1 copy (cache prime)
  warmup 2/2: 0.393159 sec, 1 copy (N=1 anchor)
  batch 1/3: 1.513269 sec, 5 copies (server sum 1413.082 ms)
  batch 2/3: 1.506060 sec, 5 copies (server sum 1414.529 ms)
  batch 3/3: 1.525486 sec, 5 copies (server sum 1426.890 ms)
  slope: pkg 8.016 J/exec (intercept 0.9182 J), wall 0.280445 s/exec (intercept 0.112715 s)
[15/53] queries/tpch/tpch-queries/q07/base.sql (2 warmup [warm ones = N=1 anchor] + 3 x5)
  warmup 1/2: 0.438792 sec, 1 copy (cache prime)
  warmup 2/2: 0.413643 sec, 1 copy (N=1 anchor)
  batch 1/3: 1.603945 sec, 5 copies (server sum 1507.100 ms)
  batch 2/3: 1.532980 sec, 5 copies (server sum 1485.814 ms)
  batch 3/3: 1.594252 sec, 5 copies (server sum 1491.928 ms)
  slope: pkg 4.77 J/exec (intercept 1.216 J), wall 0.290854 s/exec (intercept 0.122789 s)
[16/53] queries/tpch/tpch-queries/q07/v1_materialized.sql (2 warmup [warm ones = N=1 anchor] + 3 x5)
  warmup 1/2: 0.410854 sec, 1 copy (cache prime)
  warmup 2/2: 0.404700 sec, 1 copy (N=1 anchor)
  batch 1/3: 1.602160 sec, 5 copies (server sum 1493.843 ms)
  batch 2/3: 1.530678 sec, 5 copies (server sum 1481.722 ms)
  batch 3/3: 1.582089 sec, 5 copies (server sum 1485.239 ms)
  slope: pkg 4.816 J/exec (intercept 1.354 J), wall 0.291735 s/exec (intercept 0.112965 s)
[17/53] queries/tpch/tpch-queries/q07/v2_union_all.sql (2 warmup [warm ones = N=1 anchor] + 3 x5)
  warmup 1/2: 0.357666 sec, 1 copy (cache prime)
  warmup 2/2: 0.429552 sec, 1 copy (N=1 anchor)
  batch 1/3: 1.608225 sec, 5 copies (server sum 1502.477 ms)
  batch 2/3: 1.612000 sec, 5 copies (server sum 1505.677 ms)
  batch 3/3: 1.615989 sec, 5 copies (server sum 1509.919 ms)
  slope: pkg 4.91 J/exec (intercept 1.253 J), wall 0.295630 s/exec (intercept 0.133922 s)
[18/53] queries/tpch/tpch-queries/q08/base.sql (2 warmup [warm ones = N=1 anchor] + 3 x5)
  warmup 1/2: 0.436306 sec, 1 copy (cache prime)
  warmup 2/2: 0.490569 sec, 1 copy (N=1 anchor)
  batch 1/3: 1.923803 sec, 5 copies (server sum 1824.017 ms)
  batch 2/3: 1.910933 sec, 5 copies (server sum 1811.546 ms)
  batch 3/3: 1.918695 sec, 5 copies (server sum 1821.211 ms)
  slope: pkg 6.195 J/exec (intercept 1.488 J), wall 0.356810 s/exec (intercept 0.133759 s)
[19/53] queries/tpch/tpch-queries/q08/v1_materialized.sql (2 warmup [warm ones = N=1 anchor] + 3 x5)
  warmup 1/2: 0.490344 sec, 1 copy (cache prime)
  warmup 2/2: 0.438461 sec, 1 copy (N=1 anchor)
  batch 1/3: 2.002563 sec, 5 copies (server sum 1858.641 ms)
  batch 2/3: 1.929508 sec, 5 copies (server sum 1829.601 ms)
  batch 3/3: 1.913935 sec, 5 copies (server sum 1814.875 ms)
  slope: pkg 6.129 J/exec (intercept 1.49 J), wall 0.377552 s/exec (intercept 0.060909 s)
[20/53] queries/tpch/tpch-queries/q08/v2_filter.sql (2 warmup [warm ones = N=1 anchor] + 3 x5)
  warmup 1/2: 0.483963 sec, 1 copy (cache prime)
  warmup 2/2: 0.487711 sec, 1 copy (N=1 anchor)
  batch 1/3: 1.918640 sec, 5 copies (server sum 1821.380 ms)
  batch 2/3: 1.925247 sec, 5 copies (server sum 1826.117 ms)
  batch 3/3: 1.920337 sec, 5 copies (server sum 1816.830 ms)
  slope: pkg 6.152 J/exec (intercept 1.567 J), wall 0.358424 s/exec (intercept 0.129287 s)
[21/53] queries/tpch/tpch-queries/q09/base.sql (2 warmup [warm ones = N=1 anchor] + 3 x5)
  warmup 1/2: 1.257479 sec, 1 copy (cache prime)
  warmup 2/2: 1.251531 sec, 1 copy (N=1 anchor)
  batch 1/3: 5.856840 sec, 5 copies (server sum 5760.549 ms)
  batch 2/3: 5.806427 sec, 5 copies (server sum 5710.240 ms)
  batch 3/3: 5.942237 sec, 5 copies (server sum 5842.715 ms)
  slope: pkg 26 J/exec (intercept 0.7983 J), wall 1.154243 s/exec (intercept 0.097289 s)
[22/53] queries/tpch/tpch-queries/q09/v1_materialized.sql (2 warmup [warm ones = N=1 anchor] + 3 x5)
  warmup 1/2: 1.259507 sec, 1 copy (cache prime)
  warmup 2/2: 1.248845 sec, 1 copy (N=1 anchor)
  batch 1/3: 5.921348 sec, 5 copies (server sum 5823.648 ms)
  batch 2/3: 5.913721 sec, 5 copies (server sum 5817.728 ms)
  batch 3/3: 5.844681 sec, 5 copies (server sum 5745.956 ms)
  slope: pkg 25.8 J/exec (intercept 1.448 J), wall 1.161101 s/exec (intercept 0.087744 s)
[23/53] queries/tpch/tpch-queries/q10/base.sql (2 warmup [warm ones = N=1 anchor] + 3 x5)
  warmup 1/2: 0.479029 sec, 1 copy (cache prime)
  warmup 2/2: 0.484862 sec, 1 copy (N=1 anchor)
  batch 1/3: 1.939234 sec, 5 copies (server sum 1844.678 ms)
  batch 2/3: 1.903455 sec, 5 copies (server sum 1832.366 ms)
  batch 3/3: 1.942348 sec, 5 copies (server sum 1848.323 ms)
  slope: pkg 8.344 J/exec (intercept 1.655 J), wall 0.360871 s/exec (intercept 0.123991 s)
[24/53] queries/tpch/tpch-queries/q10/v1_materialized.sql (2 warmup [warm ones = N=1 anchor] + 3 x5)
  warmup 1/2: 0.502805 sec, 1 copy (cache prime)
  warmup 2/2: 0.499835 sec, 1 copy (N=1 anchor)
  batch 1/3: 2.033490 sec, 5 copies (server sum 1939.996 ms)
  batch 2/3: 2.056465 sec, 5 copies (server sum 1962.840 ms)
  batch 3/3: 2.025090 sec, 5 copies (server sum 1928.843 ms)
  slope: pkg 8.6 J/exec (intercept 1.562 J), wall 0.384628 s/exec (intercept 0.115207 s)
[25/53] queries/tpch/tpch-queries/q11/base.sql (2 warmup [warm ones = N=1 anchor] + 3 x5)
  warmup 1/2: 0.190655 sec, 1 copy (cache prime)
  warmup 2/2: 0.133255 sec, 1 copy (N=1 anchor)
  batch 1/3: 0.568974 sec, 5 copies (server sum 467.385 ms)
  batch 2/3: 0.574408 sec, 5 copies (server sum 472.284 ms)
  batch 3/3: 0.591130 sec, 5 copies (server sum 484.485 ms)
  slope: pkg 2.413 J/exec (intercept 0.7141 J), wall 0.111229 s/exec (intercept 0.022026 s)
[26/53] queries/tpch/tpch-queries/q11/v1_materialized.sql (2 warmup [warm ones = N=1 anchor] + 3 x5)
  warmup 1/2: 0.216546 sec, 1 copy (cache prime)
  warmup 2/2: 0.206554 sec, 1 copy (N=1 anchor)
  batch 1/3: 0.508095 sec, 5 copies (server sum 464.971 ms)
  batch 2/3: 0.601147 sec, 5 copies (server sum 455.769 ms)
  batch 3/3: 0.581452 sec, 5 copies (server sum 479.893 ms)
  slope: pkg 2.359 J/exec (intercept 0.7899 J), wall 0.089253 s/exec (intercept 0.117301 s)
[27/53] queries/tpch/tpch-queries/q11/v2_cte_threshold.sql (2 warmup [warm ones = N=1 anchor] + 3 x5)
  warmup 1/2: 0.202302 sec, 1 copy (cache prime)
  warmup 2/2: 0.133650 sec, 1 copy (N=1 anchor)
  batch 1/3: 0.560176 sec, 5 copies (server sum 455.600 ms)
  batch 2/3: 0.586607 sec, 5 copies (server sum 475.706 ms)
  batch 3/3: 0.504093 sec, 5 copies (server sum 460.739 ms)
  slope: pkg 2.34 J/exec (intercept 0.7993 J), wall 0.104160 s/exec (intercept 0.029490 s)
[28/53] queries/tpch/tpch-queries/q12/base.sql (2 warmup [warm ones = N=1 anchor] + 3 x5)
  warmup 1/2: 0.576618 sec, 1 copy (cache prime)
  warmup 2/2: 0.589708 sec, 1 copy (N=1 anchor)
  batch 1/3: 2.692607 sec, 5 copies (server sum 2646.537 ms)
  batch 2/3: 2.805052 sec, 5 copies (server sum 2704.039 ms)
  batch 3/3: 2.868714 sec, 5 copies (server sum 2771.221 ms)
  slope: pkg 12.72 J/exec (intercept 1.766 J), wall 0.549771 s/exec (intercept 0.039937 s)
[29/53] queries/tpch/tpch-queries/q12/v1_materialized.sql (2 warmup [warm ones = N=1 anchor] + 3 x5)
  warmup 1/2: 0.621309 sec, 1 copy (cache prime)
  warmup 2/2: 0.660299 sec, 1 copy (N=1 anchor)
  batch 1/3: 2.857154 sec, 5 copies (server sum 2760.795 ms)
  batch 2/3: 2.880936 sec, 5 copies (server sum 2766.537 ms)
  batch 3/3: 2.856139 sec, 5 copies (server sum 2759.667 ms)
  slope: pkg 12.14 J/exec (intercept 2.142 J), wall 0.551111 s/exec (intercept 0.109188 s)
[30/53] queries/tpch/tpch-queries/q12/v2_filter.sql (2 warmup [warm ones = N=1 anchor] + 3 x5)
  warmup 1/2: 0.648990 sec, 1 copy (cache prime)
  warmup 2/2: 0.647158 sec, 1 copy (N=1 anchor)
  batch 1/3: 2.844993 sec, 5 copies (server sum 2749.148 ms)
  batch 2/3: 2.846631 sec, 5 copies (server sum 2749.458 ms)
  batch 3/3: 2.860612 sec, 5 copies (server sum 2760.813 ms)
  slope: pkg 12.11 J/exec (intercept 2.012 J), wall 0.550897 s/exec (intercept 0.096262 s)
[31/53] queries/tpch/tpch-queries/q13/base.sql (2 warmup [warm ones = N=1 anchor] + 3 x5)
  warmup 1/2: 0.887763 sec, 1 copy (cache prime)
  warmup 2/2: 0.893828 sec, 1 copy (N=1 anchor)
  batch 1/3: 3.951085 sec, 5 copies (server sum 3906.534 ms)
  batch 2/3: 4.015160 sec, 5 copies (server sum 3912.059 ms)
  batch 3/3: 3.999932 sec, 5 copies (server sum 3900.537 ms)
  slope: pkg 9.893 J/exec (intercept 0.8838 J), wall 0.773724 s/exec (intercept 0.120104 s)
[32/53] queries/tpch/tpch-queries/q13/v1_materialized.sql (2 warmup [warm ones = N=1 anchor] + 3 x5)
  warmup 1/2: 0.897513 sec, 1 copy (cache prime)
  warmup 2/2: 0.899009 sec, 1 copy (N=1 anchor)
  batch 1/3: 4.003394 sec, 5 copies (server sum 3906.055 ms)
  batch 2/3: 4.002542 sec, 5 copies (server sum 3895.697 ms)
  batch 3/3: 3.982385 sec, 5 copies (server sum 3886.941 ms)
  slope: pkg 9.784 J/exec (intercept 0.8371 J), wall 0.774274 s/exec (intercept 0.124735 s)
[33/53] queries/tpch/tpch-queries/q13/v2_correlated.sql (2 warmup [warm ones = N=1 anchor] + 3 x5)
  warmup 1/2: 2.317571 sec, 1 copy (cache prime)
  warmup 2/2: 2.295758 sec, 1 copy (N=1 anchor)
  batch 1/3: 10.469088 sec, 5 copies (server sum 10376.018 ms)
  batch 2/3: 10.346597 sec, 5 copies (server sum 10302.789 ms)
  batch 3/3: 10.408255 sec, 5 copies (server sum 10306.244 ms)
  slope: pkg 19.26 J/exec (intercept 1.363 J), wall 2.028056 s/exec (intercept 0.267702 s)
[34/53] queries/tpch/tpch-queries/q14/base.sql (2 warmup [warm ones = N=1 anchor] + 3 x5)
  warmup 1/2: 0.387510 sec, 1 copy (cache prime)
  warmup 2/2: 0.424580 sec, 1 copy (N=1 anchor)
  batch 1/3: 1.670124 sec, 5 copies (server sum 1564.860 ms)
  batch 2/3: 1.669989 sec, 5 copies (server sum 1576.833 ms)
  batch 3/3: 1.681854 sec, 5 copies (server sum 1576.976 ms)
  slope: pkg 8.246 J/exec (intercept 0.8877 J), wall 0.312352 s/exec (intercept 0.112228 s)
[35/53] queries/tpch/tpch-queries/q14/v1_materialized.sql (2 warmup [warm ones = N=1 anchor] + 3 x5)
  warmup 1/2: 0.435386 sec, 1 copy (cache prime)
  warmup 2/2: 0.441617 sec, 1 copy (N=1 anchor)
  batch 1/3: 1.700338 sec, 5 copies (server sum 1588.644 ms)
  batch 2/3: 1.671486 sec, 5 copies (server sum 1571.926 ms)
  batch 3/3: 1.677179 sec, 5 copies (server sum 1581.667 ms)
  slope: pkg 8.416 J/exec (intercept 0.6824 J), wall 0.310346 s/exec (intercept 0.131271 s)
[36/53] queries/tpch/tpch-queries/q14/v2_filter.sql (2 warmup [warm ones = N=1 anchor] + 3 x5)
  warmup 1/2: 0.430689 sec, 1 copy (cache prime)
  warmup 2/2: 0.440215 sec, 1 copy (N=1 anchor)
  batch 1/3: 1.660070 sec, 5 copies (server sum 1564.495 ms)
  batch 2/3: 1.595420 sec, 5 copies (server sum 1499.376 ms)
  batch 3/3: 1.579855 sec, 5 copies (server sum 1489.214 ms)
  slope: pkg 8.413 J/exec (intercept 0.8518 J), wall 0.292892 s/exec (intercept 0.147324 s)
[37/53] queries/tpch/tpch-queries/q15/base.sql (2 warmup [warm ones = N=1 anchor] + 3 x5)
  warmup 1/2: 0.433672 sec, 1 copy (cache prime)
  warmup 2/2: 0.450673 sec, 1 copy (N=1 anchor)
  batch 1/3: 1.717304 sec, 5 copies (server sum 1619.312 ms)
  batch 2/3: 1.709541 sec, 5 copies (server sum 1612.614 ms)
  batch 3/3: 1.724610 sec, 5 copies (server sum 1632.156 ms)
  slope: pkg 8.86 J/exec (intercept 0.974 J), wall 0.316620 s/exec (intercept 0.134054 s)
[38/53] queries/tpch/tpch-queries/q15/v1_materialized.sql (2 warmup [warm ones = N=1 anchor] + 3 x5)
  warmup 1/2: 0.434153 sec, 1 copy (cache prime)
  warmup 2/2: 0.431802 sec, 1 copy (N=1 anchor)
  batch 1/3: 1.735860 sec, 5 copies (server sum 1633.773 ms)
  batch 2/3: 1.759831 sec, 5 copies (server sum 1659.362 ms)
  batch 3/3: 1.739970 sec, 5 copies (server sum 1647.899 ms)
  slope: pkg 8.511 J/exec (intercept 1.49 J), wall 0.328355 s/exec (intercept 0.103448 s)
[39/53] queries/tpch/tpch-queries/q16/base.sql (2 warmup [warm ones = N=1 anchor] + 3 x5)
  warmup 1/2: 0.349943 sec, 1 copy (cache prime)
  warmup 2/2: 0.356203 sec, 1 copy (N=1 anchor)
  batch 1/3: 1.364526 sec, 5 copies (server sum 1271.218 ms)
  batch 2/3: 1.391204 sec, 5 copies (server sum 1295.637 ms)
  batch 3/3: 1.374106 sec, 5 copies (server sum 1280.408 ms)
  slope: pkg 5.965 J/exec (intercept 0.7381 J), wall 0.255102 s/exec (intercept 0.101101 s)
[40/53] queries/tpch/tpch-queries/q16/v1_materialized.sql (2 warmup [warm ones = N=1 anchor] + 3 x5)
  warmup 1/2: 0.361413 sec, 1 copy (cache prime)
  warmup 2/2: 0.364613 sec, 1 copy (N=1 anchor)
  batch 1/3: 1.373393 sec, 5 copies (server sum 1330.353 ms)
  batch 2/3: 1.423706 sec, 5 copies (server sum 1326.694 ms)
  batch 3/3: 1.420509 sec, 5 copies (server sum 1311.318 ms)
  slope: pkg 5.881 J/exec (intercept 0.9288 J), wall 0.260314 s/exec (intercept 0.104299 s)
[41/53] queries/tpch/tpch-queries/q16/v2_not_exists.sql (2 warmup [warm ones = N=1 anchor] + 3 x5)
  warmup 1/2: 0.332320 sec, 1 copy (cache prime)
  warmup 2/2: 0.338813 sec, 1 copy (N=1 anchor)
  batch 1/3: 1.291396 sec, 5 copies (server sum 1197.047 ms)
  batch 2/3: 1.305206 sec, 5 copies (server sum 1204.934 ms)
  batch 3/3: 1.302050 sec, 5 copies (server sum 1200.834 ms)
  slope: pkg 5.439 J/exec (intercept 0.7532 J), wall 0.240185 s/exec (intercept 0.098628 s)
[42/53] queries/tpch/tpch-queries/q17/v2_decorrelate.sql (2 warmup [warm ones = N=1 anchor] + 3 x5)
  warmup 1/2: 2.745702 sec, 1 copy (cache prime)
  warmup 2/2: 2.783484 sec, 1 copy (N=1 anchor)
  batch 1/3: 13.123100 sec, 5 copies (server sum 13027.777 ms)
  batch 2/3: 13.019592 sec, 5 copies (server sum 12927.753 ms)
  batch 3/3: 13.097588 sec, 5 copies (server sum 12992.584 ms)
  slope: pkg 56.12 J/exec (intercept 0.06214 J), wall 2.574152 s/exec (intercept 0.209332 s)
[43/53] queries/tpch/tpch-queries/q18/base.sql (2 warmup [warm ones = N=1 anchor] + 3 x5)
  warmup 1/2: 2.334536 sec, 1 copy (cache prime)
  warmup 2/2: 2.337999 sec, 1 copy (N=1 anchor)
  batch 1/3: 12.001909 sec, 5 copies (server sum 11906.319 ms)
  batch 2/3: 12.019320 sec, 5 copies (server sum 11917.286 ms)
  batch 3/3: 11.905791 sec, 5 copies (server sum 11802.538 ms)
  slope: pkg 51.23 J/exec (intercept 7.544 J), wall 2.409419 s/exec (intercept -0.071419 s)
[44/53] queries/tpch/tpch-queries/q18/v1_materialized.sql (2 warmup [warm ones = N=1 anchor] + 3 x5)
  warmup 1/2: 2.632523 sec, 1 copy (cache prime)
  warmup 2/2: 2.685939 sec, 1 copy (N=1 anchor)
  batch 1/3: 12.866269 sec, 5 copies (server sum 12763.153 ms)
  batch 2/3: 12.574829 sec, 5 copies (server sum 12479.490 ms)
  batch 3/3: 12.875299 sec, 5 copies (server sum 12770.165 ms)
  slope: pkg 55.3 J/exec (intercept 3.693 J), wall 2.521548 s/exec (intercept 0.164390 s)
[45/53] queries/tpch/tpch-queries/q18/v2_join.sql (2 warmup [warm ones = N=1 anchor] + 3 x5)
  warmup 1/2: 2.470935 sec, 1 copy (cache prime)
  warmup 2/2: 2.393533 sec, 1 copy (N=1 anchor)
  batch 1/3: 11.961040 sec, 5 copies (server sum 11861.222 ms)
  batch 2/3: 11.985092 sec, 5 copies (server sum 11887.899 ms)
  batch 3/3: 12.014990 sec, 5 copies (server sum 11911.076 ms)
  slope: pkg 52.68 J/exec (intercept -0.4961 J), wall 2.398377 s/exec (intercept -0.004843 s)
[46/53] queries/tpch/tpch-queries/q19/base.sql (2 warmup [warm ones = N=1 anchor] + 3 x5)
  warmup 1/2: 0.603545 sec, 1 copy (cache prime)
  warmup 2/2: 0.610767 sec, 1 copy (N=1 anchor)
  batch 1/3: 2.602486 sec, 5 copies (server sum 2487.227 ms)
  batch 2/3: 2.624002 sec, 5 copies (server sum 2526.871 ms)
  batch 3/3: 2.591351 sec, 5 copies (server sum 2495.295 ms)
  slope: pkg 10.95 J/exec (intercept 2.484 J), wall 0.498795 s/exec (intercept 0.111973 s)
[47/53] queries/tpch/tpch-queries/q19/v1_materialized.sql (2 warmup [warm ones = N=1 anchor] + 3 x5)
  warmup 1/2: 0.599150 sec, 1 copy (cache prime)
  warmup 2/2: 0.599847 sec, 1 copy (N=1 anchor)
  batch 1/3: 2.616587 sec, 5 copies (server sum 2495.933 ms)
  batch 2/3: 2.573982 sec, 5 copies (server sum 2523.594 ms)
  batch 3/3: 2.586547 sec, 5 copies (server sum 2487.029 ms)
  slope: pkg 10.89 J/exec (intercept 2.451 J), wall 0.498131 s/exec (intercept 0.101716 s)
[48/53] queries/tpch/tpch-queries/q19/v2_union_all.sql (2 warmup [warm ones = N=1 anchor] + 3 x5)
  warmup 1/2: 1.738297 sec, 1 copy (cache prime)
  warmup 2/2: 1.804522 sec, 1 copy (N=1 anchor)
  batch 1/3: 8.382524 sec, 5 copies (server sum 8284.341 ms)
  batch 2/3: 8.348948 sec, 5 copies (server sum 8251.005 ms)
  batch 3/3: 8.375125 sec, 5 copies (server sum 8269.074 ms)
  slope: pkg 36.01 J/exec (intercept 3.619 J), wall 1.641086 s/exec (intercept 0.163436 s)
[49/53] queries/tpch/tpch-queries/q21/base.sql (2 warmup [warm ones = N=1 anchor] + 3 x5)
  warmup 1/2: 0.734633 sec, 1 copy (cache prime)
  warmup 2/2: 0.729429 sec, 1 copy (N=1 anchor)
  batch 1/3: 3.184714 sec, 5 copies (server sum 3084.619 ms)
  batch 2/3: 3.199026 sec, 5 copies (server sum 3098.066 ms)
  batch 3/3: 3.194643 sec, 5 copies (server sum 3092.358 ms)
  slope: pkg 13.67 J/exec (intercept 1.95 J), wall 0.615841 s/exec (intercept 0.113588 s)
[50/53] queries/tpch/tpch-queries/q21/v1_materialized.sql (2 warmup [warm ones = N=1 anchor] + 3 x5)
  warmup 1/2: 0.730844 sec, 1 copy (cache prime)
  warmup 2/2: 0.738675 sec, 1 copy (N=1 anchor)
  batch 1/3: 3.168045 sec, 5 copies (server sum 3067.262 ms)
  batch 2/3: 3.183392 sec, 5 copies (server sum 3086.287 ms)
  batch 3/3: 3.198730 sec, 5 copies (server sum 3100.001 ms)
  slope: pkg 13.73 J/exec (intercept 1.654 J), wall 0.611179 s/exec (intercept 0.127496 s)
[51/53] queries/tpch/tpch-queries/q22/base.sql (2 warmup [warm ones = N=1 anchor] + 3 x5)
  warmup 1/2: 0.150217 sec, 1 copy (cache prime)
  warmup 2/2: 0.096867 sec, 1 copy (N=1 anchor)
  batch 1/3: 0.322969 sec, 5 copies (server sum 277.853 ms)
  batch 2/3: 0.440498 sec, 5 copies (server sum 321.130 ms)
  batch 3/3: 0.419043 sec, 5 copies (server sum 306.670 ms)
  slope: pkg 1.496 J/exec (intercept 0.6762 J), wall 0.074326 s/exec (intercept 0.022542 s)
[52/53] queries/tpch/tpch-queries/q22/v1_materialized.sql (2 warmup [warm ones = N=1 anchor] + 3 x5)
  warmup 1/2: 0.203489 sec, 1 copy (cache prime)
  warmup 2/2: 0.106857 sec, 1 copy (N=1 anchor)
  batch 1/3: 0.331653 sec, 5 copies (server sum 286.350 ms)
  batch 2/3: 0.323719 sec, 5 copies (server sum 279.247 ms)
  batch 3/3: 0.426785 sec, 5 copies (server sum 314.464 ms)
  slope: pkg 1.539 J/exec (intercept 0.662 J), wall 0.063465 s/exec (intercept 0.043392 s)
[53/53] queries/tpch/tpch-queries/q22/v2_anti_join.sql (2 warmup [warm ones = N=1 anchor] + 3 x5)
  warmup 1/2: 0.268578 sec, 1 copy (cache prime)
  warmup 2/2: 0.269091 sec, 1 copy (N=1 anchor)
  batch 1/3: 0.684443 sec, 5 copies (server sum 589.481 ms)
  batch 2/3: 0.740124 sec, 5 copies (server sum 634.034 ms)
  batch 3/3: 0.736744 sec, 5 copies (server sum 626.683 ms)
  slope: pkg 3.086 J/exec (intercept 0.9141 J), wall 0.112836 s/exec (intercept 0.156255 s)

Done. Batch rows appended to logs/shared_buffers/sb_8GB/query_timing_tpch.csv
Per-copy samples appended to logs/shared_buffers/sb_8GB/query_samples_tpch.csv
Relation sizes appended to logs/shared_buffers/sb_8GB/query_catalog_tpch.csv
Per-query slope/intercept appended to logs/shared_buffers/sb_8GB/query_slope_tpch.csv
make: Leaving directory '/home/user01/GreenSQL'
