make: Entering directory '/home/user01/GreenSQL'
query_runner configuration:
  QUERY_DIR      = queries/tpch/tpch-queries
  LOG_FILE       = logs/shared_buffers/sb_8GB/query_timing_tpch_idx.csv
  SAMPLE_FILE    = logs/shared_buffers/sb_8GB/query_samples_tpch_idx.csv
  CATALOG_FILE   = logs/shared_buffers/sb_8GB/query_catalog_tpch_idx.csv
  SLOPE_FILE     = logs/shared_buffers/sb_8GB/query_slope_tpch_idx.csv
  DB_NAME        = tpch_idx
  DB_USER        = postgres
  PGPORT         = 5434
  PG_VERSION     = 18.4  (as reported by the server on that port)
  BATCHNUM       = 5 (slope sizes: 1 copy and 5 copies)
  RUNS           = 3 (measured batches per size)
  WARMUP         = 2 (single-copy; #1 primes cache, warm ones = N=1 anchor)
  WORKERS        = (planner default)
  STATEMENT_TIMEOUT = 900
  SIGLESS_ADDR   = (disabled)
Found 53 queries under queries/tpch/tpch-queries

Catalog snapshot: 37 relations -> logs/shared_buffers/sb_8GB/query_catalog_tpch_idx.csv
[1/53] queries/tpch/tpch-queries/q01/base.sql (2 warmup [warm ones = N=1 anchor] + 3 x5)
  warmup 1/2: 2.072833 sec, 1 copy (cache prime)
  warmup 2/2: 2.023625 sec, 1 copy (N=1 anchor)
  batch 1/3: 9.916847 sec, 5 copies (server sum 9799.000 ms)
  batch 2/3: 9.942705 sec, 5 copies (server sum 9846.764 ms)
  batch 3/3: 9.962716 sec, 5 copies (server sum 9861.341 ms)
  slope: pkg 43.45 J/exec (intercept 0.693 J), wall 1.979283 s/exec (intercept 0.044342 s)
[2/53] queries/tpch/tpch-queries/q01/v1_materialized.sql (2 warmup [warm ones = N=1 anchor] + 3 x5)
  warmup 1/2: 2.080061 sec, 1 copy (cache prime)
  warmup 2/2: 2.055039 sec, 1 copy (N=1 anchor)
  batch 1/3: 9.916833 sec, 5 copies (server sum 9801.439 ms)
  batch 2/3: 9.918000 sec, 5 copies (server sum 9821.421 ms)
  batch 3/3: 9.906162 sec, 5 copies (server sum 9810.581 ms)
  slope: pkg 43.13 J/exec (intercept 1.918 J), wall 1.964657 s/exec (intercept 0.090382 s)
[3/53] queries/tpch/tpch-queries/q02/base.sql (2 warmup [warm ones = N=1 anchor] + 3 x5)
  warmup 1/2: 0.378480 sec, 1 copy (cache prime)
  warmup 2/2: 0.289067 sec, 1 copy (N=1 anchor)
  batch 1/3: 1.048362 sec, 5 copies (server sum 941.116 ms)
  batch 2/3: 1.027493 sec, 5 copies (server sum 925.686 ms)
  batch 3/3: 1.042073 sec, 5 copies (server sum 932.004 ms)
  slope: pkg 2.122 J/exec (intercept 0.9421 J), wall 0.187561 s/exec (intercept 0.101506 s)
[4/53] queries/tpch/tpch-queries/q02/v1_materialized.sql (2 warmup [warm ones = N=1 anchor] + 3 x5)
  warmup 1/2: 0.317013 sec, 1 copy (cache prime)
  warmup 2/2: 0.330854 sec, 1 copy (N=1 anchor)
  batch 1/3: 1.212240 sec, 5 copies (server sum 1112.212 ms)
  batch 2/3: 1.143682 sec, 5 copies (server sum 1092.550 ms)
  batch 3/3: 1.170688 sec, 5 copies (server sum 1071.117 ms)
  slope: pkg 1.939 J/exec (intercept 0.7719 J), wall 0.211171 s/exec (intercept 0.119684 s)
[5/53] queries/tpch/tpch-queries/q02/v2_decorrelate.sql (2 warmup [warm ones = N=1 anchor] + 3 x5)
  warmup 1/2: 0.328426 sec, 1 copy (cache prime)
  warmup 2/2: 0.325688 sec, 1 copy (N=1 anchor)
  batch 1/3: 1.147481 sec, 5 copies (server sum 1045.111 ms)
  batch 2/3: 1.119341 sec, 5 copies (server sum 1015.259 ms)
  batch 3/3: 1.087800 sec, 5 copies (server sum 1034.486 ms)
  slope: pkg 1.489 J/exec (intercept 0.7124 J), wall 0.198130 s/exec (intercept 0.127559 s)
[6/53] queries/tpch/tpch-queries/q03/base.sql (2 warmup [warm ones = N=1 anchor] + 3 x5)
  warmup 1/2: 0.493498 sec, 1 copy (cache prime)
  warmup 2/2: 0.410138 sec, 1 copy (N=1 anchor)
  batch 1/3: 1.523131 sec, 5 copies (server sum 1422.803 ms)
  batch 2/3: 1.511305 sec, 5 copies (server sum 1417.410 ms)
  batch 3/3: 1.519960 sec, 5 copies (server sum 1423.819 ms)
  slope: pkg 7.484 J/exec (intercept 1.305 J), wall 0.276998 s/exec (intercept 0.133140 s)
[7/53] queries/tpch/tpch-queries/q03/v1_materialized.sql (2 warmup [warm ones = N=1 anchor] + 3 x5)
  warmup 1/2: 0.348002 sec, 1 copy (cache prime)
  warmup 2/2: 0.415475 sec, 1 copy (N=1 anchor)
  batch 1/3: 1.526774 sec, 5 copies (server sum 1430.201 ms)
  batch 2/3: 1.475118 sec, 5 copies (server sum 1429.942 ms)
  batch 3/3: 1.522042 sec, 5 copies (server sum 1428.072 ms)
  slope: pkg 7.448 J/exec (intercept 1.973 J), wall 0.273126 s/exec (intercept 0.142349 s)
[8/53] queries/tpch/tpch-queries/q04/base.sql (2 warmup [warm ones = N=1 anchor] + 3 x5)
  warmup 1/2: 0.205300 sec, 1 copy (cache prime)
  warmup 2/2: 0.166964 sec, 1 copy (N=1 anchor)
  batch 1/3: 0.551098 sec, 5 copies (server sum 507.581 ms)
  batch 2/3: 0.604071 sec, 5 copies (server sum 511.355 ms)
  batch 3/3: 0.603079 sec, 5 copies (server sum 511.308 ms)
  slope: pkg 2.489 J/exec (intercept 1.618 J), wall 0.104780 s/exec (intercept 0.062185 s)
[9/53] queries/tpch/tpch-queries/q04/v1_materialized.sql (2 warmup [warm ones = N=1 anchor] + 3 x5)
  warmup 1/2: 0.204804 sec, 1 copy (cache prime)
  warmup 2/2: 0.156676 sec, 1 copy (N=1 anchor)
  batch 1/3: 0.584730 sec, 5 copies (server sum 508.591 ms)
  batch 2/3: 0.609322 sec, 5 copies (server sum 514.439 ms)
  batch 3/3: 0.602564 sec, 5 copies (server sum 509.779 ms)
  slope: pkg 2.581 J/exec (intercept 1.111 J), wall 0.110549 s/exec (intercept 0.046127 s)
[10/53] queries/tpch/tpch-queries/q04/v2_in.sql (2 warmup [warm ones = N=1 anchor] + 3 x5)
  warmup 1/2: 0.206407 sec, 1 copy (cache prime)
  warmup 2/2: 0.157328 sec, 1 copy (N=1 anchor)
  batch 1/3: 0.596929 sec, 5 copies (server sum 509.652 ms)
  batch 2/3: 0.601457 sec, 5 copies (server sum 508.634 ms)
  batch 3/3: 0.609670 sec, 5 copies (server sum 515.141 ms)
  slope: pkg 2.616 J/exec (intercept 1.095 J), wall 0.111339 s/exec (intercept 0.045989 s)
[11/53] queries/tpch/tpch-queries/q05/base.sql (2 warmup [warm ones = N=1 anchor] + 3 x5)
  warmup 1/2: 0.376655 sec, 1 copy (cache prime)
  warmup 2/2: 0.378653 sec, 1 copy (N=1 anchor)
  batch 1/3: 1.438134 sec, 5 copies (server sum 1322.736 ms)
  batch 2/3: 1.414179 sec, 5 copies (server sum 1297.956 ms)
  batch 3/3: 1.404669 sec, 5 copies (server sum 1295.369 ms)
  slope: pkg 3.555 J/exec (intercept 1.103 J), wall 0.260085 s/exec (intercept 0.118568 s)
[12/53] queries/tpch/tpch-queries/q05/v1_materialized.sql (2 warmup [warm ones = N=1 anchor] + 3 x5)
  warmup 1/2: 0.361352 sec, 1 copy (cache prime)
  warmup 2/2: 0.373720 sec, 1 copy (N=1 anchor)
  batch 1/3: 1.409461 sec, 5 copies (server sum 1300.401 ms)
  batch 2/3: 1.456329 sec, 5 copies (server sum 1353.069 ms)
  batch 3/3: 1.460337 sec, 5 copies (server sum 1347.199 ms)
  slope: pkg 4.497 J/exec (intercept 0.0723 J), wall 0.267081 s/exec (intercept 0.106639 s)
[13/53] queries/tpch/tpch-queries/q06/base.sql (2 warmup [warm ones = N=1 anchor] + 3 x5)
  warmup 1/2: 0.173889 sec, 1 copy (cache prime)
  warmup 2/2: 0.114150 sec, 1 copy (N=1 anchor)
  batch 1/3: 0.407828 sec, 5 copies (server sum 362.904 ms)
  batch 2/3: 0.461727 sec, 5 copies (server sum 357.194 ms)
  batch 3/3: 0.480967 sec, 5 copies (server sum 372.624 ms)
  slope: pkg 1.969 J/exec (intercept 0.7617 J), wall 0.084006 s/exec (intercept 0.030145 s)
[14/53] queries/tpch/tpch-queries/q06/v1_materialized.sql (2 warmup [warm ones = N=1 anchor] + 3 x5)
  warmup 1/2: 0.223447 sec, 1 copy (cache prime)
  warmup 2/2: 0.105114 sec, 1 copy (N=1 anchor)
  batch 1/3: 0.370823 sec, 5 copies (server sum 328.469 ms)
  batch 2/3: 0.492809 sec, 5 copies (server sum 381.646 ms)
  batch 3/3: 0.373026 sec, 5 copies (server sum 330.975 ms)
  slope: pkg 1.88 J/exec (intercept 0.4779 J), wall 0.076776 s/exec (intercept 0.028338 s)
[15/53] queries/tpch/tpch-queries/q07/base.sql (2 warmup [warm ones = N=1 anchor] + 3 x5)
  warmup 1/2: 0.790354 sec, 1 copy (cache prime)
  warmup 2/2: 0.751363 sec, 1 copy (N=1 anchor)
  batch 1/3: 3.203391 sec, 5 copies (server sum 3100.520 ms)
  batch 2/3: 3.193107 sec, 5 copies (server sum 3090.415 ms)
  batch 3/3: 3.185982 sec, 5 copies (server sum 3086.633 ms)
  slope: pkg 9.536 J/exec (intercept 0.999 J), wall 0.610699 s/exec (intercept 0.140664 s)
[16/53] queries/tpch/tpch-queries/q07/v1_materialized.sql (2 warmup [warm ones = N=1 anchor] + 3 x5)
  warmup 1/2: 0.749820 sec, 1 copy (cache prime)
  warmup 2/2: 0.758109 sec, 1 copy (N=1 anchor)
  batch 1/3: 3.215686 sec, 5 copies (server sum 3108.510 ms)
  batch 2/3: 3.168925 sec, 5 copies (server sum 3066.639 ms)
  batch 3/3: 3.175012 sec, 5 copies (server sum 3075.299 ms)
  slope: pkg 9.392 J/exec (intercept 1.021 J), wall 0.607108 s/exec (intercept 0.151001 s)
[17/53] queries/tpch/tpch-queries/q07/v2_union_all.sql (2 warmup [warm ones = N=1 anchor] + 3 x5)
  warmup 1/2: 0.709174 sec, 1 copy (cache prime)
  warmup 2/2: 0.701731 sec, 1 copy (N=1 anchor)
  batch 1/3: 3.041202 sec, 5 copies (server sum 2937.132 ms)
  batch 2/3: 3.031716 sec, 5 copies (server sum 2928.567 ms)
  batch 3/3: 3.068052 sec, 5 copies (server sum 2963.844 ms)
  slope: pkg 7.399 J/exec (intercept 2.13 J), wall 0.586315 s/exec (intercept 0.115417 s)
[18/53] queries/tpch/tpch-queries/q08/base.sql (2 warmup [warm ones = N=1 anchor] + 3 x5)
  warmup 1/2: 0.271665 sec, 1 copy (cache prime)
  warmup 2/2: 0.247302 sec, 1 copy (N=1 anchor)
  batch 1/3: 0.761699 sec, 5 copies (server sum 707.984 ms)
  batch 2/3: 0.809808 sec, 5 copies (server sum 706.049 ms)
  batch 3/3: 0.775579 sec, 5 copies (server sum 703.223 ms)
  slope: pkg 2.327 J/exec (intercept 1.618 J), wall 0.133765 s/exec (intercept 0.113537 s)
[19/53] queries/tpch/tpch-queries/q08/v1_materialized.sql (2 warmup [warm ones = N=1 anchor] + 3 x5)
  warmup 1/2: 0.250625 sec, 1 copy (cache prime)
  warmup 2/2: 0.251667 sec, 1 copy (N=1 anchor)
  batch 1/3: 0.769778 sec, 5 copies (server sum 715.469 ms)
  batch 2/3: 0.823500 sec, 5 copies (server sum 713.734 ms)
  batch 3/3: 0.812717 sec, 5 copies (server sum 706.905 ms)
  slope: pkg 2.334 J/exec (intercept 1.524 J), wall 0.137583 s/exec (intercept 0.114085 s)
[20/53] queries/tpch/tpch-queries/q08/v2_filter.sql (2 warmup [warm ones = N=1 anchor] + 3 x5)
  warmup 1/2: 0.244152 sec, 1 copy (cache prime)
  warmup 2/2: 0.251415 sec, 1 copy (N=1 anchor)
  batch 1/3: 0.763073 sec, 5 copies (server sum 706.570 ms)
  batch 2/3: 0.811651 sec, 5 copies (server sum 708.114 ms)
  batch 3/3: 0.806847 sec, 5 copies (server sum 704.334 ms)
  slope: pkg 2.365 J/exec (intercept 1.409 J), wall 0.135610 s/exec (intercept 0.115805 s)
[21/53] queries/tpch/tpch-queries/q09/base.sql (2 warmup [warm ones = N=1 anchor] + 3 x5)
  warmup 1/2: 1.186913 sec, 1 copy (cache prime)
  warmup 2/2: 1.149943 sec, 1 copy (N=1 anchor)
  batch 1/3: 5.663777 sec, 5 copies (server sum 5558.613 ms)
  batch 2/3: 5.920193 sec, 5 copies (server sum 5814.001 ms)
  batch 3/3: 5.886173 sec, 5 copies (server sum 5779.417 ms)
  slope: pkg 20.1 J/exec (intercept 3.343 J), wall 1.168359 s/exec (intercept -0.018416 s)
[22/53] queries/tpch/tpch-queries/q09/v1_materialized.sql (2 warmup [warm ones = N=1 anchor] + 3 x5)
  warmup 1/2: 1.258432 sec, 1 copy (cache prime)
  warmup 2/2: 1.278859 sec, 1 copy (N=1 anchor)
  batch 1/3: 5.909095 sec, 5 copies (server sum 5801.852 ms)
  batch 2/3: 5.929277 sec, 5 copies (server sum 5814.740 ms)
  batch 3/3: 5.919895 sec, 5 copies (server sum 5805.014 ms)
  slope: pkg 20.01 J/exec (intercept 1.187 J), wall 1.160141 s/exec (intercept 0.118718 s)
[23/53] queries/tpch/tpch-queries/q10/base.sql (2 warmup [warm ones = N=1 anchor] + 3 x5)
  warmup 1/2: 0.425089 sec, 1 copy (cache prime)
  warmup 2/2: 0.431766 sec, 1 copy (N=1 anchor)
  batch 1/3: 1.620597 sec, 5 copies (server sum 1523.007 ms)
  batch 2/3: 1.615952 sec, 5 copies (server sum 1513.328 ms)
  batch 3/3: 1.582575 sec, 5 copies (server sum 1532.743 ms)
  slope: pkg 6.66 J/exec (intercept 1.449 J), wall 0.293652 s/exec (intercept 0.138114 s)
[24/53] queries/tpch/tpch-queries/q10/v1_materialized.sql (2 warmup [warm ones = N=1 anchor] + 3 x5)
  warmup 1/2: 0.443427 sec, 1 copy (cache prime)
  warmup 2/2: 0.441787 sec, 1 copy (N=1 anchor)
  batch 1/3: 1.708853 sec, 5 copies (server sum 1612.163 ms)
  batch 2/3: 1.705242 sec, 5 copies (server sum 1608.309 ms)
  batch 3/3: 1.693688 sec, 5 copies (server sum 1595.910 ms)
  slope: pkg 6.866 J/exec (intercept 1.498 J), wall 0.315202 s/exec (intercept 0.126585 s)
[25/53] queries/tpch/tpch-queries/q11/base.sql (2 warmup [warm ones = N=1 anchor] + 3 x5)
  warmup 1/2: 0.179591 sec, 1 copy (cache prime)
  warmup 2/2: 0.130764 sec, 1 copy (N=1 anchor)
  batch 1/3: 0.512476 sec, 5 copies (server sum 407.220 ms)
  batch 2/3: 0.512120 sec, 5 copies (server sum 413.927 ms)
  batch 3/3: 0.525230 sec, 5 copies (server sum 429.607 ms)
  slope: pkg 0.6572 J/exec (intercept 0.7205 J), wall 0.096461 s/exec (intercept 0.034303 s)
[26/53] queries/tpch/tpch-queries/q11/v1_materialized.sql (2 warmup [warm ones = N=1 anchor] + 3 x5)
  warmup 1/2: 0.181955 sec, 1 copy (cache prime)
  warmup 2/2: 0.132619 sec, 1 copy (N=1 anchor)
  batch 1/3: 0.536894 sec, 5 copies (server sum 432.662 ms)
  batch 2/3: 0.524111 sec, 5 copies (server sum 426.926 ms)
  batch 3/3: 0.540931 sec, 5 copies (server sum 441.846 ms)
  slope: pkg 0.6244 J/exec (intercept 0.717 J), wall 0.100340 s/exec (intercept 0.032279 s)
[27/53] queries/tpch/tpch-queries/q11/v2_cte_threshold.sql (2 warmup [warm ones = N=1 anchor] + 3 x5)
  warmup 1/2: 0.183363 sec, 1 copy (cache prime)
  warmup 2/2: 0.135049 sec, 1 copy (N=1 anchor)
  batch 1/3: 0.530222 sec, 5 copies (server sum 431.923 ms)
  batch 2/3: 0.542878 sec, 5 copies (server sum 443.320 ms)
  batch 3/3: 0.471624 sec, 5 copies (server sum 422.231 ms)
  slope: pkg 0.6066 J/exec (intercept 0.7289 J), wall 0.094965 s/exec (intercept 0.040084 s)
[28/53] queries/tpch/tpch-queries/q12/base.sql (2 warmup [warm ones = N=1 anchor] + 3 x5)
  warmup 1/2: 0.572146 sec, 1 copy (cache prime)
  warmup 2/2: 0.563673 sec, 1 copy (N=1 anchor)
  batch 1/3: 2.311330 sec, 5 copies (server sum 2216.022 ms)
  batch 2/3: 2.324164 sec, 5 copies (server sum 2225.004 ms)
  batch 3/3: 2.322175 sec, 5 copies (server sum 2228.280 ms)
  slope: pkg 11.53 J/exec (intercept 1.371 J), wall 0.438887 s/exec (intercept 0.124786 s)
[29/53] queries/tpch/tpch-queries/q12/v1_materialized.sql (2 warmup [warm ones = N=1 anchor] + 3 x5)
  warmup 1/2: 0.564466 sec, 1 copy (cache prime)
  warmup 2/2: 0.564754 sec, 1 copy (N=1 anchor)
  batch 1/3: 2.315381 sec, 5 copies (server sum 2220.590 ms)
  batch 2/3: 2.314119 sec, 5 copies (server sum 2219.267 ms)
  batch 3/3: 2.319114 sec, 5 copies (server sum 2223.030 ms)
  slope: pkg 11.65 J/exec (intercept 1.464 J), wall 0.437863 s/exec (intercept 0.126891 s)
[30/53] queries/tpch/tpch-queries/q12/v2_filter.sql (2 warmup [warm ones = N=1 anchor] + 3 x5)
  warmup 1/2: 0.562167 sec, 1 copy (cache prime)
  warmup 2/2: 0.566065 sec, 1 copy (N=1 anchor)
  batch 1/3: 2.324224 sec, 5 copies (server sum 2229.666 ms)
  batch 2/3: 2.339513 sec, 5 copies (server sum 2245.445 ms)
  batch 3/3: 2.350012 sec, 5 copies (server sum 2256.232 ms)
  slope: pkg 11.38 J/exec (intercept 1.696 J), wall 0.442963 s/exec (intercept 0.123102 s)
[31/53] queries/tpch/tpch-queries/q13/base.sql (2 warmup [warm ones = N=1 anchor] + 3 x5)
  warmup 1/2: 0.884725 sec, 1 copy (cache prime)
  warmup 2/2: 0.908857 sec, 1 copy (N=1 anchor)
  batch 1/3: 4.004562 sec, 5 copies (server sum 3896.940 ms)
  batch 2/3: 3.983375 sec, 5 copies (server sum 3884.991 ms)
  batch 3/3: 3.976086 sec, 5 copies (server sum 3876.947 ms)
  slope: pkg 9.928 J/exec (intercept 0.7318 J), wall 0.769787 s/exec (intercept 0.139070 s)
[32/53] queries/tpch/tpch-queries/q13/v1_materialized.sql (2 warmup [warm ones = N=1 anchor] + 3 x5)
  warmup 1/2: 0.898367 sec, 1 copy (cache prime)
  warmup 2/2: 0.888278 sec, 1 copy (N=1 anchor)
  batch 1/3: 3.983878 sec, 5 copies (server sum 3886.712 ms)
  batch 2/3: 3.967584 sec, 5 copies (server sum 3870.345 ms)
  batch 3/3: 3.980875 sec, 5 copies (server sum 3875.927 ms)
  slope: pkg 9.875 J/exec (intercept 0.8816 J), wall 0.772292 s/exec (intercept 0.115987 s)
[33/53] queries/tpch/tpch-queries/q13/v2_correlated.sql (2 warmup [warm ones = N=1 anchor] + 3 x5)
  warmup 1/2: 2.293229 sec, 1 copy (cache prime)
  warmup 2/2: 2.286496 sec, 1 copy (N=1 anchor)
  batch 1/3: 10.485046 sec, 5 copies (server sum 10390.612 ms)
  batch 2/3: 10.477537 sec, 5 copies (server sum 10381.870 ms)
  batch 3/3: 10.366963 sec, 5 copies (server sum 10322.672 ms)
  slope: pkg 19.9 J/exec (intercept 1.004 J), wall 2.039171 s/exec (intercept 0.247325 s)
[34/53] queries/tpch/tpch-queries/q14/base.sql (2 warmup [warm ones = N=1 anchor] + 3 x5)
  warmup 1/2: 0.209342 sec, 1 copy (cache prime)
  warmup 2/2: 0.211402 sec, 1 copy (N=1 anchor)
  batch 1/3: 0.744991 sec, 5 copies (server sum 699.768 ms)
  batch 2/3: 0.795131 sec, 5 copies (server sum 700.144 ms)
  batch 3/3: 0.806914 sec, 5 copies (server sum 710.711 ms)
  slope: pkg 2.843 J/exec (intercept 1.302 J), wall 0.142736 s/exec (intercept 0.068666 s)
[35/53] queries/tpch/tpch-queries/q14/v1_materialized.sql (2 warmup [warm ones = N=1 anchor] + 3 x5)
  warmup 1/2: 0.258512 sec, 1 copy (cache prime)
  warmup 2/2: 0.255878 sec, 1 copy (N=1 anchor)
  batch 1/3: 0.751709 sec, 5 copies (server sum 703.161 ms)
  batch 2/3: 0.807996 sec, 5 copies (server sum 712.881 ms)
  batch 3/3: 0.814195 sec, 5 copies (server sum 712.245 ms)
  slope: pkg 2.78 J/exec (intercept 1.584 J), wall 0.133856 s/exec (intercept 0.122023 s)
[36/53] queries/tpch/tpch-queries/q14/v2_filter.sql (2 warmup [warm ones = N=1 anchor] + 3 x5)
  warmup 1/2: 0.264789 sec, 1 copy (cache prime)
  warmup 2/2: 0.259245 sec, 1 copy (N=1 anchor)
  batch 1/3: 0.803748 sec, 5 copies (server sum 706.340 ms)
  batch 2/3: 0.806810 sec, 5 copies (server sum 706.083 ms)
  batch 3/3: 0.808651 sec, 5 copies (server sum 712.152 ms)
  slope: pkg 2.729 J/exec (intercept 1.641 J), wall 0.136790 s/exec (intercept 0.122455 s)
[37/53] queries/tpch/tpch-queries/q15/base.sql (2 warmup [warm ones = N=1 anchor] + 3 x5)
  warmup 1/2: 0.384055 sec, 1 copy (cache prime)
  warmup 2/2: 0.377368 sec, 1 copy (N=1 anchor)
  batch 1/3: 1.405587 sec, 5 copies (server sum 1310.990 ms)
  batch 2/3: 1.421226 sec, 5 copies (server sum 1318.878 ms)
  batch 3/3: 1.412012 sec, 5 copies (server sum 1314.700 ms)
  slope: pkg 6.097 J/exec (intercept 1.539 J), wall 0.258893 s/exec (intercept 0.118475 s)
[38/53] queries/tpch/tpch-queries/q15/v1_materialized.sql (2 warmup [warm ones = N=1 anchor] + 3 x5)
  warmup 1/2: 0.378912 sec, 1 copy (cache prime)
  warmup 2/2: 0.379083 sec, 1 copy (N=1 anchor)
  batch 1/3: 1.416036 sec, 5 copies (server sum 1320.603 ms)
  batch 2/3: 1.406214 sec, 5 copies (server sum 1312.243 ms)
  batch 3/3: 1.435753 sec, 5 copies (server sum 1335.025 ms)
  slope: pkg 6.159 J/exec (intercept 1.348 J), wall 0.260063 s/exec (intercept 0.119021 s)
[39/53] queries/tpch/tpch-queries/q16/base.sql (2 warmup [warm ones = N=1 anchor] + 3 x5)
  warmup 1/2: 0.355210 sec, 1 copy (cache prime)
  warmup 2/2: 0.350082 sec, 1 copy (N=1 anchor)
  batch 1/3: 1.303806 sec, 5 copies (server sum 1201.901 ms)
  batch 2/3: 1.312138 sec, 5 copies (server sum 1205.662 ms)
  batch 3/3: 1.249811 sec, 5 copies (server sum 1204.233 ms)
  slope: pkg 5.924 J/exec (intercept 0.6737 J), wall 0.234626 s/exec (intercept 0.115456 s)
[40/53] queries/tpch/tpch-queries/q16/v1_materialized.sql (2 warmup [warm ones = N=1 anchor] + 3 x5)
  warmup 1/2: 0.354178 sec, 1 copy (cache prime)
  warmup 2/2: 0.396388 sec, 1 copy (N=1 anchor)
  batch 1/3: 1.268449 sec, 5 copies (server sum 1219.057 ms)
  batch 2/3: 1.324099 sec, 5 copies (server sum 1219.287 ms)
  batch 3/3: 1.320039 sec, 5 copies (server sum 1216.703 ms)
  slope: pkg 5.96 J/exec (intercept 0.7144 J), wall 0.226952 s/exec (intercept 0.169436 s)
[41/53] queries/tpch/tpch-queries/q16/v2_not_exists.sql (2 warmup [warm ones = N=1 anchor] + 3 x5)
  warmup 1/2: 0.310246 sec, 1 copy (cache prime)
  warmup 2/2: 0.322650 sec, 1 copy (N=1 anchor)
  batch 1/3: 1.163406 sec, 5 copies (server sum 1059.673 ms)
  batch 2/3: 1.107465 sec, 5 copies (server sum 1061.276 ms)
  batch 3/3: 1.160630 sec, 5 copies (server sum 1053.280 ms)
  slope: pkg 4.911 J/exec (intercept 0.5424 J), wall 0.205296 s/exec (intercept 0.117355 s)
[42/53] queries/tpch/tpch-queries/q17/v2_decorrelate.sql (2 warmup [warm ones = N=1 anchor] + 3 x5)
  warmup 1/2: 2.302963 sec, 1 copy (cache prime)
  warmup 2/2: 2.199197 sec, 1 copy (N=1 anchor)
  batch 1/3: 10.446883 sec, 5 copies (server sum 10352.082 ms)
  batch 2/3: 10.588251 sec, 5 copies (server sum 10493.171 ms)
  batch 3/3: 10.608440 sec, 5 copies (server sum 10504.976 ms)
  slope: pkg 43.43 J/exec (intercept 2.621 J), wall 2.087165 s/exec (intercept 0.112032 s)
[43/53] queries/tpch/tpch-queries/q18/base.sql (2 warmup [warm ones = N=1 anchor] + 3 x5)
  warmup 1/2: 2.215971 sec, 1 copy (cache prime)
  warmup 2/2: 2.339262 sec, 1 copy (N=1 anchor)
  batch 1/3: 11.548570 sec, 5 copies (server sum 11449.812 ms)
  batch 2/3: 11.888352 sec, 5 copies (server sum 11778.192 ms)
  batch 3/3: 11.838505 sec, 5 copies (server sum 11724.422 ms)
  slope: pkg 50.89 J/exec (intercept 10.52 J), wall 2.354803 s/exec (intercept -0.015541 s)
[44/53] queries/tpch/tpch-queries/q18/v1_materialized.sql (2 warmup [warm ones = N=1 anchor] + 3 x5)
  warmup 1/2: 2.589411 sec, 1 copy (cache prime)
  warmup 2/2: 2.687786 sec, 1 copy (N=1 anchor)
  batch 1/3: 12.711525 sec, 5 copies (server sum 12562.399 ms)
  batch 2/3: 12.877752 sec, 5 copies (server sum 12775.988 ms)
  batch 3/3: 12.640493 sec, 5 copies (server sum 12529.061 ms)
  slope: pkg 55.14 J/exec (intercept 3.963 J), wall 2.513868 s/exec (intercept 0.173919 s)
[45/53] queries/tpch/tpch-queries/q18/v2_join.sql (2 warmup [warm ones = N=1 anchor] + 3 x5)
  warmup 1/2: 2.399017 sec, 1 copy (cache prime)
  warmup 2/2: 2.470032 sec, 1 copy (N=1 anchor)
  batch 1/3: 11.827131 sec, 5 copies (server sum 11723.997 ms)
  batch 2/3: 11.698986 sec, 5 copies (server sum 11594.829 ms)
  batch 3/3: 11.691702 sec, 5 copies (server sum 11581.767 ms)
  slope: pkg 50.97 J/exec (intercept 2.706 J), wall 2.317310 s/exec (intercept 0.152722 s)
[46/53] queries/tpch/tpch-queries/q19/base.sql (2 warmup [warm ones = N=1 anchor] + 3 x5)
  warmup 1/2: 0.142838 sec, 1 copy (cache prime)
  warmup 2/2: 0.086412 sec, 1 copy (N=1 anchor)
  batch 1/3: 0.242757 sec, 5 copies (server sum 195.621 ms)
  batch 2/3: 0.303880 sec, 5 copies (server sum 200.842 ms)
  batch 3/3: 0.306686 sec, 5 copies (server sum 204.902 ms)
  slope: pkg 0.8314 J/exec (intercept 0.8546 J), wall 0.049507 s/exec (intercept 0.036905 s)
[47/53] queries/tpch/tpch-queries/q19/v1_materialized.sql (2 warmup [warm ones = N=1 anchor] + 3 x5)
  warmup 1/2: 0.137498 sec, 1 copy (cache prime)
  warmup 2/2: 0.088730 sec, 1 copy (N=1 anchor)
  batch 1/3: 0.247452 sec, 5 copies (server sum 200.198 ms)
  batch 2/3: 0.303163 sec, 5 copies (server sum 199.644 ms)
  batch 3/3: 0.302207 sec, 5 copies (server sum 204.333 ms)
  slope: pkg 0.822 J/exec (intercept 0.9415 J), wall 0.048886 s/exec (intercept 0.039845 s)
[48/53] queries/tpch/tpch-queries/q19/v2_union_all.sql (2 warmup [warm ones = N=1 anchor] + 3 x5)
  warmup 1/2: 0.154233 sec, 1 copy (cache prime)
  warmup 2/2: 0.101403 sec, 1 copy (N=1 anchor)
  batch 1/3: 0.312192 sec, 5 copies (server sum 261.618 ms)
  batch 2/3: 0.335040 sec, 5 copies (server sum 236.656 ms)
  batch 3/3: 0.337564 sec, 5 copies (server sum 231.458 ms)
  slope: pkg 1.122 J/exec (intercept 0.7428 J), wall 0.056716 s/exec (intercept 0.044687 s)
[49/53] queries/tpch/tpch-queries/q21/base.sql (2 warmup [warm ones = N=1 anchor] + 3 x5)
  warmup 1/2: 0.681354 sec, 1 copy (cache prime)
  warmup 2/2: 0.717998 sec, 1 copy (N=1 anchor)
  batch 1/3: 2.950502 sec, 5 copies (server sum 2848.262 ms)
  batch 2/3: 2.916493 sec, 5 copies (server sum 2816.423 ms)
  batch 3/3: 2.912328 sec, 5 copies (server sum 2812.587 ms)
  slope: pkg 10.68 J/exec (intercept 0.9982 J), wall 0.552111 s/exec (intercept 0.165888 s)
[50/53] queries/tpch/tpch-queries/q21/v1_materialized.sql (2 warmup [warm ones = N=1 anchor] + 3 x5)
  warmup 1/2: 0.660789 sec, 1 copy (cache prime)
  warmup 2/2: 0.660663 sec, 1 copy (N=1 anchor)
  batch 1/3: 2.928179 sec, 5 copies (server sum 2828.403 ms)
  batch 2/3: 2.916850 sec, 5 copies (server sum 2815.527 ms)
  batch 3/3: 2.916887 sec, 5 copies (server sum 2817.708 ms)
  slope: pkg 10.62 J/exec (intercept 0.9754 J), wall 0.564994 s/exec (intercept 0.095669 s)
[51/53] queries/tpch/tpch-queries/q22/base.sql (2 warmup [warm ones = N=1 anchor] + 3 x5)
  warmup 1/2: 0.153784 sec, 1 copy (cache prime)
  warmup 2/2: 0.095850 sec, 1 copy (N=1 anchor)
  batch 1/3: 0.328343 sec, 5 copies (server sum 284.673 ms)
  batch 2/3: 0.404252 sec, 5 copies (server sum 297.902 ms)
  batch 3/3: 0.426615 sec, 5 copies (server sum 317.181 ms)
  slope: pkg 1.521 J/exec (intercept 0.6647 J), wall 0.072638 s/exec (intercept 0.023212 s)
[52/53] queries/tpch/tpch-queries/q22/v1_materialized.sql (2 warmup [warm ones = N=1 anchor] + 3 x5)
  warmup 1/2: 0.199157 sec, 1 copy (cache prime)
  warmup 2/2: 0.095118 sec, 1 copy (N=1 anchor)
  batch 1/3: 0.323371 sec, 5 copies (server sum 279.569 ms)
  batch 2/3: 0.449367 sec, 5 copies (server sum 341.239 ms)
  batch 3/3: 0.385227 sec, 5 copies (server sum 278.711 ms)
  slope: pkg 1.54 J/exec (intercept 0.5987 J), wall 0.072718 s/exec (intercept 0.022401 s)
[53/53] queries/tpch/tpch-queries/q22/v2_anti_join.sql (2 warmup [warm ones = N=1 anchor] + 3 x5)
  warmup 1/2: 0.165602 sec, 1 copy (cache prime)
  warmup 2/2: 0.176281 sec, 1 copy (N=1 anchor)
  batch 1/3: 0.677550 sec, 5 copies (server sum 603.393 ms)
  batch 2/3: 0.743282 sec, 5 copies (server sum 631.997 ms)
  batch 3/3: 0.771752 sec, 5 copies (server sum 650.384 ms)
  slope: pkg 2.257 J/exec (intercept 0.9032 J), wall 0.138645 s/exec (intercept 0.037636 s)

Done. Batch rows appended to logs/shared_buffers/sb_8GB/query_timing_tpch_idx.csv
Per-copy samples appended to logs/shared_buffers/sb_8GB/query_samples_tpch_idx.csv
Relation sizes appended to logs/shared_buffers/sb_8GB/query_catalog_tpch_idx.csv
Per-query slope/intercept appended to logs/shared_buffers/sb_8GB/query_slope_tpch_idx.csv
make: Leaving directory '/home/user01/GreenSQL'
