make: Entering directory '/home/user01/GreenSQL'
query_runner configuration:
  QUERY_DIR      = queries/tpch/tpch-queries
  LOG_FILE       = logs/shared_buffers/sb_128MB/query_timing_tpch_idx.csv
  SAMPLE_FILE    = logs/shared_buffers/sb_128MB/query_samples_tpch_idx.csv
  CATALOG_FILE   = logs/shared_buffers/sb_128MB/query_catalog_tpch_idx.csv
  SLOPE_FILE     = logs/shared_buffers/sb_128MB/query_slope_tpch_idx.csv
  DB_NAME        = tpch_idx
  DB_USER        = postgres
  PGPORT         = 5434
  PG_VERSION     = 18.4  (as reported by the server on that port)
  BATCHNUM       = 5 (slope sizes: 1 copy and 5 copies)
  RUNS           = 3 (measured batches per size)
  WARMUP         = 2 (single-copy; #1 primes cache, warm ones = N=1 anchor)
  WORKERS        = (planner default)
  STATEMENT_TIMEOUT = 900
  SIGLESS_ADDR   = (disabled)
Found 53 queries under queries/tpch/tpch-queries

Catalog snapshot: 37 relations -> logs/shared_buffers/sb_128MB/query_catalog_tpch_idx.csv
[1/53] queries/tpch/tpch-queries/q01/base.sql (2 warmup [warm ones = N=1 anchor] + 3 x5)
  warmup 1/2: 2.269009 sec, 1 copy (cache prime)
  warmup 2/2: 2.066712 sec, 1 copy (N=1 anchor)
  batch 1/3: 10.190955 sec, 5 copies (server sum 10093.077 ms)
  batch 2/3: 10.311451 sec, 5 copies (server sum 10164.820 ms)
  batch 3/3: 10.251438 sec, 5 copies (server sum 10124.581 ms)
  slope: pkg 44.48 J/exec (intercept 2.341 J), wall 2.046142 s/exec (intercept 0.020570 s)
[2/53] queries/tpch/tpch-queries/q01/v1_materialized.sql (2 warmup [warm ones = N=1 anchor] + 3 x5)
  warmup 1/2: 2.154115 sec, 1 copy (cache prime)
  warmup 2/2: 2.045215 sec, 1 copy (N=1 anchor)
  batch 1/3: 10.244656 sec, 5 copies (server sum 10147.969 ms)
  batch 2/3: 10.254141 sec, 5 copies (server sum 10139.723 ms)
  batch 3/3: 10.185010 sec, 5 copies (server sum 10136.020 ms)
  slope: pkg 44.84 J/exec (intercept 0.1733 J), wall 2.045680 s/exec (intercept -0.000465 s)
[3/53] queries/tpch/tpch-queries/q02/base.sql (2 warmup [warm ones = N=1 anchor] + 3 x5)
  warmup 1/2: 0.856008 sec, 1 copy (cache prime)
  warmup 2/2: 0.412970 sec, 1 copy (N=1 anchor)
  batch 1/3: 1.590506 sec, 5 copies (server sum 1489.990 ms)
  batch 2/3: 1.554456 sec, 5 copies (server sum 1454.720 ms)
  batch 3/3: 1.556130 sec, 5 copies (server sum 1454.561 ms)
  slope: pkg 3.448 J/exec (intercept 0.9118 J), wall 0.288515 s/exec (intercept 0.124454 s)
[4/53] queries/tpch/tpch-queries/q02/v1_materialized.sql (2 warmup [warm ones = N=1 anchor] + 3 x5)
  warmup 1/2: 0.517658 sec, 1 copy (cache prime)
  warmup 2/2: 0.450509 sec, 1 copy (N=1 anchor)
  batch 1/3: 1.746692 sec, 5 copies (server sum 1644.926 ms)
  batch 2/3: 1.755798 sec, 5 copies (server sum 1653.977 ms)
  batch 3/3: 1.716622 sec, 5 copies (server sum 1612.728 ms)
  slope: pkg 3.173 J/exec (intercept 0.7858 J), wall 0.322299 s/exec (intercept 0.128210 s)
[5/53] queries/tpch/tpch-queries/q02/v2_decorrelate.sql (2 warmup [warm ones = N=1 anchor] + 3 x5)
  warmup 1/2: 0.442261 sec, 1 copy (cache prime)
  warmup 2/2: 0.443879 sec, 1 copy (N=1 anchor)
  batch 1/3: 1.741481 sec, 5 copies (server sum 1636.729 ms)
  batch 2/3: 1.722844 sec, 5 copies (server sum 1617.227 ms)
  batch 3/3: 1.739864 sec, 5 copies (server sum 1635.068 ms)
  slope: pkg 2.621 J/exec (intercept 0.7578 J), wall 0.322713 s/exec (intercept 0.121166 s)
[6/53] queries/tpch/tpch-queries/q03/base.sql (2 warmup [warm ones = N=1 anchor] + 3 x5)
  warmup 1/2: 0.809622 sec, 1 copy (cache prime)
  warmup 2/2: 0.497875 sec, 1 copy (N=1 anchor)
  batch 1/3: 2.282517 sec, 5 copies (server sum 2182.711 ms)
  batch 2/3: 2.285159 sec, 5 copies (server sum 2175.245 ms)
  batch 3/3: 2.254801 sec, 5 copies (server sum 2143.393 ms)
  slope: pkg 11.87 J/exec (intercept 0.7821 J), wall 0.444071 s/exec (intercept 0.053805 s)
[7/53] queries/tpch/tpch-queries/q03/v1_materialized.sql (2 warmup [warm ones = N=1 anchor] + 3 x5)
  warmup 1/2: 0.571478 sec, 1 copy (cache prime)
  warmup 2/2: 0.558812 sec, 1 copy (N=1 anchor)
  batch 1/3: 2.301331 sec, 5 copies (server sum 2199.723 ms)
  batch 2/3: 2.323482 sec, 5 copies (server sum 2214.104 ms)
  batch 3/3: 2.328135 sec, 5 copies (server sum 2217.980 ms)
  slope: pkg 11.8 J/exec (intercept 1.025 J), wall 0.439709 s/exec (intercept 0.119103 s)
[8/53] queries/tpch/tpch-queries/q04/base.sql (2 warmup [warm ones = N=1 anchor] + 3 x5)
  warmup 1/2: 0.314602 sec, 1 copy (cache prime)
  warmup 2/2: 0.300766 sec, 1 copy (N=1 anchor)
  batch 1/3: 1.009215 sec, 5 copies (server sum 903.019 ms)
  batch 2/3: 1.010660 sec, 5 copies (server sum 903.934 ms)
  batch 3/3: 1.025818 sec, 5 copies (server sum 918.074 ms)
  slope: pkg 5.55 J/exec (intercept 0.3333 J), wall 0.178616 s/exec (intercept 0.122149 s)
[9/53] queries/tpch/tpch-queries/q04/v1_materialized.sql (2 warmup [warm ones = N=1 anchor] + 3 x5)
  warmup 1/2: 0.298778 sec, 1 copy (cache prime)
  warmup 2/2: 0.233710 sec, 1 copy (N=1 anchor)
  batch 1/3: 0.936188 sec, 5 copies (server sum 892.584 ms)
  batch 2/3: 1.084041 sec, 5 copies (server sum 970.056 ms)
  batch 3/3: 1.109205 sec, 5 copies (server sum 997.646 ms)
  slope: pkg 5.303 J/exec (intercept 1.004 J), wall 0.202359 s/exec (intercept 0.031351 s)
[10/53] queries/tpch/tpch-queries/q04/v2_in.sql (2 warmup [warm ones = N=1 anchor] + 3 x5)
  warmup 1/2: 0.354074 sec, 1 copy (cache prime)
  warmup 2/2: 0.333188 sec, 1 copy (N=1 anchor)
  batch 1/3: 1.058314 sec, 5 copies (server sum 952.654 ms)
  batch 2/3: 1.027647 sec, 5 copies (server sum 920.365 ms)
  batch 3/3: 0.989965 sec, 5 copies (server sum 946.300 ms)
  slope: pkg 5.575 J/exec (intercept -0.1534 J), wall 0.173030 s/exec (intercept 0.160158 s)
[11/53] queries/tpch/tpch-queries/q05/base.sql (2 warmup [warm ones = N=1 anchor] + 3 x5)
  warmup 1/2: 0.900723 sec, 1 copy (cache prime)
  warmup 2/2: 0.656546 sec, 1 copy (N=1 anchor)
  batch 1/3: 2.870922 sec, 5 copies (server sum 2794.867 ms)
  batch 2/3: 2.926772 sec, 5 copies (server sum 2802.569 ms)
  batch 3/3: 2.937385 sec, 5 copies (server sum 2798.094 ms)
  slope: pkg 10.65 J/exec (intercept 0.9575 J), wall 0.563787 s/exec (intercept 0.092760 s)
[12/53] queries/tpch/tpch-queries/q05/v1_materialized.sql (2 warmup [warm ones = N=1 anchor] + 3 x5)
  warmup 1/2: 0.666903 sec, 1 copy (cache prime)
  warmup 2/2: 0.665085 sec, 1 copy (N=1 anchor)
  batch 1/3: 2.878587 sec, 5 copies (server sum 2771.329 ms)
  batch 2/3: 2.890623 sec, 5 copies (server sum 2772.104 ms)
  batch 3/3: 2.891962 sec, 5 copies (server sum 2763.257 ms)
  slope: pkg 10.82 J/exec (intercept 0.1881 J), wall 0.555493 s/exec (intercept 0.109592 s)
[13/53] queries/tpch/tpch-queries/q06/base.sql (2 warmup [warm ones = N=1 anchor] + 3 x5)
  warmup 1/2: 0.387717 sec, 1 copy (cache prime)
  warmup 2/2: 0.111204 sec, 1 copy (N=1 anchor)
  batch 1/3: 0.377990 sec, 5 copies (server sum 335.193 ms)
  batch 2/3: 0.483912 sec, 5 copies (server sum 369.623 ms)
  batch 3/3: 0.478384 sec, 5 copies (server sum 372.602 ms)
  slope: pkg 1.807 J/exec (intercept 0.5282 J), wall 0.083889 s/exec (intercept 0.027315 s)
[14/53] queries/tpch/tpch-queries/q06/v1_materialized.sql (2 warmup [warm ones = N=1 anchor] + 3 x5)
  warmup 1/2: 0.202859 sec, 1 copy (cache prime)
  warmup 2/2: 0.109921 sec, 1 copy (N=1 anchor)
  batch 1/3: 0.386830 sec, 5 copies (server sum 342.831 ms)
  batch 2/3: 0.458647 sec, 5 copies (server sum 353.216 ms)
  batch 3/3: 0.463609 sec, 5 copies (server sum 359.150 ms)
  slope: pkg 1.734 J/exec (intercept 1.021 J), wall 0.081610 s/exec (intercept 0.028311 s)
[15/53] queries/tpch/tpch-queries/q07/base.sql (2 warmup [warm ones = N=1 anchor] + 3 x5)
  warmup 1/2: 3.854268 sec, 1 copy (cache prime)
  warmup 2/2: 3.372218 sec, 1 copy (N=1 anchor)
  batch 1/3: 16.413971 sec, 5 copies (server sum 16288.597 ms)
  batch 2/3: 16.351890 sec, 5 copies (server sum 16217.296 ms)
  batch 3/3: 16.513363 sec, 5 copies (server sum 16372.406 ms)
  slope: pkg 73.24 J/exec (intercept 1.433 J), wall 3.263548 s/exec (intercept 0.108670 s)
[16/53] queries/tpch/tpch-queries/q07/v1_materialized.sql (2 warmup [warm ones = N=1 anchor] + 3 x5)
  warmup 1/2: 3.397829 sec, 1 copy (cache prime)
  warmup 2/2: 3.396271 sec, 1 copy (N=1 anchor)
  batch 1/3: 16.456482 sec, 5 copies (server sum 16324.936 ms)
  batch 2/3: 16.602961 sec, 5 copies (server sum 16466.740 ms)
  batch 3/3: 16.439027 sec, 5 copies (server sum 16311.329 ms)
  slope: pkg 71.87 J/exec (intercept 2.309 J), wall 3.275805 s/exec (intercept 0.120466 s)
[17/53] queries/tpch/tpch-queries/q07/v2_union_all.sql (2 warmup [warm ones = N=1 anchor] + 3 x5)
  warmup 1/2: 2.198570 sec, 1 copy (cache prime)
  warmup 2/2: 2.066797 sec, 1 copy (N=1 anchor)
  batch 1/3: 10.056150 sec, 5 copies (server sum 10002.741 ms)
  batch 2/3: 10.173029 sec, 5 copies (server sum 10037.924 ms)
  batch 3/3: 10.078654 sec, 5 copies (server sum 9969.393 ms)
  slope: pkg 43.56 J/exec (intercept 0.8867 J), wall 2.008953 s/exec (intercept 0.057844 s)
[18/53] queries/tpch/tpch-queries/q08/base.sql (2 warmup [warm ones = N=1 anchor] + 3 x5)
  warmup 1/2: 0.729822 sec, 1 copy (cache prime)
  warmup 2/2: 0.287537 sec, 1 copy (N=1 anchor)
  batch 1/3: 1.369717 sec, 5 copies (server sum 1232.082 ms)
  batch 2/3: 1.357397 sec, 5 copies (server sum 1233.833 ms)
  batch 3/3: 1.341026 sec, 5 copies (server sum 1232.529 ms)
  slope: pkg 4.599 J/exec (intercept 1.171 J), wall 0.267127 s/exec (intercept 0.020410 s)
[19/53] queries/tpch/tpch-queries/q08/v1_materialized.sql (2 warmup [warm ones = N=1 anchor] + 3 x5)
  warmup 1/2: 0.300934 sec, 1 copy (cache prime)
  warmup 2/2: 0.395890 sec, 1 copy (N=1 anchor)
  batch 1/3: 1.397869 sec, 5 copies (server sum 1269.844 ms)
  batch 2/3: 1.312421 sec, 5 copies (server sum 1204.019 ms)
  batch 3/3: 1.330489 sec, 5 copies (server sum 1219.855 ms)
  slope: pkg 4.768 J/exec (intercept 0.2639 J), wall 0.237759 s/exec (intercept 0.158131 s)
[20/53] queries/tpch/tpch-queries/q08/v2_filter.sql (2 warmup [warm ones = N=1 anchor] + 3 x5)
  warmup 1/2: 0.391804 sec, 1 copy (cache prime)
  warmup 2/2: 0.433378 sec, 1 copy (N=1 anchor)
  batch 1/3: 1.312414 sec, 5 copies (server sum 1234.175 ms)
  batch 2/3: 1.344147 sec, 5 copies (server sum 1237.685 ms)
  batch 3/3: 1.354853 sec, 5 copies (server sum 1231.581 ms)
  slope: pkg 4.627 J/exec (intercept 0.5516 J), wall 0.225940 s/exec (intercept 0.207438 s)
[21/53] queries/tpch/tpch-queries/q09/base.sql (2 warmup [warm ones = N=1 anchor] + 3 x5)
  warmup 1/2: 2.358077 sec, 1 copy (cache prime)
  warmup 2/2: 1.950115 sec, 1 copy (N=1 anchor)
  batch 1/3: 9.178361 sec, 5 copies (server sum 9058.862 ms)
  batch 2/3: 9.175729 sec, 5 copies (server sum 9048.200 ms)
  batch 3/3: 9.257625 sec, 5 copies (server sum 9136.231 ms)
  slope: pkg 41.88 J/exec (intercept -0.2206 J), wall 1.813447 s/exec (intercept 0.136668 s)
[22/53] queries/tpch/tpch-queries/q09/v1_materialized.sql (2 warmup [warm ones = N=1 anchor] + 3 x5)
  warmup 1/2: 1.917061 sec, 1 copy (cache prime)
  warmup 2/2: 1.952926 sec, 1 copy (N=1 anchor)
  batch 1/3: 9.310991 sec, 5 copies (server sum 9183.973 ms)
  batch 2/3: 9.383125 sec, 5 copies (server sum 9256.603 ms)
  batch 3/3: 9.354271 sec, 5 copies (server sum 9218.732 ms)
  slope: pkg 41.29 J/exec (intercept 0.3664 J), wall 1.849134 s/exec (intercept 0.103791 s)
[23/53] queries/tpch/tpch-queries/q10/base.sql (2 warmup [warm ones = N=1 anchor] + 3 x5)
  warmup 1/2: 0.503696 sec, 1 copy (cache prime)
  warmup 2/2: 0.504881 sec, 1 copy (N=1 anchor)
  batch 1/3: 2.108108 sec, 5 copies (server sum 2000.218 ms)
  batch 2/3: 2.143855 sec, 5 copies (server sum 2031.994 ms)
  batch 3/3: 2.134322 sec, 5 copies (server sum 2031.256 ms)
  slope: pkg 9.053 J/exec (intercept 1.843 J), wall 0.405970 s/exec (intercept 0.098911 s)
[24/53] queries/tpch/tpch-queries/q10/v1_materialized.sql (2 warmup [warm ones = N=1 anchor] + 3 x5)
  warmup 1/2: 0.481445 sec, 1 copy (cache prime)
  warmup 2/2: 0.513201 sec, 1 copy (N=1 anchor)
  batch 1/3: 2.199682 sec, 5 copies (server sum 2074.563 ms)
  batch 2/3: 2.174913 sec, 5 copies (server sum 2126.730 ms)
  batch 3/3: 2.204498 sec, 5 copies (server sum 2083.419 ms)
  slope: pkg 9.317 J/exec (intercept 1.639 J), wall 0.419957 s/exec (intercept 0.093244 s)
[25/53] queries/tpch/tpch-queries/q11/base.sql (2 warmup [warm ones = N=1 anchor] + 3 x5)
  warmup 1/2: 0.270584 sec, 1 copy (cache prime)
  warmup 2/2: 0.170353 sec, 1 copy (N=1 anchor)
  batch 1/3: 0.384786 sec, 5 copies (server sum 340.707 ms)
  batch 2/3: 0.441943 sec, 5 copies (server sum 344.857 ms)
  batch 3/3: 0.489224 sec, 5 copies (server sum 390.835 ms)
  slope: pkg 0.7041 J/exec (intercept 0.9184 J), wall 0.067074 s/exec (intercept 0.103279 s)
[26/53] queries/tpch/tpch-queries/q11/v1_materialized.sql (2 warmup [warm ones = N=1 anchor] + 3 x5)
  warmup 1/2: 0.178750 sec, 1 copy (cache prime)
  warmup 2/2: 0.128178 sec, 1 copy (N=1 anchor)
  batch 1/3: 0.509830 sec, 5 copies (server sum 395.410 ms)
  batch 2/3: 0.504394 sec, 5 copies (server sum 403.708 ms)
  batch 3/3: 0.501023 sec, 5 copies (server sum 395.658 ms)
  slope: pkg 0.7033 J/exec (intercept 0.5504 J), wall 0.094226 s/exec (intercept 0.033953 s)
[27/53] queries/tpch/tpch-queries/q11/v2_cte_threshold.sql (2 warmup [warm ones = N=1 anchor] + 3 x5)
  warmup 1/2: 0.123484 sec, 1 copy (cache prime)
  warmup 2/2: 0.127265 sec, 1 copy (N=1 anchor)
  batch 1/3: 0.442604 sec, 5 copies (server sum 392.575 ms)
  batch 2/3: 0.434288 sec, 5 copies (server sum 385.641 ms)
  batch 3/3: 0.436937 sec, 5 copies (server sum 388.731 ms)
  slope: pkg 0.6649 J/exec (intercept 0.6534 J), wall 0.077669 s/exec (intercept 0.049596 s)
[28/53] queries/tpch/tpch-queries/q12/base.sql (2 warmup [warm ones = N=1 anchor] + 3 x5)
  warmup 1/2: 0.638978 sec, 1 copy (cache prime)
  warmup 2/2: 0.560756 sec, 1 copy (N=1 anchor)
  batch 1/3: 2.845446 sec, 5 copies (server sum 2798.298 ms)
  batch 2/3: 2.885199 sec, 5 copies (server sum 2840.527 ms)
  batch 3/3: 3.153301 sec, 5 copies (server sum 3049.775 ms)
  slope: pkg 15.76 J/exec (intercept 1.139 J), wall 0.600140 s/exec (intercept -0.039383 s)
[29/53] queries/tpch/tpch-queries/q12/v1_materialized.sql (2 warmup [warm ones = N=1 anchor] + 3 x5)
  warmup 1/2: 0.700978 sec, 1 copy (cache prime)
  warmup 2/2: 0.789138 sec, 1 copy (N=1 anchor)
  batch 1/3: 3.245345 sec, 5 copies (server sum 3124.812 ms)
  batch 2/3: 3.154143 sec, 5 copies (server sum 3035.491 ms)
  batch 3/3: 3.284933 sec, 5 copies (server sum 3162.417 ms)
  slope: pkg 13.47 J/exec (intercept 3.475 J), wall 0.609751 s/exec (intercept 0.179387 s)
[30/53] queries/tpch/tpch-queries/q12/v2_filter.sql (2 warmup [warm ones = N=1 anchor] + 3 x5)
  warmup 1/2: 0.718695 sec, 1 copy (cache prime)
  warmup 2/2: 0.746180 sec, 1 copy (N=1 anchor)
  batch 1/3: 3.148845 sec, 5 copies (server sum 3097.393 ms)
  batch 2/3: 3.191271 sec, 5 copies (server sum 3053.101 ms)
  batch 3/3: 3.239058 sec, 5 copies (server sum 3108.238 ms)
  slope: pkg 13.36 J/exec (intercept 3.281 J), wall 0.611719 s/exec (intercept 0.134461 s)
[31/53] queries/tpch/tpch-queries/q13/base.sql (2 warmup [warm ones = N=1 anchor] + 3 x5)
  warmup 1/2: 0.806677 sec, 1 copy (cache prime)
  warmup 2/2: 0.836518 sec, 1 copy (N=1 anchor)
  batch 1/3: 3.606244 sec, 5 copies (server sum 3563.355 ms)
  batch 2/3: 3.645702 sec, 5 copies (server sum 3544.436 ms)
  batch 3/3: 3.650105 sec, 5 copies (server sum 3547.783 ms)
  slope: pkg 11.09 J/exec (intercept 0.6208 J), wall 0.699375 s/exec (intercept 0.137143 s)
[32/53] queries/tpch/tpch-queries/q13/v1_materialized.sql (2 warmup [warm ones = N=1 anchor] + 3 x5)
  warmup 1/2: 0.837034 sec, 1 copy (cache prime)
  warmup 2/2: 0.848290 sec, 1 copy (N=1 anchor)
  batch 1/3: 3.716254 sec, 5 copies (server sum 3565.846 ms)
  batch 2/3: 3.593912 sec, 5 copies (server sum 3522.524 ms)
  batch 3/3: 3.602312 sec, 5 copies (server sum 3508.187 ms)
  slope: pkg 11.15 J/exec (intercept 0.4141 J), wall 0.697301 s/exec (intercept 0.150990 s)
[33/53] queries/tpch/tpch-queries/q13/v2_correlated.sql (2 warmup [warm ones = N=1 anchor] + 3 x5)
  warmup 1/2: 9.860258 sec, 1 copy (cache prime)
  warmup 2/2: 10.355390 sec, 1 copy (N=1 anchor)
  batch 1/3: 50.180832 sec, 5 copies (server sum 50087.129 ms)
  batch 2/3: 50.624258 sec, 5 copies (server sum 50526.038 ms)
  batch 3/3: 48.854402 sec, 5 copies (server sum 48755.509 ms)
  slope: pkg 141.6 J/exec (intercept 6.807 J), wall 9.882777 s/exec (intercept 0.472613 s)
[34/53] queries/tpch/tpch-queries/q14/base.sql (2 warmup [warm ones = N=1 anchor] + 3 x5)
  warmup 1/2: 0.307308 sec, 1 copy (cache prime)
  warmup 2/2: 0.292459 sec, 1 copy (N=1 anchor)
  batch 1/3: 0.997136 sec, 5 copies (server sum 873.312 ms)
  batch 2/3: 1.040371 sec, 5 copies (server sum 923.506 ms)
  batch 3/3: 1.056346 sec, 5 copies (server sum 924.978 ms)
  slope: pkg 4.412 J/exec (intercept 0.5798 J), wall 0.184706 s/exec (intercept 0.107752 s)
[35/53] queries/tpch/tpch-queries/q14/v1_materialized.sql (2 warmup [warm ones = N=1 anchor] + 3 x5)
  warmup 1/2: 0.369097 sec, 1 copy (cache prime)
  warmup 2/2: 0.351028 sec, 1 copy (N=1 anchor)
  batch 1/3: 0.996707 sec, 5 copies (server sum 880.841 ms)
  batch 2/3: 1.000259 sec, 5 copies (server sum 867.916 ms)
  batch 3/3: 1.027934 sec, 5 copies (server sum 913.533 ms)
  slope: pkg 3.851 J/exec (intercept 1.679 J), wall 0.164318 s/exec (intercept 0.186710 s)
[36/53] queries/tpch/tpch-queries/q14/v2_filter.sql (2 warmup [warm ones = N=1 anchor] + 3 x5)
  warmup 1/2: 0.371116 sec, 1 copy (cache prime)
  warmup 2/2: 0.336460 sec, 1 copy (N=1 anchor)
  batch 1/3: 0.985343 sec, 5 copies (server sum 867.316 ms)
  batch 2/3: 1.041162 sec, 5 copies (server sum 916.477 ms)
  batch 3/3: 1.031401 sec, 5 copies (server sum 915.509 ms)
  slope: pkg 4.192 J/exec (intercept 0.9929 J), wall 0.170711 s/exec (intercept 0.165749 s)
[37/53] queries/tpch/tpch-queries/q15/base.sql (2 warmup [warm ones = N=1 anchor] + 3 x5)
  warmup 1/2: 0.520571 sec, 1 copy (cache prime)
  warmup 2/2: 0.519888 sec, 1 copy (N=1 anchor)
  batch 1/3: 1.931186 sec, 5 copies (server sum 1827.126 ms)
  batch 2/3: 1.883830 sec, 5 copies (server sum 1776.491 ms)
  batch 3/3: 1.847141 sec, 5 copies (server sum 1744.602 ms)
  slope: pkg 11.15 J/exec (intercept 0.1494 J), wall 0.341874 s/exec (intercept 0.178014 s)
[38/53] queries/tpch/tpch-queries/q15/v1_materialized.sql (2 warmup [warm ones = N=1 anchor] + 3 x5)
  warmup 1/2: 0.478504 sec, 1 copy (cache prime)
  warmup 2/2: 0.500301 sec, 1 copy (N=1 anchor)
  batch 1/3: 1.832115 sec, 5 copies (server sum 1725.285 ms)
  batch 2/3: 1.861249 sec, 5 copies (server sum 1741.793 ms)
  batch 3/3: 1.950369 sec, 5 copies (server sum 1841.009 ms)
  slope: pkg 10.63 J/exec (intercept 0.4437 J), wall 0.345236 s/exec (intercept 0.155066 s)
[39/53] queries/tpch/tpch-queries/q16/base.sql (2 warmup [warm ones = N=1 anchor] + 3 x5)
  warmup 1/2: 0.503114 sec, 1 copy (cache prime)
  warmup 2/2: 0.339756 sec, 1 copy (N=1 anchor)
  batch 1/3: 1.349009 sec, 5 copies (server sum 1240.578 ms)
  batch 2/3: 1.360110 sec, 5 copies (server sum 1265.799 ms)
  batch 3/3: 1.274222 sec, 5 copies (server sum 1230.460 ms)
  slope: pkg 5.727 J/exec (intercept 0.8009 J), wall 0.247006 s/exec (intercept 0.092751 s)
[40/53] queries/tpch/tpch-queries/q16/v1_materialized.sql (2 warmup [warm ones = N=1 anchor] + 3 x5)
  warmup 1/2: 0.347763 sec, 1 copy (cache prime)
  warmup 2/2: 0.348103 sec, 1 copy (N=1 anchor)
  batch 1/3: 1.367877 sec, 5 copies (server sum 1254.299 ms)
  batch 2/3: 1.359508 sec, 5 copies (server sum 1230.114 ms)
  batch 3/3: 1.353778 sec, 5 copies (server sum 1256.905 ms)
  slope: pkg 5.944 J/exec (intercept 0.6948 J), wall 0.253071 s/exec (intercept 0.095032 s)
[41/53] queries/tpch/tpch-queries/q16/v2_not_exists.sql (2 warmup [warm ones = N=1 anchor] + 3 x5)
  warmup 1/2: 0.310063 sec, 1 copy (cache prime)
  warmup 2/2: 0.297051 sec, 1 copy (N=1 anchor)
  batch 1/3: 1.181101 sec, 5 copies (server sum 1071.570 ms)
  batch 2/3: 1.085669 sec, 5 copies (server sum 1041.865 ms)
  batch 3/3: 1.154732 sec, 5 copies (server sum 1057.777 ms)
  slope: pkg 4.755 J/exec (intercept 0.8964 J), wall 0.210862 s/exec (intercept 0.086189 s)
[42/53] queries/tpch/tpch-queries/q17/v2_decorrelate.sql (2 warmup [warm ones = N=1 anchor] + 3 x5)
  warmup 1/2: 2.408205 sec, 1 copy (cache prime)
  warmup 2/2: 2.325480 sec, 1 copy (N=1 anchor)
  batch 1/3: 11.387874 sec, 5 copies (server sum 11272.559 ms)
  batch 2/3: 11.217940 sec, 5 copies (server sum 11121.191 ms)
  batch 3/3: 11.342481 sec, 5 copies (server sum 11231.745 ms)
  slope: pkg 47.63 J/exec (intercept 0.7236 J), wall 2.247655 s/exec (intercept 0.077825 s)
[43/53] queries/tpch/tpch-queries/q18/base.sql (2 warmup [warm ones = N=1 anchor] + 3 x5)
  warmup 1/2: 2.906659 sec, 1 copy (cache prime)
  warmup 2/2: 3.051615 sec, 1 copy (N=1 anchor)
  batch 1/3: 15.209204 sec, 5 copies (server sum 15093.546 ms)
  batch 2/3: 15.113239 sec, 5 copies (server sum 14989.986 ms)
  batch 3/3: 15.426704 sec, 5 copies (server sum 15288.087 ms)
  slope: pkg 64.56 J/exec (intercept 12.66 J), wall 3.049525 s/exec (intercept 0.002090 s)
[44/53] queries/tpch/tpch-queries/q18/v1_materialized.sql (2 warmup [warm ones = N=1 anchor] + 3 x5)
  warmup 1/2: 3.262942 sec, 1 copy (cache prime)
  warmup 2/2: 3.229665 sec, 1 copy (N=1 anchor)
  batch 1/3: 15.195165 sec, 5 copies (server sum 15077.564 ms)
  batch 2/3: 15.409017 sec, 5 copies (server sum 15302.889 ms)
  batch 3/3: 15.376521 sec, 5 copies (server sum 15265.138 ms)
  slope: pkg 66.31 J/exec (intercept 4.777 J), wall 3.024309 s/exec (intercept 0.205356 s)
[45/53] queries/tpch/tpch-queries/q18/v2_join.sql (2 warmup [warm ones = N=1 anchor] + 3 x5)
  warmup 1/2: 3.089997 sec, 1 copy (cache prime)
  warmup 2/2: 3.174055 sec, 1 copy (N=1 anchor)
  batch 1/3: 15.221907 sec, 5 copies (server sum 15103.057 ms)
  batch 2/3: 15.260619 sec, 5 copies (server sum 15135.392 ms)
  batch 3/3: 14.894280 sec, 5 copies (server sum 14759.985 ms)
  slope: pkg 65.51 J/exec (intercept 4.215 J), wall 2.987887 s/exec (intercept 0.186169 s)
[46/53] queries/tpch/tpch-queries/q19/base.sql (2 warmup [warm ones = N=1 anchor] + 3 x5)
  warmup 1/2: 0.279743 sec, 1 copy (cache prime)
  warmup 2/2: 0.138210 sec, 1 copy (N=1 anchor)
  batch 1/3: 0.243392 sec, 5 copies (server sum 139.809 ms)
  batch 2/3: 0.262188 sec, 5 copies (server sum 148.765 ms)
  batch 3/3: 0.284275 sec, 5 copies (server sum 141.775 ms)
  slope: pkg 0.7697 J/exec (intercept 0.8606 J), wall 0.031269 s/exec (intercept 0.106941 s)
[47/53] queries/tpch/tpch-queries/q19/v1_materialized.sql (2 warmup [warm ones = N=1 anchor] + 3 x5)
  warmup 1/2: 0.147157 sec, 1 copy (cache prime)
  warmup 2/2: 0.074046 sec, 1 copy (N=1 anchor)
  batch 1/3: 0.196405 sec, 5 copies (server sum 150.290 ms)
  batch 2/3: 0.264025 sec, 5 copies (server sum 154.888 ms)
  batch 3/3: 0.250646 sec, 5 copies (server sum 147.544 ms)
  slope: pkg 0.8532 J/exec (intercept 0.508 J), wall 0.040745 s/exec (intercept 0.033301 s)
[48/53] queries/tpch/tpch-queries/q19/v2_union_all.sql (2 warmup [warm ones = N=1 anchor] + 3 x5)
  warmup 1/2: 0.088820 sec, 1 copy (cache prime)
  warmup 2/2: 0.086440 sec, 1 copy (N=1 anchor)
  batch 1/3: 0.293878 sec, 5 copies (server sum 244.801 ms)
  batch 2/3: 0.322425 sec, 5 copies (server sum 207.470 ms)
  batch 3/3: 0.314423 sec, 5 copies (server sum 200.332 ms)
  slope: pkg 1.165 J/exec (intercept 0.6532 J), wall 0.055951 s/exec (intercept 0.030490 s)
[49/53] queries/tpch/tpch-queries/q21/base.sql (2 warmup [warm ones = N=1 anchor] + 3 x5)
  warmup 1/2: 2.111670 sec, 1 copy (cache prime)
  warmup 2/2: 2.015681 sec, 1 copy (N=1 anchor)
  batch 1/3: 9.970520 sec, 5 copies (server sum 9868.224 ms)
  batch 2/3: 10.086458 sec, 5 copies (server sum 9954.967 ms)
  batch 3/3: 10.019619 sec, 5 copies (server sum 9915.571 ms)
  slope: pkg 44.29 J/exec (intercept 0.9568 J), wall 2.002463 s/exec (intercept 0.013218 s)
[50/53] queries/tpch/tpch-queries/q21/v1_materialized.sql (2 warmup [warm ones = N=1 anchor] + 3 x5)
  warmup 1/2: 2.071313 sec, 1 copy (cache prime)
  warmup 2/2: 2.172580 sec, 1 copy (N=1 anchor)
  batch 1/3: 9.972788 sec, 5 copies (server sum 9859.411 ms)
  batch 2/3: 9.893162 sec, 5 copies (server sum 9772.554 ms)
  batch 3/3: 10.019430 sec, 5 copies (server sum 9881.132 ms)
  slope: pkg 42.84 J/exec (intercept 4.515 J), wall 1.947303 s/exec (intercept 0.225277 s)
[51/53] queries/tpch/tpch-queries/q22/base.sql (2 warmup [warm ones = N=1 anchor] + 3 x5)
  warmup 1/2: 0.185301 sec, 1 copy (cache prime)
  warmup 2/2: 0.095842 sec, 1 copy (N=1 anchor)
  batch 1/3: 0.327799 sec, 5 copies (server sum 284.383 ms)
  batch 2/3: 0.420911 sec, 5 copies (server sum 309.703 ms)
  batch 3/3: 0.425937 sec, 5 copies (server sum 316.231 ms)
  slope: pkg 1.539 J/exec (intercept 0.6639 J), wall 0.073927 s/exec (intercept 0.021915 s)
[52/53] queries/tpch/tpch-queries/q22/v1_materialized.sql (2 warmup [warm ones = N=1 anchor] + 3 x5)
  warmup 1/2: 0.186345 sec, 1 copy (cache prime)
  warmup 2/2: 0.096215 sec, 1 copy (N=1 anchor)
  batch 1/3: 0.316683 sec, 5 copies (server sum 273.392 ms)
  batch 2/3: 0.424598 sec, 5 copies (server sum 315.631 ms)
  batch 3/3: 0.432333 sec, 5 copies (server sum 323.098 ms)
  slope: pkg 1.475 J/exec (intercept 0.7096 J), wall 0.073747 s/exec (intercept 0.022467 s)
[53/53] queries/tpch/tpch-queries/q22/v2_anti_join.sql (2 warmup [warm ones = N=1 anchor] + 3 x5)
  warmup 1/2: 0.384040 sec, 1 copy (cache prime)
  warmup 2/2: 0.386708 sec, 1 copy (N=1 anchor)
  batch 1/3: 1.386647 sec, 5 copies (server sum 1269.474 ms)
  batch 2/3: 1.229045 sec, 5 copies (server sum 1182.866 ms)
  batch 3/3: 1.314101 sec, 5 copies (server sum 1210.918 ms)
  slope: pkg 5.43 J/exec (intercept -0.3392 J), wall 0.230806 s/exec (intercept 0.155903 s)

Done. Batch rows appended to logs/shared_buffers/sb_128MB/query_timing_tpch_idx.csv
Per-copy samples appended to logs/shared_buffers/sb_128MB/query_samples_tpch_idx.csv
Relation sizes appended to logs/shared_buffers/sb_128MB/query_catalog_tpch_idx.csv
Per-query slope/intercept appended to logs/shared_buffers/sb_128MB/query_slope_tpch_idx.csv
make: Leaving directory '/home/user01/GreenSQL'
