make: Entering directory '/home/user01/GreenSQL'
query_runner configuration:
  QUERY_DIR      = queries/tpch/tpch-queries
  LOG_FILE       = logs/shared_buffers/sb_128MB/query_timing_tpch.csv
  SAMPLE_FILE    = logs/shared_buffers/sb_128MB/query_samples_tpch.csv
  CATALOG_FILE   = logs/shared_buffers/sb_128MB/query_catalog_tpch.csv
  SLOPE_FILE     = logs/shared_buffers/sb_128MB/query_slope_tpch.csv
  DB_NAME        = tpch
  DB_USER        = postgres
  PGPORT         = 5434
  PG_VERSION     = 18.4  (as reported by the server on that port)
  BATCHNUM       = 5 (slope sizes: 1 copy and 5 copies)
  RUNS           = 3 (measured batches per size)
  WARMUP         = 2 (single-copy; #1 primes cache, warm ones = N=1 anchor)
  WORKERS        = (planner default)
  STATEMENT_TIMEOUT = 900
  SIGLESS_ADDR   = (disabled)
Found 53 queries under queries/tpch/tpch-queries

Catalog snapshot: 11 relations -> logs/shared_buffers/sb_128MB/query_catalog_tpch.csv
[1/53] queries/tpch/tpch-queries/q01/base.sql (2 warmup [warm ones = N=1 anchor] + 3 x5)
  warmup 1/2: 1.841500 sec, 1 copy (cache prime)
  warmup 2/2: 1.829241 sec, 1 copy (N=1 anchor)
  batch 1/3: 9.017227 sec, 5 copies (server sum 8905.776 ms)
  batch 2/3: 9.075279 sec, 5 copies (server sum 9030.920 ms)
  batch 3/3: 9.814368 sec, 5 copies (server sum 9771.281 ms)
  slope: pkg 49.77 J/exec (intercept 4.007 J), wall 1.868262 s/exec (intercept -0.039021 s)
[2/53] queries/tpch/tpch-queries/q01/v1_materialized.sql (2 warmup [warm ones = N=1 anchor] + 3 x5)
  warmup 1/2: 2.138902 sec, 1 copy (cache prime)
  warmup 2/2: 2.089011 sec, 1 copy (N=1 anchor)
  batch 1/3: 10.047976 sec, 5 copies (server sum 9951.014 ms)
  batch 2/3: 10.042444 sec, 5 copies (server sum 9995.536 ms)
  batch 3/3: 10.180697 sec, 5 copies (server sum 10082.727 ms)
  slope: pkg 43.9 J/exec (intercept 1.899 J), wall 2.000340 s/exec (intercept 0.088671 s)
[3/53] queries/tpch/tpch-queries/q02/base.sql (2 warmup [warm ones = N=1 anchor] + 3 x5)
  warmup 1/2: 128.370132 sec, 1 copy (cache prime)
  warmup 2/2: 123.362142 sec, 1 copy (N=1 anchor)
  batch 1/3: 576.722834 sec, 5 copies (server sum 576627.194 ms)
  batch 2/3: 523.626134 sec, 5 copies (server sum 523524.873 ms)
  batch 3/3: 473.729201 sec, 5 copies (server sum 473620.274 ms)
  slope: pkg 1481 J/exec (intercept 271.3 J), wall 100.332645 s/exec (intercept 23.029497 s)
[4/53] queries/tpch/tpch-queries/q02/v1_materialized.sql (2 warmup [warm ones = N=1 anchor] + 3 x5)
  warmup 1/2: 90.468362 sec, 1 copy (cache prime)
  warmup 2/2: 90.592524 sec, 1 copy (N=1 anchor)
  batch 1/3: 414.316855 sec, 5 copies (server sum 414202.831 ms)
  batch 2/3: 380.754546 sec, 5 copies (server sum 380639.813 ms)
  batch 3/3: 358.920989 sec, 5 copies (server sum 358811.205 ms)
  slope: pkg 1070 J/exec (intercept 279.1 J), wall 73.517902 s/exec (intercept 17.074622 s)
[5/53] queries/tpch/tpch-queries/q02/v2_decorrelate.sql (2 warmup [warm ones = N=1 anchor] + 3 x5)
  warmup 1/2: 0.284310 sec, 1 copy (cache prime)
  warmup 2/2: 0.334938 sec, 1 copy (N=1 anchor)
  batch 1/3: 1.245989 sec, 5 copies (server sum 1137.938 ms)
  batch 2/3: 1.209326 sec, 5 copies (server sum 1111.413 ms)
  batch 3/3: 1.311193 sec, 5 copies (server sum 1206.188 ms)
  slope: pkg 3.837 J/exec (intercept 0.805 J), wall 0.230141 s/exec (intercept 0.104797 s)
[6/53] queries/tpch/tpch-queries/q03/base.sql (2 warmup [warm ones = N=1 anchor] + 3 x5)
  warmup 1/2: 0.886165 sec, 1 copy (cache prime)
  warmup 2/2: 0.492385 sec, 1 copy (N=1 anchor)
  batch 1/3: 2.316218 sec, 5 copies (server sum 2208.173 ms)
  batch 2/3: 2.307264 sec, 5 copies (server sum 2198.929 ms)
  batch 3/3: 2.295731 sec, 5 copies (server sum 2184.927 ms)
  slope: pkg 11.87 J/exec (intercept 0.6115 J), wall 0.453505 s/exec (intercept 0.038880 s)
[7/53] queries/tpch/tpch-queries/q03/v1_materialized.sql (2 warmup [warm ones = N=1 anchor] + 3 x5)
  warmup 1/2: 0.536093 sec, 1 copy (cache prime)
  warmup 2/2: 0.570245 sec, 1 copy (N=1 anchor)
  batch 1/3: 2.239916 sec, 5 copies (server sum 2194.979 ms)
  batch 2/3: 2.250995 sec, 5 copies (server sum 2206.554 ms)
  batch 3/3: 2.354634 sec, 5 copies (server sum 2241.130 ms)
  slope: pkg 11.82 J/exec (intercept 1.35 J), wall 0.427901 s/exec (intercept 0.142344 s)
[8/53] queries/tpch/tpch-queries/q04/base.sql (2 warmup [warm ones = N=1 anchor] + 3 x5)
  warmup 1/2: 0.292642 sec, 1 copy (cache prime)
  warmup 2/2: 0.326135 sec, 1 copy (N=1 anchor)
  batch 1/3: 1.105868 sec, 5 copies (server sum 968.825 ms)
  batch 2/3: 1.159342 sec, 5 copies (server sum 1050.908 ms)
  batch 3/3: 1.109246 sec, 5 copies (server sum 1002.054 ms)
  slope: pkg 5.791 J/exec (intercept 0.1264 J), wall 0.199671 s/exec (intercept 0.126464 s)
[9/53] queries/tpch/tpch-queries/q04/v1_materialized.sql (2 warmup [warm ones = N=1 anchor] + 3 x5)
  warmup 1/2: 0.280224 sec, 1 copy (cache prime)
  warmup 2/2: 0.328127 sec, 1 copy (N=1 anchor)
  batch 1/3: 1.117391 sec, 5 copies (server sum 997.483 ms)
  batch 2/3: 1.150634 sec, 5 copies (server sum 1033.563 ms)
  batch 3/3: 1.290905 sec, 5 copies (server sum 1177.302 ms)
  slope: pkg 6.361 J/exec (intercept -0.6562 J), wall 0.214546 s/exec (intercept 0.113581 s)
[10/53] queries/tpch/tpch-queries/q04/v2_in.sql (2 warmup [warm ones = N=1 anchor] + 3 x5)
  warmup 1/2: 0.287127 sec, 1 copy (cache prime)
  warmup 2/2: 0.301364 sec, 1 copy (N=1 anchor)
  batch 1/3: 1.085572 sec, 5 copies (server sum 986.679 ms)
  batch 2/3: 1.155219 sec, 5 copies (server sum 1035.579 ms)
  batch 3/3: 1.144926 sec, 5 copies (server sum 1029.248 ms)
  slope: pkg 5.153 J/exec (intercept 2.563 J), wall 0.206802 s/exec (intercept 0.094562 s)
[11/53] queries/tpch/tpch-queries/q05/base.sql (2 warmup [warm ones = N=1 anchor] + 3 x5)
  warmup 1/2: 0.713410 sec, 1 copy (cache prime)
  warmup 2/2: 0.604906 sec, 1 copy (N=1 anchor)
  batch 1/3: 2.909855 sec, 5 copies (server sum 2796.855 ms)
  batch 2/3: 2.908803 sec, 5 copies (server sum 2789.444 ms)
  batch 3/3: 2.908834 sec, 5 copies (server sum 2792.158 ms)
  slope: pkg 10.56 J/exec (intercept 0.9631 J), wall 0.576064 s/exec (intercept 0.028842 s)
[12/53] queries/tpch/tpch-queries/q05/v1_materialized.sql (2 warmup [warm ones = N=1 anchor] + 3 x5)
  warmup 1/2: 0.670692 sec, 1 copy (cache prime)
  warmup 2/2: 0.676838 sec, 1 copy (N=1 anchor)
  batch 1/3: 2.902268 sec, 5 copies (server sum 2787.944 ms)
  batch 2/3: 2.874384 sec, 5 copies (server sum 2751.240 ms)
  batch 3/3: 2.867497 sec, 5 copies (server sum 2767.114 ms)
  slope: pkg 10.75 J/exec (intercept 0.2545 J), wall 0.551136 s/exec (intercept 0.125702 s)
[13/53] queries/tpch/tpch-queries/q06/base.sql (2 warmup [warm ones = N=1 anchor] + 3 x5)
  warmup 1/2: 0.404903 sec, 1 copy (cache prime)
  warmup 2/2: 0.467004 sec, 1 copy (N=1 anchor)
  batch 1/3: 1.891435 sec, 5 copies (server sum 1787.058 ms)
  batch 2/3: 2.013060 sec, 5 copies (server sum 1905.901 ms)
  batch 3/3: 1.910961 sec, 5 copies (server sum 1810.455 ms)
  slope: pkg 10.37 J/exec (intercept -0.04439 J), wall 0.367870 s/exec (intercept 0.099134 s)
[14/53] queries/tpch/tpch-queries/q06/v1_materialized.sql (2 warmup [warm ones = N=1 anchor] + 3 x5)
  warmup 1/2: 0.508888 sec, 1 copy (cache prime)
  warmup 2/2: 0.561399 sec, 1 copy (N=1 anchor)
  batch 1/3: 1.914138 sec, 5 copies (server sum 1813.633 ms)
  batch 2/3: 1.926017 sec, 5 copies (server sum 1882.416 ms)
  batch 3/3: 2.011028 sec, 5 copies (server sum 1906.464 ms)
  slope: pkg 9.816 J/exec (intercept 0.8712 J), wall 0.347249 s/exec (intercept 0.214150 s)
[15/53] queries/tpch/tpch-queries/q07/base.sql (2 warmup [warm ones = N=1 anchor] + 3 x5)
  warmup 1/2: 0.825654 sec, 1 copy (cache prime)
  warmup 2/2: 0.755752 sec, 1 copy (N=1 anchor)
  batch 1/3: 3.237666 sec, 5 copies (server sum 3118.836 ms)
  batch 2/3: 3.236154 sec, 5 copies (server sum 3118.940 ms)
  batch 3/3: 3.114204 sec, 5 copies (server sum 3066.629 ms)
  slope: pkg 13.18 J/exec (intercept -0.3704 J), wall 0.610064 s/exec (intercept 0.145688 s)
[16/53] queries/tpch/tpch-queries/q07/v1_materialized.sql (2 warmup [warm ones = N=1 anchor] + 3 x5)
  warmup 1/2: 0.654007 sec, 1 copy (cache prime)
  warmup 2/2: 0.738659 sec, 1 copy (N=1 anchor)
  batch 1/3: 3.225985 sec, 5 copies (server sum 3126.384 ms)
  batch 2/3: 3.231434 sec, 5 copies (server sum 3117.301 ms)
  batch 3/3: 3.226538 sec, 5 copies (server sum 3118.566 ms)
  slope: pkg 12.93 J/exec (intercept 0.9695 J), wall 0.622332 s/exec (intercept 0.116327 s)
[17/53] queries/tpch/tpch-queries/q07/v2_union_all.sql (2 warmup [warm ones = N=1 anchor] + 3 x5)
  warmup 1/2: 0.686931 sec, 1 copy (cache prime)
  warmup 2/2: 0.757019 sec, 1 copy (N=1 anchor)
  batch 1/3: 3.228839 sec, 5 copies (server sum 3128.263 ms)
  batch 2/3: 3.208885 sec, 5 copies (server sum 3089.915 ms)
  batch 3/3: 3.217296 sec, 5 copies (server sum 3099.738 ms)
  slope: pkg 13.56 J/exec (intercept -0.1563 J), wall 0.615330 s/exec (intercept 0.141689 s)
[18/53] queries/tpch/tpch-queries/q08/base.sql (2 warmup [warm ones = N=1 anchor] + 3 x5)
  warmup 1/2: 0.903303 sec, 1 copy (cache prime)
  warmup 2/2: 0.923715 sec, 1 copy (N=1 anchor)
  batch 1/3: 4.102729 sec, 5 copies (server sum 3991.161 ms)
  batch 2/3: 4.052786 sec, 5 copies (server sum 3928.745 ms)
  batch 3/3: 3.965781 sec, 5 copies (server sum 3915.704 ms)
  slope: pkg 16.67 J/exec (intercept -0.08006 J), wall 0.779179 s/exec (intercept 0.144535 s)
[19/53] queries/tpch/tpch-queries/q08/v1_materialized.sql (2 warmup [warm ones = N=1 anchor] + 3 x5)
  warmup 1/2: 0.864442 sec, 1 copy (cache prime)
  warmup 2/2: 0.878378 sec, 1 copy (N=1 anchor)
  batch 1/3: 4.041065 sec, 5 copies (server sum 3928.255 ms)
  batch 2/3: 4.026264 sec, 5 copies (server sum 3924.173 ms)
  batch 3/3: 4.026541 sec, 5 copies (server sum 3923.777 ms)
  slope: pkg 16.07 J/exec (intercept 1.312 J), wall 0.788228 s/exec (intercept 0.090150 s)
[20/53] queries/tpch/tpch-queries/q08/v2_filter.sql (2 warmup [warm ones = N=1 anchor] + 3 x5)
  warmup 1/2: 0.865687 sec, 1 copy (cache prime)
  warmup 2/2: 0.928633 sec, 1 copy (N=1 anchor)
  batch 1/3: 3.994291 sec, 5 copies (server sum 3894.418 ms)
  batch 2/3: 4.036650 sec, 5 copies (server sum 3930.673 ms)
  batch 3/3: 4.017586 sec, 5 copies (server sum 3918.403 ms)
  slope: pkg 16.16 J/exec (intercept 1.063 J), wall 0.771886 s/exec (intercept 0.156747 s)
[21/53] queries/tpch/tpch-queries/q09/base.sql (2 warmup [warm ones = N=1 anchor] + 3 x5)
  warmup 1/2: 1.419916 sec, 1 copy (cache prime)
  warmup 2/2: 1.309386 sec, 1 copy (N=1 anchor)
  batch 1/3: 6.367387 sec, 5 copies (server sum 6261.018 ms)
  batch 2/3: 6.518124 sec, 5 copies (server sum 6415.094 ms)
  batch 3/3: 6.375457 sec, 5 copies (server sum 6254.171 ms)
  slope: pkg 29.39 J/exec (intercept 3.088 J), wall 1.277734 s/exec (intercept 0.031651 s)
[22/53] queries/tpch/tpch-queries/q09/v1_materialized.sql (2 warmup [warm ones = N=1 anchor] + 3 x5)
  warmup 1/2: 1.376103 sec, 1 copy (cache prime)
  warmup 2/2: 1.418011 sec, 1 copy (N=1 anchor)
  batch 1/3: 6.590592 sec, 5 copies (server sum 6474.664 ms)
  batch 2/3: 6.382934 sec, 5 copies (server sum 6283.086 ms)
  batch 3/3: 6.325684 sec, 5 copies (server sum 6216.368 ms)
  slope: pkg 27.9 J/exec (intercept 2.204 J), wall 1.253765 s/exec (intercept 0.164247 s)
[23/53] queries/tpch/tpch-queries/q10/base.sql (2 warmup [warm ones = N=1 anchor] + 3 x5)
  warmup 1/2: 0.521917 sec, 1 copy (cache prime)
  warmup 2/2: 0.574272 sec, 1 copy (N=1 anchor)
  batch 1/3: 2.426917 sec, 5 copies (server sum 2331.033 ms)
  batch 2/3: 2.455640 sec, 5 copies (server sum 2351.011 ms)
  batch 3/3: 2.384479 sec, 5 copies (server sum 2338.052 ms)
  slope: pkg 10.34 J/exec (intercept 1.938 J), wall 0.462018 s/exec (intercept 0.112254 s)
[24/53] queries/tpch/tpch-queries/q10/v1_materialized.sql (2 warmup [warm ones = N=1 anchor] + 3 x5)
  warmup 1/2: 0.532432 sec, 1 copy (cache prime)
  warmup 2/2: 0.587180 sec, 1 copy (N=1 anchor)
  batch 1/3: 2.483807 sec, 5 copies (server sum 2386.406 ms)
  batch 2/3: 2.512910 sec, 5 copies (server sum 2412.785 ms)
  batch 3/3: 2.502829 sec, 5 copies (server sum 2391.943 ms)
  slope: pkg 10.59 J/exec (intercept 2.077 J), wall 0.478167 s/exec (intercept 0.109013 s)
[25/53] queries/tpch/tpch-queries/q11/base.sql (2 warmup [warm ones = N=1 anchor] + 3 x5)
  warmup 1/2: 0.179008 sec, 1 copy (cache prime)
  warmup 2/2: 0.222388 sec, 1 copy (N=1 anchor)
  batch 1/3: 0.619742 sec, 5 copies (server sum 576.089 ms)
  batch 2/3: 0.724187 sec, 5 copies (server sum 607.265 ms)
  batch 3/3: 0.695284 sec, 5 copies (server sum 582.760 ms)
  slope: pkg 2.724 J/exec (intercept 1.931 J), wall 0.114337 s/exec (intercept 0.108051 s)
[26/53] queries/tpch/tpch-queries/q11/v1_materialized.sql (2 warmup [warm ones = N=1 anchor] + 3 x5)
  warmup 1/2: 0.214659 sec, 1 copy (cache prime)
  warmup 2/2: 0.236677 sec, 1 copy (N=1 anchor)
  batch 1/3: 0.552886 sec, 5 copies (server sum 510.453 ms)
  batch 2/3: 0.624445 sec, 5 copies (server sum 523.236 ms)
  batch 3/3: 0.552907 sec, 5 copies (server sum 509.886 ms)
  slope: pkg 2.808 J/exec (intercept 0.3868 J), wall 0.085017 s/exec (intercept 0.151660 s)
[27/53] queries/tpch/tpch-queries/q11/v2_cte_threshold.sql (2 warmup [warm ones = N=1 anchor] + 3 x5)
  warmup 1/2: 0.150988 sec, 1 copy (cache prime)
  warmup 2/2: 0.155835 sec, 1 copy (N=1 anchor)
  batch 1/3: 0.665902 sec, 5 copies (server sum 531.125 ms)
  batch 2/3: 0.584178 sec, 5 copies (server sum 515.861 ms)
  batch 3/3: 0.638357 sec, 5 copies (server sum 529.661 ms)
  slope: pkg 2.659 J/exec (intercept 0.5764 J), wall 0.118411 s/exec (intercept 0.037425 s)
[28/53] queries/tpch/tpch-queries/q12/base.sql (2 warmup [warm ones = N=1 anchor] + 3 x5)
  warmup 1/2: 0.619198 sec, 1 copy (cache prime)
  warmup 2/2: 0.740428 sec, 1 copy (N=1 anchor)
  batch 1/3: 3.253414 sec, 5 copies (server sum 3137.518 ms)
  batch 2/3: 3.320802 sec, 5 copies (server sum 3199.548 ms)
  batch 3/3: 3.298496 sec, 5 copies (server sum 3170.547 ms)
  slope: pkg 14.03 J/exec (intercept 1.897 J), wall 0.637619 s/exec (intercept 0.102809 s)
[29/53] queries/tpch/tpch-queries/q12/v1_materialized.sql (2 warmup [warm ones = N=1 anchor] + 3 x5)
  warmup 1/2: 0.700425 sec, 1 copy (cache prime)
  warmup 2/2: 0.750901 sec, 1 copy (N=1 anchor)
  batch 1/3: 3.239409 sec, 5 copies (server sum 3127.426 ms)
  batch 2/3: 3.192811 sec, 5 copies (server sum 3079.007 ms)
  batch 3/3: 3.254712 sec, 5 copies (server sum 3165.969 ms)
  slope: pkg 13.59 J/exec (intercept 2.923 J), wall 0.619519 s/exec (intercept 0.131382 s)
[30/53] queries/tpch/tpch-queries/q12/v2_filter.sql (2 warmup [warm ones = N=1 anchor] + 3 x5)
  warmup 1/2: 0.702095 sec, 1 copy (cache prime)
  warmup 2/2: 0.758473 sec, 1 copy (N=1 anchor)
  batch 1/3: 3.201735 sec, 5 copies (server sum 3088.547 ms)
  batch 2/3: 3.208724 sec, 5 copies (server sum 3083.877 ms)
  batch 3/3: 3.232526 sec, 5 copies (server sum 3110.160 ms)
  slope: pkg 13.54 J/exec (intercept 2.893 J), wall 0.613964 s/exec (intercept 0.144509 s)
[31/53] queries/tpch/tpch-queries/q13/base.sql (2 warmup [warm ones = N=1 anchor] + 3 x5)
  warmup 1/2: 0.902441 sec, 1 copy (cache prime)
  warmup 2/2: 0.827729 sec, 1 copy (N=1 anchor)
  batch 1/3: 3.685363 sec, 5 copies (server sum 3575.531 ms)
  batch 2/3: 3.645882 sec, 5 copies (server sum 3549.697 ms)
  batch 3/3: 3.650519 sec, 5 copies (server sum 3549.580 ms)
  slope: pkg 11.03 J/exec (intercept 0.7218 J), wall 0.708215 s/exec (intercept 0.119514 s)
[32/53] queries/tpch/tpch-queries/q13/v1_materialized.sql (2 warmup [warm ones = N=1 anchor] + 3 x5)
  warmup 1/2: 0.788776 sec, 1 copy (cache prime)
  warmup 2/2: 0.846614 sec, 1 copy (N=1 anchor)
  batch 1/3: 3.624245 sec, 5 copies (server sum 3527.621 ms)
  batch 2/3: 3.615157 sec, 5 copies (server sum 3519.357 ms)
  batch 3/3: 3.651711 sec, 5 copies (server sum 3533.366 ms)
  slope: pkg 10.99 J/exec (intercept 0.6338 J), wall 0.695939 s/exec (intercept 0.150674 s)
[33/53] queries/tpch/tpch-queries/q13/v2_correlated.sql (2 warmup [warm ones = N=1 anchor] + 3 x5)
  warmup 1/2: 9.932964 sec, 1 copy (cache prime)
  warmup 2/2: 9.812745 sec, 1 copy (N=1 anchor)
  batch 1/3: 48.712417 sec, 5 copies (server sum 48597.641 ms)
  batch 2/3: 48.901266 sec, 5 copies (server sum 48857.160 ms)
  batch 3/3: 49.136055 sec, 5 copies (server sum 49091.738 ms)
  slope: pkg 143.7 J/exec (intercept 2.044 J), wall 9.775958 s/exec (intercept 0.036787 s)
[34/53] queries/tpch/tpch-queries/q14/base.sql (2 warmup [warm ones = N=1 anchor] + 3 x5)
  warmup 1/2: 0.436787 sec, 1 copy (cache prime)
  warmup 2/2: 0.463821 sec, 1 copy (N=1 anchor)
  batch 1/3: 1.915965 sec, 5 copies (server sum 1815.724 ms)
  batch 2/3: 1.871337 sec, 5 copies (server sum 1760.770 ms)
  batch 3/3: 1.889127 sec, 5 copies (server sum 1782.417 ms)
  slope: pkg 11.24 J/exec (intercept -0.02457 J), wall 0.357081 s/exec (intercept 0.106740 s)
[35/53] queries/tpch/tpch-queries/q14/v1_materialized.sql (2 warmup [warm ones = N=1 anchor] + 3 x5)
  warmup 1/2: 0.477713 sec, 1 copy (cache prime)
  warmup 2/2: 0.468203 sec, 1 copy (N=1 anchor)
  batch 1/3: 1.796934 sec, 5 copies (server sum 1753.931 ms)
  batch 2/3: 1.881986 sec, 5 copies (server sum 1771.777 ms)
  batch 3/3: 1.968702 sec, 5 copies (server sum 1858.858 ms)
  slope: pkg 10.65 J/exec (intercept 2.206 J), wall 0.353585 s/exec (intercept 0.114618 s)
[36/53] queries/tpch/tpch-queries/q14/v2_filter.sql (2 warmup [warm ones = N=1 anchor] + 3 x5)
  warmup 1/2: 0.499302 sec, 1 copy (cache prime)
  warmup 2/2: 0.489316 sec, 1 copy (N=1 anchor)
  batch 1/3: 1.891372 sec, 5 copies (server sum 1780.142 ms)
  batch 2/3: 1.978027 sec, 5 copies (server sum 1876.141 ms)
  batch 3/3: 1.939191 sec, 5 copies (server sum 1846.554 ms)
  slope: pkg 10.43 J/exec (intercept 0.9503 J), wall 0.361720 s/exec (intercept 0.127596 s)
[37/53] queries/tpch/tpch-queries/q15/base.sql (2 warmup [warm ones = N=1 anchor] + 3 x5)
  warmup 1/2: 0.449725 sec, 1 copy (cache prime)
  warmup 2/2: 0.519205 sec, 1 copy (N=1 anchor)
  batch 1/3: 2.121786 sec, 5 copies (server sum 2011.082 ms)
  batch 2/3: 2.072378 sec, 5 copies (server sum 1958.187 ms)
  batch 3/3: 2.172405 sec, 5 copies (server sum 2052.232 ms)
  slope: pkg 9.643 J/exec (intercept 1.884 J), wall 0.400746 s/exec (intercept 0.118459 s)
[38/53] queries/tpch/tpch-queries/q15/v1_materialized.sql (2 warmup [warm ones = N=1 anchor] + 3 x5)
  warmup 1/2: 0.501197 sec, 1 copy (cache prime)
  warmup 2/2: 0.478198 sec, 1 copy (N=1 anchor)
  batch 1/3: 2.174705 sec, 5 copies (server sum 2056.245 ms)
  batch 2/3: 2.192519 sec, 5 copies (server sum 2073.446 ms)
  batch 3/3: 2.091215 sec, 5 copies (server sum 2042.570 ms)
  slope: pkg 9.187 J/exec (intercept 1.326 J), wall 0.418654 s/exec (intercept 0.059544 s)
[39/53] queries/tpch/tpch-queries/q16/base.sql (2 warmup [warm ones = N=1 anchor] + 3 x5)
  warmup 1/2: 0.379546 sec, 1 copy (cache prime)
  warmup 2/2: 0.396276 sec, 1 copy (N=1 anchor)
  batch 1/3: 1.540815 sec, 5 copies (server sum 1434.885 ms)
  batch 2/3: 1.534888 sec, 5 copies (server sum 1428.783 ms)
  batch 3/3: 1.519866 sec, 5 copies (server sum 1410.152 ms)
  slope: pkg 6.695 J/exec (intercept 1.03 J), wall 0.283895 s/exec (intercept 0.112381 s)
[40/53] queries/tpch/tpch-queries/q16/v1_materialized.sql (2 warmup [warm ones = N=1 anchor] + 3 x5)
  warmup 1/2: 0.333621 sec, 1 copy (cache prime)
  warmup 2/2: 0.391977 sec, 1 copy (N=1 anchor)
  batch 1/3: 1.532871 sec, 5 copies (server sum 1398.489 ms)
  batch 2/3: 1.455243 sec, 5 copies (server sum 1411.290 ms)
  batch 3/3: 1.444036 sec, 5 copies (server sum 1399.729 ms)
  slope: pkg 6.405 J/exec (intercept 1.051 J), wall 0.271352 s/exec (intercept 0.120626 s)
[41/53] queries/tpch/tpch-queries/q16/v2_not_exists.sql (2 warmup [warm ones = N=1 anchor] + 3 x5)
  warmup 1/2: 0.337221 sec, 1 copy (cache prime)
  warmup 2/2: 0.362519 sec, 1 copy (N=1 anchor)
  batch 1/3: 1.403576 sec, 5 copies (server sum 1302.429 ms)
  batch 2/3: 1.306007 sec, 5 copies (server sum 1262.200 ms)
  batch 3/3: 1.377390 sec, 5 copies (server sum 1282.142 ms)
  slope: pkg 5.836 J/exec (intercept 0.7859 J), wall 0.249951 s/exec (intercept 0.112568 s)
[42/53] queries/tpch/tpch-queries/q17/v2_decorrelate.sql (2 warmup [warm ones = N=1 anchor] + 3 x5)
  warmup 1/2: 2.875179 sec, 1 copy (cache prime)
  warmup 2/2: 2.859102 sec, 1 copy (N=1 anchor)
  batch 1/3: 13.650386 sec, 5 copies (server sum 13551.248 ms)
  batch 2/3: 13.811728 sec, 5 copies (server sum 13711.834 ms)
  batch 3/3: 13.723068 sec, 5 copies (server sum 13617.083 ms)
  slope: pkg 59.28 J/exec (intercept 3.349 J), wall 2.717323 s/exec (intercept 0.141779 s)
[43/53] queries/tpch/tpch-queries/q18/base.sql (2 warmup [warm ones = N=1 anchor] + 3 x5)
  warmup 1/2: 3.149146 sec, 1 copy (cache prime)
  warmup 2/2: 3.200553 sec, 1 copy (N=1 anchor)
  batch 1/3: 15.926919 sec, 5 copies (server sum 15875.087 ms)
  batch 2/3: 15.915275 sec, 5 copies (server sum 15777.420 ms)
  batch 3/3: 15.793752 sec, 5 copies (server sum 15663.343 ms)
  slope: pkg 69.52 J/exec (intercept 0.6933 J), wall 3.169524 s/exec (intercept 0.031029 s)
[44/53] queries/tpch/tpch-queries/q18/v1_materialized.sql (2 warmup [warm ones = N=1 anchor] + 3 x5)
  warmup 1/2: 3.464982 sec, 1 copy (cache prime)
  warmup 2/2: 3.365928 sec, 1 copy (N=1 anchor)
  batch 1/3: 16.790544 sec, 5 copies (server sum 16659.432 ms)
  batch 2/3: 16.722304 sec, 5 copies (server sum 16594.297 ms)
  batch 3/3: 16.764838 sec, 5 copies (server sum 16623.514 ms)
  slope: pkg 73.41 J/exec (intercept 0.6406 J), wall 3.348325 s/exec (intercept 0.017602 s)
[45/53] queries/tpch/tpch-queries/q18/v2_join.sql (2 warmup [warm ones = N=1 anchor] + 3 x5)
  warmup 1/2: 3.175075 sec, 1 copy (cache prime)
  warmup 2/2: 3.191364 sec, 1 copy (N=1 anchor)
  batch 1/3: 15.900451 sec, 5 copies (server sum 15777.630 ms)
  batch 2/3: 15.742617 sec, 5 copies (server sum 15631.065 ms)
  batch 3/3: 15.794053 sec, 5 copies (server sum 15670.341 ms)
  slope: pkg 69.27 J/exec (intercept 0.6383 J), wall 3.155253 s/exec (intercept 0.036111 s)
[46/53] queries/tpch/tpch-queries/q19/base.sql (2 warmup [warm ones = N=1 anchor] + 3 x5)
  warmup 1/2: 0.618312 sec, 1 copy (cache prime)
  warmup 2/2: 0.656321 sec, 1 copy (N=1 anchor)
  batch 1/3: 2.877954 sec, 5 copies (server sum 2750.653 ms)
  batch 2/3: 2.824859 sec, 5 copies (server sum 2700.356 ms)
  batch 3/3: 2.853817 sec, 5 copies (server sum 2713.456 ms)
  slope: pkg 12.02 J/exec (intercept 2.492 J), wall 0.548972 s/exec (intercept 0.107349 s)
[47/53] queries/tpch/tpch-queries/q19/v1_materialized.sql (2 warmup [warm ones = N=1 anchor] + 3 x5)
  warmup 1/2: 0.651779 sec, 1 copy (cache prime)
  warmup 2/2: 0.674840 sec, 1 copy (N=1 anchor)
  batch 1/3: 2.880408 sec, 5 copies (server sum 2755.851 ms)
  batch 2/3: 2.845421 sec, 5 copies (server sum 2723.256 ms)
  batch 3/3: 2.927591 sec, 5 copies (server sum 2782.545 ms)
  slope: pkg 12.13 J/exec (intercept 2.775 J), wall 0.552408 s/exec (intercept 0.122432 s)
[48/53] queries/tpch/tpch-queries/q19/v2_union_all.sql (2 warmup [warm ones = N=1 anchor] + 3 x5)
  warmup 1/2: 1.959066 sec, 1 copy (cache prime)
  warmup 2/2: 2.038663 sec, 1 copy (N=1 anchor)
  batch 1/3: 9.382665 sec, 5 copies (server sum 9264.409 ms)
  batch 2/3: 9.425690 sec, 5 copies (server sum 9292.222 ms)
  batch 3/3: 9.171743 sec, 5 copies (server sum 9024.109 ms)
  slope: pkg 39.98 J/exec (intercept 4.758 J), wall 1.822009 s/exec (intercept 0.216654 s)
[49/53] queries/tpch/tpch-queries/q21/base.sql (2 warmup [warm ones = N=1 anchor] + 3 x5)
  warmup 1/2: 0.896841 sec, 1 copy (cache prime)
  warmup 2/2: 0.950868 sec, 1 copy (N=1 anchor)
  batch 1/3: 4.217328 sec, 5 copies (server sum 4087.421 ms)
  batch 2/3: 4.164662 sec, 5 copies (server sum 4043.454 ms)
  batch 3/3: 4.214191 sec, 5 copies (server sum 4111.329 ms)
  slope: pkg 17.56 J/exec (intercept 4.314 J), wall 0.811965 s/exec (intercept 0.138903 s)
[50/53] queries/tpch/tpch-queries/q21/v1_materialized.sql (2 warmup [warm ones = N=1 anchor] + 3 x5)
  warmup 1/2: 0.862471 sec, 1 copy (cache prime)
  warmup 2/2: 0.913136 sec, 1 copy (N=1 anchor)
  batch 1/3: 4.122594 sec, 5 copies (server sum 4003.539 ms)
  batch 2/3: 4.125335 sec, 5 copies (server sum 4025.264 ms)
  batch 3/3: 4.166292 sec, 5 copies (server sum 4045.721 ms)
  slope: pkg 17.73 J/exec (intercept 2.124 J), wall 0.806234 s/exec (intercept 0.106901 s)
[51/53] queries/tpch/tpch-queries/q22/base.sql (2 warmup [warm ones = N=1 anchor] + 3 x5)
  warmup 1/2: 0.135168 sec, 1 copy (cache prime)
  warmup 2/2: 0.107965 sec, 1 copy (N=1 anchor)
  batch 1/3: 0.355624 sec, 5 copies (server sum 311.869 ms)
  batch 2/3: 0.393442 sec, 5 copies (server sum 289.100 ms)
  batch 3/3: 0.413580 sec, 5 copies (server sum 304.610 ms)
  slope: pkg 1.552 J/exec (intercept 0.5866 J), wall 0.069896 s/exec (intercept 0.038069 s)
[52/53] queries/tpch/tpch-queries/q22/v1_materialized.sql (2 warmup [warm ones = N=1 anchor] + 3 x5)
  warmup 1/2: 0.138844 sec, 1 copy (cache prime)
  warmup 2/2: 0.113887 sec, 1 copy (N=1 anchor)
  batch 1/3: 0.335354 sec, 5 copies (server sum 291.966 ms)
  batch 2/3: 0.450719 sec, 5 copies (server sum 339.789 ms)
  batch 3/3: 0.398546 sec, 5 copies (server sum 294.566 ms)
  slope: pkg 1.636 J/exec (intercept 0.373 J), wall 0.070247 s/exec (intercept 0.043640 s)
[53/53] queries/tpch/tpch-queries/q22/v2_anti_join.sql (2 warmup [warm ones = N=1 anchor] + 3 x5)
  warmup 1/2: 0.223632 sec, 1 copy (cache prime)
  warmup 2/2: 0.274511 sec, 1 copy (N=1 anchor)
  batch 1/3: 0.745788 sec, 5 copies (server sum 634.317 ms)
  batch 2/3: 0.788161 sec, 5 copies (server sum 687.088 ms)
  batch 3/3: 0.807030 sec, 5 copies (server sum 698.481 ms)
  slope: pkg 3.889 J/exec (intercept -0.05153 J), wall 0.126454 s/exec (intercept 0.148058 s)

Done. Batch rows appended to logs/shared_buffers/sb_128MB/query_timing_tpch.csv
Per-copy samples appended to logs/shared_buffers/sb_128MB/query_samples_tpch.csv
Relation sizes appended to logs/shared_buffers/sb_128MB/query_catalog_tpch.csv
Per-query slope/intercept appended to logs/shared_buffers/sb_128MB/query_slope_tpch.csv
make: Leaving directory '/home/user01/GreenSQL'
