==> run_id=20260918T204804Z-d479ea  order (159 entries) -> logs/warm_stepup/20260918T204804Z-d479ea/run_order_20260918T204804Z-d479ea.txt
warm step-up: PG18  DB=tpch_idx  DIR=queries/tpch/tpch-queries  BATCH_SIZES='1 2 4 8 16'  WARMUP=2  RUNS=1  REPEATS=3
  thermal: gate T_LO=55 T_HI=60 PREHEAT_MAX_S=60 COOLDOWN_MAX_S=120   fix_clock: 1 (ceiling 2000000)   batch cap: none
  logs -> logs/warm_stepup/20260918T204804Z-d479ea/  (159 entries)
clock_control: no_turbo=0 (ceiling 2000000 kHz is a turbo bin)
clock_control: governor=performance (was powersave)
clock_control: max_freq=2000000 kHz on 8 CPUs
[1/159] queries/tpch/tpch-queries/q01/base.sql  (run_id DFFDE7CED3116F6A)
  ok
[2/159] queries/tpch/tpch-queries/q07/v1_materialized.sql  (run_id 4F585D0B6A9D7EF5)
  ok
[3/159] queries/tpch/tpch-queries/q11/base.sql  (run_id CA9768D0ADD84212)
  ok
[4/159] queries/tpch/tpch-queries/q09/base.sql  (run_id BB8BB50DF2E7CDF9)
  ok
[5/159] queries/tpch/tpch-queries/q19/base.sql  (run_id B278FBC5D42D359C)
  ok
[6/159] queries/tpch/tpch-queries/q16/v2_not_exists.sql  (run_id 8A9C1CDF05068D9F)
  ok
[7/159] queries/tpch/tpch-queries/q21/base.sql  (run_id AAA061EDD72C5FA2)
  ok
[8/159] queries/tpch/tpch-queries/q11/base.sql  (run_id C6A1F7C0E0DF8078)
  ok
[9/159] queries/tpch/tpch-queries/q07/v2_union_all.sql  (run_id DA2B85E0CDC219D9)
  ok
[10/159] queries/tpch/tpch-queries/q13/v1_materialized.sql  (run_id CF5FBABD50D5D638)
  ok
[11/159] queries/tpch/tpch-queries/q13/base.sql  (run_id C52F2168AA5B1F14)
  ok
[12/159] queries/tpch/tpch-queries/q22/v1_materialized.sql  (run_id 098BE7F65C618457)
  ok
[13/159] queries/tpch/tpch-queries/q06/base.sql  (run_id 05365501E40CA60A)
  ok
[14/159] queries/tpch/tpch-queries/q09/v1_materialized.sql  (run_id C5FC0CCB817B1579)
  ok
[15/159] queries/tpch/tpch-queries/q04/base.sql  (run_id FB8063A6F9EBC768)
  ok
[16/159] queries/tpch/tpch-queries/q22/v2_anti_join.sql  (run_id 0F807FEC2AA2C36B)
  ok
[17/159] queries/tpch/tpch-queries/q07/base.sql  (run_id 943E2638F726A4F8)
  ok
[18/159] queries/tpch/tpch-queries/q01/base.sql  (run_id D655C4F1CCC36883)
  ok
[19/159] queries/tpch/tpch-queries/q04/v2_in.sql  (run_id C2AF30F053DEC589)
  ok
[20/159] queries/tpch/tpch-queries/q08/v1_materialized.sql  (run_id 3B25750E5EBCAB9C)
  ok
[21/159] queries/tpch/tpch-queries/q19/v2_union_all.sql  (run_id 766CE376CC9BAEFA)
  ok
[22/159] queries/tpch/tpch-queries/q16/v2_not_exists.sql  (run_id 2775163B6F284FD5)
  ok
[23/159] queries/tpch/tpch-queries/q22/v1_materialized.sql  (run_id BB6A8DCCA88CFB35)
  ok
[24/159] queries/tpch/tpch-queries/q21/v1_materialized.sql  (run_id 44078071C6D973AB)
  ok
[25/159] queries/tpch/tpch-queries/q14/v2_filter.sql  (run_id 114ED995BFF4C447)
  ok
[26/159] queries/tpch/tpch-queries/q15/v1_materialized.sql  (run_id E1EA825CCF849DC4)
  ok
[27/159] queries/tpch/tpch-queries/q15/base.sql  (run_id 02AA73DCA00C60CC)
  ok
[28/159] queries/tpch/tpch-queries/q19/base.sql  (run_id 0B02EAABC425EC56)
  ok
[29/159] queries/tpch/tpch-queries/q16/v2_not_exists.sql  (run_id F01597F6679E3F0D)
  ok
[30/159] queries/tpch/tpch-queries/q12/v2_filter.sql  (run_id 40610A163ABDFB7C)
  ok
[31/159] queries/tpch/tpch-queries/q11/v2_cte_threshold.sql  (run_id F0E2790C24487D4D)
  ok
[32/159] queries/tpch/tpch-queries/q08/base.sql  (run_id 6272F06678B0F2D0)
  ok
[33/159] queries/tpch/tpch-queries/q10/base.sql  (run_id 41C7E7A8E54CF3DA)
  ok
[34/159] queries/tpch/tpch-queries/q12/v2_filter.sql  (run_id 4BDB0F7F22E46B6C)
  ok
[35/159] queries/tpch/tpch-queries/q10/v1_materialized.sql  (run_id B667EF581EAF024E)
  ok
[36/159] queries/tpch/tpch-queries/q11/v1_materialized.sql  (run_id 3CA4CD7675588C36)
  ok
[37/159] queries/tpch/tpch-queries/q12/v1_materialized.sql  (run_id B2E80DBA2005B940)
  ok
[38/159] queries/tpch/tpch-queries/q03/base.sql  (run_id 0323080888034881)
  ok
[39/159] queries/tpch/tpch-queries/q13/v1_materialized.sql  (run_id 77D9AAFECBAFB0A1)
  ok
[40/159] queries/tpch/tpch-queries/q08/v2_filter.sql  (run_id 791908FBF10C564C)
  ok
[41/159] queries/tpch/tpch-queries/q18/v1_materialized.sql  (run_id AE15AFFDB9A2FF98)
  ok
[42/159] queries/tpch/tpch-queries/q16/v1_materialized.sql  (run_id 9026B5C9F89E6E93)
  ok
[43/159] queries/tpch/tpch-queries/q18/v1_materialized.sql  (run_id 1C8B69C8ABC40719)
  ok
[44/159] queries/tpch/tpch-queries/q08/v2_filter.sql  (run_id 84C4166618329809)
  ok
[45/159] queries/tpch/tpch-queries/q02/base.sql  (run_id 221F73FAC9393972)
  ok
[46/159] queries/tpch/tpch-queries/q06/base.sql  (run_id 0FB683438BB79A10)
  ok
[47/159] queries/tpch/tpch-queries/q12/v1_materialized.sql  (run_id C803EC381144C230)
  ok
[48/159] queries/tpch/tpch-queries/q12/base.sql  (run_id 0B51F49A40556F32)
  ok
[49/159] queries/tpch/tpch-queries/q12/v2_filter.sql  (run_id A7C605C98F10FD77)
  ok
[50/159] queries/tpch/tpch-queries/q19/v2_union_all.sql  (run_id 506E3EB69A2E9E5D)
  ok
[51/159] queries/tpch/tpch-queries/q14/v1_materialized.sql  (run_id E4F4BC406588CED0)
  ok
[52/159] queries/tpch/tpch-queries/q02/v1_materialized.sql  (run_id 8798131D7B637648)
  ok
[53/159] queries/tpch/tpch-queries/q10/base.sql  (run_id D56A17CC6015B75E)
  ok
[54/159] queries/tpch/tpch-queries/q04/v2_in.sql  (run_id 4C4EF382EBA84177)
  ok
[55/159] queries/tpch/tpch-queries/q18/base.sql  (run_id 8FA6806007D27E7A)
  ok
[56/159] queries/tpch/tpch-queries/q14/v2_filter.sql  (run_id D3E92F30209D960B)
  ok
[57/159] queries/tpch/tpch-queries/q21/v1_materialized.sql  (run_id 8684E8FAF8184879)
  ok
[58/159] queries/tpch/tpch-queries/q14/v2_filter.sql  (run_id E13B6413DA64F213)
  ok
[59/159] queries/tpch/tpch-queries/q02/base.sql  (run_id 9299A82D34B49050)
  ok
[60/159] queries/tpch/tpch-queries/q15/base.sql  (run_id 011B5D35FE06752A)
  ok
[61/159] queries/tpch/tpch-queries/q02/base.sql  (run_id 0E0EDF3B0B3DF500)
  ok
[62/159] queries/tpch/tpch-queries/q17/v2_decorrelate.sql  (run_id F9855E0E4D62E492)
  ok
[63/159] queries/tpch/tpch-queries/q21/base.sql  (run_id 164DE950813693A1)
  ok
[64/159] queries/tpch/tpch-queries/q16/base.sql  (run_id B01D3DBCCB16D27F)
  ok
[65/159] queries/tpch/tpch-queries/q18/v2_join.sql  (run_id EC6D58F914F98C62)
  ok
[66/159] queries/tpch/tpch-queries/q07/v1_materialized.sql  (run_id 08016D84C51B23F7)
  ok
[67/159] queries/tpch/tpch-queries/q16/v1_materialized.sql  (run_id 6462259E7AD20CC9)
  ok
[68/159] queries/tpch/tpch-queries/q12/base.sql  (run_id 7D30DBC5E12B4D4F)
  ok
[69/159] queries/tpch/tpch-queries/q15/v1_materialized.sql  (run_id 95E88CB1930002D0)
  ok
[70/159] queries/tpch/tpch-queries/q09/base.sql  (run_id 1A112D092E1514FE)
  ok
[71/159] queries/tpch/tpch-queries/q04/v1_materialized.sql  (run_id 888D2D636CA42E30)
  ok
[72/159] queries/tpch/tpch-queries/q05/v1_materialized.sql  (run_id B830E55F27609AE1)
  ok
[73/159] queries/tpch/tpch-queries/q19/v2_union_all.sql  (run_id 7DC9BA0B6FE3019B)
  ok
[74/159] queries/tpch/tpch-queries/q18/v2_join.sql  (run_id D6FFC81408F0FA6C)
  ok
[75/159] queries/tpch/tpch-queries/q01/base.sql  (run_id 77F6808B6CEFEC52)
  ok
[76/159] queries/tpch/tpch-queries/q19/v1_materialized.sql  (run_id ED191C423BC318C2)
  ok
[77/159] queries/tpch/tpch-queries/q22/base.sql  (run_id 4B67A2F61A1EBE63)
  ok
[78/159] queries/tpch/tpch-queries/q06/v1_materialized.sql  (run_id 9BC27F94C4DCF65C)
  ok
[79/159] queries/tpch/tpch-queries/q14/base.sql  (run_id F426D442AF5337D3)
  ok
[80/159] queries/tpch/tpch-queries/q13/base.sql  (run_id D5F0B368B83C85BC)
  ok
[81/159] queries/tpch/tpch-queries/q19/v1_materialized.sql  (run_id DF83E449188039A6)
  ok
[82/159] queries/tpch/tpch-queries/q18/base.sql  (run_id 7DEC7BEF54C81282)
  ok
[83/159] queries/tpch/tpch-queries/q10/base.sql  (run_id 33C722F8054B2D96)
  ok
[84/159] queries/tpch/tpch-queries/q03/base.sql  (run_id 480516D3FADB9348)
  ok
[85/159] queries/tpch/tpch-queries/q11/base.sql  (run_id F5DD5D1A1023C6B7)
  ok
[86/159] queries/tpch/tpch-queries/q11/v2_cte_threshold.sql  (run_id C462F26679380A28)
  ok
[87/159] queries/tpch/tpch-queries/q19/v1_materialized.sql  (run_id 327CE23C60BB9FB6)
  ok
[88/159] queries/tpch/tpch-queries/q22/v2_anti_join.sql  (run_id 59C81945EE4402AC)
  ok
[89/159] queries/tpch/tpch-queries/q16/base.sql  (run_id 82C85962C995BED5)
  ok
[90/159] queries/tpch/tpch-queries/q10/v1_materialized.sql  (run_id B98FDD08FE5500AC)
  ok
[91/159] queries/tpch/tpch-queries/q09/v1_materialized.sql  (run_id BC32DD73BAECD5A9)
  ok
[92/159] queries/tpch/tpch-queries/q06/v1_materialized.sql  (run_id 551DF9184B300BC3)
  ok
[93/159] queries/tpch/tpch-queries/q09/v1_materialized.sql  (run_id 5ABAA3F8BC3E0B13)
  ok
[94/159] queries/tpch/tpch-queries/q03/v1_materialized.sql  (run_id 48D9D4F3528689FB)
  ok
[95/159] queries/tpch/tpch-queries/q18/base.sql  (run_id C9864294609D1025)
  ok
[96/159] queries/tpch/tpch-queries/q07/v2_union_all.sql  (run_id 20F3821EAD923CBA)
  ok
[97/159] queries/tpch/tpch-queries/q03/base.sql  (run_id 1F4431DC8CA6ED6A)
  ok
[98/159] queries/tpch/tpch-queries/q15/v1_materialized.sql  (run_id E2CF742D21BB95FC)
  ok
[99/159] queries/tpch/tpch-queries/q02/v1_materialized.sql  (run_id 28143A6CAE75E3A4)
  ok
[100/159] queries/tpch/tpch-queries/q04/base.sql  (run_id A5765943CD5A611A)
  ok
[101/159] queries/tpch/tpch-queries/q21/base.sql  (run_id C629C716D7375BE6)
  ok
[102/159] queries/tpch/tpch-queries/q13/v1_materialized.sql  (run_id 8A168CB05AA52BFE)
  ok
[103/159] queries/tpch/tpch-queries/q08/v2_filter.sql  (run_id CA23D77002296BBF)
  ok
[104/159] queries/tpch/tpch-queries/q04/base.sql  (run_id 01EA1449A7348459)
  ok
[105/159] queries/tpch/tpch-queries/q21/v1_materialized.sql  (run_id 2A95B985E3E1C361)
  ok
[106/159] queries/tpch/tpch-queries/q13/v2_correlated.sql  (run_id 73DBACEA94A0DAAD)
  ok
[107/159] queries/tpch/tpch-queries/q16/v1_materialized.sql  (run_id 7D62AA2F03EE1125)
  ok
[108/159] queries/tpch/tpch-queries/q06/v1_materialized.sql  (run_id CD2033EFA229805A)
  ok
[109/159] queries/tpch/tpch-queries/q22/v2_anti_join.sql  (run_id E726D4F6247F19EB)
  ok
[110/159] queries/tpch/tpch-queries/q17/v2_decorrelate.sql  (run_id 83EF2970AAFD9E53)
  ok
[111/159] queries/tpch/tpch-queries/q02/v1_materialized.sql  (run_id 14747F3A3F229FBF)
  ok
[112/159] queries/tpch/tpch-queries/q04/v1_materialized.sql  (run_id 709D8FE01228F591)
  ok
[113/159] queries/tpch/tpch-queries/q08/base.sql  (run_id 57ABE09C376BC84A)
  ok
[114/159] queries/tpch/tpch-queries/q11/v1_materialized.sql  (run_id 5A1D87F0AE6220AA)
  ok
[115/159] queries/tpch/tpch-queries/q04/v2_in.sql  (run_id 93DA4F294A07B418)
  ok
[116/159] queries/tpch/tpch-queries/q22/v1_materialized.sql  (run_id D191073130B5F938)
  ok
[117/159] queries/tpch/tpch-queries/q02/v2_decorrelate.sql  (run_id C0283027D4324009)
  ok
[118/159] queries/tpch/tpch-queries/q01/v1_materialized.sql  (run_id 31B42BC067F8A330)
  ok
[119/159] queries/tpch/tpch-queries/q06/base.sql  (run_id 9E867A122CCE60F1)
  ok
[120/159] queries/tpch/tpch-queries/q05/v1_materialized.sql  (run_id 8E69842A6A0442D2)
  ok
[121/159] queries/tpch/tpch-queries/q18/v1_materialized.sql  (run_id F695D3364BE3BC1C)
  ok
[122/159] queries/tpch/tpch-queries/q03/v1_materialized.sql  (run_id 9469E701E13FF076)
  ok
[123/159] queries/tpch/tpch-queries/q13/base.sql  (run_id 88F34C3F01FF6EF9)
  ok
[124/159] queries/tpch/tpch-queries/q07/v1_materialized.sql  (run_id 3786503727F8F317)
  ok
[125/159] queries/tpch/tpch-queries/q18/v2_join.sql  (run_id 939E0E671E21BB14)
  ok
[126/159] queries/tpch/tpch-queries/q08/base.sql  (run_id B582E9BF40E45520)
  ok
[127/159] queries/tpch/tpch-queries/q09/base.sql  (run_id 2C953AED0E5DEA1E)
  ok
[128/159] queries/tpch/tpch-queries/q08/v1_materialized.sql  (run_id 36E9CC3CC0F9BB6E)
  ok
[129/159] queries/tpch/tpch-queries/q14/base.sql  (run_id B4E09598891C31E4)
  ok
[130/159] queries/tpch/tpch-queries/q17/v2_decorrelate.sql  (run_id A3441C6F34EF6CEF)
  ok
[131/159] queries/tpch/tpch-queries/q03/v1_materialized.sql  (run_id 570A550B86347E87)
  ok
[132/159] queries/tpch/tpch-queries/q14/base.sql  (run_id B9F7976BA4A9959B)
  ok
[133/159] queries/tpch/tpch-queries/q15/base.sql  (run_id EC59A764F225B7F8)
  ok
[134/159] queries/tpch/tpch-queries/q12/base.sql  (run_id 2DBCA5FA70E132DF)
  ok
[135/159] queries/tpch/tpch-queries/q11/v1_materialized.sql  (run_id D833E0E37A39508A)
  ok
[136/159] queries/tpch/tpch-queries/q04/v1_materialized.sql  (run_id 230CFFA4DACD429E)
  ok
[137/159] queries/tpch/tpch-queries/q05/base.sql  (run_id D35F3FF04017CF1E)
  ok
[138/159] queries/tpch/tpch-queries/q13/v2_correlated.sql  (run_id 5380341C6533ADD3)
  ok
[139/159] queries/tpch/tpch-queries/q22/base.sql  (run_id 9A898F6A0AD7CA9D)
  ok
[140/159] queries/tpch/tpch-queries/q05/base.sql  (run_id 260F7ADCC896EAFE)
  ok
[141/159] queries/tpch/tpch-queries/q14/v1_materialized.sql  (run_id 59FAA8044CE26741)
  ok
[142/159] queries/tpch/tpch-queries/q02/v2_decorrelate.sql  (run_id 6AFE54A2F3820790)
  ok
[143/159] queries/tpch/tpch-queries/q11/v2_cte_threshold.sql  (run_id ED6F65328FC77392)
  ok
[144/159] queries/tpch/tpch-queries/q22/base.sql  (run_id B80727DB5E5440C1)
  ok
[145/159] queries/tpch/tpch-queries/q05/base.sql  (run_id EC429447F3272A6C)
  ok
[146/159] queries/tpch/tpch-queries/q14/v1_materialized.sql  (run_id 7288EEE18CB22731)
  ok
[147/159] queries/tpch/tpch-queries/q07/v2_union_all.sql  (run_id 7FBB7DA819F0F0FE)
  ok
[148/159] queries/tpch/tpch-queries/q10/v1_materialized.sql  (run_id 68EF1EFA3E797840)
  ok
[149/159] queries/tpch/tpch-queries/q13/v2_correlated.sql  (run_id 056AC6B45B4B00A3)
  ok
[150/159] queries/tpch/tpch-queries/q16/base.sql  (run_id 478FA4EA126BD243)
  ok
[151/159] queries/tpch/tpch-queries/q01/v1_materialized.sql  (run_id AF0C8C5D82FED40D)
  ok
[152/159] queries/tpch/tpch-queries/q19/base.sql  (run_id 125357BC925ADB6D)
  ok
[153/159] queries/tpch/tpch-queries/q07/base.sql  (run_id 9A636E75A9C6EB2B)
  ok
[154/159] queries/tpch/tpch-queries/q05/v1_materialized.sql  (run_id 9BFE65304EA0AEF4)
  ok
[155/159] queries/tpch/tpch-queries/q12/v1_materialized.sql  (run_id 2B3112BF0F53FC95)
  ok
[156/159] queries/tpch/tpch-queries/q01/v1_materialized.sql  (run_id E18AB9262C35CBA0)
  ok
[157/159] queries/tpch/tpch-queries/q08/v1_materialized.sql  (run_id 2EEBD5BD134D6896)
  ok
[158/159] queries/tpch/tpch-queries/q02/v2_decorrelate.sql  (run_id DA1BA7F0383C153A)
  ok
[159/159] queries/tpch/tpch-queries/q07/base.sql  (run_id FD824C9BD58E9264)
  ok
clock_control: no_turbo restored to 0
clock_control: governor restored to powersave
clock_control: max_freq restored to 3600000 kHz
run_id:        20260918T204804Z-d479ea
started_utc:   2026-09-18T20:48:04Z
finished_utc:  2026-09-18T22:44:09Z
total_runtime: 01:56:05  (6965 seconds)   avg_per_entry: 43s
entries:       159   ok: 159   failed: 0
-- parameters --
pg:                 18
db:                 tpch_idx
queries_dir:        queries/tpch/tpch-queries
queries:            53
repeats:            3
batch_sizes:        1 2 4 8 16
runs_per_size:      1
warmup:             2
batch_cap_slow:     none (slow_copy_sec 1)
statement_timeout:  900s
workers:            planner default
port:               5434
logs_root:          logs/warm_stepup
run_dir:            logs/warm_stepup/20260918T204804Z-d479ea
order_file:         (generated)
saved_order:        logs/warm_stepup/20260918T204804Z-d479ea/run_order_20260918T204804Z-d479ea.txt
-- thermal / clock --
thermal_policy:     gate T_LO=55 T_HI=60 PREHEAT_MAX_S=60 COOLDOWN_MAX_S=120
fix_clock:          1
clock_max_khz:      2000000
clock_no_turbo: 0
clock_governor: performance
clock_min_freq_khz: 400000
clock_max_freq_khz: 2000000
rapl_pl1_w:         22.0
rapl_pl1_tau_s:     27.98
rapl_pl2_w:         44.0
dmesg_throttle_msgs: 0 during run (0 total)

warm step-up done: 159 ok, 0 failed of 159 entries in 01:56:05
  results dir: logs/warm_stepup/20260918T204804Z-d479ea/  (query_timing_tpch_idx.csv, ..., summary.txt)
  order: logs/warm_stepup/20260918T204804Z-d479ea/run_order_20260918T204804Z-d479ea.txt   console: logs/warm_stepup/20260918T204804Z-d479ea/console.log
