make: Entering directory '/home/user01/GreenSQL'
query_runner configuration:
  QUERY_DIR      = queries/tpch/tpch-queries
  LOG_FILE       = logs/work_mem/wm_4MB/query_timing_tpch_idx.csv
  SAMPLE_FILE    = logs/work_mem/wm_4MB/query_samples_tpch_idx.csv
  CATALOG_FILE   = logs/work_mem/wm_4MB/query_catalog_tpch_idx.csv
  SLOPE_FILE     = logs/work_mem/wm_4MB/query_slope_tpch_idx.csv
  DB_NAME        = tpch_idx
  DB_USER        = postgres
  PGPORT         = 5434
  PG_VERSION     = 18.4  (as reported by the server on that port)
  BATCHNUM       = 5 (slope sizes: 1 copy and 5 copies)
  RUNS           = 3 (measured batches per size)
  WARMUP         = 2 (single-copy; #1 primes cache, warm ones = N=1 anchor)
  WORKERS        = (planner default)
  STATEMENT_TIMEOUT = 900
  SIGLESS_ADDR   = (disabled)
Found 53 queries under queries/tpch/tpch-queries

Catalog snapshot: 37 relations -> logs/work_mem/wm_4MB/query_catalog_tpch_idx.csv
[1/53] queries/tpch/tpch-queries/q01/base.sql (2 warmup [warm ones = N=1 anchor] + 3 x5)
  warmup 1/2: 1.814085 sec, 1 copy (cache prime)
  warmup 2/2: 1.643564 sec, 1 copy (N=1 anchor)
  batch 1/3: 8.561328 sec, 5 copies (server sum 8419.532 ms)
  batch 2/3: 8.519744 sec, 5 copies (server sum 8404.991 ms)
  batch 3/3: 8.451364 sec, 5 copies (server sum 8397.472 ms)
  slope: pkg 36.18 J/exec (intercept 5.43 J), wall 1.716812 s/exec (intercept -0.073249 s)
[2/53] queries/tpch/tpch-queries/q01/v1_materialized.sql (2 warmup [warm ones = N=1 anchor] + 3 x5)
  warmup 1/2: 1.814131 sec, 1 copy (cache prime)
  warmup 2/2: 1.810748 sec, 1 copy (N=1 anchor)
  batch 1/3: 8.497172 sec, 5 copies (server sum 8405.340 ms)
  batch 2/3: 8.543091 sec, 5 copies (server sum 8420.340 ms)
  batch 3/3: 8.541647 sec, 5 copies (server sum 8422.479 ms)
  slope: pkg 36.81 J/exec (intercept 3.037 J), wall 1.679139 s/exec (intercept 0.131610 s)
[3/53] queries/tpch/tpch-queries/q02/base.sql (2 warmup [warm ones = N=1 anchor] + 3 x5)
  warmup 1/2: 0.500303 sec, 1 copy (cache prime)
  warmup 2/2: 0.305871 sec, 1 copy (N=1 anchor)
  batch 1/3: 1.093499 sec, 5 copies (server sum 973.430 ms)
  batch 2/3: 1.064394 sec, 5 copies (server sum 964.871 ms)
  batch 3/3: 1.046043 sec, 5 copies (server sum 945.935 ms)
  slope: pkg 2.014 J/exec (intercept 0.7799 J), wall 0.190527 s/exec (intercept 0.115345 s)
[4/53] queries/tpch/tpch-queries/q02/v1_materialized.sql (2 warmup [warm ones = N=1 anchor] + 3 x5)
  warmup 1/2: 0.328486 sec, 1 copy (cache prime)
  warmup 2/2: 0.328069 sec, 1 copy (N=1 anchor)
  batch 1/3: 1.279889 sec, 5 copies (server sum 1173.432 ms)
  batch 2/3: 1.202813 sec, 5 copies (server sum 1100.609 ms)
  batch 3/3: 1.183916 sec, 5 copies (server sum 1082.880 ms)
  slope: pkg 1.918 J/exec (intercept 0.7552 J), wall 0.223534 s/exec (intercept 0.104535 s)
[5/53] queries/tpch/tpch-queries/q02/v2_decorrelate.sql (2 warmup [warm ones = N=1 anchor] + 3 x5)
  warmup 1/2: 0.312786 sec, 1 copy (cache prime)
  warmup 2/2: 0.287506 sec, 1 copy (N=1 anchor)
  batch 1/3: 1.158957 sec, 5 copies (server sum 1051.348 ms)
  batch 2/3: 1.148812 sec, 5 copies (server sum 1046.442 ms)
  batch 3/3: 1.129256 sec, 5 copies (server sum 1026.445 ms)
  slope: pkg 1.442 J/exec (intercept 0.8378 J), wall 0.214542 s/exec (intercept 0.072964 s)
[6/53] queries/tpch/tpch-queries/q03/base.sql (2 warmup [warm ones = N=1 anchor] + 3 x5)
  warmup 1/2: 0.441669 sec, 1 copy (cache prime)
  warmup 2/2: 0.369467 sec, 1 copy (N=1 anchor)
  batch 1/3: 1.303142 sec, 5 copies (server sum 1196.641 ms)
  batch 2/3: 1.307455 sec, 5 copies (server sum 1212.916 ms)
  batch 3/3: 1.323881 sec, 5 copies (server sum 1227.361 ms)
  slope: pkg 7.68 J/exec (intercept 0.8582 J), wall 0.235506 s/exec (intercept 0.133961 s)
[7/53] queries/tpch/tpch-queries/q03/v1_materialized.sql (2 warmup [warm ones = N=1 anchor] + 3 x5)
  warmup 1/2: 0.371905 sec, 1 copy (cache prime)
  warmup 2/2: 0.396135 sec, 1 copy (N=1 anchor)
  batch 1/3: 1.328339 sec, 5 copies (server sum 1223.279 ms)
  batch 2/3: 1.378568 sec, 5 copies (server sum 1278.033 ms)
  batch 3/3: 1.354432 sec, 5 copies (server sum 1258.363 ms)
  slope: pkg 7.596 J/exec (intercept 0.4591 J), wall 0.239411 s/exec (intercept 0.156724 s)
[8/53] queries/tpch/tpch-queries/q04/base.sql (2 warmup [warm ones = N=1 anchor] + 3 x5)
  warmup 1/2: 0.259095 sec, 1 copy (cache prime)
  warmup 2/2: 0.230698 sec, 1 copy (N=1 anchor)
  batch 1/3: 0.576198 sec, 5 copies (server sum 470.072 ms)
  batch 2/3: 0.539629 sec, 5 copies (server sum 445.837 ms)
  batch 3/3: 0.574675 sec, 5 copies (server sum 479.825 ms)
  slope: pkg 2.871 J/exec (intercept -0.1323 J), wall 0.083201 s/exec (intercept 0.147498 s)
[9/53] queries/tpch/tpch-queries/q04/v1_materialized.sql (2 warmup [warm ones = N=1 anchor] + 3 x5)
  warmup 1/2: 0.204898 sec, 1 copy (cache prime)
  warmup 2/2: 0.249286 sec, 1 copy (N=1 anchor)
  batch 1/3: 0.572562 sec, 5 copies (server sum 467.298 ms)
  batch 2/3: 0.550517 sec, 5 copies (server sum 457.183 ms)
  batch 3/3: 0.581797 sec, 5 copies (server sum 484.425 ms)
  slope: pkg 2.863 J/exec (intercept -0.2453 J), wall 0.079752 s/exec (intercept 0.169534 s)
[10/53] queries/tpch/tpch-queries/q04/v2_in.sql (2 warmup [warm ones = N=1 anchor] + 3 x5)
  warmup 1/2: 0.206168 sec, 1 copy (cache prime)
  warmup 2/2: 0.249420 sec, 1 copy (N=1 anchor)
  batch 1/3: 0.548565 sec, 5 copies (server sum 452.301 ms)
  batch 2/3: 0.489732 sec, 5 copies (server sum 446.671 ms)
  batch 3/3: 0.572399 sec, 5 copies (server sum 473.280 ms)
  slope: pkg 2.949 J/exec (intercept -0.3034 J), wall 0.071870 s/exec (intercept 0.177550 s)
[11/53] queries/tpch/tpch-queries/q05/base.sql (2 warmup [warm ones = N=1 anchor] + 3 x5)
  warmup 1/2: 0.396185 sec, 1 copy (cache prime)
  warmup 2/2: 0.316020 sec, 1 copy (N=1 anchor)
  batch 1/3: 1.413035 sec, 5 copies (server sum 1298.324 ms)
  batch 2/3: 1.402743 sec, 5 copies (server sum 1294.962 ms)
  batch 3/3: 1.389359 sec, 5 copies (server sum 1286.703 ms)
  slope: pkg 3.496 J/exec (intercept 1.158 J), wall 0.271423 s/exec (intercept 0.044596 s)
[12/53] queries/tpch/tpch-queries/q05/v1_materialized.sql (2 warmup [warm ones = N=1 anchor] + 3 x5)
  warmup 1/2: 0.362371 sec, 1 copy (cache prime)
  warmup 2/2: 0.403582 sec, 1 copy (N=1 anchor)
  batch 1/3: 1.398455 sec, 5 copies (server sum 1290.393 ms)
  batch 2/3: 1.377525 sec, 5 copies (server sum 1275.172 ms)
  batch 3/3: 1.389327 sec, 5 copies (server sum 1285.823 ms)
  slope: pkg 3.513 J/exec (intercept 1.28 J), wall 0.246213 s/exec (intercept 0.157369 s)
[13/53] queries/tpch/tpch-queries/q06/base.sql (2 warmup [warm ones = N=1 anchor] + 3 x5)
  warmup 1/2: 0.176268 sec, 1 copy (cache prime)
  warmup 2/2: 0.101976 sec, 1 copy (N=1 anchor)
  batch 1/3: 0.339167 sec, 5 copies (server sum 291.436 ms)
  batch 2/3: 0.325385 sec, 5 copies (server sum 283.627 ms)
  batch 3/3: 0.415583 sec, 5 copies (server sum 309.747 ms)
  slope: pkg 1.898 J/exec (intercept 0.7452 J), wall 0.064517 s/exec (intercept 0.037459 s)
[14/53] queries/tpch/tpch-queries/q06/v1_materialized.sql (2 warmup [warm ones = N=1 anchor] + 3 x5)
  warmup 1/2: 0.094597 sec, 1 copy (cache prime)
  warmup 2/2: 0.101271 sec, 1 copy (N=1 anchor)
  batch 1/3: 0.340421 sec, 5 copies (server sum 296.928 ms)
  batch 2/3: 0.422294 sec, 5 copies (server sum 317.022 ms)
  batch 3/3: 0.433713 sec, 5 copies (server sum 333.357 ms)
  slope: pkg 1.734 J/exec (intercept 0.8192 J), wall 0.074385 s/exec (intercept 0.026886 s)
[15/53] queries/tpch/tpch-queries/q07/base.sql (2 warmup [warm ones = N=1 anchor] + 3 x5)
  warmup 1/2: 0.803868 sec, 1 copy (cache prime)
  warmup 2/2: 0.754949 sec, 1 copy (N=1 anchor)
  batch 1/3: 3.229015 sec, 5 copies (server sum 3161.296 ms)
  batch 2/3: 3.284784 sec, 5 copies (server sum 3184.425 ms)
  batch 3/3: 3.120066 sec, 5 copies (server sum 3070.006 ms)
  slope: pkg 9.527 J/exec (intercept 0.9868 J), wall 0.614085 s/exec (intercept 0.140865 s)
[16/53] queries/tpch/tpch-queries/q07/v1_materialized.sql (2 warmup [warm ones = N=1 anchor] + 3 x5)
  warmup 1/2: 0.737705 sec, 1 copy (cache prime)
  warmup 2/2: 0.683134 sec, 1 copy (N=1 anchor)
  batch 1/3: 3.228300 sec, 5 copies (server sum 3129.610 ms)
  batch 2/3: 3.250845 sec, 5 copies (server sum 3150.461 ms)
  batch 3/3: 3.192508 sec, 5 copies (server sum 3091.706 ms)
  slope: pkg 9.514 J/exec (intercept 1.179 J), wall 0.635188 s/exec (intercept 0.047946 s)
[17/53] queries/tpch/tpch-queries/q07/v2_union_all.sql (2 warmup [warm ones = N=1 anchor] + 3 x5)
  warmup 1/2: 0.702095 sec, 1 copy (cache prime)
  warmup 2/2: 0.706367 sec, 1 copy (N=1 anchor)
  batch 1/3: 2.968821 sec, 5 copies (server sum 2914.190 ms)
  batch 2/3: 3.006084 sec, 5 copies (server sum 2903.549 ms)
  batch 3/3: 3.019373 sec, 5 copies (server sum 2902.425 ms)
  slope: pkg 7.534 J/exec (intercept 1.862 J), wall 0.572931 s/exec (intercept 0.133436 s)
[18/53] queries/tpch/tpch-queries/q08/base.sql (2 warmup [warm ones = N=1 anchor] + 3 x5)
  warmup 1/2: 0.272502 sec, 1 copy (cache prime)
  warmup 2/2: 0.243521 sec, 1 copy (N=1 anchor)
  batch 1/3: 0.803878 sec, 5 copies (server sum 699.399 ms)
  batch 2/3: 0.822352 sec, 5 copies (server sum 709.275 ms)
  batch 3/3: 0.807668 sec, 5 copies (server sum 705.510 ms)
  slope: pkg 2.287 J/exec (intercept 1.562 J), wall 0.141945 s/exec (intercept 0.101577 s)
[19/53] queries/tpch/tpch-queries/q08/v1_materialized.sql (2 warmup [warm ones = N=1 anchor] + 3 x5)
  warmup 1/2: 0.244163 sec, 1 copy (cache prime)
  warmup 2/2: 0.261699 sec, 1 copy (N=1 anchor)
  batch 1/3: 0.817533 sec, 5 copies (server sum 709.554 ms)
  batch 2/3: 0.806764 sec, 5 copies (server sum 701.640 ms)
  batch 3/3: 0.801628 sec, 5 copies (server sum 699.830 ms)
  slope: pkg 2.387 J/exec (intercept 1.109 J), wall 0.136736 s/exec (intercept 0.124964 s)
[20/53] queries/tpch/tpch-queries/q08/v2_filter.sql (2 warmup [warm ones = N=1 anchor] + 3 x5)
  warmup 1/2: 0.243735 sec, 1 copy (cache prime)
  warmup 2/2: 0.252455 sec, 1 copy (N=1 anchor)
  batch 1/3: 0.822688 sec, 5 copies (server sum 718.347 ms)
  batch 2/3: 0.824089 sec, 5 copies (server sum 718.499 ms)
  batch 3/3: 0.821672 sec, 5 copies (server sum 713.786 ms)
  slope: pkg 2.256 J/exec (intercept 1.34 J), wall 0.142590 s/exec (intercept 0.109864 s)
[21/53] queries/tpch/tpch-queries/q09/base.sql (2 warmup [warm ones = N=1 anchor] + 3 x5)
  warmup 1/2: 1.205074 sec, 1 copy (cache prime)
  warmup 2/2: 1.156672 sec, 1 copy (N=1 anchor)
  batch 1/3: 5.907178 sec, 5 copies (server sum 5802.396 ms)
  batch 2/3: 5.917591 sec, 5 copies (server sum 5812.257 ms)
  batch 3/3: 5.885858 sec, 5 copies (server sum 5780.376 ms)
  slope: pkg 19.53 J/exec (intercept 3.958 J), wall 1.186718 s/exec (intercept -0.030046 s)
[22/53] queries/tpch/tpch-queries/q09/v1_materialized.sql (2 warmup [warm ones = N=1 anchor] + 3 x5)
  warmup 1/2: 1.265708 sec, 1 copy (cache prime)
  warmup 2/2: 1.269247 sec, 1 copy (N=1 anchor)
  batch 1/3: 5.838584 sec, 5 copies (server sum 5780.033 ms)
  batch 2/3: 5.892415 sec, 5 copies (server sum 5784.598 ms)
  batch 3/3: 5.893982 sec, 5 copies (server sum 5787.778 ms)
  slope: pkg 20.01 J/exec (intercept 1.656 J), wall 1.151437 s/exec (intercept 0.117810 s)
[23/53] queries/tpch/tpch-queries/q10/base.sql (2 warmup [warm ones = N=1 anchor] + 3 x5)
  warmup 1/2: 0.425002 sec, 1 copy (cache prime)
  warmup 2/2: 0.427382 sec, 1 copy (N=1 anchor)
  batch 1/3: 1.647864 sec, 5 copies (server sum 1550.587 ms)
  batch 2/3: 1.607926 sec, 5 copies (server sum 1511.177 ms)
  batch 3/3: 1.621291 sec, 5 copies (server sum 1524.392 ms)
  slope: pkg 6.68 J/exec (intercept 1.362 J), wall 0.299578 s/exec (intercept 0.127804 s)
[24/53] queries/tpch/tpch-queries/q10/v1_materialized.sql (2 warmup [warm ones = N=1 anchor] + 3 x5)
  warmup 1/2: 0.439375 sec, 1 copy (cache prime)
  warmup 2/2: 0.443702 sec, 1 copy (N=1 anchor)
  batch 1/3: 1.764553 sec, 5 copies (server sum 1666.721 ms)
  batch 2/3: 1.714113 sec, 5 copies (server sum 1615.145 ms)
  batch 3/3: 1.693891 sec, 5 copies (server sum 1598.099 ms)
  slope: pkg 6.842 J/exec (intercept 1.491 J), wall 0.320121 s/exec (intercept 0.123581 s)
[25/53] queries/tpch/tpch-queries/q11/base.sql (2 warmup [warm ones = N=1 anchor] + 3 x5)
  warmup 1/2: 0.175319 sec, 1 copy (cache prime)
  warmup 2/2: 0.134618 sec, 1 copy (N=1 anchor)
  batch 1/3: 0.556583 sec, 5 copies (server sum 451.052 ms)
  batch 2/3: 0.521800 sec, 5 copies (server sum 426.165 ms)
  batch 3/3: 0.534782 sec, 5 copies (server sum 438.897 ms)
  slope: pkg 0.6516 J/exec (intercept 0.6862 J), wall 0.100776 s/exec (intercept 0.033842 s)
[26/53] queries/tpch/tpch-queries/q11/v1_materialized.sql (2 warmup [warm ones = N=1 anchor] + 3 x5)
  warmup 1/2: 0.188797 sec, 1 copy (cache prime)
  warmup 2/2: 0.192323 sec, 1 copy (N=1 anchor)
  batch 1/3: 0.556198 sec, 5 copies (server sum 443.340 ms)
  batch 2/3: 0.526295 sec, 5 copies (server sum 429.177 ms)
  batch 3/3: 0.545789 sec, 5 copies (server sum 449.259 ms)
  slope: pkg 0.6021 J/exec (intercept 0.7284 J), wall 0.087609 s/exec (intercept 0.104714 s)
[27/53] queries/tpch/tpch-queries/q11/v2_cte_threshold.sql (2 warmup [warm ones = N=1 anchor] + 3 x5)
  warmup 1/2: 0.185318 sec, 1 copy (cache prime)
  warmup 2/2: 0.192628 sec, 1 copy (N=1 anchor)
  batch 1/3: 0.554401 sec, 5 copies (server sum 445.307 ms)
  batch 2/3: 0.543794 sec, 5 copies (server sum 445.051 ms)
  batch 3/3: 0.533514 sec, 5 copies (server sum 481.594 ms)
  slope: pkg 0.7047 J/exec (intercept 0.6171 J), wall 0.087819 s/exec (intercept 0.104809 s)
[28/53] queries/tpch/tpch-queries/q12/base.sql (2 warmup [warm ones = N=1 anchor] + 3 x5)
  warmup 1/2: 0.531776 sec, 1 copy (cache prime)
  warmup 2/2: 0.555885 sec, 1 copy (N=1 anchor)
  batch 1/3: 2.007378 sec, 5 copies (server sum 1911.250 ms)
  batch 2/3: 2.067964 sec, 5 copies (server sum 1972.551 ms)
  batch 3/3: 2.054191 sec, 5 copies (server sum 1959.586 ms)
  slope: pkg 11.73 J/exec (intercept 7.216 J), wall 0.371823 s/exec (intercept 0.184062 s)
[29/53] queries/tpch/tpch-queries/q12/v1_materialized.sql (2 warmup [warm ones = N=1 anchor] + 3 x5)
  warmup 1/2: 0.524086 sec, 1 copy (cache prime)
  warmup 2/2: 0.539406 sec, 1 copy (N=1 anchor)
  batch 1/3: 2.140725 sec, 5 copies (server sum 2038.068 ms)
  batch 2/3: 2.178714 sec, 5 copies (server sum 2019.461 ms)
  batch 3/3: 2.186577 sec, 5 copies (server sum 2079.009 ms)
  slope: pkg 11.53 J/exec (intercept 1.287 J), wall 0.407317 s/exec (intercept 0.132089 s)
[30/53] queries/tpch/tpch-queries/q12/v2_filter.sql (2 warmup [warm ones = N=1 anchor] + 3 x5)
  warmup 1/2: 0.529417 sec, 1 copy (cache prime)
  warmup 2/2: 0.452075 sec, 1 copy (N=1 anchor)
  batch 1/3: 2.109370 sec, 5 copies (server sum 2063.575 ms)
  batch 2/3: 2.274759 sec, 5 copies (server sum 2220.012 ms)
  batch 3/3: 2.335466 sec, 5 copies (server sum 2224.678 ms)
  slope: pkg 9.848 J/exec (intercept 3.275 J), wall 0.446948 s/exec (intercept 0.005127 s)
[31/53] queries/tpch/tpch-queries/q13/base.sql (2 warmup [warm ones = N=1 anchor] + 3 x5)
  warmup 1/2: 0.806387 sec, 1 copy (cache prime)
  warmup 2/2: 0.732089 sec, 1 copy (N=1 anchor)
  batch 1/3: 3.127498 sec, 5 copies (server sum 3030.388 ms)
  batch 2/3: 3.131482 sec, 5 copies (server sum 3025.923 ms)
  batch 3/3: 3.028112 sec, 5 copies (server sum 2983.022 ms)
  slope: pkg 11.15 J/exec (intercept 0.5125 J), wall 0.590902 s/exec (intercept 0.141187 s)
[32/53] queries/tpch/tpch-queries/q13/v1_materialized.sql (2 warmup [warm ones = N=1 anchor] + 3 x5)
  warmup 1/2: 0.715712 sec, 1 copy (cache prime)
  warmup 2/2: 0.728360 sec, 1 copy (N=1 anchor)
  batch 1/3: 3.130586 sec, 5 copies (server sum 3028.936 ms)
  batch 2/3: 3.240626 sec, 5 copies (server sum 3137.634 ms)
  batch 3/3: 3.127326 sec, 5 copies (server sum 3035.967 ms)
  slope: pkg 11.08 J/exec (intercept 0.6917 J), wall 0.609455 s/exec (intercept 0.118906 s)
[33/53] queries/tpch/tpch-queries/q13/v2_correlated.sql (2 warmup [warm ones = N=1 anchor] + 3 x5)
  warmup 1/2: 2.363843 sec, 1 copy (cache prime)
  warmup 2/2: 2.353136 sec, 1 copy (N=1 anchor)
  batch 1/3: 10.600385 sec, 5 copies (server sum 10534.766 ms)
  batch 2/3: 10.729503 sec, 5 copies (server sum 10629.033 ms)
  batch 3/3: 10.736449 sec, 5 copies (server sum 10643.137 ms)
  slope: pkg 19.64 J/exec (intercept 1.31 J), wall 2.083911 s/exec (intercept 0.269226 s)
[34/53] queries/tpch/tpch-queries/q14/base.sql (2 warmup [warm ones = N=1 anchor] + 3 x5)
  warmup 1/2: 0.193291 sec, 1 copy (cache prime)
  warmup 2/2: 0.240862 sec, 1 copy (N=1 anchor)
  batch 1/3: 0.778804 sec, 5 copies (server sum 669.913 ms)
  batch 2/3: 0.789787 sec, 5 copies (server sum 686.018 ms)
  batch 3/3: 0.818977 sec, 5 copies (server sum 716.559 ms)
  slope: pkg 3.394 J/exec (intercept 1.482 J), wall 0.138748 s/exec (intercept 0.102113 s)
[35/53] queries/tpch/tpch-queries/q14/v1_materialized.sql (2 warmup [warm ones = N=1 anchor] + 3 x5)
  warmup 1/2: 0.315026 sec, 1 copy (cache prime)
  warmup 2/2: 0.294124 sec, 1 copy (N=1 anchor)
  batch 1/3: 0.775948 sec, 5 copies (server sum 675.214 ms)
  batch 2/3: 0.818522 sec, 5 copies (server sum 709.482 ms)
  batch 3/3: 0.823446 sec, 5 copies (server sum 720.376 ms)
  slope: pkg 3.541 J/exec (intercept 0.4164 J), wall 0.127962 s/exec (intercept 0.166162 s)
[36/53] queries/tpch/tpch-queries/q14/v2_filter.sql (2 warmup [warm ones = N=1 anchor] + 3 x5)
  warmup 1/2: 0.203508 sec, 1 copy (cache prime)
  warmup 2/2: 0.278504 sec, 1 copy (N=1 anchor)
  batch 1/3: 0.781348 sec, 5 copies (server sum 673.219 ms)
  batch 2/3: 0.772012 sec, 5 copies (server sum 675.393 ms)
  batch 3/3: 0.800458 sec, 5 copies (server sum 695.623 ms)
  slope: pkg 3.697 J/exec (intercept -0.002874 J), wall 0.126525 s/exec (intercept 0.151978 s)
[37/53] queries/tpch/tpch-queries/q15/base.sql (2 warmup [warm ones = N=1 anchor] + 3 x5)
  warmup 1/2: 0.385512 sec, 1 copy (cache prime)
  warmup 2/2: 0.375258 sec, 1 copy (N=1 anchor)
  batch 1/3: 1.272283 sec, 5 copies (server sum 1171.744 ms)
  batch 2/3: 1.289465 sec, 5 copies (server sum 1190.731 ms)
  batch 3/3: 1.235339 sec, 5 copies (server sum 1135.914 ms)
  slope: pkg 7.245 J/exec (intercept 0.4579 J), wall 0.222609 s/exec (intercept 0.152649 s)
[38/53] queries/tpch/tpch-queries/q15/v1_materialized.sql (2 warmup [warm ones = N=1 anchor] + 3 x5)
  warmup 1/2: 0.387663 sec, 1 copy (cache prime)
  warmup 2/2: 0.396321 sec, 1 copy (N=1 anchor)
  batch 1/3: 1.229303 sec, 5 copies (server sum 1135.071 ms)
  batch 2/3: 1.310577 sec, 5 copies (server sum 1212.108 ms)
  batch 3/3: 1.283382 sec, 5 copies (server sum 1188.161 ms)
  slope: pkg 7.185 J/exec (intercept 0.2973 J), wall 0.219525 s/exec (intercept 0.176796 s)
[39/53] queries/tpch/tpch-queries/q16/base.sql (2 warmup [warm ones = N=1 anchor] + 3 x5)
  warmup 1/2: 0.362066 sec, 1 copy (cache prime)
  warmup 2/2: 0.344416 sec, 1 copy (N=1 anchor)
  batch 1/3: 1.264256 sec, 5 copies (server sum 1158.285 ms)
  batch 2/3: 1.306787 sec, 5 copies (server sum 1204.581 ms)
  batch 3/3: 1.271956 sec, 5 copies (server sum 1166.888 ms)
  slope: pkg 5.9 J/exec (intercept 0.867 J), wall 0.234146 s/exec (intercept 0.110270 s)
[40/53] queries/tpch/tpch-queries/q16/v1_materialized.sql (2 warmup [warm ones = N=1 anchor] + 3 x5)
  warmup 1/2: 0.343834 sec, 1 copy (cache prime)
  warmup 2/2: 0.333436 sec, 1 copy (N=1 anchor)
  batch 1/3: 1.308571 sec, 5 copies (server sum 1193.525 ms)
  batch 2/3: 1.280218 sec, 5 copies (server sum 1175.186 ms)
  batch 3/3: 1.281661 sec, 5 copies (server sum 1179.836 ms)
  slope: pkg 5.865 J/exec (intercept 1.014 J), wall 0.239179 s/exec (intercept 0.094257 s)
[41/53] queries/tpch/tpch-queries/q16/v2_not_exists.sql (2 warmup [warm ones = N=1 anchor] + 3 x5)
  warmup 1/2: 0.312964 sec, 1 copy (cache prime)
  warmup 2/2: 0.307938 sec, 1 copy (N=1 anchor)
  batch 1/3: 1.214014 sec, 5 copies (server sum 1107.179 ms)
  batch 2/3: 1.198385 sec, 5 copies (server sum 1091.719 ms)
  batch 3/3: 1.163698 sec, 5 copies (server sum 1103.644 ms)
  slope: pkg 4.663 J/exec (intercept 0.8137 J), wall 0.221023 s/exec (intercept 0.086915 s)
[42/53] queries/tpch/tpch-queries/q17/v2_decorrelate.sql (2 warmup [warm ones = N=1 anchor] + 3 x5)
  warmup 1/2: 2.123950 sec, 1 copy (cache prime)
  warmup 2/2: 2.108295 sec, 1 copy (N=1 anchor)
  batch 1/3: 10.098227 sec, 5 copies (server sum 9996.191 ms)
  batch 2/3: 10.220717 sec, 5 copies (server sum 10121.730 ms)
  batch 3/3: 10.303018 sec, 5 copies (server sum 10201.240 ms)
  slope: pkg 45.35 J/exec (intercept 0.4733 J), wall 2.024756 s/exec (intercept 0.083538 s)
[43/53] queries/tpch/tpch-queries/q18/base.sql (2 warmup [warm ones = N=1 anchor] + 3 x5)
  warmup 1/2: 2.481043 sec, 1 copy (cache prime)
  warmup 2/2: 2.659826 sec, 1 copy (N=1 anchor)
  batch 1/3: 12.905078 sec, 5 copies (server sum 12787.155 ms)
  batch 2/3: 12.628379 sec, 5 copies (server sum 12520.744 ms)
  batch 3/3: 12.846627 sec, 5 copies (server sum 12716.152 ms)
  slope: pkg 54.76 J/exec (intercept 6.633 J), wall 2.533384 s/exec (intercept 0.126443 s)
[44/53] queries/tpch/tpch-queries/q18/v1_materialized.sql (2 warmup [warm ones = N=1 anchor] + 3 x5)
  warmup 1/2: 2.766661 sec, 1 copy (cache prime)
  warmup 2/2: 2.700398 sec, 1 copy (N=1 anchor)
  batch 1/3: 12.986093 sec, 5 copies (server sum 12929.711 ms)
  batch 2/3: 12.988187 sec, 5 copies (server sum 12865.362 ms)
  batch 3/3: 13.254666 sec, 5 copies (server sum 13120.753 ms)
  slope: pkg 56.81 J/exec (intercept 2.593 J), wall 2.593979 s/exec (intercept 0.106419 s)
[45/53] queries/tpch/tpch-queries/q18/v2_join.sql (2 warmup [warm ones = N=1 anchor] + 3 x5)
  warmup 1/2: 2.579138 sec, 1 copy (cache prime)
  warmup 2/2: 2.625961 sec, 1 copy (N=1 anchor)
  batch 1/3: 12.748374 sec, 5 copies (server sum 12690.933 ms)
  batch 2/3: 12.792190 sec, 5 copies (server sum 12654.615 ms)
  batch 3/3: 12.896817 sec, 5 copies (server sum 12792.638 ms)
  slope: pkg 55.88 J/exec (intercept 1.537 J), wall 2.546625 s/exec (intercept 0.079336 s)
[46/53] queries/tpch/tpch-queries/q19/base.sql (2 warmup [warm ones = N=1 anchor] + 3 x5)
  warmup 1/2: 0.140197 sec, 1 copy (cache prime)
  warmup 2/2: 0.085160 sec, 1 copy (N=1 anchor)
  batch 1/3: 0.235529 sec, 5 copies (server sum 189.023 ms)
  batch 2/3: 0.246838 sec, 5 copies (server sum 191.232 ms)
  batch 3/3: 0.295628 sec, 5 copies (server sum 189.372 ms)
  slope: pkg 0.8097 J/exec (intercept 0.8895 J), wall 0.043543 s/exec (intercept 0.041617 s)
[47/53] queries/tpch/tpch-queries/q19/v1_materialized.sql (2 warmup [warm ones = N=1 anchor] + 3 x5)
  warmup 1/2: 0.140600 sec, 1 copy (cache prime)
  warmup 2/2: 0.085963 sec, 1 copy (N=1 anchor)
  batch 1/3: 0.242906 sec, 5 copies (server sum 195.670 ms)
  batch 2/3: 0.300190 sec, 5 copies (server sum 199.746 ms)
  batch 3/3: 0.298437 sec, 5 copies (server sum 196.060 ms)
  slope: pkg 0.7952 J/exec (intercept 0.9044 J), wall 0.048637 s/exec (intercept 0.037326 s)
[48/53] queries/tpch/tpch-queries/q19/v2_union_all.sql (2 warmup [warm ones = N=1 anchor] + 3 x5)
  warmup 1/2: 0.155126 sec, 1 copy (cache prime)
  warmup 2/2: 0.100643 sec, 1 copy (N=1 anchor)
  batch 1/3: 0.306828 sec, 5 copies (server sum 257.199 ms)
  batch 2/3: 0.334513 sec, 5 copies (server sum 226.815 ms)
  batch 3/3: 0.329246 sec, 5 copies (server sum 224.644 ms)
  slope: pkg 1.112 J/exec (intercept 0.8056 J), wall 0.055721 s/exec (intercept 0.044922 s)
[49/53] queries/tpch/tpch-queries/q21/base.sql (2 warmup [warm ones = N=1 anchor] + 3 x5)
  warmup 1/2: 0.644715 sec, 1 copy (cache prime)
  warmup 2/2: 0.652984 sec, 1 copy (N=1 anchor)
  batch 1/3: 2.835231 sec, 5 copies (server sum 2730.897 ms)
  batch 2/3: 2.797827 sec, 5 copies (server sum 2696.555 ms)
  batch 3/3: 2.725523 sec, 5 copies (server sum 2672.267 ms)
  slope: pkg 12.96 J/exec (intercept -0.2846 J), wall 0.533302 s/exec (intercept 0.119681 s)
[50/53] queries/tpch/tpch-queries/q21/v1_materialized.sql (2 warmup [warm ones = N=1 anchor] + 3 x5)
  warmup 1/2: 0.650948 sec, 1 copy (cache prime)
  warmup 2/2: 0.651521 sec, 1 copy (N=1 anchor)
  batch 1/3: 2.780439 sec, 5 copies (server sum 2677.875 ms)
  batch 2/3: 2.833650 sec, 5 copies (server sum 2731.123 ms)
  batch 3/3: 2.853185 sec, 5 copies (server sum 2749.189 ms)
  slope: pkg 12.87 J/exec (intercept -0.9717 J), wall 0.542726 s/exec (intercept 0.108795 s)
[51/53] queries/tpch/tpch-queries/q22/base.sql (2 warmup [warm ones = N=1 anchor] + 3 x5)
  warmup 1/2: 0.179021 sec, 1 copy (cache prime)
  warmup 2/2: 0.117297 sec, 1 copy (N=1 anchor)
  batch 1/3: 0.325717 sec, 5 copies (server sum 279.190 ms)
  batch 2/3: 0.419035 sec, 5 copies (server sum 308.315 ms)
  batch 3/3: 0.416923 sec, 5 copies (server sum 306.524 ms)
  slope: pkg 1.439 J/exec (intercept 0.2719 J), wall 0.067482 s/exec (intercept 0.049815 s)
[52/53] queries/tpch/tpch-queries/q22/v1_materialized.sql (2 warmup [warm ones = N=1 anchor] + 3 x5)
  warmup 1/2: 0.190244 sec, 1 copy (cache prime)
  warmup 2/2: 0.166745 sec, 1 copy (N=1 anchor)
  batch 1/3: 0.315655 sec, 5 copies (server sum 271.644 ms)
  batch 2/3: 0.442526 sec, 5 copies (server sum 294.537 ms)
  batch 3/3: 0.327335 sec, 5 copies (server sum 279.642 ms)
  slope: pkg 1.454 J/exec (intercept 0.6494 J), wall 0.048773 s/exec (intercept 0.117972 s)
[53/53] queries/tpch/tpch-queries/q22/v2_anti_join.sql (2 warmup [warm ones = N=1 anchor] + 3 x5)
  warmup 1/2: 0.252548 sec, 1 copy (cache prime)
  warmup 2/2: 0.236065 sec, 1 copy (N=1 anchor)
  batch 1/3: 0.649469 sec, 5 copies (server sum 536.553 ms)
  batch 2/3: 0.659136 sec, 5 copies (server sum 555.193 ms)
  batch 3/3: 0.699721 sec, 5 copies (server sum 594.705 ms)
  slope: pkg 2.94 J/exec (intercept 0.0509 J), wall 0.108344 s/exec (intercept 0.127721 s)

Done. Batch rows appended to logs/work_mem/wm_4MB/query_timing_tpch_idx.csv
Per-copy samples appended to logs/work_mem/wm_4MB/query_samples_tpch_idx.csv
Relation sizes appended to logs/work_mem/wm_4MB/query_catalog_tpch_idx.csv
Per-query slope/intercept appended to logs/work_mem/wm_4MB/query_slope_tpch_idx.csv
make: Leaving directory '/home/user01/GreenSQL'
