make: Entering directory '/home/user01/GreenSQL'
query_runner configuration:
  QUERY_DIR      = queries/tpch/tpch-queries
  LOG_FILE       = logs/work_mem/wm_4MB/query_timing_tpch.csv
  SAMPLE_FILE    = logs/work_mem/wm_4MB/query_samples_tpch.csv
  CATALOG_FILE   = logs/work_mem/wm_4MB/query_catalog_tpch.csv
  SLOPE_FILE     = logs/work_mem/wm_4MB/query_slope_tpch.csv
  DB_NAME        = tpch
  DB_USER        = postgres
  PGPORT         = 5434
  PG_VERSION     = 18.4  (as reported by the server on that port)
  BATCHNUM       = 5 (slope sizes: 1 copy and 5 copies)
  RUNS           = 3 (measured batches per size)
  WARMUP         = 2 (single-copy; #1 primes cache, warm ones = N=1 anchor)
  WORKERS        = (planner default)
  STATEMENT_TIMEOUT = 900
  SIGLESS_ADDR   = (disabled)
Found 53 queries under queries/tpch/tpch-queries

Catalog snapshot: 11 relations -> logs/work_mem/wm_4MB/query_catalog_tpch.csv
[1/53] queries/tpch/tpch-queries/q01/base.sql (2 warmup [warm ones = N=1 anchor] + 3 x5)
  warmup 1/2: 1.571853 sec, 1 copy (cache prime)
  warmup 2/2: 1.372322 sec, 1 copy (N=1 anchor)
  batch 1/3: 6.736872 sec, 5 copies (server sum 6631.158 ms)
  batch 2/3: 6.821925 sec, 5 copies (server sum 6719.006 ms)
  batch 3/3: 7.195958 sec, 5 copies (server sum 7103.575 ms)
  slope: pkg 48.82 J/exec (intercept 0.2192 J), wall 1.386482 s/exec (intercept -0.014160 s)
[2/53] queries/tpch/tpch-queries/q01/v1_materialized.sql (2 warmup [warm ones = N=1 anchor] + 3 x5)
  warmup 1/2: 1.588058 sec, 1 copy (cache prime)
  warmup 2/2: 1.583794 sec, 1 copy (N=1 anchor)
  batch 1/3: 8.566714 sec, 5 copies (server sum 8459.521 ms)
  batch 2/3: 8.508232 sec, 5 copies (server sum 8388.454 ms)
  batch 3/3: 8.428905 sec, 5 copies (server sum 8316.793 ms)
  slope: pkg 34.32 J/exec (intercept 16.79 J), wall 1.729372 s/exec (intercept -0.145578 s)
[3/53] queries/tpch/tpch-queries/q02/base.sql (2 warmup [warm ones = N=1 anchor] + 3 x5)
  warmup 1/2: 54.787928 sec, 1 copy (cache prime)
  warmup 2/2: 53.507505 sec, 1 copy (N=1 anchor)
  batch 1/3: 259.722097 sec, 5 copies (server sum 259619.623 ms)
  batch 2/3: 264.777321 sec, 5 copies (server sum 264675.625 ms)
  batch 3/3: 268.081599 sec, 5 copies (server sum 267977.087 ms)
  slope: pkg -2.138e+04 J/exec (intercept 2.184e+04 J), wall 52.671542 s/exec (intercept 0.835963 s)
[4/53] queries/tpch/tpch-queries/q02/v1_materialized.sql (2 warmup [warm ones = N=1 anchor] + 3 x5)
  warmup 1/2: 53.142836 sec, 1 copy (cache prime)
  warmup 2/2: 53.745976 sec, 1 copy (N=1 anchor)
  batch 1/3: 266.597008 sec, 5 copies (server sum 266499.726 ms)
  batch 2/3: 268.884395 sec, 5 copies (server sum 268782.585 ms)
  batch 3/3: 267.189353 sec, 5 copies (server sum 267090.734 ms)
  slope: pkg 449.5 J/exec (intercept 1.181 J), wall 53.452736 s/exec (intercept 0.293240 s)
[5/53] queries/tpch/tpch-queries/q02/v2_decorrelate.sql (2 warmup [warm ones = N=1 anchor] + 3 x5)
  warmup 1/2: 0.318263 sec, 1 copy (cache prime)
  warmup 2/2: 0.346311 sec, 1 copy (N=1 anchor)
  batch 1/3: 1.134446 sec, 5 copies (server sum 1086.904 ms)
  batch 2/3: 1.205523 sec, 5 copies (server sum 1099.304 ms)
  batch 3/3: 1.210377 sec, 5 copies (server sum 1105.165 ms)
  slope: pkg 3.378 J/exec (intercept 0.769 J), wall 0.209284 s/exec (intercept 0.137027 s)
[6/53] queries/tpch/tpch-queries/q03/base.sql (2 warmup [warm ones = N=1 anchor] + 3 x5)
  warmup 1/2: 0.444762 sec, 1 copy (cache prime)
  warmup 2/2: 0.379768 sec, 1 copy (N=1 anchor)
  batch 1/3: 1.323565 sec, 5 copies (server sum 1218.095 ms)
  batch 2/3: 1.434517 sec, 5 copies (server sum 1287.144 ms)
  batch 3/3: 1.356466 sec, 5 copies (server sum 1261.084 ms)
  slope: pkg 7.375 J/exec (intercept 0.897 J), wall 0.247937 s/exec (intercept 0.131831 s)
[7/53] queries/tpch/tpch-queries/q03/v1_materialized.sql (2 warmup [warm ones = N=1 anchor] + 3 x5)
  warmup 1/2: 0.369295 sec, 1 copy (cache prime)
  warmup 2/2: 0.427563 sec, 1 copy (N=1 anchor)
  batch 1/3: 1.359113 sec, 5 copies (server sum 1249.564 ms)
  batch 2/3: 1.376842 sec, 5 copies (server sum 1279.122 ms)
  batch 3/3: 1.358623 sec, 5 copies (server sum 1262.669 ms)
  slope: pkg 7.886 J/exec (intercept -0.5257 J), wall 0.234324 s/exec (intercept 0.193239 s)
[8/53] queries/tpch/tpch-queries/q04/base.sql (2 warmup [warm ones = N=1 anchor] + 3 x5)
  warmup 1/2: 0.198215 sec, 1 copy (cache prime)
  warmup 2/2: 0.235860 sec, 1 copy (N=1 anchor)
  batch 1/3: 0.597435 sec, 5 copies (server sum 486.006 ms)
  batch 2/3: 0.556504 sec, 5 copies (server sum 459.249 ms)
  batch 3/3: 0.570175 sec, 5 copies (server sum 470.777 ms)
  slope: pkg 3.207 J/exec (intercept -0.2991 J), wall 0.084711 s/exec (intercept 0.151148 s)
[9/53] queries/tpch/tpch-queries/q04/v1_materialized.sql (2 warmup [warm ones = N=1 anchor] + 3 x5)
  warmup 1/2: 0.200237 sec, 1 copy (cache prime)
  warmup 2/2: 0.240258 sec, 1 copy (N=1 anchor)
  batch 1/3: 0.595779 sec, 5 copies (server sum 484.836 ms)
  batch 2/3: 0.555549 sec, 5 copies (server sum 459.545 ms)
  batch 3/3: 0.571355 sec, 5 copies (server sum 468.203 ms)
  slope: pkg 3.254 J/exec (intercept -0.3911 J), wall 0.083492 s/exec (intercept 0.156765 s)
[10/53] queries/tpch/tpch-queries/q04/v2_in.sql (2 warmup [warm ones = N=1 anchor] + 3 x5)
  warmup 1/2: 0.199913 sec, 1 copy (cache prime)
  warmup 2/2: 0.236217 sec, 1 copy (N=1 anchor)
  batch 1/3: 0.579460 sec, 5 copies (server sum 473.633 ms)
  batch 2/3: 0.571277 sec, 5 copies (server sum 472.025 ms)
  batch 3/3: 0.559193 sec, 5 copies (server sum 462.983 ms)
  slope: pkg 3.26 J/exec (intercept -0.4045 J), wall 0.083440 s/exec (intercept 0.152777 s)
[11/53] queries/tpch/tpch-queries/q05/base.sql (2 warmup [warm ones = N=1 anchor] + 3 x5)
  warmup 1/2: 0.374873 sec, 1 copy (cache prime)
  warmup 2/2: 0.383716 sec, 1 copy (N=1 anchor)
  batch 1/3: 1.369397 sec, 5 copies (server sum 1266.004 ms)
  batch 2/3: 1.364224 sec, 5 copies (server sum 1256.001 ms)
  batch 3/3: 1.345571 sec, 5 copies (server sum 1241.778 ms)
  slope: pkg 3.55 J/exec (intercept 0.593 J), wall 0.244003 s/exec (intercept 0.139713 s)
[12/53] queries/tpch/tpch-queries/q05/v1_materialized.sql (2 warmup [warm ones = N=1 anchor] + 3 x5)
  warmup 1/2: 0.359694 sec, 1 copy (cache prime)
  warmup 2/2: 0.351425 sec, 1 copy (N=1 anchor)
  batch 1/3: 1.378385 sec, 5 copies (server sum 1264.249 ms)
  batch 2/3: 1.356330 sec, 5 copies (server sum 1247.319 ms)
  batch 3/3: 1.347070 sec, 5 copies (server sum 1243.086 ms)
  slope: pkg 3.394 J/exec (intercept 1.346 J), wall 0.252292 s/exec (intercept 0.099133 s)
[13/53] queries/tpch/tpch-queries/q06/base.sql (2 warmup [warm ones = N=1 anchor] + 3 x5)
  warmup 1/2: 0.328837 sec, 1 copy (cache prime)
  warmup 2/2: 0.376442 sec, 1 copy (N=1 anchor)
  batch 1/3: 1.248659 sec, 5 copies (server sum 1153.125 ms)
  batch 2/3: 1.297620 sec, 5 copies (server sum 1191.194 ms)
  batch 3/3: 1.288599 sec, 5 copies (server sum 1186.517 ms)
  slope: pkg 7.79 J/exec (intercept 0.04831 J), wall 0.225463 s/exec (intercept 0.150979 s)
[14/53] queries/tpch/tpch-queries/q06/v1_materialized.sql (2 warmup [warm ones = N=1 anchor] + 3 x5)
  warmup 1/2: 0.383898 sec, 1 copy (cache prime)
  warmup 2/2: 0.393321 sec, 1 copy (N=1 anchor)
  batch 1/3: 1.196200 sec, 5 copies (server sum 1154.915 ms)
  batch 2/3: 1.323964 sec, 5 copies (server sum 1226.085 ms)
  batch 3/3: 1.373016 sec, 5 copies (server sum 1241.118 ms)
  slope: pkg 7.464 J/exec (intercept 0.4972 J), wall 0.226102 s/exec (intercept 0.167219 s)
[15/53] queries/tpch/tpch-queries/q07/base.sql (2 warmup [warm ones = N=1 anchor] + 3 x5)
  warmup 1/2: 0.408194 sec, 1 copy (cache prime)
  warmup 2/2: 0.412377 sec, 1 copy (N=1 anchor)
  batch 1/3: 1.544488 sec, 5 copies (server sum 1450.748 ms)
  batch 2/3: 1.537993 sec, 5 copies (server sum 1441.995 ms)
  batch 3/3: 1.535851 sec, 5 copies (server sum 1436.468 ms)
  slope: pkg 5.016 J/exec (intercept 0.8363 J), wall 0.281767 s/exec (intercept 0.130610 s)
[16/53] queries/tpch/tpch-queries/q07/v1_materialized.sql (2 warmup [warm ones = N=1 anchor] + 3 x5)
  warmup 1/2: 0.400767 sec, 1 copy (cache prime)
  warmup 2/2: 0.420223 sec, 1 copy (N=1 anchor)
  batch 1/3: 1.561033 sec, 5 copies (server sum 1465.691 ms)
  batch 2/3: 1.531056 sec, 5 copies (server sum 1440.040 ms)
  batch 3/3: 1.541444 sec, 5 copies (server sum 1445.212 ms)
  slope: pkg 4.99 J/exec (intercept 0.6726 J), wall 0.281072 s/exec (intercept 0.139152 s)
[17/53] queries/tpch/tpch-queries/q07/v2_union_all.sql (2 warmup [warm ones = N=1 anchor] + 3 x5)
  warmup 1/2: 0.416893 sec, 1 copy (cache prime)
  warmup 2/2: 0.402220 sec, 1 copy (N=1 anchor)
  batch 1/3: 1.574277 sec, 5 copies (server sum 1475.297 ms)
  batch 2/3: 1.584434 sec, 5 copies (server sum 1481.648 ms)
  batch 3/3: 1.581427 sec, 5 copies (server sum 1479.480 ms)
  slope: pkg 4.896 J/exec (intercept 1.449 J), wall 0.294457 s/exec (intercept 0.107763 s)
[18/53] queries/tpch/tpch-queries/q08/base.sql (2 warmup [warm ones = N=1 anchor] + 3 x5)
  warmup 1/2: 0.526730 sec, 1 copy (cache prime)
  warmup 2/2: 0.481622 sec, 1 copy (N=1 anchor)
  batch 1/3: 1.898204 sec, 5 copies (server sum 1796.815 ms)
  batch 2/3: 1.886963 sec, 5 copies (server sum 1783.764 ms)
  batch 3/3: 1.873736 sec, 5 copies (server sum 1777.863 ms)
  slope: pkg 6.214 J/exec (intercept 1.372 J), wall 0.351170 s/exec (intercept 0.130453 s)
[19/53] queries/tpch/tpch-queries/q08/v1_materialized.sql (2 warmup [warm ones = N=1 anchor] + 3 x5)
  warmup 1/2: 0.441115 sec, 1 copy (cache prime)
  warmup 2/2: 0.473102 sec, 1 copy (N=1 anchor)
  batch 1/3: 1.874046 sec, 5 copies (server sum 1774.726 ms)
  batch 2/3: 1.894901 sec, 5 copies (server sum 1790.067 ms)
  batch 3/3: 1.878105 sec, 5 copies (server sum 1776.194 ms)
  slope: pkg 6.195 J/exec (intercept 1.61 J), wall 0.352312 s/exec (intercept 0.120789 s)
[20/53] queries/tpch/tpch-queries/q08/v2_filter.sql (2 warmup [warm ones = N=1 anchor] + 3 x5)
  warmup 1/2: 0.479686 sec, 1 copy (cache prime)
  warmup 2/2: 0.476696 sec, 1 copy (N=1 anchor)
  batch 1/3: 1.885577 sec, 5 copies (server sum 1788.757 ms)
  batch 2/3: 1.885487 sec, 5 copies (server sum 1782.525 ms)
  batch 3/3: 1.880272 sec, 5 copies (server sum 1780.798 ms)
  slope: pkg 6.164 J/exec (intercept 1.613 J), wall 0.351771 s/exec (intercept 0.124926 s)
[21/53] queries/tpch/tpch-queries/q09/base.sql (2 warmup [warm ones = N=1 anchor] + 3 x5)
  warmup 1/2: 0.996941 sec, 1 copy (cache prime)
  warmup 2/2: 1.000867 sec, 1 copy (N=1 anchor)
  batch 1/3: 4.603288 sec, 5 copies (server sum 4503.459 ms)
  batch 2/3: 4.641245 sec, 5 copies (server sum 4539.229 ms)
  batch 3/3: 4.585887 sec, 5 copies (server sum 4490.784 ms)
  slope: pkg 21.34 J/exec (intercept 0.5612 J), wall 0.902318 s/exec (intercept 0.098548 s)
[22/53] queries/tpch/tpch-queries/q09/v1_materialized.sql (2 warmup [warm ones = N=1 anchor] + 3 x5)
  warmup 1/2: 1.017589 sec, 1 copy (cache prime)
  warmup 2/2: 1.007189 sec, 1 copy (N=1 anchor)
  batch 1/3: 4.662027 sec, 5 copies (server sum 4560.892 ms)
  batch 2/3: 4.654518 sec, 5 copies (server sum 4548.217 ms)
  batch 3/3: 4.632767 sec, 5 copies (server sum 4537.246 ms)
  slope: pkg 20.99 J/exec (intercept 0.9692 J), wall 0.910645 s/exec (intercept 0.096544 s)
[23/53] queries/tpch/tpch-queries/q10/base.sql (2 warmup [warm ones = N=1 anchor] + 3 x5)
  warmup 1/2: 0.425609 sec, 1 copy (cache prime)
  warmup 2/2: 0.419288 sec, 1 copy (N=1 anchor)
  batch 1/3: 1.744053 sec, 5 copies (server sum 1646.047 ms)
  batch 2/3: 1.638402 sec, 5 copies (server sum 1544.632 ms)
  batch 3/3: 1.648009 sec, 5 copies (server sum 1554.840 ms)
  slope: pkg 7.872 J/exec (intercept 1.562 J), wall 0.314383 s/exec (intercept 0.104904 s)
[24/53] queries/tpch/tpch-queries/q10/v1_materialized.sql (2 warmup [warm ones = N=1 anchor] + 3 x5)
  warmup 1/2: 0.439392 sec, 1 copy (cache prime)
  warmup 2/2: 0.431280 sec, 1 copy (N=1 anchor)
  batch 1/3: 1.793003 sec, 5 copies (server sum 1697.550 ms)
  batch 2/3: 1.819089 sec, 5 copies (server sum 1713.228 ms)
  batch 3/3: 1.809875 sec, 5 copies (server sum 1682.578 ms)
  slope: pkg 7.998 J/exec (intercept 1.514 J), wall 0.344011 s/exec (intercept 0.087270 s)
[25/53] queries/tpch/tpch-queries/q11/base.sql (2 warmup [warm ones = N=1 anchor] + 3 x5)
  warmup 1/2: 0.170967 sec, 1 copy (cache prime)
  warmup 2/2: 0.128143 sec, 1 copy (N=1 anchor)
  batch 1/3: 0.544796 sec, 5 copies (server sum 435.759 ms)
  batch 2/3: 0.561175 sec, 5 copies (server sum 450.363 ms)
  batch 3/3: 0.543548 sec, 5 copies (server sum 441.955 ms)
  slope: pkg 2.12 J/exec (intercept 0.9977 J), wall 0.105424 s/exec (intercept 0.022719 s)
[26/53] queries/tpch/tpch-queries/q11/v1_materialized.sql (2 warmup [warm ones = N=1 anchor] + 3 x5)
  warmup 1/2: 0.127243 sec, 1 copy (cache prime)
  warmup 2/2: 0.132179 sec, 1 copy (N=1 anchor)
  batch 1/3: 0.569822 sec, 5 copies (server sum 442.942 ms)
  batch 2/3: 0.602121 sec, 5 copies (server sum 493.627 ms)
  batch 3/3: 0.561157 sec, 5 copies (server sum 451.898 ms)
  slope: pkg 2.178 J/exec (intercept 0.722 J), wall 0.111380 s/exec (intercept 0.020799 s)
[27/53] queries/tpch/tpch-queries/q11/v2_cte_threshold.sql (2 warmup [warm ones = N=1 anchor] + 3 x5)
  warmup 1/2: 0.208722 sec, 1 copy (cache prime)
  warmup 2/2: 0.162368 sec, 1 copy (N=1 anchor)
  batch 1/3: 0.528887 sec, 5 copies (server sum 415.240 ms)
  batch 2/3: 0.537635 sec, 5 copies (server sum 429.413 ms)
  batch 3/3: 0.546738 sec, 5 copies (server sum 462.383 ms)
  slope: pkg 2.397 J/exec (intercept -0.1897 J), wall 0.093846 s/exec (intercept 0.068522 s)
[28/53] queries/tpch/tpch-queries/q12/base.sql (2 warmup [warm ones = N=1 anchor] + 3 x5)
  warmup 1/2: 0.549653 sec, 1 copy (cache prime)
  warmup 2/2: 0.563828 sec, 1 copy (N=1 anchor)
  batch 1/3: 2.283352 sec, 5 copies (server sum 2238.782 ms)
  batch 2/3: 2.455519 sec, 5 copies (server sum 2350.056 ms)
  batch 3/3: 2.450090 sec, 5 copies (server sum 2348.563 ms)
  slope: pkg 10.5 J/exec (intercept 2.433 J), wall 0.458123 s/exec (intercept 0.105705 s)
[29/53] queries/tpch/tpch-queries/q12/v1_materialized.sql (2 warmup [warm ones = N=1 anchor] + 3 x5)
  warmup 1/2: 0.536996 sec, 1 copy (cache prime)
  warmup 2/2: 0.581601 sec, 1 copy (N=1 anchor)
  batch 1/3: 2.488792 sec, 5 copies (server sum 2363.894 ms)
  batch 2/3: 2.471673 sec, 5 copies (server sum 2367.724 ms)
  batch 3/3: 2.413561 sec, 5 copies (server sum 2360.187 ms)
  slope: pkg 10.32 J/exec (intercept 2.295 J), wall 0.469102 s/exec (intercept 0.112498 s)
[30/53] queries/tpch/tpch-queries/q12/v2_filter.sql (2 warmup [warm ones = N=1 anchor] + 3 x5)
  warmup 1/2: 0.580714 sec, 1 copy (cache prime)
  warmup 2/2: 0.538915 sec, 1 copy (N=1 anchor)
  batch 1/3: 2.411508 sec, 5 copies (server sum 2359.718 ms)
  batch 2/3: 2.459207 sec, 5 copies (server sum 2354.677 ms)
  batch 3/3: 2.455170 sec, 5 copies (server sum 2356.933 ms)
  slope: pkg 10.38 J/exec (intercept 1.666 J), wall 0.475762 s/exec (intercept 0.063154 s)
[31/53] queries/tpch/tpch-queries/q13/base.sql (2 warmup [warm ones = N=1 anchor] + 3 x5)
  warmup 1/2: 0.798368 sec, 1 copy (cache prime)
  warmup 2/2: 0.725279 sec, 1 copy (N=1 anchor)
  batch 1/3: 3.114800 sec, 5 copies (server sum 3006.056 ms)
  batch 2/3: 3.156010 sec, 5 copies (server sum 3051.283 ms)
  batch 3/3: 3.114831 sec, 5 copies (server sum 3006.536 ms)
  slope: pkg 10.96 J/exec (intercept 0.652 J), wall 0.600817 s/exec (intercept 0.124462 s)
[32/53] queries/tpch/tpch-queries/q13/v1_materialized.sql (2 warmup [warm ones = N=1 anchor] + 3 x5)
  warmup 1/2: 0.717967 sec, 1 copy (cache prime)
  warmup 2/2: 0.717339 sec, 1 copy (N=1 anchor)
  batch 1/3: 3.106374 sec, 5 copies (server sum 3005.133 ms)
  batch 2/3: 3.097233 sec, 5 copies (server sum 2990.659 ms)
  batch 3/3: 3.088063 sec, 5 copies (server sum 2988.033 ms)
  slope: pkg 11.01 J/exec (intercept 0.6379 J), wall 0.594971 s/exec (intercept 0.122368 s)
[33/53] queries/tpch/tpch-queries/q13/v2_correlated.sql (2 warmup [warm ones = N=1 anchor] + 3 x5)
  warmup 1/2: 2.320750 sec, 1 copy (cache prime)
  warmup 2/2: 2.319543 sec, 1 copy (N=1 anchor)
  batch 1/3: 10.595718 sec, 5 copies (server sum 10502.785 ms)
  batch 2/3: 10.433325 sec, 5 copies (server sum 10338.259 ms)
  batch 3/3: 10.481881 sec, 5 copies (server sum 10379.823 ms)
  slope: pkg 19.15 J/exec (intercept 2.025 J), wall 2.046025 s/exec (intercept 0.273519 s)
[34/53] queries/tpch/tpch-queries/q14/base.sql (2 warmup [warm ones = N=1 anchor] + 3 x5)
  warmup 1/2: 0.302026 sec, 1 copy (cache prime)
  warmup 2/2: 0.379475 sec, 1 copy (N=1 anchor)
  batch 1/3: 1.332232 sec, 5 copies (server sum 1228.270 ms)
  batch 2/3: 1.310921 sec, 5 copies (server sum 1216.569 ms)
  batch 3/3: 1.310574 sec, 5 copies (server sum 1214.762 ms)
  slope: pkg 8.487 J/exec (intercept -0.3068 J), wall 0.234608 s/exec (intercept 0.144867 s)
[35/53] queries/tpch/tpch-queries/q14/v1_materialized.sql (2 warmup [warm ones = N=1 anchor] + 3 x5)
  warmup 1/2: 0.383218 sec, 1 copy (cache prime)
  warmup 2/2: 0.411002 sec, 1 copy (N=1 anchor)
  batch 1/3: 1.335944 sec, 5 copies (server sum 1236.782 ms)
  batch 2/3: 1.320919 sec, 5 copies (server sum 1222.198 ms)
  batch 3/3: 1.320761 sec, 5 copies (server sum 1222.196 ms)
  slope: pkg 8.386 J/exec (intercept -0.2554 J), wall 0.228718 s/exec (intercept 0.182284 s)
[36/53] queries/tpch/tpch-queries/q14/v2_filter.sql (2 warmup [warm ones = N=1 anchor] + 3 x5)
  warmup 1/2: 0.363934 sec, 1 copy (cache prime)
  warmup 2/2: 0.416330 sec, 1 copy (N=1 anchor)
  batch 1/3: 1.373301 sec, 5 copies (server sum 1268.543 ms)
  batch 2/3: 1.336287 sec, 5 copies (server sum 1240.770 ms)
  batch 3/3: 1.397657 sec, 5 copies (server sum 1301.223 ms)
  slope: pkg 7.962 J/exec (intercept 0.1773 J), wall 0.238188 s/exec (intercept 0.178142 s)
[37/53] queries/tpch/tpch-queries/q15/base.sql (2 warmup [warm ones = N=1 anchor] + 3 x5)
  warmup 1/2: 0.429833 sec, 1 copy (cache prime)
  warmup 2/2: 0.456280 sec, 1 copy (N=1 anchor)
  batch 1/3: 1.594069 sec, 5 copies (server sum 1491.904 ms)
  batch 2/3: 1.509341 sec, 5 copies (server sum 1448.800 ms)
  batch 3/3: 1.571060 sec, 5 copies (server sum 1476.923 ms)
  slope: pkg 8.291 J/exec (intercept 0.3111 J), wall 0.275469 s/exec (intercept 0.180811 s)
[38/53] queries/tpch/tpch-queries/q15/v1_materialized.sql (2 warmup [warm ones = N=1 anchor] + 3 x5)
  warmup 1/2: 0.456259 sec, 1 copy (cache prime)
  warmup 2/2: 0.459927 sec, 1 copy (N=1 anchor)
  batch 1/3: 1.607166 sec, 5 copies (server sum 1510.892 ms)
  batch 2/3: 1.559186 sec, 5 copies (server sum 1463.288 ms)
  batch 3/3: 1.620769 sec, 5 copies (server sum 1525.233 ms)
  slope: pkg 8.024 J/exec (intercept 0.5223 J), wall 0.283945 s/exec (intercept 0.175982 s)
[39/53] queries/tpch/tpch-queries/q16/base.sql (2 warmup [warm ones = N=1 anchor] + 3 x5)
  warmup 1/2: 0.345105 sec, 1 copy (cache prime)
  warmup 2/2: 0.396789 sec, 1 copy (N=1 anchor)
  batch 1/3: 1.203228 sec, 5 copies (server sum 1144.616 ms)
  batch 2/3: 1.193606 sec, 5 copies (server sum 1107.158 ms)
  batch 3/3: 1.264918 sec, 5 copies (server sum 1163.411 ms)
  slope: pkg 5.711 J/exec (intercept 0.2204 J), wall 0.205949 s/exec (intercept 0.190841 s)
[40/53] queries/tpch/tpch-queries/q16/v1_materialized.sql (2 warmup [warm ones = N=1 anchor] + 3 x5)
  warmup 1/2: 0.324329 sec, 1 copy (cache prime)
  warmup 2/2: 0.334732 sec, 1 copy (N=1 anchor)
  batch 1/3: 1.245654 sec, 5 copies (server sum 1117.132 ms)
  batch 2/3: 1.276599 sec, 5 copies (server sum 1179.611 ms)
  batch 3/3: 1.270039 sec, 5 copies (server sum 1168.907 ms)
  slope: pkg 5.715 J/exec (intercept 0.7877 J), wall 0.232341 s/exec (intercept 0.102390 s)
[41/53] queries/tpch/tpch-queries/q16/v2_not_exists.sql (2 warmup [warm ones = N=1 anchor] + 3 x5)
  warmup 1/2: 0.311431 sec, 1 copy (cache prime)
  warmup 2/2: 0.341369 sec, 1 copy (N=1 anchor)
  batch 1/3: 1.146023 sec, 5 copies (server sum 1038.831 ms)
  batch 2/3: 1.184906 sec, 5 copies (server sum 1083.771 ms)
  batch 3/3: 1.155040 sec, 5 copies (server sum 1048.032 ms)
  slope: pkg 5.297 J/exec (intercept 0.7577 J), wall 0.205155 s/exec (intercept 0.136214 s)
[42/53] queries/tpch/tpch-queries/q17/v2_decorrelate.sql (2 warmup [warm ones = N=1 anchor] + 3 x5)
  warmup 1/2: 2.587256 sec, 1 copy (cache prime)
  warmup 2/2: 2.617869 sec, 1 copy (N=1 anchor)
  batch 1/3: 12.612711 sec, 5 copies (server sum 12508.882 ms)
  batch 2/3: 12.623659 sec, 5 copies (server sum 12521.997 ms)
  batch 3/3: 12.707089 sec, 5 copies (server sum 12604.911 ms)
  slope: pkg 54.93 J/exec (intercept 2.684 J), wall 2.507488 s/exec (intercept 0.110381 s)
[43/53] queries/tpch/tpch-queries/q18/base.sql (2 warmup [warm ones = N=1 anchor] + 3 x5)
  warmup 1/2: 2.662564 sec, 1 copy (cache prime)
  warmup 2/2: 2.836764 sec, 1 copy (N=1 anchor)
  batch 1/3: 13.240126 sec, 5 copies (server sum 13135.845 ms)
  batch 2/3: 12.972857 sec, 5 copies (server sum 12858.712 ms)
  batch 3/3: 13.098976 sec, 5 copies (server sum 12974.112 ms)
  slope: pkg 56.29 J/exec (intercept 5.651 J), wall 2.566806 s/exec (intercept 0.269958 s)
[44/53] queries/tpch/tpch-queries/q18/v1_materialized.sql (2 warmup [warm ones = N=1 anchor] + 3 x5)
  warmup 1/2: 2.749325 sec, 1 copy (cache prime)
  warmup 2/2: 2.791458 sec, 1 copy (N=1 anchor)
  batch 1/3: 13.095560 sec, 5 copies (server sum 13040.861 ms)
  batch 2/3: 13.172709 sec, 5 copies (server sum 13067.955 ms)
  batch 3/3: 12.691683 sec, 5 copies (server sum 12641.780 ms)
  slope: pkg 55.66 J/exec (intercept 6.453 J), wall 2.548798 s/exec (intercept 0.242659 s)
[45/53] queries/tpch/tpch-queries/q18/v2_join.sql (2 warmup [warm ones = N=1 anchor] + 3 x5)
  warmup 1/2: 2.784081 sec, 1 copy (cache prime)
  warmup 2/2: 2.843205 sec, 1 copy (N=1 anchor)
  batch 1/3: 13.027971 sec, 5 copies (server sum 12925.850 ms)
  batch 2/3: 13.057352 sec, 5 copies (server sum 12990.930 ms)
  batch 3/3: 13.072945 sec, 5 copies (server sum 13022.938 ms)
  slope: pkg 55.95 J/exec (intercept 6.312 J), wall 2.552388 s/exec (intercept 0.290817 s)
[46/53] queries/tpch/tpch-queries/q19/base.sql (2 warmup [warm ones = N=1 anchor] + 3 x5)
  warmup 1/2: 0.520532 sec, 1 copy (cache prime)
  warmup 2/2: 0.598468 sec, 1 copy (N=1 anchor)
  batch 1/3: 2.289720 sec, 5 copies (server sum 2186.813 ms)
  batch 2/3: 2.345088 sec, 5 copies (server sum 2227.232 ms)
  batch 3/3: 2.315996 sec, 5 copies (server sum 2210.094 ms)
  slope: pkg 9.997 J/exec (intercept 1.54 J), wall 0.429617 s/exec (intercept 0.168851 s)
[47/53] queries/tpch/tpch-queries/q19/v1_materialized.sql (2 warmup [warm ones = N=1 anchor] + 3 x5)
  warmup 1/2: 0.582350 sec, 1 copy (cache prime)
  warmup 2/2: 0.566324 sec, 1 copy (N=1 anchor)
  batch 1/3: 2.276480 sec, 5 copies (server sum 2180.455 ms)
  batch 2/3: 2.352790 sec, 5 copies (server sum 2192.888 ms)
  batch 3/3: 2.343744 sec, 5 copies (server sum 2227.010 ms)
  slope: pkg 10.05 J/exec (intercept 1.395 J), wall 0.439503 s/exec (intercept 0.126821 s)
[48/53] queries/tpch/tpch-queries/q19/v2_union_all.sql (2 warmup [warm ones = N=1 anchor] + 3 x5)
  warmup 1/2: 1.410278 sec, 1 copy (cache prime)
  warmup 2/2: 1.380507 sec, 1 copy (N=1 anchor)
  batch 1/3: 6.434836 sec, 5 copies (server sum 6329.001 ms)
  batch 2/3: 6.442514 sec, 5 copies (server sum 6319.531 ms)
  batch 3/3: 6.397022 sec, 5 copies (server sum 6317.500 ms)
  slope: pkg 27.64 J/exec (intercept 2.647 J), wall 1.261071 s/exec (intercept 0.119436 s)
[49/53] queries/tpch/tpch-queries/q21/base.sql (2 warmup [warm ones = N=1 anchor] + 3 x5)
  warmup 1/2: 0.660057 sec, 1 copy (cache prime)
  warmup 2/2: 0.655026 sec, 1 copy (N=1 anchor)
  batch 1/3: 2.726271 sec, 5 copies (server sum 2669.041 ms)
  batch 2/3: 2.783537 sec, 5 copies (server sum 2679.838 ms)
  batch 3/3: 2.787177 sec, 5 copies (server sum 2680.127 ms)
  slope: pkg 11.69 J/exec (intercept 2.446 J), wall 0.527659 s/exec (intercept 0.127367 s)
[50/53] queries/tpch/tpch-queries/q21/v1_materialized.sql (2 warmup [warm ones = N=1 anchor] + 3 x5)
  warmup 1/2: 0.645955 sec, 1 copy (cache prime)
  warmup 2/2: 0.643481 sec, 1 copy (N=1 anchor)
  batch 1/3: 2.792477 sec, 5 copies (server sum 2688.105 ms)
  batch 2/3: 2.804431 sec, 5 copies (server sum 2699.675 ms)
  batch 3/3: 2.786181 sec, 5 copies (server sum 2682.330 ms)
  slope: pkg 11.82 J/exec (intercept 2.352 J), wall 0.537721 s/exec (intercept 0.105760 s)
[51/53] queries/tpch/tpch-queries/q22/base.sql (2 warmup [warm ones = N=1 anchor] + 3 x5)
  warmup 1/2: 0.118675 sec, 1 copy (cache prime)
  warmup 2/2: 0.105497 sec, 1 copy (N=1 anchor)
  batch 1/3: 0.329841 sec, 5 copies (server sum 280.569 ms)
  batch 2/3: 0.431721 sec, 5 copies (server sum 320.431 ms)
  batch 3/3: 0.411259 sec, 5 copies (server sum 301.766 ms)
  slope: pkg 1.417 J/exec (intercept 0.3695 J), wall 0.071361 s/exec (intercept 0.034136 s)
[52/53] queries/tpch/tpch-queries/q22/v1_materialized.sql (2 warmup [warm ones = N=1 anchor] + 3 x5)
  warmup 1/2: 0.198616 sec, 1 copy (cache prime)
  warmup 2/2: 0.167020 sec, 1 copy (N=1 anchor)
  batch 1/3: 0.392040 sec, 5 copies (server sum 272.362 ms)
  batch 2/3: 0.396528 sec, 5 copies (server sum 290.314 ms)
  batch 3/3: 0.329193 sec, 5 copies (server sum 284.860 ms)
  slope: pkg 1.48 J/exec (intercept 0.6991 J), wall 0.051392 s/exec (intercept 0.115628 s)
[53/53] queries/tpch/tpch-queries/q22/v2_anti_join.sql (2 warmup [warm ones = N=1 anchor] + 3 x5)
  warmup 1/2: 0.239683 sec, 1 copy (cache prime)
  warmup 2/2: 0.258268 sec, 1 copy (N=1 anchor)
  batch 1/3: 0.654051 sec, 5 copies (server sum 541.510 ms)
  batch 2/3: 0.649680 sec, 5 copies (server sum 542.045 ms)
  batch 3/3: 0.649407 sec, 5 copies (server sum 544.592 ms)
  slope: pkg 3.101 J/exec (intercept -0.2235 J), wall 0.098194 s/exec (intercept 0.160074 s)

Done. Batch rows appended to logs/work_mem/wm_4MB/query_timing_tpch.csv
Per-copy samples appended to logs/work_mem/wm_4MB/query_samples_tpch.csv
Relation sizes appended to logs/work_mem/wm_4MB/query_catalog_tpch.csv
Per-query slope/intercept appended to logs/work_mem/wm_4MB/query_slope_tpch.csv
make: Leaving directory '/home/user01/GreenSQL'
