make: Entering directory '/home/user01/GreenSQL'
query_runner configuration:
  QUERY_DIR      = queries/tpch/tpch-queries
  LOG_FILE       = logs/work_mem/wm_128MB/query_timing_tpch.csv
  SAMPLE_FILE    = logs/work_mem/wm_128MB/query_samples_tpch.csv
  CATALOG_FILE   = logs/work_mem/wm_128MB/query_catalog_tpch.csv
  SLOPE_FILE     = logs/work_mem/wm_128MB/query_slope_tpch.csv
  DB_NAME        = tpch
  DB_USER        = postgres
  PGPORT         = 5434
  PG_VERSION     = 18.4  (as reported by the server on that port)
  BATCHNUM       = 5 (slope sizes: 1 copy and 5 copies)
  RUNS           = 3 (measured batches per size)
  WARMUP         = 2 (single-copy; #1 primes cache, warm ones = N=1 anchor)
  WORKERS        = (planner default)
  STATEMENT_TIMEOUT = 900
  SIGLESS_ADDR   = (disabled)
Found 53 queries under queries/tpch/tpch-queries

Catalog snapshot: 11 relations -> logs/work_mem/wm_128MB/query_catalog_tpch.csv
[1/53] queries/tpch/tpch-queries/q01/base.sql (2 warmup [warm ones = N=1 anchor] + 3 x5)
  warmup 1/2: 1.614138 sec, 1 copy (cache prime)
  warmup 2/2: 1.634822 sec, 1 copy (N=1 anchor)
  batch 1/3: 8.237387 sec, 5 copies (server sum 8142.917 ms)
  batch 2/3: 8.559630 sec, 5 copies (server sum 8437.913 ms)
  batch 3/3: 8.542266 sec, 5 copies (server sum 8428.639 ms)
  slope: pkg 37.14 J/exec (intercept 4.615 J), wall 1.702901 s/exec (intercept -0.068080 s)
[2/53] queries/tpch/tpch-queries/q01/v1_materialized.sql (2 warmup [warm ones = N=1 anchor] + 3 x5)
  warmup 1/2: 1.745176 sec, 1 copy (cache prime)
  warmup 2/2: 1.807814 sec, 1 copy (N=1 anchor)
  batch 1/3: 8.548569 sec, 5 copies (server sum 8417.478 ms)
  batch 2/3: 8.543841 sec, 5 copies (server sum 8431.497 ms)
  batch 3/3: 8.531520 sec, 5 copies (server sum 8413.309 ms)
  slope: pkg 36.91 J/exec (intercept 2.811 J), wall 1.683374 s/exec (intercept 0.124441 s)
[3/53] queries/tpch/tpch-queries/q02/base.sql (2 warmup [warm ones = N=1 anchor] + 3 x5)
  warmup 1/2: 55.717030 sec, 1 copy (cache prime)
  warmup 2/2: 50.282257 sec, 1 copy (N=1 anchor)
  batch 1/3: 267.967450 sec, 5 copies (server sum 267869.801 ms)
  batch 2/3: 269.247533 sec, 5 copies (server sum 269148.062 ms)
  batch 3/3: 267.539153 sec, 5 copies (server sum 267441.761 ms)
  slope: pkg 443 J/exec (intercept 64.19 J), wall 54.492280 s/exec (intercept -4.210023 s)
[4/53] queries/tpch/tpch-queries/q02/v1_materialized.sql (2 warmup [warm ones = N=1 anchor] + 3 x5)
  warmup 1/2: 53.382789 sec, 1 copy (cache prime)
  warmup 2/2: 53.086449 sec, 1 copy (N=1 anchor)
  batch 1/3: 267.282190 sec, 5 copies (server sum 267182.230 ms)
  batch 2/3: 264.481955 sec, 5 copies (server sum 264384.888 ms)
  batch 3/3: 268.365451 sec, 5 copies (server sum 268263.114 ms)
  slope: pkg 453.8 J/exec (intercept 2 J), wall 53.405854 s/exec (intercept -0.319405 s)
[5/53] queries/tpch/tpch-queries/q02/v2_decorrelate.sql (2 warmup [warm ones = N=1 anchor] + 3 x5)
  warmup 1/2: 0.318652 sec, 1 copy (cache prime)
  warmup 2/2: 0.340602 sec, 1 copy (N=1 anchor)
  batch 1/3: 1.231564 sec, 5 copies (server sum 1123.366 ms)
  batch 2/3: 1.190030 sec, 5 copies (server sum 1080.431 ms)
  batch 3/3: 1.266880 sec, 5 copies (server sum 1156.032 ms)
  slope: pkg 3.214 J/exec (intercept 0.5996 J), wall 0.222222 s/exec (intercept 0.118379 s)
[6/53] queries/tpch/tpch-queries/q03/base.sql (2 warmup [warm ones = N=1 anchor] + 3 x5)
  warmup 1/2: 0.370608 sec, 1 copy (cache prime)
  warmup 2/2: 0.424450 sec, 1 copy (N=1 anchor)
  batch 1/3: 1.310623 sec, 5 copies (server sum 1252.713 ms)
  batch 2/3: 1.370917 sec, 5 copies (server sum 1275.359 ms)
  batch 3/3: 1.356369 sec, 5 copies (server sum 1260.946 ms)
  slope: pkg 7.49 J/exec (intercept 1.408 J), wall 0.230380 s/exec (intercept 0.194071 s)
[7/53] queries/tpch/tpch-queries/q03/v1_materialized.sql (2 warmup [warm ones = N=1 anchor] + 3 x5)
  warmup 1/2: 0.403089 sec, 1 copy (cache prime)
  warmup 2/2: 0.430851 sec, 1 copy (N=1 anchor)
  batch 1/3: 1.368582 sec, 5 copies (server sum 1268.427 ms)
  batch 2/3: 1.338693 sec, 5 copies (server sum 1245.175 ms)
  batch 3/3: 1.347111 sec, 5 copies (server sum 1252.888 ms)
  slope: pkg 8.073 J/exec (intercept -0.6544 J), wall 0.230153 s/exec (intercept 0.200699 s)
[8/53] queries/tpch/tpch-queries/q04/base.sql (2 warmup [warm ones = N=1 anchor] + 3 x5)
  warmup 1/2: 0.195463 sec, 1 copy (cache prime)
  warmup 2/2: 0.239816 sec, 1 copy (N=1 anchor)
  batch 1/3: 0.608871 sec, 5 copies (server sum 498.447 ms)
  batch 2/3: 0.566460 sec, 5 copies (server sum 467.067 ms)
  batch 3/3: 0.548524 sec, 5 copies (server sum 456.341 ms)
  slope: pkg 3.255 J/exec (intercept -0.2586 J), wall 0.083700 s/exec (intercept 0.156116 s)
[9/53] queries/tpch/tpch-queries/q04/v1_materialized.sql (2 warmup [warm ones = N=1 anchor] + 3 x5)
  warmup 1/2: 0.210664 sec, 1 copy (cache prime)
  warmup 2/2: 0.236111 sec, 1 copy (N=1 anchor)
  batch 1/3: 0.583702 sec, 5 copies (server sum 479.911 ms)
  batch 2/3: 0.551000 sec, 5 copies (server sum 458.186 ms)
  batch 3/3: 0.566685 sec, 5 copies (server sum 467.405 ms)
  slope: pkg 3.293 J/exec (intercept -0.401 J), wall 0.082755 s/exec (intercept 0.153357 s)
[10/53] queries/tpch/tpch-queries/q04/v2_in.sql (2 warmup [warm ones = N=1 anchor] + 3 x5)
  warmup 1/2: 0.209323 sec, 1 copy (cache prime)
  warmup 2/2: 0.239051 sec, 1 copy (N=1 anchor)
  batch 1/3: 0.594530 sec, 5 copies (server sum 484.266 ms)
  batch 2/3: 0.567323 sec, 5 copies (server sum 468.575 ms)
  batch 3/3: 0.615113 sec, 5 copies (server sum 477.733 ms)
  slope: pkg 3.213 J/exec (intercept -0.2891 J), wall 0.088318 s/exec (intercept 0.150733 s)
[11/53] queries/tpch/tpch-queries/q05/base.sql (2 warmup [warm ones = N=1 anchor] + 3 x5)
  warmup 1/2: 0.304700 sec, 1 copy (cache prime)
  warmup 2/2: 0.386127 sec, 1 copy (N=1 anchor)
  batch 1/3: 1.374522 sec, 5 copies (server sum 1266.530 ms)
  batch 2/3: 1.280624 sec, 5 copies (server sum 1232.290 ms)
  batch 3/3: 1.337132 sec, 5 copies (server sum 1239.845 ms)
  slope: pkg 3.592 J/exec (intercept 0.5293 J), wall 0.236158 s/exec (intercept 0.149969 s)
[12/53] queries/tpch/tpch-queries/q05/v1_materialized.sql (2 warmup [warm ones = N=1 anchor] + 3 x5)
  warmup 1/2: 0.405934 sec, 1 copy (cache prime)
  warmup 2/2: 0.313099 sec, 1 copy (N=1 anchor)
  batch 1/3: 1.352744 sec, 5 copies (server sum 1244.721 ms)
  batch 2/3: 1.345469 sec, 5 copies (server sum 1244.930 ms)
  batch 3/3: 1.333937 sec, 5 copies (server sum 1232.025 ms)
  slope: pkg 3.596 J/exec (intercept 0.6026 J), wall 0.257738 s/exec (intercept 0.055361 s)
[13/53] queries/tpch/tpch-queries/q06/base.sql (2 warmup [warm ones = N=1 anchor] + 3 x5)
  warmup 1/2: 0.329054 sec, 1 copy (cache prime)
  warmup 2/2: 0.387887 sec, 1 copy (N=1 anchor)
  batch 1/3: 1.200277 sec, 5 copies (server sum 1153.647 ms)
  batch 2/3: 1.192031 sec, 5 copies (server sum 1150.729 ms)
  batch 3/3: 1.280866 sec, 5 copies (server sum 1185.268 ms)
  slope: pkg 7.741 J/exec (intercept 0.1348 J), wall 0.209126 s/exec (intercept 0.178761 s)
[14/53] queries/tpch/tpch-queries/q06/v1_materialized.sql (2 warmup [warm ones = N=1 anchor] + 3 x5)
  warmup 1/2: 0.373350 sec, 1 copy (cache prime)
  warmup 2/2: 0.402786 sec, 1 copy (N=1 anchor)
  batch 1/3: 1.308975 sec, 5 copies (server sum 1206.068 ms)
  batch 2/3: 1.353507 sec, 5 copies (server sum 1254.806 ms)
  batch 3/3: 1.332339 sec, 5 copies (server sum 1225.996 ms)
  slope: pkg 7.355 J/exec (intercept 0.102 J), wall 0.232205 s/exec (intercept 0.170581 s)
[15/53] queries/tpch/tpch-queries/q07/base.sql (2 warmup [warm ones = N=1 anchor] + 3 x5)
  warmup 1/2: 0.410524 sec, 1 copy (cache prime)
  warmup 2/2: 0.398457 sec, 1 copy (N=1 anchor)
  batch 1/3: 1.503592 sec, 5 copies (server sum 1453.187 ms)
  batch 2/3: 1.605423 sec, 5 copies (server sum 1467.350 ms)
  batch 3/3: 1.570152 sec, 5 copies (server sum 1463.192 ms)
  slope: pkg 4.74 J/exec (intercept 1.435 J), wall 0.290316 s/exec (intercept 0.108141 s)
[16/53] queries/tpch/tpch-queries/q07/v1_materialized.sql (2 warmup [warm ones = N=1 anchor] + 3 x5)
  warmup 1/2: 0.413142 sec, 1 copy (cache prime)
  warmup 2/2: 0.342704 sec, 1 copy (N=1 anchor)
  batch 1/3: 1.564822 sec, 5 copies (server sum 1463.061 ms)
  batch 2/3: 1.550450 sec, 5 copies (server sum 1449.450 ms)
  batch 3/3: 1.566555 sec, 5 copies (server sum 1463.487 ms)
  slope: pkg 4.777 J/exec (intercept 1.357 J), wall 0.304476 s/exec (intercept 0.038228 s)
[17/53] queries/tpch/tpch-queries/q07/v2_union_all.sql (2 warmup [warm ones = N=1 anchor] + 3 x5)
  warmup 1/2: 0.403777 sec, 1 copy (cache prime)
  warmup 2/2: 0.404501 sec, 1 copy (N=1 anchor)
  batch 1/3: 1.588982 sec, 5 copies (server sum 1484.674 ms)
  batch 2/3: 1.581773 sec, 5 copies (server sum 1474.567 ms)
  batch 3/3: 1.581441 sec, 5 copies (server sum 1478.252 ms)
  slope: pkg 4.846 J/exec (intercept 1.465 J), wall 0.294891 s/exec (intercept 0.109610 s)
[18/53] queries/tpch/tpch-queries/q08/base.sql (2 warmup [warm ones = N=1 anchor] + 3 x5)
  warmup 1/2: 0.490923 sec, 1 copy (cache prime)
  warmup 2/2: 0.476590 sec, 1 copy (N=1 anchor)
  batch 1/3: 1.894852 sec, 5 copies (server sum 1795.597 ms)
  batch 2/3: 1.876615 sec, 5 copies (server sum 1776.971 ms)
  batch 3/3: 1.868188 sec, 5 copies (server sum 1772.978 ms)
  slope: pkg 6.215 J/exec (intercept 1.52 J), wall 0.350824 s/exec (intercept 0.125766 s)
[19/53] queries/tpch/tpch-queries/q08/v1_materialized.sql (2 warmup [warm ones = N=1 anchor] + 3 x5)
  warmup 1/2: 0.484533 sec, 1 copy (cache prime)
  warmup 2/2: 0.482512 sec, 1 copy (N=1 anchor)
  batch 1/3: 1.824077 sec, 5 copies (server sum 1775.883 ms)
  batch 2/3: 1.883909 sec, 5 copies (server sum 1780.807 ms)
  batch 3/3: 1.870429 sec, 5 copies (server sum 1771.702 ms)
  slope: pkg 6.224 J/exec (intercept 1.518 J), wall 0.344240 s/exec (intercept 0.138272 s)
[20/53] queries/tpch/tpch-queries/q08/v2_filter.sql (2 warmup [warm ones = N=1 anchor] + 3 x5)
  warmup 1/2: 0.484294 sec, 1 copy (cache prime)
  warmup 2/2: 0.484416 sec, 1 copy (N=1 anchor)
  batch 1/3: 1.898128 sec, 5 copies (server sum 1799.221 ms)
  batch 2/3: 1.879299 sec, 5 copies (server sum 1780.598 ms)
  batch 3/3: 1.884117 sec, 5 copies (server sum 1787.390 ms)
  slope: pkg 6.219 J/exec (intercept 1.348 J), wall 0.350691 s/exec (intercept 0.133725 s)
[21/53] queries/tpch/tpch-queries/q09/base.sql (2 warmup [warm ones = N=1 anchor] + 3 x5)
  warmup 1/2: 1.012177 sec, 1 copy (cache prime)
  warmup 2/2: 0.997979 sec, 1 copy (N=1 anchor)
  batch 1/3: 4.533818 sec, 5 copies (server sum 4432.933 ms)
  batch 2/3: 4.555731 sec, 5 copies (server sum 4452.977 ms)
  batch 3/3: 4.599384 sec, 5 copies (server sum 4480.893 ms)
  slope: pkg 20.47 J/exec (intercept 0.7737 J), wall 0.891250 s/exec (intercept 0.106729 s)
[22/53] queries/tpch/tpch-queries/q09/v1_materialized.sql (2 warmup [warm ones = N=1 anchor] + 3 x5)
  warmup 1/2: 0.946447 sec, 1 copy (cache prime)
  warmup 2/2: 1.002325 sec, 1 copy (N=1 anchor)
  batch 1/3: 4.567583 sec, 5 copies (server sum 4459.610 ms)
  batch 2/3: 4.616216 sec, 5 copies (server sum 4518.686 ms)
  batch 3/3: 4.735522 sec, 5 copies (server sum 4590.246 ms)
  slope: pkg 20.05 J/exec (intercept 1.17 J), wall 0.909362 s/exec (intercept 0.092963 s)
[23/53] queries/tpch/tpch-queries/q10/base.sql (2 warmup [warm ones = N=1 anchor] + 3 x5)
  warmup 1/2: 0.308884 sec, 1 copy (cache prime)
  warmup 2/2: 0.374203 sec, 1 copy (N=1 anchor)
  batch 1/3: 1.366185 sec, 5 copies (server sum 1261.148 ms)
  batch 2/3: 1.399108 sec, 5 copies (server sum 1302.238 ms)
  batch 3/3: 1.381524 sec, 5 copies (server sum 1282.816 ms)
  slope: pkg 7.05 J/exec (intercept 1.08 J), wall 0.252017 s/exec (intercept 0.122185 s)
[24/53] queries/tpch/tpch-queries/q10/v1_materialized.sql (2 warmup [warm ones = N=1 anchor] + 3 x5)
  warmup 1/2: 0.408108 sec, 1 copy (cache prime)
  warmup 2/2: 0.390357 sec, 1 copy (N=1 anchor)
  batch 1/3: 1.374807 sec, 5 copies (server sum 1326.522 ms)
  batch 2/3: 1.485879 sec, 5 copies (server sum 1379.825 ms)
  batch 3/3: 1.456152 sec, 5 copies (server sum 1357.323 ms)
  slope: pkg 7.114 J/exec (intercept 1.194 J), wall 0.262147 s/exec (intercept 0.128209 s)
[25/53] queries/tpch/tpch-queries/q11/base.sql (2 warmup [warm ones = N=1 anchor] + 3 x5)
  warmup 1/2: 0.265860 sec, 1 copy (cache prime)
  warmup 2/2: 0.174065 sec, 1 copy (N=1 anchor)
  batch 1/3: 0.534555 sec, 5 copies (server sum 429.338 ms)
  batch 2/3: 0.510602 sec, 5 copies (server sum 408.828 ms)
  batch 3/3: 0.521130 sec, 5 copies (server sum 420.137 ms)
  slope: pkg 2.145 J/exec (intercept 0.7961 J), wall 0.087008 s/exec (intercept 0.087057 s)
[26/53] queries/tpch/tpch-queries/q11/v1_materialized.sql (2 warmup [warm ones = N=1 anchor] + 3 x5)
  warmup 1/2: 0.208963 sec, 1 copy (cache prime)
  warmup 2/2: 0.247523 sec, 1 copy (N=1 anchor)
  batch 1/3: 0.563688 sec, 5 copies (server sum 454.319 ms)
  batch 2/3: 0.505730 sec, 5 copies (server sum 404.959 ms)
  batch 3/3: 0.555011 sec, 5 copies (server sum 450.149 ms)
  slope: pkg 2.46 J/exec (intercept -0.3261 J), wall 0.073488 s/exec (intercept 0.174035 s)
[27/53] queries/tpch/tpch-queries/q11/v2_cte_threshold.sql (2 warmup [warm ones = N=1 anchor] + 3 x5)
  warmup 1/2: 0.197459 sec, 1 copy (cache prime)
  warmup 2/2: 0.218649 sec, 1 copy (N=1 anchor)
  batch 1/3: 0.563205 sec, 5 copies (server sum 435.950 ms)
  batch 2/3: 0.539227 sec, 5 copies (server sum 436.699 ms)
  batch 3/3: 0.572584 sec, 5 copies (server sum 463.783 ms)
  slope: pkg 2.454 J/exec (intercept -0.3627 J), wall 0.084922 s/exec (intercept 0.133727 s)
[28/53] queries/tpch/tpch-queries/q12/base.sql (2 warmup [warm ones = N=1 anchor] + 3 x5)
  warmup 1/2: 0.559009 sec, 1 copy (cache prime)
  warmup 2/2: 0.584577 sec, 1 copy (N=1 anchor)
  batch 1/3: 2.261913 sec, 5 copies (server sum 2160.362 ms)
  batch 2/3: 2.436791 sec, 5 copies (server sum 2336.914 ms)
  batch 3/3: 2.439458 sec, 5 copies (server sum 2344.140 ms)
  slope: pkg 10.88 J/exec (intercept 1.97 J), wall 0.448703 s/exec (intercept 0.135875 s)
[29/53] queries/tpch/tpch-queries/q12/v1_materialized.sql (2 warmup [warm ones = N=1 anchor] + 3 x5)
  warmup 1/2: 0.574589 sec, 1 copy (cache prime)
  warmup 2/2: 0.614781 sec, 1 copy (N=1 anchor)
  batch 1/3: 2.445194 sec, 5 copies (server sum 2337.115 ms)
  batch 2/3: 2.455378 sec, 5 copies (server sum 2351.230 ms)
  batch 3/3: 2.479516 sec, 5 copies (server sum 2363.476 ms)
  slope: pkg 10.35 J/exec (intercept 2.449 J), wall 0.461312 s/exec (intercept 0.153468 s)
[30/53] queries/tpch/tpch-queries/q12/v2_filter.sql (2 warmup [warm ones = N=1 anchor] + 3 x5)
  warmup 1/2: 0.584341 sec, 1 copy (cache prime)
  warmup 2/2: 0.621491 sec, 1 copy (N=1 anchor)
  batch 1/3: 2.458043 sec, 5 copies (server sum 2345.945 ms)
  batch 2/3: 2.476346 sec, 5 copies (server sum 2366.330 ms)
  batch 3/3: 2.454986 sec, 5 copies (server sum 2351.466 ms)
  slope: pkg 10.38 J/exec (intercept 2.472 J), wall 0.460409 s/exec (intercept 0.161082 s)
[31/53] queries/tpch/tpch-queries/q13/base.sql (2 warmup [warm ones = N=1 anchor] + 3 x5)
  warmup 1/2: 1.791179 sec, 1 copy (cache prime)
  warmup 2/2: 1.660678 sec, 1 copy (N=1 anchor)
  batch 1/3: 7.799980 sec, 5 copies (server sum 7695.847 ms)
  batch 2/3: 7.817253 sec, 5 copies (server sum 7719.569 ms)
  batch 3/3: 7.735340 sec, 5 copies (server sum 7638.902 ms)
  slope: pkg 9.039 J/exec (intercept 0.5115 J), wall 1.530878 s/exec (intercept 0.129800 s)
[32/53] queries/tpch/tpch-queries/q13/v1_materialized.sql (2 warmup [warm ones = N=1 anchor] + 3 x5)
  warmup 1/2: 1.671226 sec, 1 copy (cache prime)
  warmup 2/2: 1.648422 sec, 1 copy (N=1 anchor)
  batch 1/3: 7.768372 sec, 5 copies (server sum 7670.448 ms)
  batch 2/3: 7.543071 sec, 5 copies (server sum 7444.961 ms)
  batch 3/3: 7.698036 sec, 5 copies (server sum 7600.411 ms)
  slope: pkg 8.966 J/exec (intercept 0.6138 J), wall 1.505351 s/exec (intercept 0.143071 s)
[33/53] queries/tpch/tpch-queries/q13/v2_correlated.sql (2 warmup [warm ones = N=1 anchor] + 3 x5)
  warmup 1/2: 2.212962 sec, 1 copy (cache prime)
  warmup 2/2: 2.206921 sec, 1 copy (N=1 anchor)
  batch 1/3: 10.301344 sec, 5 copies (server sum 10207.610 ms)
  batch 2/3: 10.230127 sec, 5 copies (server sum 10133.761 ms)
  batch 3/3: 10.230509 sec, 5 copies (server sum 10134.415 ms)
  slope: pkg 19.42 J/exec (intercept 1.073 J), wall 2.011768 s/exec (intercept 0.195153 s)
[34/53] queries/tpch/tpch-queries/q14/base.sql (2 warmup [warm ones = N=1 anchor] + 3 x5)
  warmup 1/2: 0.355659 sec, 1 copy (cache prime)
  warmup 2/2: 0.400736 sec, 1 copy (N=1 anchor)
  batch 1/3: 1.228182 sec, 5 copies (server sum 1185.478 ms)
  batch 2/3: 1.312551 sec, 5 copies (server sum 1212.383 ms)
  batch 3/3: 1.309400 sec, 5 copies (server sum 1213.714 ms)
  slope: pkg 8.582 J/exec (intercept -0.1699 J), wall 0.220661 s/exec (intercept 0.180075 s)
[35/53] queries/tpch/tpch-queries/q14/v1_materialized.sql (2 warmup [warm ones = N=1 anchor] + 3 x5)
  warmup 1/2: 0.398500 sec, 1 copy (cache prime)
  warmup 2/2: 0.423574 sec, 1 copy (N=1 anchor)
  batch 1/3: 1.353164 sec, 5 copies (server sum 1253.815 ms)
  batch 2/3: 1.344902 sec, 5 copies (server sum 1248.226 ms)
  batch 3/3: 1.371684 sec, 5 copies (server sum 1272.284 ms)
  slope: pkg 8.19 J/exec (intercept -0.01134 J), wall 0.233252 s/exec (intercept 0.190322 s)
[36/53] queries/tpch/tpch-queries/q14/v2_filter.sql (2 warmup [warm ones = N=1 anchor] + 3 x5)
  warmup 1/2: 0.292132 sec, 1 copy (cache prime)
  warmup 2/2: 0.412423 sec, 1 copy (N=1 anchor)
  batch 1/3: 1.404748 sec, 5 copies (server sum 1251.350 ms)
  batch 2/3: 1.359738 sec, 5 copies (server sum 1303.519 ms)
  batch 3/3: 1.419986 sec, 5 copies (server sum 1321.755 ms)
  slope: pkg 7.889 J/exec (intercept 0.1458 J), wall 0.245600 s/exec (intercept 0.166823 s)
[37/53] queries/tpch/tpch-queries/q15/base.sql (2 warmup [warm ones = N=1 anchor] + 3 x5)
  warmup 1/2: 0.419163 sec, 1 copy (cache prime)
  warmup 2/2: 0.449120 sec, 1 copy (N=1 anchor)
  batch 1/3: 1.633399 sec, 5 copies (server sum 1482.324 ms)
  batch 2/3: 1.536317 sec, 5 copies (server sum 1488.716 ms)
  batch 3/3: 1.609571 sec, 5 copies (server sum 1509.278 ms)
  slope: pkg 8.076 J/exec (intercept 1.014 J), wall 0.285994 s/exec (intercept 0.163126 s)
[38/53] queries/tpch/tpch-queries/q15/v1_materialized.sql (2 warmup [warm ones = N=1 anchor] + 3 x5)
  warmup 1/2: 0.402668 sec, 1 copy (cache prime)
  warmup 2/2: 0.463045 sec, 1 copy (N=1 anchor)
  batch 1/3: 1.617872 sec, 5 copies (server sum 1509.928 ms)
  batch 2/3: 1.585962 sec, 5 copies (server sum 1487.506 ms)
  batch 3/3: 1.603292 sec, 5 copies (server sum 1507.340 ms)
  slope: pkg 7.963 J/exec (intercept 0.5231 J), wall 0.284833 s/exec (intercept 0.178212 s)
[39/53] queries/tpch/tpch-queries/q16/base.sql (2 warmup [warm ones = N=1 anchor] + 3 x5)
  warmup 1/2: 0.335043 sec, 1 copy (cache prime)
  warmup 2/2: 0.345941 sec, 1 copy (N=1 anchor)
  batch 1/3: 1.278260 sec, 5 copies (server sum 1172.492 ms)
  batch 2/3: 1.210982 sec, 5 copies (server sum 1115.099 ms)
  batch 3/3: 1.285426 sec, 5 copies (server sum 1184.690 ms)
  slope: pkg 5.682 J/exec (intercept 0.06436 J), wall 0.228070 s/exec (intercept 0.117870 s)
[40/53] queries/tpch/tpch-queries/q16/v1_materialized.sql (2 warmup [warm ones = N=1 anchor] + 3 x5)
  warmup 1/2: 0.332540 sec, 1 copy (cache prime)
  warmup 2/2: 0.324323 sec, 1 copy (N=1 anchor)
  batch 1/3: 1.291553 sec, 5 copies (server sum 1190.598 ms)
  batch 2/3: 1.296366 sec, 5 copies (server sum 1192.897 ms)
  batch 3/3: 1.289824 sec, 5 copies (server sum 1193.184 ms)
  slope: pkg 5.469 J/exec (intercept 1.202 J), wall 0.242064 s/exec (intercept 0.082259 s)
[41/53] queries/tpch/tpch-queries/q16/v2_not_exists.sql (2 warmup [warm ones = N=1 anchor] + 3 x5)
  warmup 1/2: 0.304679 sec, 1 copy (cache prime)
  warmup 2/2: 0.316854 sec, 1 copy (N=1 anchor)
  batch 1/3: 1.197273 sec, 5 copies (server sum 1096.916 ms)
  batch 2/3: 1.146995 sec, 5 copies (server sum 1042.455 ms)
  batch 3/3: 1.206114 sec, 5 copies (server sum 1100.180 ms)
  slope: pkg 5.105 J/exec (intercept 0.8319 J), wall 0.216652 s/exec (intercept 0.100202 s)
[42/53] queries/tpch/tpch-queries/q17/v2_decorrelate.sql (2 warmup [warm ones = N=1 anchor] + 3 x5)
  warmup 1/2: 5.531942 sec, 1 copy (cache prime)
  warmup 2/2: 5.681470 sec, 1 copy (N=1 anchor)
  batch 1/3: 27.291777 sec, 5 copies (server sum 27149.655 ms)
  batch 2/3: 27.151485 sec, 5 copies (server sum 27103.725 ms)
  batch 3/3: 27.250797 sec, 5 copies (server sum 27150.534 ms)
  slope: pkg 74.67 J/exec (intercept -0.3372 J), wall 5.387471 s/exec (intercept 0.293999 s)
[43/53] queries/tpch/tpch-queries/q18/base.sql (2 warmup [warm ones = N=1 anchor] + 3 x5)
  warmup 1/2: 3.913138 sec, 1 copy (cache prime)
  warmup 2/2: 4.076814 sec, 1 copy (N=1 anchor)
  batch 1/3: 20.807699 sec, 5 copies (server sum 20698.724 ms)
  batch 2/3: 21.958252 sec, 5 copies (server sum 21848.705 ms)
  batch 3/3: 21.981373 sec, 5 copies (server sum 21867.560 ms)
  slope: pkg 95.75 J/exec (intercept 22.41 J), wall 4.376407 s/exec (intercept -0.299593 s)
[44/53] queries/tpch/tpch-queries/q18/v1_materialized.sql (2 warmup [warm ones = N=1 anchor] + 3 x5)
  warmup 1/2: 4.456825 sec, 1 copy (cache prime)
  warmup 2/2: 4.528371 sec, 1 copy (N=1 anchor)
  batch 1/3: 21.978221 sec, 5 copies (server sum 21867.757 ms)
  batch 2/3: 22.033092 sec, 5 copies (server sum 21919.666 ms)
  batch 3/3: 22.039470 sec, 5 copies (server sum 21934.206 ms)
  slope: pkg 95.91 J/exec (intercept 3.595 J), wall 4.372139 s/exec (intercept 0.156232 s)
[45/53] queries/tpch/tpch-queries/q18/v2_join.sql (2 warmup [warm ones = N=1 anchor] + 3 x5)
  warmup 1/2: 4.554299 sec, 1 copy (cache prime)
  warmup 2/2: 4.450480 sec, 1 copy (N=1 anchor)
  batch 1/3: 21.988520 sec, 5 copies (server sum 21876.339 ms)
  batch 2/3: 21.981306 sec, 5 copies (server sum 21883.440 ms)
  batch 3/3: 22.002675 sec, 5 copies (server sum 21892.656 ms)
  slope: pkg 96.06 J/exec (intercept 2.251 J), wall 4.385088 s/exec (intercept 0.065391 s)
[46/53] queries/tpch/tpch-queries/q19/base.sql (2 warmup [warm ones = N=1 anchor] + 3 x5)
  warmup 1/2: 0.549355 sec, 1 copy (cache prime)
  warmup 2/2: 0.581683 sec, 1 copy (N=1 anchor)
  batch 1/3: 2.328155 sec, 5 copies (server sum 2168.305 ms)
  batch 2/3: 2.271921 sec, 5 copies (server sum 2209.068 ms)
  batch 3/3: 2.331002 sec, 5 copies (server sum 2225.548 ms)
  slope: pkg 10.26 J/exec (intercept 0.786 J), wall 0.432169 s/exec (intercept 0.149514 s)
[47/53] queries/tpch/tpch-queries/q19/v1_materialized.sql (2 warmup [warm ones = N=1 anchor] + 3 x5)
  warmup 1/2: 0.615370 sec, 1 copy (cache prime)
  warmup 2/2: 0.464327 sec, 1 copy (N=1 anchor)
  batch 1/3: 2.352464 sec, 5 copies (server sum 2226.329 ms)
  batch 2/3: 2.398886 sec, 5 copies (server sum 2233.692 ms)
  batch 3/3: 2.295170 sec, 5 copies (server sum 2221.362 ms)
  slope: pkg 9.796 J/exec (intercept 2.576 J), wall 0.471128 s/exec (intercept -0.006801 s)
[48/53] queries/tpch/tpch-queries/q19/v2_union_all.sql (2 warmup [warm ones = N=1 anchor] + 3 x5)
  warmup 1/2: 1.395848 sec, 1 copy (cache prime)
  warmup 2/2: 1.430689 sec, 1 copy (N=1 anchor)
  batch 1/3: 6.403702 sec, 5 copies (server sum 6341.537 ms)
  batch 2/3: 6.432936 sec, 5 copies (server sum 6325.408 ms)
  batch 3/3: 6.437676 sec, 5 copies (server sum 6331.772 ms)
  slope: pkg 27.61 J/exec (intercept 2.961 J), wall 1.248521 s/exec (intercept 0.182169 s)
[49/53] queries/tpch/tpch-queries/q21/base.sql (2 warmup [warm ones = N=1 anchor] + 3 x5)
  warmup 1/2: 0.680363 sec, 1 copy (cache prime)
  warmup 2/2: 0.649840 sec, 1 copy (N=1 anchor)
  batch 1/3: 2.829707 sec, 5 copies (server sum 2674.031 ms)
  batch 2/3: 2.765899 sec, 5 copies (server sum 2697.411 ms)
  batch 3/3: 2.795607 sec, 5 copies (server sum 2689.243 ms)
  slope: pkg 11.9 J/exec (intercept 2.128 J), wall 0.536808 s/exec (intercept 0.113032 s)
[50/53] queries/tpch/tpch-queries/q21/v1_materialized.sql (2 warmup [warm ones = N=1 anchor] + 3 x5)
  warmup 1/2: 0.661974 sec, 1 copy (cache prime)
  warmup 2/2: 0.632883 sec, 1 copy (N=1 anchor)
  batch 1/3: 2.777967 sec, 5 copies (server sum 2677.000 ms)
  batch 2/3: 2.798503 sec, 5 copies (server sum 2694.076 ms)
  batch 3/3: 2.820854 sec, 5 copies (server sum 2714.269 ms)
  slope: pkg 11.84 J/exec (intercept 2.347 J), wall 0.541556 s/exec (intercept 0.091327 s)
[51/53] queries/tpch/tpch-queries/q22/base.sql (2 warmup [warm ones = N=1 anchor] + 3 x5)
  warmup 1/2: 0.157007 sec, 1 copy (cache prime)
  warmup 2/2: 0.121553 sec, 1 copy (N=1 anchor)
  batch 1/3: 0.346155 sec, 5 copies (server sum 292.728 ms)
  batch 2/3: 0.422892 sec, 5 copies (server sum 317.108 ms)
  batch 3/3: 0.434410 sec, 5 copies (server sum 325.961 ms)
  slope: pkg 1.367 J/exec (intercept 0.4114 J), wall 0.069900 s/exec (intercept 0.051653 s)
[52/53] queries/tpch/tpch-queries/q22/v1_materialized.sql (2 warmup [warm ones = N=1 anchor] + 3 x5)
  warmup 1/2: 0.200617 sec, 1 copy (cache prime)
  warmup 2/2: 0.161938 sec, 1 copy (N=1 anchor)
  batch 1/3: 0.325513 sec, 5 copies (server sum 281.047 ms)
  batch 2/3: 0.415065 sec, 5 copies (server sum 302.432 ms)
  batch 3/3: 0.364831 sec, 5 copies (server sum 291.693 ms)
  slope: pkg 1.369 J/exec (intercept 0.7926 J), wall 0.051633 s/exec (intercept 0.110306 s)
[53/53] queries/tpch/tpch-queries/q22/v2_anti_join.sql (2 warmup [warm ones = N=1 anchor] + 3 x5)
  warmup 1/2: 0.227962 sec, 1 copy (cache prime)
  warmup 2/2: 0.266580 sec, 1 copy (N=1 anchor)
  batch 1/3: 0.656894 sec, 5 copies (server sum 547.265 ms)
  batch 2/3: 0.665408 sec, 5 copies (server sum 560.263 ms)
  batch 3/3: 0.572514 sec, 5 copies (server sum 528.126 ms)
  slope: pkg 2.978 J/exec (intercept 0.193 J), wall 0.091256 s/exec (intercept 0.175324 s)

Done. Batch rows appended to logs/work_mem/wm_128MB/query_timing_tpch.csv
Per-copy samples appended to logs/work_mem/wm_128MB/query_samples_tpch.csv
Relation sizes appended to logs/work_mem/wm_128MB/query_catalog_tpch.csv
Per-query slope/intercept appended to logs/work_mem/wm_128MB/query_slope_tpch.csv
make: Leaving directory '/home/user01/GreenSQL'
