make: Entering directory '/home/user01/GreenSQL'
query_runner configuration:
  QUERY_DIR      = queries/tpch/tpch-queries
  LOG_FILE       = logs/work_mem/wm_128MB/query_timing_tpch_idx.csv
  SAMPLE_FILE    = logs/work_mem/wm_128MB/query_samples_tpch_idx.csv
  CATALOG_FILE   = logs/work_mem/wm_128MB/query_catalog_tpch_idx.csv
  SLOPE_FILE     = logs/work_mem/wm_128MB/query_slope_tpch_idx.csv
  DB_NAME        = tpch_idx
  DB_USER        = postgres
  PGPORT         = 5434
  PG_VERSION     = 18.4  (as reported by the server on that port)
  BATCHNUM       = 5 (slope sizes: 1 copy and 5 copies)
  RUNS           = 3 (measured batches per size)
  WARMUP         = 2 (single-copy; #1 primes cache, warm ones = N=1 anchor)
  WORKERS        = (planner default)
  STATEMENT_TIMEOUT = 900
  SIGLESS_ADDR   = (disabled)
Found 53 queries under queries/tpch/tpch-queries

Catalog snapshot: 37 relations -> logs/work_mem/wm_128MB/query_catalog_tpch_idx.csv
[1/53] queries/tpch/tpch-queries/q01/base.sql (2 warmup [warm ones = N=1 anchor] + 3 x5)
  warmup 1/2: 1.638296 sec, 1 copy (cache prime)
  warmup 2/2: 1.603303 sec, 1 copy (N=1 anchor)
  batch 1/3: 8.517061 sec, 5 copies (server sum 8415.150 ms)
  batch 2/3: 8.571485 sec, 5 copies (server sum 8452.182 ms)
  batch 3/3: 8.578791 sec, 5 copies (server sum 8447.556 ms)
  slope: pkg 36.14 J/exec (intercept 7.479 J), wall 1.738119 s/exec (intercept -0.134815 s)
[2/53] queries/tpch/tpch-queries/q01/v1_materialized.sql (2 warmup [warm ones = N=1 anchor] + 3 x5)
  warmup 1/2: 1.799497 sec, 1 copy (cache prime)
  warmup 2/2: 1.769364 sec, 1 copy (N=1 anchor)
  batch 1/3: 8.553292 sec, 5 copies (server sum 8437.394 ms)
  batch 2/3: 8.570318 sec, 5 copies (server sum 8416.331 ms)
  batch 3/3: 8.512012 sec, 5 copies (server sum 8436.289 ms)
  slope: pkg 36.89 J/exec (intercept 3.007 J), wall 1.693961 s/exec (intercept 0.075403 s)
[3/53] queries/tpch/tpch-queries/q02/base.sql (2 warmup [warm ones = N=1 anchor] + 3 x5)
  warmup 1/2: 0.332422 sec, 1 copy (cache prime)
  warmup 2/2: 0.295826 sec, 1 copy (N=1 anchor)
  batch 1/3: 0.987731 sec, 5 copies (server sum 886.273 ms)
  batch 2/3: 0.983597 sec, 5 copies (server sum 883.724 ms)
  batch 3/3: 0.989779 sec, 5 copies (server sum 889.433 ms)
  slope: pkg 1.386 J/exec (intercept 1.113 J), wall 0.172802 s/exec (intercept 0.123023 s)
[4/53] queries/tpch/tpch-queries/q02/v1_materialized.sql (2 warmup [warm ones = N=1 anchor] + 3 x5)
  warmup 1/2: 0.323701 sec, 1 copy (cache prime)
  warmup 2/2: 0.276369 sec, 1 copy (N=1 anchor)
  batch 1/3: 1.120491 sec, 5 copies (server sum 1020.628 ms)
  batch 2/3: 1.074250 sec, 5 copies (server sum 974.942 ms)
  batch 3/3: 1.103970 sec, 5 copies (server sum 1005.147 ms)
  slope: pkg 1.336 J/exec (intercept 0.9698 J), wall 0.205800 s/exec (intercept 0.070568 s)
[5/53] queries/tpch/tpch-queries/q02/v2_decorrelate.sql (2 warmup [warm ones = N=1 anchor] + 3 x5)
  warmup 1/2: 0.312820 sec, 1 copy (cache prime)
  warmup 2/2: 0.323712 sec, 1 copy (N=1 anchor)
  batch 1/3: 1.215399 sec, 5 copies (server sum 1103.811 ms)
  batch 2/3: 1.181863 sec, 5 copies (server sum 1071.261 ms)
  batch 3/3: 1.150236 sec, 5 copies (server sum 1087.038 ms)
  slope: pkg 1.221 J/exec (intercept 0.7497 J), wall 0.214697 s/exec (intercept 0.109015 s)
[6/53] queries/tpch/tpch-queries/q03/base.sql (2 warmup [warm ones = N=1 anchor] + 3 x5)
  warmup 1/2: 0.355510 sec, 1 copy (cache prime)
  warmup 2/2: 0.370078 sec, 1 copy (N=1 anchor)
  batch 1/3: 1.344917 sec, 5 copies (server sum 1244.749 ms)
  batch 2/3: 1.333923 sec, 5 copies (server sum 1237.067 ms)
  batch 3/3: 1.331900 sec, 5 copies (server sum 1236.412 ms)
  slope: pkg 7.739 J/exec (intercept 1.216 J), wall 0.241709 s/exec (intercept 0.128370 s)
[7/53] queries/tpch/tpch-queries/q03/v1_materialized.sql (2 warmup [warm ones = N=1 anchor] + 3 x5)
  warmup 1/2: 0.368900 sec, 1 copy (cache prime)
  warmup 2/2: 0.379705 sec, 1 copy (N=1 anchor)
  batch 1/3: 1.372356 sec, 5 copies (server sum 1268.430 ms)
  batch 2/3: 1.361679 sec, 5 copies (server sum 1267.085 ms)
  batch 3/3: 1.367142 sec, 5 copies (server sum 1271.843 ms)
  slope: pkg 7.552 J/exec (intercept 0.7504 J), wall 0.246838 s/exec (intercept 0.132867 s)
[8/53] queries/tpch/tpch-queries/q04/base.sql (2 warmup [warm ones = N=1 anchor] + 3 x5)
  warmup 1/2: 0.200800 sec, 1 copy (cache prime)
  warmup 2/2: 0.235420 sec, 1 copy (N=1 anchor)
  batch 1/3: 0.615876 sec, 5 copies (server sum 503.088 ms)
  batch 2/3: 0.566855 sec, 5 copies (server sum 466.948 ms)
  batch 3/3: 0.566698 sec, 5 copies (server sum 466.897 ms)
  slope: pkg 2.777 J/exec (intercept 0.1245 J), wall 0.086931 s/exec (intercept 0.148489 s)
[9/53] queries/tpch/tpch-queries/q04/v1_materialized.sql (2 warmup [warm ones = N=1 anchor] + 3 x5)
  warmup 1/2: 0.217437 sec, 1 copy (cache prime)
  warmup 2/2: 0.231272 sec, 1 copy (N=1 anchor)
  batch 1/3: 0.601246 sec, 5 copies (server sum 489.339 ms)
  batch 2/3: 0.502154 sec, 5 copies (server sum 458.800 ms)
  batch 3/3: 0.591010 sec, 5 copies (server sum 484.361 ms)
  slope: pkg 2.789 J/exec (intercept -0.007055 J), wall 0.083383 s/exec (intercept 0.147890 s)
[10/53] queries/tpch/tpch-queries/q04/v2_in.sql (2 warmup [warm ones = N=1 anchor] + 3 x5)
  warmup 1/2: 0.217195 sec, 1 copy (cache prime)
  warmup 2/2: 0.178255 sec, 1 copy (N=1 anchor)
  batch 1/3: 0.614973 sec, 5 copies (server sum 501.550 ms)
  batch 2/3: 0.566737 sec, 5 copies (server sum 467.745 ms)
  batch 3/3: 0.561673 sec, 5 copies (server sum 464.263 ms)
  slope: pkg 2.548 J/exec (intercept 1.038 J), wall 0.100718 s/exec (intercept 0.077536 s)
[11/53] queries/tpch/tpch-queries/q05/base.sql (2 warmup [warm ones = N=1 anchor] + 3 x5)
  warmup 1/2: 0.385014 sec, 1 copy (cache prime)
  warmup 2/2: 0.370058 sec, 1 copy (N=1 anchor)
  batch 1/3: 1.456801 sec, 5 copies (server sum 1326.047 ms)
  batch 2/3: 1.332685 sec, 5 copies (server sum 1280.114 ms)
  batch 3/3: 1.397008 sec, 5 copies (server sum 1284.684 ms)
  slope: pkg 3.483 J/exec (intercept 1.196 J), wall 0.256360 s/exec (intercept 0.113698 s)
[12/53] queries/tpch/tpch-queries/q05/v1_materialized.sql (2 warmup [warm ones = N=1 anchor] + 3 x5)
  warmup 1/2: 0.360763 sec, 1 copy (cache prime)
  warmup 2/2: 0.383636 sec, 1 copy (N=1 anchor)
  batch 1/3: 1.413486 sec, 5 copies (server sum 1301.582 ms)
  batch 2/3: 1.404611 sec, 5 copies (server sum 1293.109 ms)
  batch 3/3: 1.411680 sec, 5 copies (server sum 1294.887 ms)
  slope: pkg 3.517 J/exec (intercept 0.8479 J), wall 0.256572 s/exec (intercept 0.127064 s)
[13/53] queries/tpch/tpch-queries/q06/base.sql (2 warmup [warm ones = N=1 anchor] + 3 x5)
  warmup 1/2: 0.150755 sec, 1 copy (cache prime)
  warmup 2/2: 0.095950 sec, 1 copy (N=1 anchor)
  batch 1/3: 0.336021 sec, 5 copies (server sum 294.391 ms)
  batch 2/3: 0.339871 sec, 5 copies (server sum 298.510 ms)
  batch 3/3: 0.428471 sec, 5 copies (server sum 321.584 ms)
  slope: pkg 1.839 J/exec (intercept 0.7122 J), wall 0.068043 s/exec (intercept 0.027907 s)
[14/53] queries/tpch/tpch-queries/q06/v1_materialized.sql (2 warmup [warm ones = N=1 anchor] + 3 x5)
  warmup 1/2: 0.170718 sec, 1 copy (cache prime)
  warmup 2/2: 0.120945 sec, 1 copy (N=1 anchor)
  batch 1/3: 0.348163 sec, 5 copies (server sum 299.005 ms)
  batch 2/3: 0.490289 sec, 5 copies (server sum 377.638 ms)
  batch 3/3: 0.333812 sec, 5 copies (server sum 292.187 ms)
  slope: pkg 1.985 J/exec (intercept -0.06292 J), wall 0.067453 s/exec (intercept 0.053492 s)
[15/53] queries/tpch/tpch-queries/q07/base.sql (2 warmup [warm ones = N=1 anchor] + 3 x5)
  warmup 1/2: 0.790969 sec, 1 copy (cache prime)
  warmup 2/2: 0.774878 sec, 1 copy (N=1 anchor)
  batch 1/3: 3.298412 sec, 5 copies (server sum 3137.118 ms)
  batch 2/3: 3.165032 sec, 5 copies (server sum 3106.057 ms)
  batch 3/3: 3.257230 sec, 5 copies (server sum 3141.803 ms)
  slope: pkg 9.132 J/exec (intercept 0.7861 J), wall 0.616337 s/exec (intercept 0.158542 s)
[16/53] queries/tpch/tpch-queries/q07/v1_materialized.sql (2 warmup [warm ones = N=1 anchor] + 3 x5)
  warmup 1/2: 0.757045 sec, 1 copy (cache prime)
  warmup 2/2: 0.747700 sec, 1 copy (N=1 anchor)
  batch 1/3: 3.314768 sec, 5 copies (server sum 3151.917 ms)
  batch 2/3: 3.188884 sec, 5 copies (server sum 3118.505 ms)
  batch 3/3: 3.226062 sec, 5 copies (server sum 3109.533 ms)
  slope: pkg 9.017 J/exec (intercept 1.259 J), wall 0.623884 s/exec (intercept 0.123816 s)
[17/53] queries/tpch/tpch-queries/q07/v2_union_all.sql (2 warmup [warm ones = N=1 anchor] + 3 x5)
  warmup 1/2: 0.720656 sec, 1 copy (cache prime)
  warmup 2/2: 0.706030 sec, 1 copy (N=1 anchor)
  batch 1/3: 3.096679 sec, 5 copies (server sum 2946.249 ms)
  batch 2/3: 2.981374 sec, 5 copies (server sum 2920.803 ms)
  batch 3/3: 3.035220 sec, 5 copies (server sum 2929.050 ms)
  slope: pkg 7.425 J/exec (intercept 1.955 J), wall 0.582932 s/exec (intercept 0.123098 s)
[18/53] queries/tpch/tpch-queries/q08/base.sql (2 warmup [warm ones = N=1 anchor] + 3 x5)
  warmup 1/2: 0.245091 sec, 1 copy (cache prime)
  warmup 2/2: 0.244867 sec, 1 copy (N=1 anchor)
  batch 1/3: 0.802920 sec, 5 copies (server sum 695.512 ms)
  batch 2/3: 0.814251 sec, 5 copies (server sum 709.111 ms)
  batch 3/3: 0.811808 sec, 5 copies (server sum 707.593 ms)
  slope: pkg 2.322 J/exec (intercept 1.448 J), wall 0.141198 s/exec (intercept 0.103668 s)
[19/53] queries/tpch/tpch-queries/q08/v1_materialized.sql (2 warmup [warm ones = N=1 anchor] + 3 x5)
  warmup 1/2: 0.251622 sec, 1 copy (cache prime)
  warmup 2/2: 0.244088 sec, 1 copy (N=1 anchor)
  batch 1/3: 0.818597 sec, 5 copies (server sum 711.339 ms)
  batch 2/3: 0.858229 sec, 5 copies (server sum 706.681 ms)
  batch 3/3: 0.767568 sec, 5 copies (server sum 710.054 ms)
  slope: pkg 2.261 J/exec (intercept 1.533 J), wall 0.142677 s/exec (intercept 0.101411 s)
[20/53] queries/tpch/tpch-queries/q08/v2_filter.sql (2 warmup [warm ones = N=1 anchor] + 3 x5)
  warmup 1/2: 0.251459 sec, 1 copy (cache prime)
  warmup 2/2: 0.245629 sec, 1 copy (N=1 anchor)
  batch 1/3: 0.818773 sec, 5 copies (server sum 714.355 ms)
  batch 2/3: 0.761067 sec, 5 copies (server sum 707.085 ms)
  batch 3/3: 0.811863 sec, 5 copies (server sum 707.491 ms)
  slope: pkg 2.258 J/exec (intercept 1.484 J), wall 0.137901 s/exec (intercept 0.107728 s)
[21/53] queries/tpch/tpch-queries/q09/base.sql (2 warmup [warm ones = N=1 anchor] + 3 x5)
  warmup 1/2: 1.157743 sec, 1 copy (cache prime)
  warmup 2/2: 1.146886 sec, 1 copy (N=1 anchor)
  batch 1/3: 5.288552 sec, 5 copies (server sum 5135.978 ms)
  batch 2/3: 5.186009 sec, 5 copies (server sum 5123.909 ms)
  batch 3/3: 5.276076 sec, 5 copies (server sum 5171.825 ms)
  slope: pkg 21.3 J/exec (intercept 1.038 J), wall 1.025831 s/exec (intercept 0.121055 s)
[22/53] queries/tpch/tpch-queries/q09/v1_materialized.sql (2 warmup [warm ones = N=1 anchor] + 3 x5)
  warmup 1/2: 1.098251 sec, 1 copy (cache prime)
  warmup 2/2: 1.149719 sec, 1 copy (N=1 anchor)
  batch 1/3: 5.322974 sec, 5 copies (server sum 5218.796 ms)
  batch 2/3: 5.840176 sec, 5 copies (server sum 5733.807 ms)
  batch 3/3: 5.817893 sec, 5 copies (server sum 5712.739 ms)
  slope: pkg 19.62 J/exec (intercept 2.76 J), wall 1.127657 s/exec (intercept 0.022061 s)
[23/53] queries/tpch/tpch-queries/q10/base.sql (2 warmup [warm ones = N=1 anchor] + 3 x5)
  warmup 1/2: 0.407694 sec, 1 copy (cache prime)
  warmup 2/2: 0.408310 sec, 1 copy (N=1 anchor)
  batch 1/3: 1.529257 sec, 5 copies (server sum 1432.062 ms)
  batch 2/3: 1.571364 sec, 5 copies (server sum 1423.493 ms)
  batch 3/3: 1.485136 sec, 5 copies (server sum 1429.180 ms)
  slope: pkg 6.456 J/exec (intercept 1.54 J), wall 0.280069 s/exec (intercept 0.128241 s)
[24/53] queries/tpch/tpch-queries/q10/v1_materialized.sql (2 warmup [warm ones = N=1 anchor] + 3 x5)
  warmup 1/2: 0.413500 sec, 1 copy (cache prime)
  warmup 2/2: 0.423399 sec, 1 copy (N=1 anchor)
  batch 1/3: 1.582382 sec, 5 copies (server sum 1486.527 ms)
  batch 2/3: 1.583245 sec, 5 copies (server sum 1486.580 ms)
  batch 3/3: 1.577531 sec, 5 copies (server sum 1481.566 ms)
  slope: pkg 6.322 J/exec (intercept 1.382 J), wall 0.289414 s/exec (intercept 0.133985 s)
[25/53] queries/tpch/tpch-queries/q11/base.sql (2 warmup [warm ones = N=1 anchor] + 3 x5)
  warmup 1/2: 0.180461 sec, 1 copy (cache prime)
  warmup 2/2: 0.194989 sec, 1 copy (N=1 anchor)
  batch 1/3: 0.553115 sec, 5 copies (server sum 443.335 ms)
  batch 2/3: 0.540556 sec, 5 copies (server sum 439.063 ms)
  batch 3/3: 0.542862 sec, 5 copies (server sum 439.651 ms)
  slope: pkg 0.5921 J/exec (intercept 0.7188 J), wall 0.087630 s/exec (intercept 0.107359 s)
[26/53] queries/tpch/tpch-queries/q11/v1_materialized.sql (2 warmup [warm ones = N=1 anchor] + 3 x5)
  warmup 1/2: 0.187112 sec, 1 copy (cache prime)
  warmup 2/2: 0.196791 sec, 1 copy (N=1 anchor)
  batch 1/3: 0.568681 sec, 5 copies (server sum 454.987 ms)
  batch 2/3: 0.570440 sec, 5 copies (server sum 468.356 ms)
  batch 3/3: 0.509751 sec, 5 copies (server sum 453.337 ms)
  slope: pkg 0.5456 J/exec (intercept 0.7548 J), wall 0.088208 s/exec (intercept 0.108583 s)
[27/53] queries/tpch/tpch-queries/q11/v2_cte_threshold.sql (2 warmup [warm ones = N=1 anchor] + 3 x5)
  warmup 1/2: 0.183316 sec, 1 copy (cache prime)
  warmup 2/2: 0.182169 sec, 1 copy (N=1 anchor)
  batch 1/3: 0.574063 sec, 5 copies (server sum 461.293 ms)
  batch 2/3: 0.549283 sec, 5 copies (server sum 446.544 ms)
  batch 3/3: 0.561574 sec, 5 copies (server sum 458.267 ms)
  slope: pkg 0.536 J/exec (intercept 0.8696 J), wall 0.094868 s/exec (intercept 0.087301 s)
[28/53] queries/tpch/tpch-queries/q12/base.sql (2 warmup [warm ones = N=1 anchor] + 3 x5)
  warmup 1/2: 0.411294 sec, 1 copy (cache prime)
  warmup 2/2: 0.404747 sec, 1 copy (N=1 anchor)
  batch 1/3: 1.540061 sec, 5 copies (server sum 1440.895 ms)
  batch 2/3: 1.584740 sec, 5 copies (server sum 1435.766 ms)
  batch 3/3: 1.469540 sec, 5 copies (server sum 1368.012 ms)
  slope: pkg 7.587 J/exec (intercept 1.577 J), wall 0.281675 s/exec (intercept 0.123072 s)
[29/53] queries/tpch/tpch-queries/q12/v1_materialized.sql (2 warmup [warm ones = N=1 anchor] + 3 x5)
  warmup 1/2: 0.405298 sec, 1 copy (cache prime)
  warmup 2/2: 0.403491 sec, 1 copy (N=1 anchor)
  batch 1/3: 1.464056 sec, 5 copies (server sum 1361.765 ms)
  batch 2/3: 1.465582 sec, 5 copies (server sum 1367.884 ms)
  batch 3/3: 1.473960 sec, 5 copies (server sum 1377.466 ms)
  slope: pkg 7.45 J/exec (intercept 1.282 J), wall 0.266094 s/exec (intercept 0.137397 s)
[30/53] queries/tpch/tpch-queries/q12/v2_filter.sql (2 warmup [warm ones = N=1 anchor] + 3 x5)
  warmup 1/2: 0.350007 sec, 1 copy (cache prime)
  warmup 2/2: 0.432983 sec, 1 copy (N=1 anchor)
  batch 1/3: 1.479080 sec, 5 copies (server sum 1370.324 ms)
  batch 2/3: 1.517060 sec, 5 copies (server sum 1405.065 ms)
  batch 3/3: 1.509017 sec, 5 copies (server sum 1414.962 ms)
  slope: pkg 7.387 J/exec (intercept 0.8202 J), wall 0.267184 s/exec (intercept 0.165798 s)
[31/53] queries/tpch/tpch-queries/q13/base.sql (2 warmup [warm ones = N=1 anchor] + 3 x5)
  warmup 1/2: 1.695302 sec, 1 copy (cache prime)
  warmup 2/2: 1.717187 sec, 1 copy (N=1 anchor)
  batch 1/3: 7.870098 sec, 5 copies (server sum 7772.264 ms)
  batch 2/3: 7.771805 sec, 5 copies (server sum 7672.958 ms)
  batch 3/3: 7.647693 sec, 5 copies (server sum 7548.748 ms)
  slope: pkg 9.01 J/exec (intercept 0.5837 J), wall 1.511503 s/exec (intercept 0.205684 s)
[32/53] queries/tpch/tpch-queries/q13/v1_materialized.sql (2 warmup [warm ones = N=1 anchor] + 3 x5)
  warmup 1/2: 1.585142 sec, 1 copy (cache prime)
  warmup 2/2: 1.655699 sec, 1 copy (N=1 anchor)
  batch 1/3: 7.695147 sec, 5 copies (server sum 7597.088 ms)
  batch 2/3: 7.559477 sec, 5 copies (server sum 7460.437 ms)
  batch 3/3: 7.699235 sec, 5 copies (server sum 7552.890 ms)
  slope: pkg 8.907 J/exec (intercept 0.8744 J), wall 1.498897 s/exec (intercept 0.156803 s)
[33/53] queries/tpch/tpch-queries/q13/v2_correlated.sql (2 warmup [warm ones = N=1 anchor] + 3 x5)
  warmup 1/2: 2.213033 sec, 1 copy (cache prime)
  warmup 2/2: 2.258374 sec, 1 copy (N=1 anchor)
  batch 1/3: 10.478926 sec, 5 copies (server sum 10384.353 ms)
  batch 2/3: 10.459612 sec, 5 copies (server sum 10363.854 ms)
  batch 3/3: 10.577779 sec, 5 copies (server sum 10434.441 ms)
  slope: pkg 19.25 J/exec (intercept 1.529 J), wall 2.061766 s/exec (intercept 0.196608 s)
[34/53] queries/tpch/tpch-queries/q14/base.sql (2 warmup [warm ones = N=1 anchor] + 3 x5)
  warmup 1/2: 0.193393 sec, 1 copy (cache prime)
  warmup 2/2: 0.244834 sec, 1 copy (N=1 anchor)
  batch 1/3: 0.759810 sec, 5 copies (server sum 657.461 ms)
  batch 2/3: 0.816861 sec, 5 copies (server sum 707.632 ms)
  batch 3/3: 0.828907 sec, 5 copies (server sum 717.856 ms)
  slope: pkg 3.383 J/exec (intercept 1.365 J), wall 0.139256 s/exec (intercept 0.105578 s)
[35/53] queries/tpch/tpch-queries/q14/v1_materialized.sql (2 warmup [warm ones = N=1 anchor] + 3 x5)
  warmup 1/2: 0.299802 sec, 1 copy (cache prime)
  warmup 2/2: 0.298960 sec, 1 copy (N=1 anchor)
  batch 1/3: 0.791941 sec, 5 copies (server sum 684.813 ms)
  batch 2/3: 0.833488 sec, 5 copies (server sum 723.868 ms)
  batch 3/3: 0.699141 sec, 5 copies (server sum 653.616 ms)
  slope: pkg 3.762 J/exec (intercept -0.3502 J), wall 0.118974 s/exec (intercept 0.179986 s)
[36/53] queries/tpch/tpch-queries/q14/v2_filter.sql (2 warmup [warm ones = N=1 anchor] + 3 x5)
  warmup 1/2: 0.295685 sec, 1 copy (cache prime)
  warmup 2/2: 0.300441 sec, 1 copy (N=1 anchor)
  batch 1/3: 0.784377 sec, 5 copies (server sum 669.978 ms)
  batch 2/3: 0.808737 sec, 5 copies (server sum 700.858 ms)
  batch 3/3: 0.807417 sec, 5 copies (server sum 703.258 ms)
  slope: pkg 3.721 J/exec (intercept -0.3648 J), wall 0.124934 s/exec (intercept 0.175507 s)
[37/53] queries/tpch/tpch-queries/q15/base.sql (2 warmup [warm ones = N=1 anchor] + 3 x5)
  warmup 1/2: 0.405578 sec, 1 copy (cache prime)
  warmup 2/2: 0.378751 sec, 1 copy (N=1 anchor)
  batch 1/3: 1.321226 sec, 5 copies (server sum 1183.815 ms)
  batch 2/3: 1.254363 sec, 5 copies (server sum 1161.130 ms)
  batch 3/3: 1.266342 sec, 5 copies (server sum 1173.060 ms)
  slope: pkg 1.995 J/exec (intercept 1.431 J), wall 0.225473 s/exec (intercept 0.153278 s)
[38/53] queries/tpch/tpch-queries/q15/v1_materialized.sql (2 warmup [warm ones = N=1 anchor] + 3 x5)
  warmup 1/2: 0.369991 sec, 1 copy (cache prime)
  warmup 2/2: 0.330558 sec, 1 copy (N=1 anchor)
  batch 1/3: 1.308350 sec, 5 copies (server sum 1166.701 ms)
  batch 2/3: 1.221402 sec, 5 copies (server sum 1174.890 ms)
  batch 3/3: 1.255015 sec, 5 copies (server sum 1161.032 ms)
  slope: pkg 2.026 J/exec (intercept 1.292 J), wall 0.232758 s/exec (intercept 0.097800 s)
[39/53] queries/tpch/tpch-queries/q16/base.sql (2 warmup [warm ones = N=1 anchor] + 3 x5)
  warmup 1/2: 0.314242 sec, 1 copy (cache prime)
  warmup 2/2: 0.332529 sec, 1 copy (N=1 anchor)
  batch 1/3: 1.214319 sec, 5 copies (server sum 1110.115 ms)
  batch 2/3: 1.251648 sec, 5 copies (server sum 1117.605 ms)
  batch 3/3: 1.212221 sec, 5 copies (server sum 1106.235 ms)
  slope: pkg 6.127 J/exec (intercept 0.4973 J), wall 0.223383 s/exec (intercept 0.109146 s)
[40/53] queries/tpch/tpch-queries/q16/v1_materialized.sql (2 warmup [warm ones = N=1 anchor] + 3 x5)
  warmup 1/2: 0.323341 sec, 1 copy (cache prime)
  warmup 2/2: 0.338365 sec, 1 copy (N=1 anchor)
  batch 1/3: 1.227276 sec, 5 copies (server sum 1119.208 ms)
  batch 2/3: 1.254294 sec, 5 copies (server sum 1148.777 ms)
  batch 3/3: 1.263074 sec, 5 copies (server sum 1155.303 ms)
  slope: pkg 6.153 J/exec (intercept 0.7467 J), wall 0.227462 s/exec (intercept 0.110903 s)
[41/53] queries/tpch/tpch-queries/q16/v2_not_exists.sql (2 warmup [warm ones = N=1 anchor] + 3 x5)
  warmup 1/2: 0.304861 sec, 1 copy (cache prime)
  warmup 2/2: 0.310399 sec, 1 copy (N=1 anchor)
  batch 1/3: 1.154570 sec, 5 copies (server sum 1046.506 ms)
  batch 2/3: 1.156560 sec, 5 copies (server sum 1060.124 ms)
  batch 3/3: 1.153808 sec, 5 copies (server sum 1050.735 ms)
  slope: pkg 4.819 J/exec (intercept 0.5684 J), wall 0.211145 s/exec (intercept 0.099254 s)
[42/53] queries/tpch/tpch-queries/q17/v2_decorrelate.sql (2 warmup [warm ones = N=1 anchor] + 3 x5)
  warmup 1/2: 4.260753 sec, 1 copy (cache prime)
  warmup 2/2: 4.212362 sec, 1 copy (N=1 anchor)
  batch 1/3: 20.338129 sec, 5 copies (server sum 20241.417 ms)
  batch 2/3: 20.361224 sec, 5 copies (server sum 20266.443 ms)
  batch 3/3: 20.812026 sec, 5 copies (server sum 20715.813 ms)
  slope: pkg 18.71 J/exec (intercept 1.286 J), wall 4.072858 s/exec (intercept 0.139504 s)
[43/53] queries/tpch/tpch-queries/q18/base.sql (2 warmup [warm ones = N=1 anchor] + 3 x5)
  warmup 1/2: 3.990244 sec, 1 copy (cache prime)
  warmup 2/2: 3.959111 sec, 1 copy (N=1 anchor)
  batch 1/3: 19.965009 sec, 5 copies (server sum 19850.347 ms)
  batch 2/3: 21.217618 sec, 5 copies (server sum 21107.297 ms)
  batch 3/3: 21.919069 sec, 5 copies (server sum 21866.424 ms)
  slope: pkg 99.71 J/exec (intercept 18.27 J), wall 4.268697 s/exec (intercept -0.309586 s)
[44/53] queries/tpch/tpch-queries/q18/v1_materialized.sql (2 warmup [warm ones = N=1 anchor] + 3 x5)
  warmup 1/2: 4.522970 sec, 1 copy (cache prime)
  warmup 2/2: 4.532839 sec, 1 copy (N=1 anchor)
  batch 1/3: 22.003347 sec, 5 copies (server sum 21895.809 ms)
  batch 2/3: 22.045358 sec, 5 copies (server sum 21941.215 ms)
  batch 3/3: 22.074585 sec, 5 copies (server sum 21970.374 ms)
  slope: pkg 96.02 J/exec (intercept 3.534 J), wall 4.377064 s/exec (intercept 0.155774 s)
[45/53] queries/tpch/tpch-queries/q18/v2_join.sql (2 warmup [warm ones = N=1 anchor] + 3 x5)
  warmup 1/2: 4.495123 sec, 1 copy (cache prime)
  warmup 2/2: 4.523911 sec, 1 copy (N=1 anchor)
  batch 1/3: 21.961759 sec, 5 copies (server sum 21912.908 ms)
  batch 2/3: 21.957929 sec, 5 copies (server sum 21847.475 ms)
  batch 3/3: 22.048899 sec, 5 copies (server sum 21943.590 ms)
  slope: pkg 96.03 J/exec (intercept 2.681 J), wall 4.366405 s/exec (intercept 0.157506 s)
[46/53] queries/tpch/tpch-queries/q19/base.sql (2 warmup [warm ones = N=1 anchor] + 3 x5)
  warmup 1/2: 0.187651 sec, 1 copy (cache prime)
  warmup 2/2: 0.165542 sec, 1 copy (N=1 anchor)
  batch 1/3: 0.219658 sec, 5 copies (server sum 175.330 ms)
  batch 2/3: 0.278451 sec, 5 copies (server sum 177.441 ms)
  batch 3/3: 0.267573 sec, 5 copies (server sum 171.284 ms)
  slope: pkg 0.8889 J/exec (intercept 0.6591 J), wall 0.022421 s/exec (intercept 0.143120 s)
[47/53] queries/tpch/tpch-queries/q19/v1_materialized.sql (2 warmup [warm ones = N=1 anchor] + 3 x5)
  warmup 1/2: 0.138825 sec, 1 copy (cache prime)
  warmup 2/2: 0.083211 sec, 1 copy (N=1 anchor)
  batch 1/3: 0.215485 sec, 5 copies (server sum 170.964 ms)
  batch 2/3: 0.270008 sec, 5 copies (server sum 171.611 ms)
  batch 3/3: 0.272041 sec, 5 copies (server sum 172.478 ms)
  slope: pkg 0.8557 J/exec (intercept 0.8739 J), wall 0.042325 s/exec (intercept 0.040886 s)
[48/53] queries/tpch/tpch-queries/q19/v2_union_all.sql (2 warmup [warm ones = N=1 anchor] + 3 x5)
  warmup 1/2: 0.143138 sec, 1 copy (cache prime)
  warmup 2/2: 0.091772 sec, 1 copy (N=1 anchor)
  batch 1/3: 0.271314 sec, 5 copies (server sum 225.017 ms)
  batch 2/3: 0.343688 sec, 5 copies (server sum 230.048 ms)
  batch 3/3: 0.336933 sec, 5 copies (server sum 228.830 ms)
  slope: pkg 1.138 J/exec (intercept 0.7468 J), wall 0.056385 s/exec (intercept 0.035387 s)
[49/53] queries/tpch/tpch-queries/q21/base.sql (2 warmup [warm ones = N=1 anchor] + 3 x5)
  warmup 1/2: 0.579413 sec, 1 copy (cache prime)
  warmup 2/2: 0.583567 sec, 1 copy (N=1 anchor)
  batch 1/3: 2.469473 sec, 5 copies (server sum 2367.099 ms)
  batch 2/3: 2.524890 sec, 5 copies (server sum 2421.853 ms)
  batch 3/3: 2.441375 sec, 5 copies (server sum 2339.561 ms)
  slope: pkg 10.14 J/exec (intercept 1.364 J), wall 0.473753 s/exec (intercept 0.109814 s)
[50/53] queries/tpch/tpch-queries/q21/v1_materialized.sql (2 warmup [warm ones = N=1 anchor] + 3 x5)
  warmup 1/2: 0.574411 sec, 1 copy (cache prime)
  warmup 2/2: 0.576121 sec, 1 copy (N=1 anchor)
  batch 1/3: 2.496427 sec, 5 copies (server sum 2346.710 ms)
  batch 2/3: 2.499378 sec, 5 copies (server sum 2393.151 ms)
  batch 3/3: 2.433295 sec, 5 copies (server sum 2330.791 ms)
  slope: pkg 10.11 J/exec (intercept 1.473 J), wall 0.475061 s/exec (intercept 0.101059 s)
[51/53] queries/tpch/tpch-queries/q22/base.sql (2 warmup [warm ones = N=1 anchor] + 3 x5)
  warmup 1/2: 0.149885 sec, 1 copy (cache prime)
  warmup 2/2: 0.109002 sec, 1 copy (N=1 anchor)
  batch 1/3: 0.329232 sec, 5 copies (server sum 282.781 ms)
  batch 2/3: 0.325832 sec, 5 copies (server sum 280.104 ms)
  batch 3/3: 0.404982 sec, 5 copies (server sum 298.763 ms)
  slope: pkg 1.46 J/exec (intercept 0.4656 J), wall 0.061087 s/exec (intercept 0.047916 s)
[52/53] queries/tpch/tpch-queries/q22/v1_materialized.sql (2 warmup [warm ones = N=1 anchor] + 3 x5)
  warmup 1/2: 0.209637 sec, 1 copy (cache prime)
  warmup 2/2: 0.161860 sec, 1 copy (N=1 anchor)
  batch 1/3: 0.313051 sec, 5 copies (server sum 269.083 ms)
  batch 2/3: 0.416171 sec, 5 copies (server sum 303.674 ms)
  batch 3/3: 0.410561 sec, 5 copies (server sum 304.279 ms)
  slope: pkg 1.331 J/exec (intercept 0.8883 J), wall 0.054517 s/exec (intercept 0.107343 s)
[53/53] queries/tpch/tpch-queries/q22/v2_anti_join.sql (2 warmup [warm ones = N=1 anchor] + 3 x5)
  warmup 1/2: 0.262532 sec, 1 copy (cache prime)
  warmup 2/2: 0.248970 sec, 1 copy (N=1 anchor)
  batch 1/3: 0.619523 sec, 5 copies (server sum 517.273 ms)
  batch 2/3: 0.663062 sec, 5 copies (server sum 551.000 ms)
  batch 3/3: 0.686579 sec, 5 copies (server sum 576.150 ms)
  slope: pkg 2.902 J/exec (intercept 0.2826 J), wall 0.101854 s/exec (intercept 0.147115 s)

Done. Batch rows appended to logs/work_mem/wm_128MB/query_timing_tpch_idx.csv
Per-copy samples appended to logs/work_mem/wm_128MB/query_samples_tpch_idx.csv
Relation sizes appended to logs/work_mem/wm_128MB/query_catalog_tpch_idx.csv
Per-query slope/intercept appended to logs/work_mem/wm_128MB/query_slope_tpch_idx.csv
make: Leaving directory '/home/user01/GreenSQL'
