make: Entering directory '/home/user01/GreenSQL'
query_runner configuration:
  QUERY_DIR      = queries/tpch/tpch-queries
  LOG_FILE       = logs/effective_cache_size/ecs_12GB/query_timing_tpch_idx.csv
  SAMPLE_FILE    = logs/effective_cache_size/ecs_12GB/query_samples_tpch_idx.csv
  CATALOG_FILE   = logs/effective_cache_size/ecs_12GB/query_catalog_tpch_idx.csv
  SLOPE_FILE     = logs/effective_cache_size/ecs_12GB/query_slope_tpch_idx.csv
  DB_NAME        = tpch_idx
  DB_USER        = postgres
  PGPORT         = 5434
  PG_VERSION     = 18.4  (as reported by the server on that port)
  BATCHNUM       = 5 (slope sizes: 1 copy and 5 copies)
  RUNS           = 3 (measured batches per size)
  WARMUP         = 2 (single-copy; #1 primes cache, warm ones = N=1 anchor)
  WORKERS        = (planner default)
  STATEMENT_TIMEOUT = 900
  SIGLESS_ADDR   = (disabled)
Found 53 queries under queries/tpch/tpch-queries

Catalog snapshot: 37 relations -> logs/effective_cache_size/ecs_12GB/query_catalog_tpch_idx.csv
[1/53] queries/tpch/tpch-queries/q01/base.sql (2 warmup [warm ones = N=1 anchor] + 3 x5)
  warmup 1/2: 1.606093 sec, 1 copy (cache prime)
  warmup 2/2: 1.677326 sec, 1 copy (N=1 anchor)
  batch 1/3: 8.426184 sec, 5 copies (server sum 8366.981 ms)
  batch 2/3: 8.522871 sec, 5 copies (server sum 8421.250 ms)
  batch 3/3: 8.479134 sec, 5 copies (server sum 8413.542 ms)
  slope: pkg 36.32 J/exec (intercept 5.987 J), wall 1.699684 s/exec (intercept -0.022358 s)
[2/53] queries/tpch/tpch-queries/q01/v1_materialized.sql (2 warmup [warm ones = N=1 anchor] + 3 x5)
  warmup 1/2: 1.843814 sec, 1 copy (cache prime)
  warmup 2/2: 1.711987 sec, 1 copy (N=1 anchor)
  batch 1/3: 8.559617 sec, 5 copies (server sum 8428.893 ms)
  batch 2/3: 8.483468 sec, 5 copies (server sum 8428.347 ms)
  batch 3/3: 8.528835 sec, 5 copies (server sum 8412.047 ms)
  slope: pkg 36.98 J/exec (intercept 2.091 J), wall 1.702997 s/exec (intercept 0.008990 s)
[3/53] queries/tpch/tpch-queries/q02/base.sql (2 warmup [warm ones = N=1 anchor] + 3 x5)
  warmup 1/2: 0.354131 sec, 1 copy (cache prime)
  warmup 2/2: 0.290697 sec, 1 copy (N=1 anchor)
  batch 1/3: 1.046662 sec, 5 copies (server sum 898.836 ms)
  batch 2/3: 0.944448 sec, 5 copies (server sum 890.989 ms)
  batch 3/3: 0.971616 sec, 5 copies (server sum 872.494 ms)
  slope: pkg 1.368 J/exec (intercept 1.182 J), wall 0.174220 s/exec (intercept 0.116478 s)
[4/53] queries/tpch/tpch-queries/q02/v1_materialized.sql (2 warmup [warm ones = N=1 anchor] + 3 x5)
  warmup 1/2: 0.322179 sec, 1 copy (cache prime)
  warmup 2/2: 0.331993 sec, 1 copy (N=1 anchor)
  batch 1/3: 1.129275 sec, 5 copies (server sum 1029.824 ms)
  batch 2/3: 1.107675 sec, 5 copies (server sum 1007.759 ms)
  batch 3/3: 1.109761 sec, 5 copies (server sum 1008.739 ms)
  slope: pkg 1.345 J/exec (intercept 0.9208 J), wall 0.195894 s/exec (intercept 0.136099 s)
[5/53] queries/tpch/tpch-queries/q02/v2_decorrelate.sql (2 warmup [warm ones = N=1 anchor] + 3 x5)
  warmup 1/2: 0.314402 sec, 1 copy (cache prime)
  warmup 2/2: 0.334243 sec, 1 copy (N=1 anchor)
  batch 1/3: 1.206479 sec, 5 copies (server sum 1094.356 ms)
  batch 2/3: 1.235212 sec, 5 copies (server sum 1124.561 ms)
  batch 3/3: 1.164415 sec, 5 copies (server sum 1100.472 ms)
  slope: pkg 1.24 J/exec (intercept 0.7074 J), wall 0.216948 s/exec (intercept 0.117295 s)
[6/53] queries/tpch/tpch-queries/q03/base.sql (2 warmup [warm ones = N=1 anchor] + 3 x5)
  warmup 1/2: 0.357294 sec, 1 copy (cache prime)
  warmup 2/2: 0.306512 sec, 1 copy (N=1 anchor)
  batch 1/3: 1.362805 sec, 5 copies (server sum 1261.845 ms)
  batch 2/3: 1.350058 sec, 5 copies (server sum 1251.359 ms)
  batch 3/3: 1.382954 sec, 5 copies (server sum 1283.234 ms)
  slope: pkg 7.599 J/exec (intercept 1.491 J), wall 0.264690 s/exec (intercept 0.041821 s)
[7/53] queries/tpch/tpch-queries/q03/v1_materialized.sql (2 warmup [warm ones = N=1 anchor] + 3 x5)
  warmup 1/2: 0.383105 sec, 1 copy (cache prime)
  warmup 2/2: 0.444005 sec, 1 copy (N=1 anchor)
  batch 1/3: 1.330047 sec, 5 copies (server sum 1277.330 ms)
  batch 2/3: 1.405642 sec, 5 copies (server sum 1308.917 ms)
  batch 3/3: 1.409129 sec, 5 copies (server sum 1314.006 ms)
  slope: pkg 7.146 J/exec (intercept 1.856 J), wall 0.234400 s/exec (intercept 0.209604 s)
[8/53] queries/tpch/tpch-queries/q04/base.sql (2 warmup [warm ones = N=1 anchor] + 3 x5)
  warmup 1/2: 0.209789 sec, 1 copy (cache prime)
  warmup 2/2: 0.238782 sec, 1 copy (N=1 anchor)
  batch 1/3: 0.604117 sec, 5 copies (server sum 497.228 ms)
  batch 2/3: 0.563610 sec, 5 copies (server sum 465.382 ms)
  batch 3/3: 0.584235 sec, 5 copies (server sum 481.528 ms)
  slope: pkg 2.796 J/exec (intercept 0.0193 J), wall 0.086301 s/exec (intercept 0.152480 s)
[9/53] queries/tpch/tpch-queries/q04/v1_materialized.sql (2 warmup [warm ones = N=1 anchor] + 3 x5)
  warmup 1/2: 0.195123 sec, 1 copy (cache prime)
  warmup 2/2: 0.251092 sec, 1 copy (N=1 anchor)
  batch 1/3: 0.602780 sec, 5 copies (server sum 491.962 ms)
  batch 2/3: 0.584306 sec, 5 copies (server sum 482.919 ms)
  batch 3/3: 0.582135 sec, 5 copies (server sum 480.493 ms)
  slope: pkg 2.753 J/exec (intercept -0.08766 J), wall 0.084662 s/exec (intercept 0.166430 s)
[10/53] queries/tpch/tpch-queries/q04/v2_in.sql (2 warmup [warm ones = N=1 anchor] + 3 x5)
  warmup 1/2: 0.221801 sec, 1 copy (cache prime)
  warmup 2/2: 0.250379 sec, 1 copy (N=1 anchor)
  batch 1/3: 0.601343 sec, 5 copies (server sum 489.723 ms)
  batch 2/3: 0.552160 sec, 5 copies (server sum 460.239 ms)
  batch 3/3: 0.550742 sec, 5 copies (server sum 493.538 ms)
  slope: pkg 2.776 J/exec (intercept -0.08533 J), wall 0.079426 s/exec (intercept 0.170953 s)
[11/53] queries/tpch/tpch-queries/q05/base.sql (2 warmup [warm ones = N=1 anchor] + 3 x5)
  warmup 1/2: 0.383446 sec, 1 copy (cache prime)
  warmup 2/2: 0.364458 sec, 1 copy (N=1 anchor)
  batch 1/3: 1.429981 sec, 5 copies (server sum 1305.157 ms)
  batch 2/3: 1.399613 sec, 5 copies (server sum 1291.211 ms)
  batch 3/3: 1.408929 sec, 5 copies (server sum 1294.825 ms)
  slope: pkg 3.476 J/exec (intercept 1.364 J), wall 0.262096 s/exec (intercept 0.102362 s)
[12/53] queries/tpch/tpch-queries/q05/v1_materialized.sql (2 warmup [warm ones = N=1 anchor] + 3 x5)
  warmup 1/2: 0.309299 sec, 1 copy (cache prime)
  warmup 2/2: 0.372401 sec, 1 copy (N=1 anchor)
  batch 1/3: 1.396413 sec, 5 copies (server sum 1285.326 ms)
  batch 2/3: 1.388948 sec, 5 copies (server sum 1280.838 ms)
  batch 3/3: 1.390137 sec, 5 copies (server sum 1282.017 ms)
  slope: pkg 3.592 J/exec (intercept 0.993 J), wall 0.254858 s/exec (intercept 0.117543 s)
[13/53] queries/tpch/tpch-queries/q06/base.sql (2 warmup [warm ones = N=1 anchor] + 3 x5)
  warmup 1/2: 0.151143 sec, 1 copy (cache prime)
  warmup 2/2: 0.097383 sec, 1 copy (N=1 anchor)
  batch 1/3: 0.334681 sec, 5 copies (server sum 293.016 ms)
  batch 2/3: 0.426168 sec, 5 copies (server sum 323.566 ms)
  batch 3/3: 0.450781 sec, 5 copies (server sum 343.191 ms)
  slope: pkg 1.709 J/exec (intercept 0.8807 J), wall 0.076624 s/exec (intercept 0.020759 s)
[14/53] queries/tpch/tpch-queries/q06/v1_materialized.sql (2 warmup [warm ones = N=1 anchor] + 3 x5)
  warmup 1/2: 0.187632 sec, 1 copy (cache prime)
  warmup 2/2: 0.243378 sec, 1 copy (N=1 anchor)
  batch 1/3: 0.436160 sec, 5 copies (server sum 323.304 ms)
  batch 2/3: 0.429231 sec, 5 copies (server sum 327.714 ms)
  batch 3/3: 0.449512 sec, 5 copies (server sum 343.371 ms)
  slope: pkg 1.931 J/exec (intercept -0.2495 J), wall 0.048731 s/exec (intercept 0.194647 s)
[15/53] queries/tpch/tpch-queries/q07/base.sql (2 warmup [warm ones = N=1 anchor] + 3 x5)
  warmup 1/2: 0.804931 sec, 1 copy (cache prime)
  warmup 2/2: 0.801142 sec, 1 copy (N=1 anchor)
  batch 1/3: 3.188016 sec, 5 copies (server sum 3132.737 ms)
  batch 2/3: 3.227104 sec, 5 copies (server sum 3121.163 ms)
  batch 3/3: 3.203672 sec, 5 copies (server sum 3094.768 ms)
  slope: pkg 9.024 J/exec (intercept 1.619 J), wall 0.601280 s/exec (intercept 0.199862 s)
[16/53] queries/tpch/tpch-queries/q07/v1_materialized.sql (2 warmup [warm ones = N=1 anchor] + 3 x5)
  warmup 1/2: 0.737186 sec, 1 copy (cache prime)
  warmup 2/2: 0.742738 sec, 1 copy (N=1 anchor)
  batch 1/3: 3.201977 sec, 5 copies (server sum 3088.475 ms)
  batch 2/3: 3.190629 sec, 5 copies (server sum 3074.326 ms)
  batch 3/3: 3.191607 sec, 5 copies (server sum 3082.460 ms)
  slope: pkg 9.318 J/exec (intercept 1.211 J), wall 0.613000 s/exec (intercept 0.129739 s)
[17/53] queries/tpch/tpch-queries/q07/v2_union_all.sql (2 warmup [warm ones = N=1 anchor] + 3 x5)
  warmup 1/2: 0.710264 sec, 1 copy (cache prime)
  warmup 2/2: 0.753722 sec, 1 copy (N=1 anchor)
  batch 1/3: 3.001444 sec, 5 copies (server sum 2940.558 ms)
  batch 2/3: 3.080238 sec, 5 copies (server sum 2933.556 ms)
  batch 3/3: 3.045763 sec, 5 copies (server sum 2940.989 ms)
  slope: pkg 7.47 J/exec (intercept 2.161 J), wall 0.572190 s/exec (intercept 0.181532 s)
[18/53] queries/tpch/tpch-queries/q08/base.sql (2 warmup [warm ones = N=1 anchor] + 3 x5)
  warmup 1/2: 0.243990 sec, 1 copy (cache prime)
  warmup 2/2: 0.246062 sec, 1 copy (N=1 anchor)
  batch 1/3: 0.808756 sec, 5 copies (server sum 705.702 ms)
  batch 2/3: 0.809775 sec, 5 copies (server sum 705.099 ms)
  batch 3/3: 0.804782 sec, 5 copies (server sum 702.200 ms)
  slope: pkg 2.321 J/exec (intercept 1.474 J), wall 0.140427 s/exec (intercept 0.105635 s)
[19/53] queries/tpch/tpch-queries/q08/v1_materialized.sql (2 warmup [warm ones = N=1 anchor] + 3 x5)
  warmup 1/2: 0.246746 sec, 1 copy (cache prime)
  warmup 2/2: 0.250442 sec, 1 copy (N=1 anchor)
  batch 1/3: 0.816998 sec, 5 copies (server sum 714.390 ms)
  batch 2/3: 0.833280 sec, 5 copies (server sum 722.483 ms)
  batch 3/3: 0.778066 sec, 5 copies (server sum 712.529 ms)
  slope: pkg 2.269 J/exec (intercept 1.424 J), wall 0.139752 s/exec (intercept 0.110690 s)
[20/53] queries/tpch/tpch-queries/q08/v2_filter.sql (2 warmup [warm ones = N=1 anchor] + 3 x5)
  warmup 1/2: 0.250641 sec, 1 copy (cache prime)
  warmup 2/2: 0.246842 sec, 1 copy (N=1 anchor)
  batch 1/3: 0.816756 sec, 5 copies (server sum 709.837 ms)
  batch 2/3: 0.814588 sec, 5 copies (server sum 710.392 ms)
  batch 3/3: 0.819831 sec, 5 copies (server sum 711.290 ms)
  slope: pkg 2.273 J/exec (intercept 1.453 J), wall 0.142554 s/exec (intercept 0.104287 s)
[21/53] queries/tpch/tpch-queries/q09/base.sql (2 warmup [warm ones = N=1 anchor] + 3 x5)
  warmup 1/2: 1.149314 sec, 1 copy (cache prime)
  warmup 2/2: 1.143002 sec, 1 copy (N=1 anchor)
  batch 1/3: 5.256713 sec, 5 copies (server sum 5152.440 ms)
  batch 2/3: 5.230003 sec, 5 copies (server sum 5172.739 ms)
  batch 3/3: 5.513384 sec, 5 copies (server sum 5412.684 ms)
  slope: pkg 20.64 J/exec (intercept 1.841 J), wall 1.047591 s/exec (intercept 0.095411 s)
[22/53] queries/tpch/tpch-queries/q09/v1_materialized.sql (2 warmup [warm ones = N=1 anchor] + 3 x5)
  warmup 1/2: 1.208994 sec, 1 copy (cache prime)
  warmup 2/2: 1.257292 sec, 1 copy (N=1 anchor)
  batch 1/3: 5.842157 sec, 5 copies (server sum 5736.490 ms)
  batch 2/3: 5.762694 sec, 5 copies (server sum 5704.328 ms)
  batch 3/3: 5.847519 sec, 5 copies (server sum 5711.058 ms)
  slope: pkg 19.24 J/exec (intercept 1.536 J), wall 1.140041 s/exec (intercept 0.117251 s)
[23/53] queries/tpch/tpch-queries/q10/base.sql (2 warmup [warm ones = N=1 anchor] + 3 x5)
  warmup 1/2: 0.456656 sec, 1 copy (cache prime)
  warmup 2/2: 0.358981 sec, 1 copy (N=1 anchor)
  batch 1/3: 1.557514 sec, 5 copies (server sum 1459.479 ms)
  batch 2/3: 1.539946 sec, 5 copies (server sum 1442.301 ms)
  batch 3/3: 1.580722 sec, 5 copies (server sum 1436.144 ms)
  slope: pkg 6.602 J/exec (intercept 1.119 J), wall 0.300103 s/exec (intercept 0.058878 s)
[24/53] queries/tpch/tpch-queries/q10/v1_materialized.sql (2 warmup [warm ones = N=1 anchor] + 3 x5)
  warmup 1/2: 0.368205 sec, 1 copy (cache prime)
  warmup 2/2: 0.413806 sec, 1 copy (N=1 anchor)
  batch 1/3: 1.572419 sec, 5 copies (server sum 1474.683 ms)
  batch 2/3: 1.591041 sec, 5 copies (server sum 1493.412 ms)
  batch 3/3: 1.584494 sec, 5 copies (server sum 1487.157 ms)
  slope: pkg 6.249 J/exec (intercept 1.596 J), wall 0.292211 s/exec (intercept 0.121595 s)
[25/53] queries/tpch/tpch-queries/q11/base.sql (2 warmup [warm ones = N=1 anchor] + 3 x5)
  warmup 1/2: 0.177434 sec, 1 copy (cache prime)
  warmup 2/2: 0.130952 sec, 1 copy (N=1 anchor)
  batch 1/3: 0.562223 sec, 5 copies (server sum 442.826 ms)
  batch 2/3: 0.553914 sec, 5 copies (server sum 451.967 ms)
  batch 3/3: 0.541904 sec, 5 copies (server sum 438.495 ms)
  slope: pkg 0.5788 J/exec (intercept 0.8036 J), wall 0.105432 s/exec (intercept 0.025520 s)
[26/53] queries/tpch/tpch-queries/q11/v1_materialized.sql (2 warmup [warm ones = N=1 anchor] + 3 x5)
  warmup 1/2: 0.186500 sec, 1 copy (cache prime)
  warmup 2/2: 0.190902 sec, 1 copy (N=1 anchor)
  batch 1/3: 0.587659 sec, 5 copies (server sum 470.596 ms)
  batch 2/3: 0.548229 sec, 5 copies (server sum 444.256 ms)
  batch 3/3: 0.566368 sec, 5 copies (server sum 462.345 ms)
  slope: pkg 0.5423 J/exec (intercept 0.8027 J), wall 0.094129 s/exec (intercept 0.096773 s)
[27/53] queries/tpch/tpch-queries/q11/v2_cte_threshold.sql (2 warmup [warm ones = N=1 anchor] + 3 x5)
  warmup 1/2: 0.184687 sec, 1 copy (cache prime)
  warmup 2/2: 0.187558 sec, 1 copy (N=1 anchor)
  batch 1/3: 0.593956 sec, 5 copies (server sum 447.459 ms)
  batch 2/3: 0.567783 sec, 5 copies (server sum 462.931 ms)
  batch 3/3: 0.557272 sec, 5 copies (server sum 453.674 ms)
  slope: pkg 0.5396 J/exec (intercept 0.8307 J), wall 0.096361 s/exec (intercept 0.091196 s)
[28/53] queries/tpch/tpch-queries/q12/base.sql (2 warmup [warm ones = N=1 anchor] + 3 x5)
  warmup 1/2: 0.400821 sec, 1 copy (cache prime)
  warmup 2/2: 0.405670 sec, 1 copy (N=1 anchor)
  batch 1/3: 1.481737 sec, 5 copies (server sum 1386.126 ms)
  batch 2/3: 1.494691 sec, 5 copies (server sum 1347.861 ms)
  batch 3/3: 1.393178 sec, 5 copies (server sum 1346.890 ms)
  slope: pkg 7.567 J/exec (intercept 1.611 J), wall 0.262716 s/exec (intercept 0.142954 s)
[29/53] queries/tpch/tpch-queries/q12/v1_materialized.sql (2 warmup [warm ones = N=1 anchor] + 3 x5)
  warmup 1/2: 0.400822 sec, 1 copy (cache prime)
  warmup 2/2: 0.418698 sec, 1 copy (N=1 anchor)
  batch 1/3: 1.462398 sec, 5 copies (server sum 1362.949 ms)
  batch 2/3: 1.547624 sec, 5 copies (server sum 1401.678 ms)
  batch 3/3: 1.484809 sec, 5 copies (server sum 1418.151 ms)
  slope: pkg 7.346 J/exec (intercept 1.262 J), wall 0.269895 s/exec (intercept 0.148803 s)
[30/53] queries/tpch/tpch-queries/q12/v2_filter.sql (2 warmup [warm ones = N=1 anchor] + 3 x5)
  warmup 1/2: 0.391898 sec, 1 copy (cache prime)
  warmup 2/2: 0.408385 sec, 1 copy (N=1 anchor)
  batch 1/3: 1.512087 sec, 5 copies (server sum 1406.636 ms)
  batch 2/3: 1.493351 sec, 5 copies (server sum 1395.835 ms)
  batch 3/3: 1.511010 sec, 5 copies (server sum 1415.681 ms)
  slope: pkg 7.147 J/exec (intercept 1.406 J), wall 0.274275 s/exec (intercept 0.134110 s)
[31/53] queries/tpch/tpch-queries/q13/base.sql (2 warmup [warm ones = N=1 anchor] + 3 x5)
  warmup 1/2: 1.700024 sec, 1 copy (cache prime)
  warmup 2/2: 1.681660 sec, 1 copy (N=1 anchor)
  batch 1/3: 7.709003 sec, 5 copies (server sum 7630.082 ms)
  batch 2/3: 7.837357 sec, 5 copies (server sum 7739.360 ms)
  batch 3/3: 7.678250 sec, 5 copies (server sum 7579.439 ms)
  slope: pkg 9.072 J/exec (intercept 0.6757 J), wall 1.514969 s/exec (intercept 0.166691 s)
[32/53] queries/tpch/tpch-queries/q13/v1_materialized.sql (2 warmup [warm ones = N=1 anchor] + 3 x5)
  warmup 1/2: 1.649870 sec, 1 copy (cache prime)
  warmup 2/2: 1.641624 sec, 1 copy (N=1 anchor)
  batch 1/3: 7.742293 sec, 5 copies (server sum 7644.177 ms)
  batch 2/3: 7.692662 sec, 5 copies (server sum 7594.439 ms)
  batch 3/3: 7.730587 sec, 5 copies (server sum 7583.217 ms)
  slope: pkg 8.973 J/exec (intercept 0.8339 J), wall 1.520056 s/exec (intercept 0.121569 s)
[33/53] queries/tpch/tpch-queries/q13/v2_correlated.sql (2 warmup [warm ones = N=1 anchor] + 3 x5)
  warmup 1/2: 2.214017 sec, 1 copy (cache prime)
  warmup 2/2: 2.326924 sec, 1 copy (N=1 anchor)
  batch 1/3: 10.427279 sec, 5 copies (server sum 10334.434 ms)
  batch 2/3: 10.342832 sec, 5 copies (server sum 10298.821 ms)
  batch 3/3: 10.476072 sec, 5 copies (server sum 10382.186 ms)
  slope: pkg 20.27 J/exec (intercept -0.01585 J), wall 2.022118 s/exec (intercept 0.304806 s)
[34/53] queries/tpch/tpch-queries/q14/base.sql (2 warmup [warm ones = N=1 anchor] + 3 x5)
  warmup 1/2: 0.240896 sec, 1 copy (cache prime)
  warmup 2/2: 0.244611 sec, 1 copy (N=1 anchor)
  batch 1/3: 0.765070 sec, 5 copies (server sum 661.749 ms)
  batch 2/3: 0.787494 sec, 5 copies (server sum 683.189 ms)
  batch 3/3: 0.785133 sec, 5 copies (server sum 684.688 ms)
  slope: pkg 3.396 J/exec (intercept 1.46 J), wall 0.133655 s/exec (intercept 0.110956 s)
[35/53] queries/tpch/tpch-queries/q14/v1_materialized.sql (2 warmup [warm ones = N=1 anchor] + 3 x5)
  warmup 1/2: 0.303838 sec, 1 copy (cache prime)
  warmup 2/2: 0.275868 sec, 1 copy (N=1 anchor)
  batch 1/3: 0.775247 sec, 5 copies (server sum 661.994 ms)
  batch 2/3: 0.755095 sec, 5 copies (server sum 661.927 ms)
  batch 3/3: 0.826275 sec, 5 copies (server sum 715.963 ms)
  slope: pkg 3.52 J/exec (intercept 1.004 J), wall 0.127418 s/exec (intercept 0.148450 s)
[36/53] queries/tpch/tpch-queries/q14/v2_filter.sql (2 warmup [warm ones = N=1 anchor] + 3 x5)
  warmup 1/2: 0.305050 sec, 1 copy (cache prime)
  warmup 2/2: 0.348331 sec, 1 copy (N=1 anchor)
  batch 1/3: 0.732593 sec, 5 copies (server sum 669.555 ms)
  batch 2/3: 0.811575 sec, 5 copies (server sum 703.290 ms)
  batch 3/3: 0.821754 sec, 5 copies (server sum 723.871 ms)
  slope: pkg 3.65 J/exec (intercept 0.06477 J), wall 0.110078 s/exec (intercept 0.238253 s)
[37/53] queries/tpch/tpch-queries/q15/base.sql (2 warmup [warm ones = N=1 anchor] + 3 x5)
  warmup 1/2: 0.402202 sec, 1 copy (cache prime)
  warmup 2/2: 0.375719 sec, 1 copy (N=1 anchor)
  batch 1/3: 1.283479 sec, 5 copies (server sum 1189.752 ms)
  batch 2/3: 1.273507 sec, 5 copies (server sum 1179.804 ms)
  batch 3/3: 1.253891 sec, 5 copies (server sum 1160.039 ms)
  slope: pkg 1.991 J/exec (intercept 1.487 J), wall 0.223643 s/exec (intercept 0.152076 s)
[38/53] queries/tpch/tpch-queries/q15/v1_materialized.sql (2 warmup [warm ones = N=1 anchor] + 3 x5)
  warmup 1/2: 0.365009 sec, 1 copy (cache prime)
  warmup 2/2: 0.378235 sec, 1 copy (N=1 anchor)
  batch 1/3: 1.264356 sec, 5 copies (server sum 1169.984 ms)
  batch 2/3: 1.260560 sec, 5 copies (server sum 1164.581 ms)
  batch 3/3: 1.271247 sec, 5 copies (server sum 1177.069 ms)
  slope: pkg 2.027 J/exec (intercept 1.461 J), wall 0.221788 s/exec (intercept 0.156446 s)
[39/53] queries/tpch/tpch-queries/q16/base.sql (2 warmup [warm ones = N=1 anchor] + 3 x5)
  warmup 1/2: 0.315738 sec, 1 copy (cache prime)
  warmup 2/2: 0.320617 sec, 1 copy (N=1 anchor)
  batch 1/3: 1.205848 sec, 5 copies (server sum 1095.390 ms)
  batch 2/3: 1.310657 sec, 5 copies (server sum 1208.754 ms)
  batch 3/3: 1.238553 sec, 5 copies (server sum 1122.708 ms)
  slope: pkg 6.22 J/exec (intercept 0.3481 J), wall 0.232767 s/exec (intercept 0.087850 s)
[40/53] queries/tpch/tpch-queries/q16/v1_materialized.sql (2 warmup [warm ones = N=1 anchor] + 3 x5)
  warmup 1/2: 0.331372 sec, 1 copy (cache prime)
  warmup 2/2: 0.324147 sec, 1 copy (N=1 anchor)
  batch 1/3: 1.257122 sec, 5 copies (server sum 1155.035 ms)
  batch 2/3: 1.254610 sec, 5 copies (server sum 1152.509 ms)
  batch 3/3: 1.273438 sec, 5 copies (server sum 1160.634 ms)
  slope: pkg 6.18 J/exec (intercept 0.6493 J), wall 0.234394 s/exec (intercept 0.089753 s)
[41/53] queries/tpch/tpch-queries/q16/v2_not_exists.sql (2 warmup [warm ones = N=1 anchor] + 3 x5)
  warmup 1/2: 0.307549 sec, 1 copy (cache prime)
  warmup 2/2: 0.303460 sec, 1 copy (N=1 anchor)
  batch 1/3: 1.169940 sec, 5 copies (server sum 1060.761 ms)
  batch 2/3: 1.153492 sec, 5 copies (server sum 1057.376 ms)
  batch 3/3: 1.165105 sec, 5 copies (server sum 1059.664 ms)
  slope: pkg 4.858 J/exec (intercept 0.5286 J), wall 0.214846 s/exec (intercept 0.088614 s)
[42/53] queries/tpch/tpch-queries/q17/v2_decorrelate.sql (2 warmup [warm ones = N=1 anchor] + 3 x5)
  warmup 1/2: 4.315485 sec, 1 copy (cache prime)
  warmup 2/2: 4.284462 sec, 1 copy (N=1 anchor)
  batch 1/3: 20.560944 sec, 5 copies (server sum 20466.611 ms)
  batch 2/3: 20.503110 sec, 5 copies (server sum 20455.407 ms)
  batch 3/3: 20.587961 sec, 5 copies (server sum 20493.265 ms)
  slope: pkg 18.8 J/exec (intercept 1.52 J), wall 4.066552 s/exec (intercept 0.217910 s)
[43/53] queries/tpch/tpch-queries/q18/base.sql (2 warmup [warm ones = N=1 anchor] + 3 x5)
  warmup 1/2: 4.552740 sec, 1 copy (cache prime)
  warmup 2/2: 4.634922 sec, 1 copy (N=1 anchor)
  batch 1/3: 22.631297 sec, 5 copies (server sum 22511.825 ms)
  batch 2/3: 24.285580 sec, 5 copies (server sum 24171.757 ms)
  batch 3/3: 24.836046 sec, 5 copies (server sum 24726.033 ms)
  slope: pkg 109.4 J/exec (intercept 29.33 J), wall 4.820680 s/exec (intercept -0.185757 s)
[44/53] queries/tpch/tpch-queries/q18/v1_materialized.sql (2 warmup [warm ones = N=1 anchor] + 3 x5)
  warmup 1/2: 5.231060 sec, 1 copy (cache prime)
  warmup 2/2: 5.219070 sec, 1 copy (N=1 anchor)
  batch 1/3: 25.028308 sec, 5 copies (server sum 24915.514 ms)
  batch 2/3: 25.049099 sec, 5 copies (server sum 24937.057 ms)
  batch 3/3: 25.155642 sec, 5 copies (server sum 25043.794 ms)
  slope: pkg 108.9 J/exec (intercept 5.915 J), wall 4.964653 s/exec (intercept 0.254417 s)
[45/53] queries/tpch/tpch-queries/q18/v2_join.sql (2 warmup [warm ones = N=1 anchor] + 3 x5)
  warmup 1/2: 5.226469 sec, 1 copy (cache prime)
  warmup 2/2: 5.119504 sec, 1 copy (N=1 anchor)
  batch 1/3: 24.823545 sec, 5 copies (server sum 24753.218 ms)
  batch 2/3: 24.910362 sec, 5 copies (server sum 24790.498 ms)
  batch 3/3: 24.788281 sec, 5 copies (server sum 24665.118 ms)
  slope: pkg 108.4 J/exec (intercept 3.519 J), wall 4.930306 s/exec (intercept 0.189198 s)
[46/53] queries/tpch/tpch-queries/q19/base.sql (2 warmup [warm ones = N=1 anchor] + 3 x5)
  warmup 1/2: 0.187322 sec, 1 copy (cache prime)
  warmup 2/2: 0.165571 sec, 1 copy (N=1 anchor)
  batch 1/3: 0.218498 sec, 5 copies (server sum 173.802 ms)
  batch 2/3: 0.269564 sec, 5 copies (server sum 174.177 ms)
  batch 3/3: 0.221297 sec, 5 copies (server sum 176.304 ms)
  slope: pkg 0.8755 J/exec (intercept 0.7085 J), wall 0.017720 s/exec (intercept 0.147851 s)
[47/53] queries/tpch/tpch-queries/q19/v1_materialized.sql (2 warmup [warm ones = N=1 anchor] + 3 x5)
  warmup 1/2: 0.132185 sec, 1 copy (cache prime)
  warmup 2/2: 0.081346 sec, 1 copy (N=1 anchor)
  batch 1/3: 0.222466 sec, 5 copies (server sum 177.403 ms)
  batch 2/3: 0.271751 sec, 5 copies (server sum 174.927 ms)
  batch 3/3: 0.274961 sec, 5 copies (server sum 175.525 ms)
  slope: pkg 0.8764 J/exec (intercept 0.7943 J), wall 0.043762 s/exec (intercept 0.037585 s)
[48/53] queries/tpch/tpch-queries/q19/v2_union_all.sql (2 warmup [warm ones = N=1 anchor] + 3 x5)
  warmup 1/2: 0.158919 sec, 1 copy (cache prime)
  warmup 2/2: 0.091643 sec, 1 copy (N=1 anchor)
  batch 1/3: 0.276585 sec, 5 copies (server sum 230.015 ms)
  batch 2/3: 0.331624 sec, 5 copies (server sum 233.726 ms)
  batch 3/3: 0.357312 sec, 5 copies (server sum 242.236 ms)
  slope: pkg 1.103 J/exec (intercept 0.8044 J), wall 0.057549 s/exec (intercept 0.034093 s)
[49/53] queries/tpch/tpch-queries/q21/base.sql (2 warmup [warm ones = N=1 anchor] + 3 x5)
  warmup 1/2: 0.611970 sec, 1 copy (cache prime)
  warmup 2/2: 0.589944 sec, 1 copy (N=1 anchor)
  batch 1/3: 2.464041 sec, 5 copies (server sum 2358.071 ms)
  batch 2/3: 2.465457 sec, 5 copies (server sum 2362.724 ms)
  batch 3/3: 2.507019 sec, 5 copies (server sum 2357.074 ms)
  slope: pkg 10.75 J/exec (intercept 0.3542 J), wall 0.472224 s/exec (intercept 0.117721 s)
[50/53] queries/tpch/tpch-queries/q21/v1_materialized.sql (2 warmup [warm ones = N=1 anchor] + 3 x5)
  warmup 1/2: 0.523027 sec, 1 copy (cache prime)
  warmup 2/2: 0.570674 sec, 1 copy (N=1 anchor)
  batch 1/3: 2.486122 sec, 5 copies (server sum 2386.097 ms)
  batch 2/3: 2.507948 sec, 5 copies (server sum 2357.963 ms)
  batch 3/3: 2.428242 sec, 5 copies (server sum 2328.511 ms)
  slope: pkg 9.987 J/exec (intercept 2.239 J), wall 0.475857 s/exec (intercept 0.094817 s)
[51/53] queries/tpch/tpch-queries/q22/base.sql (2 warmup [warm ones = N=1 anchor] + 3 x5)
  warmup 1/2: 0.158806 sec, 1 copy (cache prime)
  warmup 2/2: 0.109673 sec, 1 copy (N=1 anchor)
  batch 1/3: 0.324783 sec, 5 copies (server sum 278.127 ms)
  batch 2/3: 0.452379 sec, 5 copies (server sum 343.834 ms)
  batch 3/3: 0.396724 sec, 5 copies (server sum 290.010 ms)
  slope: pkg 1.396 J/exec (intercept 0.5482 J), wall 0.070406 s/exec (intercept 0.039267 s)
[52/53] queries/tpch/tpch-queries/q22/v1_materialized.sql (2 warmup [warm ones = N=1 anchor] + 3 x5)
  warmup 1/2: 0.247906 sec, 1 copy (cache prime)
  warmup 2/2: 0.122589 sec, 1 copy (N=1 anchor)
  batch 1/3: 0.393219 sec, 5 copies (server sum 278.169 ms)
  batch 2/3: 0.402262 sec, 5 copies (server sum 290.344 ms)
  batch 3/3: 0.426135 sec, 5 copies (server sum 314.604 ms)
  slope: pkg 1.441 J/exec (intercept 0.581 J), wall 0.071154 s/exec (intercept 0.051435 s)
[53/53] queries/tpch/tpch-queries/q22/v2_anti_join.sql (2 warmup [warm ones = N=1 anchor] + 3 x5)
  warmup 1/2: 0.248525 sec, 1 copy (cache prime)
  warmup 2/2: 0.255480 sec, 1 copy (N=1 anchor)
  batch 1/3: 0.650223 sec, 5 copies (server sum 538.842 ms)
  batch 2/3: 0.648832 sec, 5 copies (server sum 542.198 ms)
  batch 3/3: 0.654133 sec, 5 copies (server sum 547.179 ms)
  slope: pkg 2.845 J/exec (intercept 0.1793 J), wall 0.098896 s/exec (intercept 0.156584 s)

Done. Batch rows appended to logs/effective_cache_size/ecs_12GB/query_timing_tpch_idx.csv
Per-copy samples appended to logs/effective_cache_size/ecs_12GB/query_samples_tpch_idx.csv
Relation sizes appended to logs/effective_cache_size/ecs_12GB/query_catalog_tpch_idx.csv
Per-query slope/intercept appended to logs/effective_cache_size/ecs_12GB/query_slope_tpch_idx.csv
make: Leaving directory '/home/user01/GreenSQL'
