make: Entering directory '/home/user01/GreenSQL'
query_runner configuration:
  QUERY_DIR      = queries/tpch/tpch-queries
  LOG_FILE       = logs/effective_cache_size/ecs_12GB/query_timing_tpch.csv
  SAMPLE_FILE    = logs/effective_cache_size/ecs_12GB/query_samples_tpch.csv
  CATALOG_FILE   = logs/effective_cache_size/ecs_12GB/query_catalog_tpch.csv
  SLOPE_FILE     = logs/effective_cache_size/ecs_12GB/query_slope_tpch.csv
  DB_NAME        = tpch
  DB_USER        = postgres
  PGPORT         = 5434
  PG_VERSION     = 18.4  (as reported by the server on that port)
  BATCHNUM       = 5 (slope sizes: 1 copy and 5 copies)
  RUNS           = 3 (measured batches per size)
  WARMUP         = 2 (single-copy; #1 primes cache, warm ones = N=1 anchor)
  WORKERS        = (planner default)
  STATEMENT_TIMEOUT = 900
  SIGLESS_ADDR   = (disabled)
Found 53 queries under queries/tpch/tpch-queries

Catalog snapshot: 11 relations -> logs/effective_cache_size/ecs_12GB/query_catalog_tpch.csv
[1/53] queries/tpch/tpch-queries/q01/base.sql (2 warmup [warm ones = N=1 anchor] + 3 x5)
  warmup 1/2: 1.643655 sec, 1 copy (cache prime)
  warmup 2/2: 1.625781 sec, 1 copy (N=1 anchor)
  batch 1/3: 8.282324 sec, 5 copies (server sum 8179.992 ms)
  batch 2/3: 8.579641 sec, 5 copies (server sum 8463.153 ms)
  batch 3/3: 8.547379 sec, 5 copies (server sum 8435.443 ms)
  slope: pkg 37.07 J/exec (intercept 5.33 J), wall 1.711000 s/exec (intercept -0.085219 s)
[2/53] queries/tpch/tpch-queries/q01/v1_materialized.sql (2 warmup [warm ones = N=1 anchor] + 3 x5)
  warmup 1/2: 1.791748 sec, 1 copy (cache prime)
  warmup 2/2: 1.735933 sec, 1 copy (N=1 anchor)
  batch 1/3: 8.568688 sec, 5 copies (server sum 8435.556 ms)
  batch 2/3: 8.607211 sec, 5 copies (server sum 8439.605 ms)
  batch 3/3: 8.508402 sec, 5 copies (server sum 8433.964 ms)
  slope: pkg 37.2 J/exec (intercept 1.797 J), wall 1.706375 s/exec (intercept 0.029558 s)
[3/53] queries/tpch/tpch-queries/q02/base.sql (2 warmup [warm ones = N=1 anchor] + 3 x5)
  warmup 1/2: 53.329875 sec, 1 copy (cache prime)
  warmup 2/2: 52.646578 sec, 1 copy (N=1 anchor)
  batch 1/3: 261.723200 sec, 5 copies (server sum 261616.247 ms)
  batch 2/3: 261.697799 sec, 5 copies (server sum 261597.771 ms)
  batch 3/3: 260.865196 sec, 5 copies (server sum 260765.733 ms)
  slope: pkg 444.2 J/exec (intercept 11.26 J), wall 52.195538 s/exec (intercept 0.451039 s)
[4/53] queries/tpch/tpch-queries/q02/v1_materialized.sql (2 warmup [warm ones = N=1 anchor] + 3 x5)
  warmup 1/2: 52.337679 sec, 1 copy (cache prime)
  warmup 2/2: 52.248818 sec, 1 copy (N=1 anchor)
  batch 1/3: 262.425908 sec, 5 copies (server sum 262329.901 ms)
  batch 2/3: 261.404654 sec, 5 copies (server sum 261304.343 ms)
  batch 3/3: 261.939865 sec, 5 copies (server sum 261839.530 ms)
  slope: pkg 454.7 J/exec (intercept -5.338 J), wall 52.418664 s/exec (intercept -0.169846 s)
[5/53] queries/tpch/tpch-queries/q02/v2_decorrelate.sql (2 warmup [warm ones = N=1 anchor] + 3 x5)
  warmup 1/2: 0.309457 sec, 1 copy (cache prime)
  warmup 2/2: 0.336634 sec, 1 copy (N=1 anchor)
  batch 1/3: 1.311099 sec, 5 copies (server sum 1198.993 ms)
  batch 2/3: 1.363449 sec, 5 copies (server sum 1254.656 ms)
  batch 3/3: 1.354423 sec, 5 copies (server sum 1250.975 ms)
  slope: pkg 3.033 J/exec (intercept 0.8619 J), wall 0.251589 s/exec (intercept 0.085045 s)
[6/53] queries/tpch/tpch-queries/q03/base.sql (2 warmup [warm ones = N=1 anchor] + 3 x5)
  warmup 1/2: 0.367230 sec, 1 copy (cache prime)
  warmup 2/2: 0.375739 sec, 1 copy (N=1 anchor)
  batch 1/3: 1.388596 sec, 5 copies (server sum 1282.994 ms)
  batch 2/3: 1.379191 sec, 5 copies (server sum 1284.654 ms)
  batch 3/3: 1.309505 sec, 5 copies (server sum 1261.631 ms)
  slope: pkg 7.706 J/exec (intercept 0.9896 J), wall 0.245840 s/exec (intercept 0.129900 s)
[7/53] queries/tpch/tpch-queries/q03/v1_materialized.sql (2 warmup [warm ones = N=1 anchor] + 3 x5)
  warmup 1/2: 0.395219 sec, 1 copy (cache prime)
  warmup 2/2: 0.408703 sec, 1 copy (N=1 anchor)
  batch 1/3: 1.422362 sec, 5 copies (server sum 1322.719 ms)
  batch 2/3: 1.408720 sec, 5 copies (server sum 1313.796 ms)
  batch 3/3: 1.377306 sec, 5 copies (server sum 1281.159 ms)
  slope: pkg 7.79 J/exec (intercept 0.4325 J), wall 0.248523 s/exec (intercept 0.160180 s)
[8/53] queries/tpch/tpch-queries/q04/base.sql (2 warmup [warm ones = N=1 anchor] + 3 x5)
  warmup 1/2: 0.214214 sec, 1 copy (cache prime)
  warmup 2/2: 0.272173 sec, 1 copy (N=1 anchor)
  batch 1/3: 0.641523 sec, 5 copies (server sum 525.807 ms)
  batch 2/3: 0.572912 sec, 5 copies (server sum 477.397 ms)
  batch 3/3: 0.578197 sec, 5 copies (server sum 481.082 ms)
  slope: pkg 3.33 J/exec (intercept -0.4701 J), wall 0.081343 s/exec (intercept 0.190830 s)
[9/53] queries/tpch/tpch-queries/q04/v1_materialized.sql (2 warmup [warm ones = N=1 anchor] + 3 x5)
  warmup 1/2: 0.138034 sec, 1 copy (cache prime)
  warmup 2/2: 0.243157 sec, 1 copy (N=1 anchor)
  batch 1/3: 0.605668 sec, 5 copies (server sum 495.339 ms)
  batch 2/3: 0.576719 sec, 5 copies (server sum 478.819 ms)
  batch 3/3: 0.509107 sec, 5 copies (server sum 466.034 ms)
  slope: pkg 3.331 J/exec (intercept -0.3208 J), wall 0.080169 s/exec (intercept 0.162989 s)
[10/53] queries/tpch/tpch-queries/q04/v2_in.sql (2 warmup [warm ones = N=1 anchor] + 3 x5)
  warmup 1/2: 0.208336 sec, 1 copy (cache prime)
  warmup 2/2: 0.239625 sec, 1 copy (N=1 anchor)
  batch 1/3: 0.598984 sec, 5 copies (server sum 491.121 ms)
  batch 2/3: 0.582456 sec, 5 copies (server sum 484.939 ms)
  batch 3/3: 0.573809 sec, 5 copies (server sum 479.030 ms)
  slope: pkg 3.267 J/exec (intercept -0.1873 J), wall 0.086364 s/exec (intercept 0.153261 s)
[11/53] queries/tpch/tpch-queries/q05/base.sql (2 warmup [warm ones = N=1 anchor] + 3 x5)
  warmup 1/2: 0.408528 sec, 1 copy (cache prime)
  warmup 2/2: 0.389630 sec, 1 copy (N=1 anchor)
  batch 1/3: 1.399490 sec, 5 copies (server sum 1307.277 ms)
  batch 2/3: 1.394913 sec, 5 copies (server sum 1295.666 ms)
  batch 3/3: 1.401717 sec, 5 copies (server sum 1296.492 ms)
  slope: pkg 3.48 J/exec (intercept 0.8033 J), wall 0.252269 s/exec (intercept 0.137361 s)
[12/53] queries/tpch/tpch-queries/q05/v1_materialized.sql (2 warmup [warm ones = N=1 anchor] + 3 x5)
  warmup 1/2: 0.368029 sec, 1 copy (cache prime)
  warmup 2/2: 0.359998 sec, 1 copy (N=1 anchor)
  batch 1/3: 1.401399 sec, 5 copies (server sum 1291.927 ms)
  batch 2/3: 1.384927 sec, 5 copies (server sum 1279.943 ms)
  batch 3/3: 1.387527 sec, 5 copies (server sum 1284.158 ms)
  slope: pkg 3.432 J/exec (intercept 1.319 J), wall 0.257821 s/exec (intercept 0.102177 s)
[13/53] queries/tpch/tpch-queries/q06/base.sql (2 warmup [warm ones = N=1 anchor] + 3 x5)
  warmup 1/2: 0.324972 sec, 1 copy (cache prime)
  warmup 2/2: 0.381022 sec, 1 copy (N=1 anchor)
  batch 1/3: 1.332747 sec, 5 copies (server sum 1170.263 ms)
  batch 2/3: 1.328757 sec, 5 copies (server sum 1186.979 ms)
  batch 3/3: 1.287774 sec, 5 copies (server sum 1236.541 ms)
  slope: pkg 7.641 J/exec (intercept 0.3915 J), wall 0.233851 s/exec (intercept 0.147171 s)
[14/53] queries/tpch/tpch-queries/q06/v1_materialized.sql (2 warmup [warm ones = N=1 anchor] + 3 x5)
  warmup 1/2: 0.377807 sec, 1 copy (cache prime)
  warmup 2/2: 0.392581 sec, 1 copy (N=1 anchor)
  batch 1/3: 1.389539 sec, 5 copies (server sum 1284.472 ms)
  batch 2/3: 1.353395 sec, 5 copies (server sum 1256.710 ms)
  batch 3/3: 1.343435 sec, 5 copies (server sum 1243.718 ms)
  slope: pkg 7.231 J/exec (intercept 0.2389 J), wall 0.242385 s/exec (intercept 0.150196 s)
[15/53] queries/tpch/tpch-queries/q07/base.sql (2 warmup [warm ones = N=1 anchor] + 3 x5)
  warmup 1/2: 0.442787 sec, 1 copy (cache prime)
  warmup 2/2: 0.410567 sec, 1 copy (N=1 anchor)
  batch 1/3: 1.615917 sec, 5 copies (server sum 1516.127 ms)
  batch 2/3: 1.684904 sec, 5 copies (server sum 1532.673 ms)
  batch 3/3: 1.567970 sec, 5 copies (server sum 1516.869 ms)
  slope: pkg 4.685 J/exec (intercept 1.469 J), wall 0.303091 s/exec (intercept 0.107476 s)
[16/53] queries/tpch/tpch-queries/q07/v1_materialized.sql (2 warmup [warm ones = N=1 anchor] + 3 x5)
  warmup 1/2: 0.409883 sec, 1 copy (cache prime)
  warmup 2/2: 0.429190 sec, 1 copy (N=1 anchor)
  batch 1/3: 1.632353 sec, 5 copies (server sum 1529.232 ms)
  batch 2/3: 1.614624 sec, 5 copies (server sum 1515.105 ms)
  batch 3/3: 1.620377 sec, 5 copies (server sum 1523.449 ms)
  slope: pkg 4.782 J/exec (intercept 0.9755 J), wall 0.298315 s/exec (intercept 0.130875 s)
[17/53] queries/tpch/tpch-queries/q07/v2_union_all.sql (2 warmup [warm ones = N=1 anchor] + 3 x5)
  warmup 1/2: 0.409990 sec, 1 copy (cache prime)
  warmup 2/2: 0.411633 sec, 1 copy (N=1 anchor)
  batch 1/3: 1.584688 sec, 5 copies (server sum 1535.111 ms)
  batch 2/3: 1.630200 sec, 5 copies (server sum 1530.647 ms)
  batch 3/3: 1.638474 sec, 5 copies (server sum 1539.641 ms)
  slope: pkg 4.787 J/exec (intercept 1.597 J), wall 0.301539 s/exec (intercept 0.110095 s)
[18/53] queries/tpch/tpch-queries/q08/base.sql (2 warmup [warm ones = N=1 anchor] + 3 x5)
  warmup 1/2: 0.486386 sec, 1 copy (cache prime)
  warmup 2/2: 0.498572 sec, 1 copy (N=1 anchor)
  batch 1/3: 2.007988 sec, 5 copies (server sum 1862.418 ms)
  batch 2/3: 1.898787 sec, 5 copies (server sum 1831.636 ms)
  batch 3/3: 1.940041 sec, 5 copies (server sum 1841.853 ms)
  slope: pkg 6.131 J/exec (intercept 1.384 J), wall 0.362592 s/exec (intercept 0.135981 s)
[19/53] queries/tpch/tpch-queries/q08/v1_materialized.sql (2 warmup [warm ones = N=1 anchor] + 3 x5)
  warmup 1/2: 0.488076 sec, 1 copy (cache prime)
  warmup 2/2: 0.486115 sec, 1 copy (N=1 anchor)
  batch 1/3: 1.942190 sec, 5 copies (server sum 1844.586 ms)
  batch 2/3: 1.942603 sec, 5 copies (server sum 1840.969 ms)
  batch 3/3: 1.984137 sec, 5 copies (server sum 1834.492 ms)
  slope: pkg 6.144 J/exec (intercept 1.546 J), wall 0.367549 s/exec (intercept 0.118566 s)
[20/53] queries/tpch/tpch-queries/q08/v2_filter.sql (2 warmup [warm ones = N=1 anchor] + 3 x5)
  warmup 1/2: 0.447918 sec, 1 copy (cache prime)
  warmup 2/2: 0.490220 sec, 1 copy (N=1 anchor)
  batch 1/3: 1.947201 sec, 5 copies (server sum 1849.930 ms)
  batch 2/3: 1.923781 sec, 5 copies (server sum 1822.561 ms)
  batch 3/3: 1.924243 sec, 5 copies (server sum 1824.877 ms)
  slope: pkg 6.126 J/exec (intercept 1.614 J), wall 0.360380 s/exec (intercept 0.129840 s)
[21/53] queries/tpch/tpch-queries/q09/base.sql (2 warmup [warm ones = N=1 anchor] + 3 x5)
  warmup 1/2: 0.997666 sec, 1 copy (cache prime)
  warmup 2/2: 1.011952 sec, 1 copy (N=1 anchor)
  batch 1/3: 4.612680 sec, 5 copies (server sum 4505.123 ms)
  batch 2/3: 4.582299 sec, 5 copies (server sum 4480.793 ms)
  batch 3/3: 4.678870 sec, 5 copies (server sum 4581.960 ms)
  slope: pkg 20.52 J/exec (intercept 0.8844 J), wall 0.903166 s/exec (intercept 0.108786 s)
[22/53] queries/tpch/tpch-queries/q09/v1_materialized.sql (2 warmup [warm ones = N=1 anchor] + 3 x5)
  warmup 1/2: 1.006807 sec, 1 copy (cache prime)
  warmup 2/2: 1.031657 sec, 1 copy (N=1 anchor)
  batch 1/3: 4.724741 sec, 5 copies (server sum 4577.787 ms)
  batch 2/3: 4.654100 sec, 5 copies (server sum 4591.484 ms)
  batch 3/3: 4.657980 sec, 5 copies (server sum 4557.570 ms)
  slope: pkg 20.13 J/exec (intercept 1.261 J), wall 0.911821 s/exec (intercept 0.119836 s)
[23/53] queries/tpch/tpch-queries/q10/base.sql (2 warmup [warm ones = N=1 anchor] + 3 x5)
  warmup 1/2: 0.355507 sec, 1 copy (cache prime)
  warmup 2/2: 0.364855 sec, 1 copy (N=1 anchor)
  batch 1/3: 1.445278 sec, 5 copies (server sum 1296.250 ms)
  batch 2/3: 1.378757 sec, 5 copies (server sum 1282.120 ms)
  batch 3/3: 1.401698 sec, 5 copies (server sum 1305.205 ms)
  slope: pkg 6.934 J/exec (intercept 1.319 J), wall 0.260931 s/exec (intercept 0.103924 s)
[24/53] queries/tpch/tpch-queries/q10/v1_materialized.sql (2 warmup [warm ones = N=1 anchor] + 3 x5)
  warmup 1/2: 0.409329 sec, 1 copy (cache prime)
  warmup 2/2: 0.400735 sec, 1 copy (N=1 anchor)
  batch 1/3: 1.490542 sec, 5 copies (server sum 1381.938 ms)
  batch 2/3: 1.454209 sec, 5 copies (server sum 1357.799 ms)
  batch 3/3: 1.488792 sec, 5 copies (server sum 1392.436 ms)
  slope: pkg 6.962 J/exec (intercept 1.354 J), wall 0.269278 s/exec (intercept 0.131457 s)
[25/53] queries/tpch/tpch-queries/q11/base.sql (2 warmup [warm ones = N=1 anchor] + 3 x5)
  warmup 1/2: 0.216476 sec, 1 copy (cache prime)
  warmup 2/2: 0.245930 sec, 1 copy (N=1 anchor)
  batch 1/3: 0.541181 sec, 5 copies (server sum 401.229 ms)
  batch 2/3: 0.534568 sec, 5 copies (server sum 428.621 ms)
  batch 3/3: 0.537453 sec, 5 copies (server sum 430.656 ms)
  slope: pkg 2.479 J/exec (intercept -0.5501 J), wall 0.072951 s/exec (intercept 0.172978 s)
[26/53] queries/tpch/tpch-queries/q11/v1_materialized.sql (2 warmup [warm ones = N=1 anchor] + 3 x5)
  warmup 1/2: 0.223074 sec, 1 copy (cache prime)
  warmup 2/2: 0.252468 sec, 1 copy (N=1 anchor)
  batch 1/3: 0.567376 sec, 5 copies (server sum 461.222 ms)
  batch 2/3: 0.533316 sec, 5 copies (server sum 427.067 ms)
  batch 3/3: 0.525028 sec, 5 copies (server sum 422.606 ms)
  slope: pkg 2.383 J/exec (intercept -0.2256 J), wall 0.072360 s/exec (intercept 0.180109 s)
[27/53] queries/tpch/tpch-queries/q11/v2_cte_threshold.sql (2 warmup [warm ones = N=1 anchor] + 3 x5)
  warmup 1/2: 0.234097 sec, 1 copy (cache prime)
  warmup 2/2: 0.244715 sec, 1 copy (N=1 anchor)
  batch 1/3: 0.553834 sec, 5 copies (server sum 443.328 ms)
  batch 2/3: 0.563268 sec, 5 copies (server sum 460.765 ms)
  batch 3/3: 0.478445 sec, 5 copies (server sum 435.008 ms)
  slope: pkg 2.424 J/exec (intercept -0.3851 J), wall 0.071783 s/exec (intercept 0.172932 s)
[28/53] queries/tpch/tpch-queries/q12/base.sql (2 warmup [warm ones = N=1 anchor] + 3 x5)
  warmup 1/2: 0.567889 sec, 1 copy (cache prime)
  warmup 2/2: 0.600885 sec, 1 copy (N=1 anchor)
  batch 1/3: 2.349134 sec, 5 copies (server sum 2236.184 ms)
  batch 2/3: 2.355296 sec, 5 copies (server sum 2254.669 ms)
  batch 3/3: 2.439747 sec, 5 copies (server sum 2338.751 ms)
  slope: pkg 11.74 J/exec (intercept 1.165 J), wall 0.445127 s/exec (intercept 0.155758 s)
[29/53] queries/tpch/tpch-queries/q12/v1_materialized.sql (2 warmup [warm ones = N=1 anchor] + 3 x5)
  warmup 1/2: 0.577326 sec, 1 copy (cache prime)
  warmup 2/2: 0.606646 sec, 1 copy (N=1 anchor)
  batch 1/3: 2.491662 sec, 5 copies (server sum 2371.590 ms)
  batch 2/3: 2.492128 sec, 5 copies (server sum 2388.034 ms)
  batch 3/3: 2.494261 sec, 5 copies (server sum 2389.877 ms)
  slope: pkg 10.59 J/exec (intercept 1.942 J), wall 0.471510 s/exec (intercept 0.135136 s)
[30/53] queries/tpch/tpch-queries/q12/v2_filter.sql (2 warmup [warm ones = N=1 anchor] + 3 x5)
  warmup 1/2: 0.588839 sec, 1 copy (cache prime)
  warmup 2/2: 0.609143 sec, 1 copy (N=1 anchor)
  batch 1/3: 2.493301 sec, 5 copies (server sum 2372.342 ms)
  batch 2/3: 2.491572 sec, 5 copies (server sum 2388.357 ms)
  batch 3/3: 2.477208 sec, 5 copies (server sum 2377.229 ms)
  slope: pkg 10.56 J/exec (intercept 2.095 J), wall 0.469554 s/exec (intercept 0.139589 s)
[31/53] queries/tpch/tpch-queries/q13/base.sql (2 warmup [warm ones = N=1 anchor] + 3 x5)
  warmup 1/2: 1.755436 sec, 1 copy (cache prime)
  warmup 2/2: 1.640695 sec, 1 copy (N=1 anchor)
  batch 1/3: 7.884680 sec, 5 copies (server sum 7786.232 ms)
  batch 2/3: 7.727396 sec, 5 copies (server sum 7629.227 ms)
  batch 3/3: 7.838905 sec, 5 copies (server sum 7693.151 ms)
  slope: pkg 9.042 J/exec (intercept 0.5066 J), wall 1.544075 s/exec (intercept 0.096621 s)
[32/53] queries/tpch/tpch-queries/q13/v1_materialized.sql (2 warmup [warm ones = N=1 anchor] + 3 x5)
  warmup 1/2: 1.598111 sec, 1 copy (cache prime)
  warmup 2/2: 1.676885 sec, 1 copy (N=1 anchor)
  batch 1/3: 7.732109 sec, 5 copies (server sum 7684.580 ms)
  batch 2/3: 7.708794 sec, 5 copies (server sum 7661.068 ms)
  batch 3/3: 7.678745 sec, 5 copies (server sum 7580.071 ms)
  slope: pkg 8.971 J/exec (intercept 0.6575 J), wall 1.507416 s/exec (intercept 0.169469 s)
[33/53] queries/tpch/tpch-queries/q13/v2_correlated.sql (2 warmup [warm ones = N=1 anchor] + 3 x5)
  warmup 1/2: 2.308936 sec, 1 copy (cache prime)
  warmup 2/2: 2.217406 sec, 1 copy (N=1 anchor)
  batch 1/3: 10.323633 sec, 5 copies (server sum 10230.222 ms)
  batch 2/3: 10.415453 sec, 5 copies (server sum 10319.839 ms)
  batch 3/3: 10.324934 sec, 5 copies (server sum 10232.001 ms)
  slope: pkg 19.77 J/exec (intercept 0.5995 J), wall 2.034317 s/exec (intercept 0.183089 s)
[34/53] queries/tpch/tpch-queries/q14/base.sql (2 warmup [warm ones = N=1 anchor] + 3 x5)
  warmup 1/2: 0.357932 sec, 1 copy (cache prime)
  warmup 2/2: 0.390014 sec, 1 copy (N=1 anchor)
  batch 1/3: 1.351107 sec, 5 copies (server sum 1247.038 ms)
  batch 2/3: 1.346665 sec, 5 copies (server sum 1247.317 ms)
  batch 3/3: 1.305469 sec, 5 copies (server sum 1212.966 ms)
  slope: pkg 8.669 J/exec (intercept -0.3057 J), wall 0.236100 s/exec (intercept 0.153914 s)
[35/53] queries/tpch/tpch-queries/q14/v1_materialized.sql (2 warmup [warm ones = N=1 anchor] + 3 x5)
  warmup 1/2: 0.416486 sec, 1 copy (cache prime)
  warmup 2/2: 0.341784 sec, 1 copy (N=1 anchor)
  batch 1/3: 1.366322 sec, 5 copies (server sum 1259.231 ms)
  batch 2/3: 1.315689 sec, 5 copies (server sum 1220.550 ms)
  batch 3/3: 1.404893 sec, 5 copies (server sum 1306.760 ms)
  slope: pkg 8.284 J/exec (intercept -0.3304 J), wall 0.255129 s/exec (intercept 0.086654 s)
[36/53] queries/tpch/tpch-queries/q14/v2_filter.sql (2 warmup [warm ones = N=1 anchor] + 3 x5)
  warmup 1/2: 0.396348 sec, 1 copy (cache prime)
  warmup 2/2: 0.472561 sec, 1 copy (N=1 anchor)
  batch 1/3: 1.361589 sec, 5 copies (server sum 1309.462 ms)
  batch 2/3: 1.394024 sec, 5 copies (server sum 1302.169 ms)
  batch 3/3: 1.403877 sec, 5 copies (server sum 1307.055 ms)
  slope: pkg 7.798 J/exec (intercept 0.5486 J), wall 0.228484 s/exec (intercept 0.244077 s)
[37/53] queries/tpch/tpch-queries/q15/base.sql (2 warmup [warm ones = N=1 anchor] + 3 x5)
  warmup 1/2: 0.408024 sec, 1 copy (cache prime)
  warmup 2/2: 0.452509 sec, 1 copy (N=1 anchor)
  batch 1/3: 1.528215 sec, 5 copies (server sum 1484.174 ms)
  batch 2/3: 1.546197 sec, 5 copies (server sum 1479.939 ms)
  batch 3/3: 1.604713 sec, 5 copies (server sum 1508.158 ms)
  slope: pkg 7.882 J/exec (intercept 1.2 J), wall 0.276800 s/exec (intercept 0.175709 s)
[38/53] queries/tpch/tpch-queries/q15/v1_materialized.sql (2 warmup [warm ones = N=1 anchor] + 3 x5)
  warmup 1/2: 0.495654 sec, 1 copy (cache prime)
  warmup 2/2: 0.421981 sec, 1 copy (N=1 anchor)
  batch 1/3: 1.636925 sec, 5 copies (server sum 1532.415 ms)
  batch 2/3: 1.614832 sec, 5 copies (server sum 1520.864 ms)
  batch 3/3: 1.654526 sec, 5 copies (server sum 1555.896 ms)
  slope: pkg 7.858 J/exec (intercept 0.323 J), wall 0.303362 s/exec (intercept 0.118619 s)
[39/53] queries/tpch/tpch-queries/q16/base.sql (2 warmup [warm ones = N=1 anchor] + 3 x5)
  warmup 1/2: 0.318223 sec, 1 copy (cache prime)
  warmup 2/2: 0.346453 sec, 1 copy (N=1 anchor)
  batch 1/3: 1.275998 sec, 5 copies (server sum 1178.840 ms)
  batch 2/3: 1.221554 sec, 5 copies (server sum 1125.281 ms)
  batch 3/3: 1.294833 sec, 5 copies (server sum 1194.812 ms)
  slope: pkg 5.538 J/exec (intercept 0.2149 J), wall 0.229419 s/exec (intercept 0.117034 s)
[40/53] queries/tpch/tpch-queries/q16/v1_materialized.sql (2 warmup [warm ones = N=1 anchor] + 3 x5)
  warmup 1/2: 0.333408 sec, 1 copy (cache prime)
  warmup 2/2: 0.374038 sec, 1 copy (N=1 anchor)
  batch 1/3: 1.218322 sec, 5 copies (server sum 1168.919 ms)
  batch 2/3: 1.304344 sec, 5 copies (server sum 1203.247 ms)
  batch 3/3: 1.295601 sec, 5 copies (server sum 1197.921 ms)
  slope: pkg 5.385 J/exec (intercept 1.268 J), wall 0.224679 s/exec (intercept 0.149359 s)
[41/53] queries/tpch/tpch-queries/q16/v2_not_exists.sql (2 warmup [warm ones = N=1 anchor] + 3 x5)
  warmup 1/2: 0.313949 sec, 1 copy (cache prime)
  warmup 2/2: 0.317056 sec, 1 copy (N=1 anchor)
  batch 1/3: 1.190052 sec, 5 copies (server sum 1082.146 ms)
  batch 2/3: 1.151753 sec, 5 copies (server sum 1051.201 ms)
  batch 3/3: 1.183484 sec, 5 copies (server sum 1083.344 ms)
  slope: pkg 5.231 J/exec (intercept 0.6532 J), wall 0.214510 s/exec (intercept 0.102546 s)
[42/53] queries/tpch/tpch-queries/q17/v2_decorrelate.sql (2 warmup [warm ones = N=1 anchor] + 3 x5)
  warmup 1/2: 5.551332 sec, 1 copy (cache prime)
  warmup 2/2: 5.495514 sec, 1 copy (N=1 anchor)
  batch 1/3: 27.359878 sec, 5 copies (server sum 27266.643 ms)
  batch 2/3: 27.425109 sec, 5 copies (server sum 27320.546 ms)
  batch 3/3: 27.363724 sec, 5 copies (server sum 27224.410 ms)
  slope: pkg 74.72 J/exec (intercept 1.557 J), wall 5.471848 s/exec (intercept 0.023666 s)
[43/53] queries/tpch/tpch-queries/q18/base.sql (2 warmup [warm ones = N=1 anchor] + 3 x5)
  warmup 1/2: 4.552694 sec, 1 copy (cache prime)
  warmup 2/2: 4.758900 sec, 1 copy (N=1 anchor)
  batch 1/3: 23.940230 sec, 5 copies (server sum 23827.040 ms)
  batch 2/3: 24.899541 sec, 5 copies (server sum 24794.411 ms)
  batch 3/3: 25.019457 sec, 5 copies (server sum 24915.686 ms)
  slope: pkg 108 J/exec (intercept 24.6 J), wall 4.965211 s/exec (intercept -0.206311 s)
[44/53] queries/tpch/tpch-queries/q18/v1_materialized.sql (2 warmup [warm ones = N=1 anchor] + 3 x5)
  warmup 1/2: 5.173108 sec, 1 copy (cache prime)
  warmup 2/2: 5.212422 sec, 1 copy (N=1 anchor)
  batch 1/3: 25.106763 sec, 5 copies (server sum 25017.378 ms)
  batch 2/3: 25.018501 sec, 5 copies (server sum 24909.617 ms)
  batch 3/3: 25.063030 sec, 5 copies (server sum 24948.795 ms)
  slope: pkg 108.9 J/exec (intercept 5.735 J), wall 4.962586 s/exec (intercept 0.249836 s)
[45/53] queries/tpch/tpch-queries/q18/v2_join.sql (2 warmup [warm ones = N=1 anchor] + 3 x5)
  warmup 1/2: 5.237159 sec, 1 copy (cache prime)
  warmup 2/2: 5.169308 sec, 1 copy (N=1 anchor)
  batch 1/3: 24.955838 sec, 5 copies (server sum 24909.569 ms)
  batch 2/3: 25.224456 sec, 5 copies (server sum 25108.817 ms)
  batch 3/3: 25.222075 sec, 5 copies (server sum 25113.652 ms)
  slope: pkg 109.5 J/exec (intercept 4.119 J), wall 4.991204 s/exec (intercept 0.178105 s)
[46/53] queries/tpch/tpch-queries/q19/base.sql (2 warmup [warm ones = N=1 anchor] + 3 x5)
  warmup 1/2: 0.630882 sec, 1 copy (cache prime)
  warmup 2/2: 0.547734 sec, 1 copy (N=1 anchor)
  batch 1/3: 2.258568 sec, 5 copies (server sum 2147.670 ms)
  batch 2/3: 2.402689 sec, 5 copies (server sum 2249.698 ms)
  batch 3/3: 2.325734 sec, 5 copies (server sum 2253.049 ms)
  slope: pkg 10.39 J/exec (intercept 1.169 J), wall 0.445316 s/exec (intercept 0.102418 s)
[47/53] queries/tpch/tpch-queries/q19/v1_materialized.sql (2 warmup [warm ones = N=1 anchor] + 3 x5)
  warmup 1/2: 0.553561 sec, 1 copy (cache prime)
  warmup 2/2: 0.602083 sec, 1 copy (N=1 anchor)
  batch 1/3: 2.324150 sec, 5 copies (server sum 2205.865 ms)
  batch 2/3: 2.361236 sec, 5 copies (server sum 2249.881 ms)
  batch 3/3: 2.389667 sec, 5 copies (server sum 2238.872 ms)
  slope: pkg 10.2 J/exec (intercept 1.304 J), wall 0.439067 s/exec (intercept 0.163016 s)
[48/53] queries/tpch/tpch-queries/q19/v2_union_all.sql (2 warmup [warm ones = N=1 anchor] + 3 x5)
  warmup 1/2: 1.337467 sec, 1 copy (cache prime)
  warmup 2/2: 1.387874 sec, 1 copy (N=1 anchor)
  batch 1/3: 6.485218 sec, 5 copies (server sum 6371.752 ms)
  batch 2/3: 6.466906 sec, 5 copies (server sum 6359.808 ms)
  batch 3/3: 6.480198 sec, 5 copies (server sum 6361.087 ms)
  slope: pkg 27.99 J/exec (intercept 2.078 J), wall 1.272392 s/exec (intercept 0.115482 s)
[49/53] queries/tpch/tpch-queries/q21/base.sql (2 warmup [warm ones = N=1 anchor] + 3 x5)
  warmup 1/2: 0.681162 sec, 1 copy (cache prime)
  warmup 2/2: 0.699299 sec, 1 copy (N=1 anchor)
  batch 1/3: 2.766978 sec, 5 copies (server sum 2708.118 ms)
  batch 2/3: 2.844604 sec, 5 copies (server sum 2736.868 ms)
  batch 3/3: 2.836189 sec, 5 copies (server sum 2731.760 ms)
  slope: pkg 12.03 J/exec (intercept 2.317 J), wall 0.529156 s/exec (intercept 0.170143 s)
[50/53] queries/tpch/tpch-queries/q21/v1_materialized.sql (2 warmup [warm ones = N=1 anchor] + 3 x5)
  warmup 1/2: 0.655766 sec, 1 copy (cache prime)
  warmup 2/2: 0.666397 sec, 1 copy (N=1 anchor)
  batch 1/3: 2.794148 sec, 5 copies (server sum 2691.702 ms)
  batch 2/3: 2.827057 sec, 5 copies (server sum 2718.689 ms)
  batch 3/3: 2.856516 sec, 5 copies (server sum 2703.911 ms)
  slope: pkg 12.21 J/exec (intercept 1.503 J), wall 0.539877 s/exec (intercept 0.126520 s)
[51/53] queries/tpch/tpch-queries/q22/base.sql (2 warmup [warm ones = N=1 anchor] + 3 x5)
  warmup 1/2: 0.156107 sec, 1 copy (cache prime)
  warmup 2/2: 0.113185 sec, 1 copy (N=1 anchor)
  batch 1/3: 0.358119 sec, 5 copies (server sum 309.511 ms)
  batch 2/3: 0.411960 sec, 5 copies (server sum 302.524 ms)
  batch 3/3: 0.420892 sec, 5 copies (server sum 308.948 ms)
  slope: pkg 1.353 J/exec (intercept 0.487 J), wall 0.070951 s/exec (intercept 0.042233 s)
[52/53] queries/tpch/tpch-queries/q22/v1_materialized.sql (2 warmup [warm ones = N=1 anchor] + 3 x5)
  warmup 1/2: 0.214897 sec, 1 copy (cache prime)
  warmup 2/2: 0.165243 sec, 1 copy (N=1 anchor)
  batch 1/3: 0.331438 sec, 5 copies (server sum 286.614 ms)
  batch 2/3: 0.423155 sec, 5 copies (server sum 315.688 ms)
  batch 3/3: 0.437213 sec, 5 copies (server sum 327.049 ms)
  slope: pkg 1.271 J/exec (intercept 0.8912 J), wall 0.058006 s/exec (intercept 0.107237 s)
[53/53] queries/tpch/tpch-queries/q22/v2_anti_join.sql (2 warmup [warm ones = N=1 anchor] + 3 x5)
  warmup 1/2: 0.239097 sec, 1 copy (cache prime)
  warmup 2/2: 0.242393 sec, 1 copy (N=1 anchor)
  batch 1/3: 0.653433 sec, 5 copies (server sum 544.417 ms)
  batch 2/3: 0.583370 sec, 5 copies (server sum 537.230 ms)
  batch 3/3: 0.670257 sec, 5 copies (server sum 563.535 ms)
  slope: pkg 2.871 J/exec (intercept 0.4494 J), wall 0.098323 s/exec (intercept 0.144070 s)

Done. Batch rows appended to logs/effective_cache_size/ecs_12GB/query_timing_tpch.csv
Per-copy samples appended to logs/effective_cache_size/ecs_12GB/query_samples_tpch.csv
Relation sizes appended to logs/effective_cache_size/ecs_12GB/query_catalog_tpch.csv
Per-query slope/intercept appended to logs/effective_cache_size/ecs_12GB/query_slope_tpch.csv
make: Leaving directory '/home/user01/GreenSQL'
