make: Entering directory '/home/user01/GreenSQL'
query_runner configuration:
  QUERY_DIR      = queries/tpch/tpch-queries
  LOG_FILE       = logs/effective_cache_size/ecs_8GB/query_timing_tpch_idx.csv
  SAMPLE_FILE    = logs/effective_cache_size/ecs_8GB/query_samples_tpch_idx.csv
  CATALOG_FILE   = logs/effective_cache_size/ecs_8GB/query_catalog_tpch_idx.csv
  SLOPE_FILE     = logs/effective_cache_size/ecs_8GB/query_slope_tpch_idx.csv
  DB_NAME        = tpch_idx
  DB_USER        = postgres
  PGPORT         = 5434
  PG_VERSION     = 18.4  (as reported by the server on that port)
  BATCHNUM       = 5 (slope sizes: 1 copy and 5 copies)
  RUNS           = 3 (measured batches per size)
  WARMUP         = 2 (single-copy; #1 primes cache, warm ones = N=1 anchor)
  WORKERS        = (planner default)
  STATEMENT_TIMEOUT = 900
  SIGLESS_ADDR   = (disabled)
Found 53 queries under queries/tpch/tpch-queries

Catalog snapshot: 37 relations -> logs/effective_cache_size/ecs_8GB/query_catalog_tpch_idx.csv
[1/53] queries/tpch/tpch-queries/q01/base.sql (2 warmup [warm ones = N=1 anchor] + 3 x5)
  warmup 1/2: 1.658675 sec, 1 copy (cache prime)
  warmup 2/2: 1.631043 sec, 1 copy (N=1 anchor)
  batch 1/3: 8.377155 sec, 5 copies (server sum 8275.525 ms)
  batch 2/3: 8.589075 sec, 5 copies (server sum 8430.521 ms)
  batch 3/3: 8.491442 sec, 5 copies (server sum 8433.139 ms)
  slope: pkg 36.77 J/exec (intercept 5.337 J), wall 1.713712 s/exec (intercept -0.082669 s)
[2/53] queries/tpch/tpch-queries/q01/v1_materialized.sql (2 warmup [warm ones = N=1 anchor] + 3 x5)
  warmup 1/2: 1.790698 sec, 1 copy (cache prime)
  warmup 2/2: 1.738813 sec, 1 copy (N=1 anchor)
  batch 1/3: 8.536948 sec, 5 copies (server sum 8431.982 ms)
  batch 2/3: 8.588278 sec, 5 copies (server sum 8421.229 ms)
  batch 3/3: 8.463210 sec, 5 copies (server sum 8410.698 ms)
  slope: pkg 37.23 J/exec (intercept 0.9582 J), wall 1.697666 s/exec (intercept 0.041147 s)
[3/53] queries/tpch/tpch-queries/q02/base.sql (2 warmup [warm ones = N=1 anchor] + 3 x5)
  warmup 1/2: 0.332625 sec, 1 copy (cache prime)
  warmup 2/2: 0.297023 sec, 1 copy (N=1 anchor)
  batch 1/3: 0.975965 sec, 5 copies (server sum 875.418 ms)
  batch 2/3: 0.965043 sec, 5 copies (server sum 864.645 ms)
  batch 3/3: 0.987065 sec, 5 copies (server sum 886.925 ms)
  slope: pkg 1.407 J/exec (intercept 1.091 J), wall 0.169751 s/exec (intercept 0.127272 s)
[4/53] queries/tpch/tpch-queries/q02/v1_materialized.sql (2 warmup [warm ones = N=1 anchor] + 3 x5)
  warmup 1/2: 0.321692 sec, 1 copy (cache prime)
  warmup 2/2: 0.334756 sec, 1 copy (N=1 anchor)
  batch 1/3: 1.118194 sec, 5 copies (server sum 1009.310 ms)
  batch 2/3: 1.087522 sec, 5 copies (server sum 991.461 ms)
  batch 3/3: 1.096365 sec, 5 copies (server sum 997.921 ms)
  slope: pkg 1.391 J/exec (intercept 0.8619 J), wall 0.191484 s/exec (intercept 0.143272 s)
[5/53] queries/tpch/tpch-queries/q02/v2_decorrelate.sql (2 warmup [warm ones = N=1 anchor] + 3 x5)
  warmup 1/2: 0.313454 sec, 1 copy (cache prime)
  warmup 2/2: 0.318638 sec, 1 copy (N=1 anchor)
  batch 1/3: 1.237789 sec, 5 copies (server sum 1113.447 ms)
  batch 2/3: 1.208902 sec, 5 copies (server sum 1095.132 ms)
  batch 3/3: 1.144740 sec, 5 copies (server sum 1081.413 ms)
  slope: pkg 1.245 J/exec (intercept 0.7612 J), wall 0.219626 s/exec (intercept 0.099011 s)
[6/53] queries/tpch/tpch-queries/q03/base.sql (2 warmup [warm ones = N=1 anchor] + 3 x5)
  warmup 1/2: 0.357357 sec, 1 copy (cache prime)
  warmup 2/2: 0.366398 sec, 1 copy (N=1 anchor)
  batch 1/3: 1.353197 sec, 5 copies (server sum 1252.903 ms)
  batch 2/3: 1.338704 sec, 5 copies (server sum 1244.117 ms)
  batch 3/3: 1.365294 sec, 5 copies (server sum 1270.824 ms)
  slope: pkg 7.625 J/exec (intercept 1.363 J), wall 0.246500 s/exec (intercept 0.119898 s)
[7/53] queries/tpch/tpch-queries/q03/v1_materialized.sql (2 warmup [warm ones = N=1 anchor] + 3 x5)
  warmup 1/2: 0.391439 sec, 1 copy (cache prime)
  warmup 2/2: 0.376701 sec, 1 copy (N=1 anchor)
  batch 1/3: 1.365147 sec, 5 copies (server sum 1268.130 ms)
  batch 2/3: 1.394814 sec, 5 copies (server sum 1298.378 ms)
  batch 3/3: 1.392364 sec, 5 copies (server sum 1297.052 ms)
  slope: pkg 7.349 J/exec (intercept 1.072 J), wall 0.251852 s/exec (intercept 0.124849 s)
[8/53] queries/tpch/tpch-queries/q04/base.sql (2 warmup [warm ones = N=1 anchor] + 3 x5)
  warmup 1/2: 0.199043 sec, 1 copy (cache prime)
  warmup 2/2: 0.238627 sec, 1 copy (N=1 anchor)
  batch 1/3: 0.606910 sec, 5 copies (server sum 500.677 ms)
  batch 2/3: 0.564425 sec, 5 copies (server sum 467.201 ms)
  batch 3/3: 0.582301 sec, 5 copies (server sum 481.550 ms)
  slope: pkg 2.749 J/exec (intercept 0.05021 J), wall 0.086479 s/exec (intercept 0.152148 s)
[9/53] queries/tpch/tpch-queries/q04/v1_materialized.sql (2 warmup [warm ones = N=1 anchor] + 3 x5)
  warmup 1/2: 0.219087 sec, 1 copy (cache prime)
  warmup 2/2: 0.280718 sec, 1 copy (N=1 anchor)
  batch 1/3: 0.539143 sec, 5 copies (server sum 480.265 ms)
  batch 2/3: 0.576384 sec, 5 copies (server sum 478.899 ms)
  batch 3/3: 0.577652 sec, 5 copies (server sum 476.078 ms)
  slope: pkg 2.674 J/exec (intercept 0.3632 J), wall 0.070919 s/exec (intercept 0.209799 s)
[10/53] queries/tpch/tpch-queries/q04/v2_in.sql (2 warmup [warm ones = N=1 anchor] + 3 x5)
  warmup 1/2: 0.215655 sec, 1 copy (cache prime)
  warmup 2/2: 0.250139 sec, 1 copy (N=1 anchor)
  batch 1/3: 0.585523 sec, 5 copies (server sum 481.189 ms)
  batch 2/3: 0.592762 sec, 5 copies (server sum 488.174 ms)
  batch 3/3: 0.512852 sec, 5 copies (server sum 468.831 ms)
  slope: pkg 2.76 J/exec (intercept -0.0421 J), wall 0.078393 s/exec (intercept 0.171745 s)
[11/53] queries/tpch/tpch-queries/q05/base.sql (2 warmup [warm ones = N=1 anchor] + 3 x5)
  warmup 1/2: 0.390400 sec, 1 copy (cache prime)
  warmup 2/2: 0.382632 sec, 1 copy (N=1 anchor)
  batch 1/3: 1.467670 sec, 5 copies (server sum 1313.511 ms)
  batch 2/3: 1.398762 sec, 5 copies (server sum 1296.766 ms)
  batch 3/3: 1.402077 sec, 5 copies (server sum 1292.850 ms)
  slope: pkg 3.609 J/exec (intercept 0.8638 J), wall 0.260051 s/exec (intercept 0.122581 s)
[12/53] queries/tpch/tpch-queries/q05/v1_materialized.sql (2 warmup [warm ones = N=1 anchor] + 3 x5)
  warmup 1/2: 0.307073 sec, 1 copy (cache prime)
  warmup 2/2: 0.361767 sec, 1 copy (N=1 anchor)
  batch 1/3: 1.427891 sec, 5 copies (server sum 1306.999 ms)
  batch 2/3: 1.385851 sec, 5 copies (server sum 1283.242 ms)
  batch 3/3: 1.384475 sec, 5 copies (server sum 1275.335 ms)
  slope: pkg 3.51 J/exec (intercept 1.453 J), wall 0.259410 s/exec (intercept 0.102357 s)
[13/53] queries/tpch/tpch-queries/q06/base.sql (2 warmup [warm ones = N=1 anchor] + 3 x5)
  warmup 1/2: 0.149011 sec, 1 copy (cache prime)
  warmup 2/2: 0.107581 sec, 1 copy (N=1 anchor)
  batch 1/3: 0.355087 sec, 5 copies (server sum 312.106 ms)
  batch 2/3: 0.439754 sec, 5 copies (server sum 334.020 ms)
  batch 3/3: 0.469712 sec, 5 copies (server sum 359.070 ms)
  slope: pkg 1.76 J/exec (intercept 0.8386 J), wall 0.078484 s/exec (intercept 0.029096 s)
[14/53] queries/tpch/tpch-queries/q06/v1_materialized.sql (2 warmup [warm ones = N=1 anchor] + 3 x5)
  warmup 1/2: 0.187981 sec, 1 copy (cache prime)
  warmup 2/2: 0.216657 sec, 1 copy (N=1 anchor)
  batch 1/3: 0.460121 sec, 5 copies (server sum 312.765 ms)
  batch 2/3: 0.498649 sec, 5 copies (server sum 383.554 ms)
  batch 3/3: 0.454235 sec, 5 copies (server sum 346.107 ms)
  slope: pkg 1.764 J/exec (intercept 0.7234 J), wall 0.063586 s/exec (intercept 0.153070 s)
[15/53] queries/tpch/tpch-queries/q07/base.sql (2 warmup [warm ones = N=1 anchor] + 3 x5)
  warmup 1/2: 0.790142 sec, 1 copy (cache prime)
  warmup 2/2: 0.761331 sec, 1 copy (N=1 anchor)
  batch 1/3: 3.299037 sec, 5 copies (server sum 3196.248 ms)
  batch 2/3: 3.233974 sec, 5 copies (server sum 3125.685 ms)
  batch 3/3: 3.252124 sec, 5 copies (server sum 3139.598 ms)
  slope: pkg 9.117 J/exec (intercept 0.9299 J), wall 0.625095 s/exec (intercept 0.136236 s)
[16/53] queries/tpch/tpch-queries/q07/v1_materialized.sql (2 warmup [warm ones = N=1 anchor] + 3 x5)
  warmup 1/2: 0.758720 sec, 1 copy (cache prime)
  warmup 2/2: 0.749111 sec, 1 copy (N=1 anchor)
  batch 1/3: 3.223639 sec, 5 copies (server sum 3119.798 ms)
  batch 2/3: 3.210210 sec, 5 copies (server sum 3097.599 ms)
  batch 3/3: 3.296667 sec, 5 copies (server sum 3143.323 ms)
  slope: pkg 9.231 J/exec (intercept 1.149 J), wall 0.623599 s/exec (intercept 0.125512 s)
[17/53] queries/tpch/tpch-queries/q07/v2_union_all.sql (2 warmup [warm ones = N=1 anchor] + 3 x5)
  warmup 1/2: 0.721250 sec, 1 copy (cache prime)
  warmup 2/2: 0.705273 sec, 1 copy (N=1 anchor)
  batch 1/3: 3.060620 sec, 5 copies (server sum 2956.342 ms)
  batch 2/3: 3.042371 sec, 5 copies (server sum 2939.221 ms)
  batch 3/3: 3.037612 sec, 5 copies (server sum 2931.888 ms)
  slope: pkg 7.587 J/exec (intercept 1.658 J), wall 0.585399 s/exec (intercept 0.119874 s)
[18/53] queries/tpch/tpch-queries/q08/base.sql (2 warmup [warm ones = N=1 anchor] + 3 x5)
  warmup 1/2: 0.242577 sec, 1 copy (cache prime)
  warmup 2/2: 0.254627 sec, 1 copy (N=1 anchor)
  batch 1/3: 0.808267 sec, 5 copies (server sum 703.808 ms)
  batch 2/3: 0.854155 sec, 5 copies (server sum 708.058 ms)
  batch 3/3: 0.816880 sec, 5 copies (server sum 711.729 ms)
  slope: pkg 2.341 J/exec (intercept 1.2 J), wall 0.142952 s/exec (intercept 0.111676 s)
[19/53] queries/tpch/tpch-queries/q08/v1_materialized.sql (2 warmup [warm ones = N=1 anchor] + 3 x5)
  warmup 1/2: 0.244005 sec, 1 copy (cache prime)
  warmup 2/2: 0.268305 sec, 1 copy (N=1 anchor)
  batch 1/3: 0.827381 sec, 5 copies (server sum 717.321 ms)
  batch 2/3: 0.772760 sec, 5 copies (server sum 712.297 ms)
  batch 3/3: 0.801681 sec, 5 copies (server sum 696.331 ms)
  slope: pkg 2.387 J/exec (intercept 1.008 J), wall 0.133075 s/exec (intercept 0.135230 s)
[20/53] queries/tpch/tpch-queries/q08/v2_filter.sql (2 warmup [warm ones = N=1 anchor] + 3 x5)
  warmup 1/2: 0.241190 sec, 1 copy (cache prime)
  warmup 2/2: 0.245914 sec, 1 copy (N=1 anchor)
  batch 1/3: 0.817470 sec, 5 copies (server sum 714.595 ms)
  batch 2/3: 0.819883 sec, 5 copies (server sum 716.493 ms)
  batch 3/3: 0.824612 sec, 5 copies (server sum 722.059 ms)
  slope: pkg 2.236 J/exec (intercept 1.543 J), wall 0.143685 s/exec (intercept 0.102229 s)
[21/53] queries/tpch/tpch-queries/q09/base.sql (2 warmup [warm ones = N=1 anchor] + 3 x5)
  warmup 1/2: 1.157260 sec, 1 copy (cache prime)
  warmup 2/2: 1.142581 sec, 1 copy (N=1 anchor)
  batch 1/3: 5.221872 sec, 5 copies (server sum 5118.790 ms)
  batch 2/3: 5.305854 sec, 5 copies (server sum 5201.501 ms)
  batch 3/3: 5.230678 sec, 5 copies (server sum 5174.959 ms)
  slope: pkg 20.98 J/exec (intercept 1.787 J), wall 1.027555 s/exec (intercept 0.115026 s)
[22/53] queries/tpch/tpch-queries/q09/v1_materialized.sql (2 warmup [warm ones = N=1 anchor] + 3 x5)
  warmup 1/2: 1.149200 sec, 1 copy (cache prime)
  warmup 2/2: 1.152269 sec, 1 copy (N=1 anchor)
  batch 1/3: 5.564390 sec, 5 copies (server sum 5459.704 ms)
  batch 2/3: 5.872575 sec, 5 copies (server sum 5761.595 ms)
  batch 3/3: 5.835199 sec, 5 copies (server sum 5729.293 ms)
  slope: pkg 19.11 J/exec (intercept 3.138 J), wall 1.151280 s/exec (intercept 0.000989 s)
[23/53] queries/tpch/tpch-queries/q10/base.sql (2 warmup [warm ones = N=1 anchor] + 3 x5)
  warmup 1/2: 0.408469 sec, 1 copy (cache prime)
  warmup 2/2: 0.404486 sec, 1 copy (N=1 anchor)
  batch 1/3: 1.545182 sec, 5 copies (server sum 1445.584 ms)
  batch 2/3: 1.539806 sec, 5 copies (server sum 1440.776 ms)
  batch 3/3: 1.538899 sec, 5 copies (server sum 1439.971 ms)
  slope: pkg 6.404 J/exec (intercept 1.612 J), wall 0.284202 s/exec (intercept 0.120284 s)
[24/53] queries/tpch/tpch-queries/q10/v1_materialized.sql (2 warmup [warm ones = N=1 anchor] + 3 x5)
  warmup 1/2: 0.371197 sec, 1 copy (cache prime)
  warmup 2/2: 0.413602 sec, 1 copy (N=1 anchor)
  batch 1/3: 1.586218 sec, 5 copies (server sum 1490.343 ms)
  batch 2/3: 1.594931 sec, 5 copies (server sum 1498.924 ms)
  batch 3/3: 1.584584 sec, 5 copies (server sum 1488.298 ms)
  slope: pkg 6.268 J/exec (intercept 1.564 J), wall 0.293744 s/exec (intercept 0.119858 s)
[25/53] queries/tpch/tpch-queries/q11/base.sql (2 warmup [warm ones = N=1 anchor] + 3 x5)
  warmup 1/2: 0.133227 sec, 1 copy (cache prime)
  warmup 2/2: 0.192970 sec, 1 copy (N=1 anchor)
  batch 1/3: 0.537330 sec, 5 copies (server sum 427.094 ms)
  batch 2/3: 0.561025 sec, 5 copies (server sum 456.990 ms)
  batch 3/3: 0.533965 sec, 5 copies (server sum 433.035 ms)
  slope: pkg 0.5822 J/exec (intercept 0.785 J), wall 0.087784 s/exec (intercept 0.105186 s)
[26/53] queries/tpch/tpch-queries/q11/v1_materialized.sql (2 warmup [warm ones = N=1 anchor] + 3 x5)
  warmup 1/2: 0.188098 sec, 1 copy (cache prime)
  warmup 2/2: 0.199792 sec, 1 copy (N=1 anchor)
  batch 1/3: 0.567983 sec, 5 copies (server sum 455.633 ms)
  batch 2/3: 0.569326 sec, 5 copies (server sum 467.872 ms)
  batch 3/3: 0.562693 sec, 5 copies (server sum 456.429 ms)
  slope: pkg 0.5677 J/exec (intercept 0.702 J), wall 0.091719 s/exec (intercept 0.108073 s)
[27/53] queries/tpch/tpch-queries/q11/v2_cte_threshold.sql (2 warmup [warm ones = N=1 anchor] + 3 x5)
  warmup 1/2: 0.183868 sec, 1 copy (cache prime)
  warmup 2/2: 0.196137 sec, 1 copy (N=1 anchor)
  batch 1/3: 0.590261 sec, 5 copies (server sum 470.273 ms)
  batch 2/3: 0.572701 sec, 5 copies (server sum 460.456 ms)
  batch 3/3: 0.569857 sec, 5 copies (server sum 466.976 ms)
  slope: pkg 0.5342 J/exec (intercept 0.7431 J), wall 0.095367 s/exec (intercept 0.100769 s)
[28/53] queries/tpch/tpch-queries/q12/base.sql (2 warmup [warm ones = N=1 anchor] + 3 x5)
  warmup 1/2: 0.406155 sec, 1 copy (cache prime)
  warmup 2/2: 0.414195 sec, 1 copy (N=1 anchor)
  batch 1/3: 1.456411 sec, 5 copies (server sum 1410.523 ms)
  batch 2/3: 1.462821 sec, 5 copies (server sum 1364.584 ms)
  batch 3/3: 1.475303 sec, 5 copies (server sum 1379.724 ms)
  slope: pkg 7.578 J/exec (intercept 1.473 J), wall 0.262663 s/exec (intercept 0.151532 s)
[29/53] queries/tpch/tpch-queries/q12/v1_materialized.sql (2 warmup [warm ones = N=1 anchor] + 3 x5)
  warmup 1/2: 0.416603 sec, 1 copy (cache prime)
  warmup 2/2: 0.434990 sec, 1 copy (N=1 anchor)
  batch 1/3: 1.425431 sec, 5 copies (server sum 1380.951 ms)
  batch 2/3: 1.490174 sec, 5 copies (server sum 1393.651 ms)
  batch 3/3: 1.497309 sec, 5 copies (server sum 1402.231 ms)
  slope: pkg 7.264 J/exec (intercept 1.549 J), wall 0.258995 s/exec (intercept 0.175995 s)
[30/53] queries/tpch/tpch-queries/q12/v2_filter.sql (2 warmup [warm ones = N=1 anchor] + 3 x5)
  warmup 1/2: 0.401626 sec, 1 copy (cache prime)
  warmup 2/2: 0.399331 sec, 1 copy (N=1 anchor)
  batch 1/3: 1.432410 sec, 5 copies (server sum 1388.598 ms)
  batch 2/3: 1.506570 sec, 5 copies (server sum 1408.352 ms)
  batch 3/3: 1.512072 sec, 5 copies (server sum 1412.571 ms)
  slope: pkg 7.104 J/exec (intercept 1.505 J), wall 0.271088 s/exec (intercept 0.128243 s)
[31/53] queries/tpch/tpch-queries/q13/base.sql (2 warmup [warm ones = N=1 anchor] + 3 x5)
  warmup 1/2: 1.700494 sec, 1 copy (cache prime)
  warmup 2/2: 1.630602 sec, 1 copy (N=1 anchor)
  batch 1/3: 7.839261 sec, 5 copies (server sum 7741.202 ms)
  batch 2/3: 7.739614 sec, 5 copies (server sum 7641.810 ms)
  batch 3/3: 7.801347 sec, 5 copies (server sum 7656.788 ms)
  slope: pkg 9.009 J/exec (intercept 0.7371 J), wall 1.540701 s/exec (intercept 0.089901 s)
[32/53] queries/tpch/tpch-queries/q13/v1_materialized.sql (2 warmup [warm ones = N=1 anchor] + 3 x5)
  warmup 1/2: 1.595640 sec, 1 copy (cache prime)
  warmup 2/2: 1.664498 sec, 1 copy (N=1 anchor)
  batch 1/3: 7.755398 sec, 5 copies (server sum 7655.862 ms)
  batch 2/3: 7.699764 sec, 5 copies (server sum 7600.202 ms)
  batch 3/3: 7.764163 sec, 5 copies (server sum 7663.543 ms)
  slope: pkg 8.901 J/exec (intercept 0.9646 J), wall 1.518819 s/exec (intercept 0.145679 s)
[33/53] queries/tpch/tpch-queries/q13/v2_correlated.sql (2 warmup [warm ones = N=1 anchor] + 3 x5)
  warmup 1/2: 2.195945 sec, 1 copy (cache prime)
  warmup 2/2: 2.244489 sec, 1 copy (N=1 anchor)
  batch 1/3: 10.594508 sec, 5 copies (server sum 10498.856 ms)
  batch 2/3: 10.424834 sec, 5 copies (server sum 10328.745 ms)
  batch 3/3: 10.454386 sec, 5 copies (server sum 10357.361 ms)
  slope: pkg 19.83 J/exec (intercept 1.235 J), wall 2.061689 s/exec (intercept 0.182800 s)
[34/53] queries/tpch/tpch-queries/q14/base.sql (2 warmup [warm ones = N=1 anchor] + 3 x5)
  warmup 1/2: 0.194058 sec, 1 copy (cache prime)
  warmup 2/2: 0.242460 sec, 1 copy (N=1 anchor)
  batch 1/3: 0.764678 sec, 5 copies (server sum 657.135 ms)
  batch 2/3: 0.811781 sec, 5 copies (server sum 701.172 ms)
  batch 3/3: 0.789498 sec, 5 copies (server sum 687.759 ms)
  slope: pkg 3.409 J/exec (intercept 1.381 J), wall 0.136548 s/exec (intercept 0.105912 s)
[35/53] queries/tpch/tpch-queries/q14/v1_materialized.sql (2 warmup [warm ones = N=1 anchor] + 3 x5)
  warmup 1/2: 0.295846 sec, 1 copy (cache prime)
  warmup 2/2: 0.253889 sec, 1 copy (N=1 anchor)
  batch 1/3: 0.816292 sec, 5 copies (server sum 708.629 ms)
  batch 2/3: 0.698792 sec, 5 copies (server sum 653.326 ms)
  batch 3/3: 0.821426 sec, 5 copies (server sum 719.794 ms)
  slope: pkg 3.647 J/exec (intercept 0.341 J), wall 0.131237 s/exec (intercept 0.122652 s)
[36/53] queries/tpch/tpch-queries/q14/v2_filter.sql (2 warmup [warm ones = N=1 anchor] + 3 x5)
  warmup 1/2: 0.308064 sec, 1 copy (cache prime)
  warmup 2/2: 0.302713 sec, 1 copy (N=1 anchor)
  batch 1/3: 0.819646 sec, 5 copies (server sum 713.049 ms)
  batch 2/3: 0.773400 sec, 5 copies (server sum 677.797 ms)
  batch 3/3: 0.819314 sec, 5 copies (server sum 710.251 ms)
  slope: pkg 3.682 J/exec (intercept -0.2767 J), wall 0.125352 s/exec (intercept 0.177362 s)
[37/53] queries/tpch/tpch-queries/q15/base.sql (2 warmup [warm ones = N=1 anchor] + 3 x5)
  warmup 1/2: 0.400220 sec, 1 copy (cache prime)
  warmup 2/2: 0.378420 sec, 1 copy (N=1 anchor)
  batch 1/3: 1.280271 sec, 5 copies (server sum 1186.685 ms)
  batch 2/3: 1.245536 sec, 5 copies (server sum 1159.545 ms)
  batch 3/3: 1.253685 sec, 5 copies (server sum 1160.833 ms)
  slope: pkg 1.981 J/exec (intercept 1.539 J), wall 0.220353 s/exec (intercept 0.158067 s)
[38/53] queries/tpch/tpch-queries/q15/v1_materialized.sql (2 warmup [warm ones = N=1 anchor] + 3 x5)
  warmup 1/2: 0.369692 sec, 1 copy (cache prime)
  warmup 2/2: 0.375497 sec, 1 copy (N=1 anchor)
  batch 1/3: 1.272649 sec, 5 copies (server sum 1179.466 ms)
  batch 2/3: 1.258057 sec, 5 copies (server sum 1163.888 ms)
  batch 3/3: 1.276224 sec, 5 copies (server sum 1182.843 ms)
  slope: pkg 1.992 J/exec (intercept 1.472 J), wall 0.223370 s/exec (intercept 0.152127 s)
[39/53] queries/tpch/tpch-queries/q16/base.sql (2 warmup [warm ones = N=1 anchor] + 3 x5)
  warmup 1/2: 0.317491 sec, 1 copy (cache prime)
  warmup 2/2: 0.324262 sec, 1 copy (N=1 anchor)
  batch 1/3: 1.212934 sec, 5 copies (server sum 1110.267 ms)
  batch 2/3: 1.198716 sec, 5 copies (server sum 1101.643 ms)
  batch 3/3: 1.236786 sec, 5 copies (server sum 1130.125 ms)
  slope: pkg 6.174 J/exec (intercept 0.5111 J), wall 0.222971 s/exec (intercept 0.101291 s)
[40/53] queries/tpch/tpch-queries/q16/v1_materialized.sql (2 warmup [warm ones = N=1 anchor] + 3 x5)
  warmup 1/2: 0.269377 sec, 1 copy (cache prime)
  warmup 2/2: 0.333656 sec, 1 copy (N=1 anchor)
  batch 1/3: 1.255308 sec, 5 copies (server sum 1148.006 ms)
  batch 2/3: 1.282871 sec, 5 copies (server sum 1176.843 ms)
  batch 3/3: 1.300246 sec, 5 copies (server sum 1196.440 ms)
  slope: pkg 6.192 J/exec (intercept 0.6703 J), wall 0.236455 s/exec (intercept 0.097201 s)
[41/53] queries/tpch/tpch-queries/q16/v2_not_exists.sql (2 warmup [warm ones = N=1 anchor] + 3 x5)
  warmup 1/2: 0.304138 sec, 1 copy (cache prime)
  warmup 2/2: 0.301387 sec, 1 copy (N=1 anchor)
  batch 1/3: 1.130304 sec, 5 copies (server sum 1051.216 ms)
  batch 2/3: 1.166992 sec, 5 copies (server sum 1057.912 ms)
  batch 3/3: 1.160750 sec, 5 copies (server sum 1053.837 ms)
  slope: pkg 4.798 J/exec (intercept 0.7405 J), wall 0.212824 s/exec (intercept 0.088563 s)
[42/53] queries/tpch/tpch-queries/q17/v2_decorrelate.sql (2 warmup [warm ones = N=1 anchor] + 3 x5)
  warmup 1/2: 4.287170 sec, 1 copy (cache prime)
  warmup 2/2: 4.242590 sec, 1 copy (N=1 anchor)
  batch 1/3: 20.253339 sec, 5 copies (server sum 20159.593 ms)
  batch 2/3: 20.174083 sec, 5 copies (server sum 20126.619 ms)
  batch 3/3: 20.355954 sec, 5 copies (server sum 20261.671 ms)
  slope: pkg 18.58 J/exec (intercept 1.679 J), wall 4.004634 s/exec (intercept 0.237956 s)
[43/53] queries/tpch/tpch-queries/q18/base.sql (2 warmup [warm ones = N=1 anchor] + 3 x5)
  warmup 1/2: 4.552535 sec, 1 copy (cache prime)
  warmup 2/2: 4.324803 sec, 1 copy (N=1 anchor)
  batch 1/3: 22.700452 sec, 5 copies (server sum 22582.308 ms)
  batch 2/3: 24.212480 sec, 5 copies (server sum 24092.967 ms)
  batch 3/3: 24.720112 sec, 5 copies (server sum 24599.255 ms)
  slope: pkg -2.174e+04 J/exec (intercept 2.187e+04 J), wall 4.888219 s/exec (intercept -0.563416 s)
[44/53] queries/tpch/tpch-queries/q18/v1_materialized.sql (2 warmup [warm ones = N=1 anchor] + 3 x5)
  warmup 1/2: 5.233739 sec, 1 copy (cache prime)
  warmup 2/2: 5.199225 sec, 1 copy (N=1 anchor)
  batch 1/3: 24.938740 sec, 5 copies (server sum 24834.805 ms)
  batch 2/3: 25.075702 sec, 5 copies (server sum 24959.355 ms)
  batch 3/3: 25.134520 sec, 5 copies (server sum 25021.832 ms)
  slope: pkg 108.9 J/exec (intercept 5.497 J), wall 4.962607 s/exec (intercept 0.236618 s)
[45/53] queries/tpch/tpch-queries/q18/v2_join.sql (2 warmup [warm ones = N=1 anchor] + 3 x5)
  warmup 1/2: 5.184385 sec, 1 copy (cache prime)
  warmup 2/2: 5.128433 sec, 1 copy (N=1 anchor)
  batch 1/3: 24.682924 sec, 5 copies (server sum 24631.416 ms)
  batch 2/3: 24.905625 sec, 5 copies (server sum 24783.648 ms)
  batch 3/3: 24.865391 sec, 5 copies (server sum 24739.931 ms)
  slope: pkg 108 J/exec (intercept 5.001 J), wall 4.922387 s/exec (intercept 0.206047 s)
[46/53] queries/tpch/tpch-queries/q19/base.sql (2 warmup [warm ones = N=1 anchor] + 3 x5)
  warmup 1/2: 0.188269 sec, 1 copy (cache prime)
  warmup 2/2: 0.162195 sec, 1 copy (N=1 anchor)
  batch 1/3: 0.218838 sec, 5 copies (server sum 174.154 ms)
  batch 2/3: 0.273157 sec, 5 copies (server sum 173.156 ms)
  batch 3/3: 0.269758 sec, 5 copies (server sum 175.498 ms)
  slope: pkg 0.8911 J/exec (intercept 0.7062 J), wall 0.022931 s/exec (intercept 0.139264 s)
[47/53] queries/tpch/tpch-queries/q19/v1_materialized.sql (2 warmup [warm ones = N=1 anchor] + 3 x5)
  warmup 1/2: 0.146731 sec, 1 copy (cache prime)
  warmup 2/2: 0.081951 sec, 1 copy (N=1 anchor)
  batch 1/3: 0.222662 sec, 5 copies (server sum 177.631 ms)
  batch 2/3: 0.276185 sec, 5 copies (server sum 176.387 ms)
  batch 3/3: 0.284196 sec, 5 copies (server sum 181.254 ms)
  slope: pkg 0.8673 J/exec (intercept 0.7891 J), wall 0.044766 s/exec (intercept 0.037185 s)
[48/53] queries/tpch/tpch-queries/q19/v2_union_all.sql (2 warmup [warm ones = N=1 anchor] + 3 x5)
  warmup 1/2: 0.156030 sec, 1 copy (cache prime)
  warmup 2/2: 0.091982 sec, 1 copy (N=1 anchor)
  batch 1/3: 0.277182 sec, 5 copies (server sum 230.330 ms)
  batch 2/3: 0.339402 sec, 5 copies (server sum 231.174 ms)
  batch 3/3: 0.326582 sec, 5 copies (server sum 230.330 ms)
  slope: pkg 1.124 J/exec (intercept 0.7939 J), wall 0.055601 s/exec (intercept 0.036381 s)
[49/53] queries/tpch/tpch-queries/q21/base.sql (2 warmup [warm ones = N=1 anchor] + 3 x5)
  warmup 1/2: 0.614629 sec, 1 copy (cache prime)
  warmup 2/2: 0.599806 sec, 1 copy (N=1 anchor)
  batch 1/3: 2.481673 sec, 5 copies (server sum 2379.574 ms)
  batch 2/3: 2.460957 sec, 5 copies (server sum 2353.339 ms)
  batch 3/3: 2.485297 sec, 5 copies (server sum 2335.138 ms)
  slope: pkg 10.86 J/exec (intercept 0.01936 J), wall 0.469042 s/exec (intercept 0.130764 s)
[50/53] queries/tpch/tpch-queries/q21/v1_materialized.sql (2 warmup [warm ones = N=1 anchor] + 3 x5)
  warmup 1/2: 0.529581 sec, 1 copy (cache prime)
  warmup 2/2: 0.574299 sec, 1 copy (N=1 anchor)
  batch 1/3: 2.469474 sec, 5 copies (server sum 2367.708 ms)
  batch 2/3: 2.415186 sec, 5 copies (server sum 2315.793 ms)
  batch 3/3: 2.401814 sec, 5 copies (server sum 2352.271 ms)
  slope: pkg 10.49 J/exec (intercept 1.317 J), wall 0.463631 s/exec (intercept 0.110667 s)
[51/53] queries/tpch/tpch-queries/q22/base.sql (2 warmup [warm ones = N=1 anchor] + 3 x5)
  warmup 1/2: 0.158516 sec, 1 copy (cache prime)
  warmup 2/2: 0.110034 sec, 1 copy (N=1 anchor)
  batch 1/3: 0.348154 sec, 5 copies (server sum 300.259 ms)
  batch 2/3: 0.411930 sec, 5 copies (server sum 305.128 ms)
  batch 3/3: 0.421619 sec, 5 copies (server sum 314.593 ms)
  slope: pkg 1.314 J/exec (intercept 0.6118 J), wall 0.070967 s/exec (intercept 0.039068 s)
[52/53] queries/tpch/tpch-queries/q22/v1_materialized.sql (2 warmup [warm ones = N=1 anchor] + 3 x5)
  warmup 1/2: 0.198539 sec, 1 copy (cache prime)
  warmup 2/2: 0.113925 sec, 1 copy (N=1 anchor)
  batch 1/3: 0.331263 sec, 5 copies (server sum 287.373 ms)
  batch 2/3: 0.426954 sec, 5 copies (server sum 312.260 ms)
  batch 3/3: 0.428228 sec, 5 copies (server sum 315.540 ms)
  slope: pkg 1.367 J/exec (intercept 0.5671 J), wall 0.070389 s/exec (intercept 0.043535 s)
[53/53] queries/tpch/tpch-queries/q22/v2_anti_join.sql (2 warmup [warm ones = N=1 anchor] + 3 x5)
  warmup 1/2: 0.250668 sec, 1 copy (cache prime)
  warmup 2/2: 0.239843 sec, 1 copy (N=1 anchor)
  batch 1/3: 0.640155 sec, 5 copies (server sum 535.405 ms)
  batch 2/3: 0.651389 sec, 5 copies (server sum 544.923 ms)
  batch 3/3: 0.691988 sec, 5 copies (server sum 586.894 ms)
  slope: pkg 2.897 J/exec (intercept 0.002045 J), wall 0.105334 s/exec (intercept 0.134509 s)

Done. Batch rows appended to logs/effective_cache_size/ecs_8GB/query_timing_tpch_idx.csv
Per-copy samples appended to logs/effective_cache_size/ecs_8GB/query_samples_tpch_idx.csv
Relation sizes appended to logs/effective_cache_size/ecs_8GB/query_catalog_tpch_idx.csv
Per-query slope/intercept appended to logs/effective_cache_size/ecs_8GB/query_slope_tpch_idx.csv
make: Leaving directory '/home/user01/GreenSQL'
