make: Entering directory '/home/user01/GreenSQL'
query_runner configuration:
  QUERY_DIR      = queries/tpch/tpch-queries
  LOG_FILE       = logs/effective_cache_size/ecs_8GB/query_timing_tpch.csv
  SAMPLE_FILE    = logs/effective_cache_size/ecs_8GB/query_samples_tpch.csv
  CATALOG_FILE   = logs/effective_cache_size/ecs_8GB/query_catalog_tpch.csv
  SLOPE_FILE     = logs/effective_cache_size/ecs_8GB/query_slope_tpch.csv
  DB_NAME        = tpch
  DB_USER        = postgres
  PGPORT         = 5434
  PG_VERSION     = 18.4  (as reported by the server on that port)
  BATCHNUM       = 5 (slope sizes: 1 copy and 5 copies)
  RUNS           = 3 (measured batches per size)
  WARMUP         = 2 (single-copy; #1 primes cache, warm ones = N=1 anchor)
  WORKERS        = (planner default)
  STATEMENT_TIMEOUT = 900
  SIGLESS_ADDR   = (disabled)
Found 53 queries under queries/tpch/tpch-queries

Catalog snapshot: 11 relations -> logs/effective_cache_size/ecs_8GB/query_catalog_tpch.csv
[1/53] queries/tpch/tpch-queries/q01/base.sql (2 warmup [warm ones = N=1 anchor] + 3 x5)
  warmup 1/2: 1.590309 sec, 1 copy (cache prime)
  warmup 2/2: 1.681260 sec, 1 copy (N=1 anchor)
  batch 1/3: 8.255533 sec, 5 copies (server sum 8149.420 ms)
  batch 2/3: 8.540980 sec, 5 copies (server sum 8427.224 ms)
  batch 3/3: 8.537342 sec, 5 copies (server sum 8425.467 ms)
  slope: pkg 37.64 J/exec (intercept 2.383 J), wall 1.690840 s/exec (intercept -0.009579 s)
[2/53] queries/tpch/tpch-queries/q01/v1_materialized.sql (2 warmup [warm ones = N=1 anchor] + 3 x5)
  warmup 1/2: 1.725963 sec, 1 copy (cache prime)
  warmup 2/2: 1.844463 sec, 1 copy (N=1 anchor)
  batch 1/3: 8.514723 sec, 5 copies (server sum 8406.561 ms)
  batch 2/3: 8.546051 sec, 5 copies (server sum 8427.004 ms)
  batch 3/3: 8.556031 sec, 5 copies (server sum 8435.912 ms)
  slope: pkg 37.25 J/exec (intercept 1.629 J), wall 1.673618 s/exec (intercept 0.170845 s)
[3/53] queries/tpch/tpch-queries/q02/base.sql (2 warmup [warm ones = N=1 anchor] + 3 x5)
  warmup 1/2: 53.431394 sec, 1 copy (cache prime)
  warmup 2/2: 52.296964 sec, 1 copy (N=1 anchor)
  batch 1/3: 262.478602 sec, 5 copies (server sum 262382.240 ms)
  batch 2/3: 262.108612 sec, 5 copies (server sum 262007.695 ms)
  batch 3/3: 261.510748 sec, 5 copies (server sum 261411.166 ms)
  slope: pkg 449.8 J/exec (intercept 11.93 J), wall 52.433923 s/exec (intercept -0.136959 s)
[4/53] queries/tpch/tpch-queries/q02/v1_materialized.sql (2 warmup [warm ones = N=1 anchor] + 3 x5)
  warmup 1/2: 52.346915 sec, 1 copy (cache prime)
  warmup 2/2: 52.077260 sec, 1 copy (N=1 anchor)
  batch 1/3: 261.878335 sec, 5 copies (server sum 261770.961 ms)
  batch 2/3: 260.529582 sec, 5 copies (server sum 260382.389 ms)
  batch 3/3: 260.431589 sec, 5 copies (server sum 260378.988 ms)
  slope: pkg 448.4 J/exec (intercept 5.268 J), wall 52.217310 s/exec (intercept -0.140050 s)
[5/53] queries/tpch/tpch-queries/q02/v2_decorrelate.sql (2 warmup [warm ones = N=1 anchor] + 3 x5)
  warmup 1/2: 0.314038 sec, 1 copy (cache prime)
  warmup 2/2: 0.315589 sec, 1 copy (N=1 anchor)
  batch 1/3: 1.121397 sec, 5 copies (server sum 1070.923 ms)
  batch 2/3: 1.175808 sec, 5 copies (server sum 1059.758 ms)
  batch 3/3: 1.237266 sec, 5 copies (server sum 1124.125 ms)
  slope: pkg 3.19 J/exec (intercept 0.8044 J), wall 0.215642 s/exec (intercept 0.099947 s)
[6/53] queries/tpch/tpch-queries/q03/base.sql (2 warmup [warm ones = N=1 anchor] + 3 x5)
  warmup 1/2: 0.375176 sec, 1 copy (cache prime)
  warmup 2/2: 0.374976 sec, 1 copy (N=1 anchor)
  batch 1/3: 1.387515 sec, 5 copies (server sum 1281.809 ms)
  batch 2/3: 1.407797 sec, 5 copies (server sum 1310.343 ms)
  batch 3/3: 1.389157 sec, 5 copies (server sum 1292.157 ms)
  slope: pkg 7.568 J/exec (intercept 1.181 J), wall 0.254962 s/exec (intercept 0.120014 s)
[7/53] queries/tpch/tpch-queries/q03/v1_materialized.sql (2 warmup [warm ones = N=1 anchor] + 3 x5)
  warmup 1/2: 0.398399 sec, 1 copy (cache prime)
  warmup 2/2: 0.422395 sec, 1 copy (N=1 anchor)
  batch 1/3: 1.438243 sec, 5 copies (server sum 1334.348 ms)
  batch 2/3: 1.316838 sec, 5 copies (server sum 1268.268 ms)
  batch 3/3: 1.379801 sec, 5 copies (server sum 1285.924 ms)
  slope: pkg 8.035 J/exec (intercept -0.6102 J), wall 0.238975 s/exec (intercept 0.183421 s)
[8/53] queries/tpch/tpch-queries/q04/base.sql (2 warmup [warm ones = N=1 anchor] + 3 x5)
  warmup 1/2: 0.202098 sec, 1 copy (cache prime)
  warmup 2/2: 0.253504 sec, 1 copy (N=1 anchor)
  batch 1/3: 0.636137 sec, 5 copies (server sum 520.913 ms)
  batch 2/3: 0.579768 sec, 5 copies (server sum 480.607 ms)
  batch 3/3: 0.593488 sec, 5 copies (server sum 487.014 ms)
  slope: pkg 3.256 J/exec (intercept -0.2907 J), wall 0.087407 s/exec (intercept 0.166098 s)
[9/53] queries/tpch/tpch-queries/q04/v1_materialized.sql (2 warmup [warm ones = N=1 anchor] + 3 x5)
  warmup 1/2: 0.220311 sec, 1 copy (cache prime)
  warmup 2/2: 0.246621 sec, 1 copy (N=1 anchor)
  batch 1/3: 0.612508 sec, 5 copies (server sum 500.763 ms)
  batch 2/3: 0.588923 sec, 5 copies (server sum 485.872 ms)
  batch 3/3: 0.509014 sec, 5 copies (server sum 465.918 ms)
  slope: pkg 3.331 J/exec (intercept -0.4271 J), wall 0.080882 s/exec (intercept 0.165739 s)
[10/53] queries/tpch/tpch-queries/q04/v2_in.sql (2 warmup [warm ones = N=1 anchor] + 3 x5)
  warmup 1/2: 0.210375 sec, 1 copy (cache prime)
  warmup 2/2: 0.242956 sec, 1 copy (N=1 anchor)
  batch 1/3: 0.618594 sec, 5 copies (server sum 505.215 ms)
  batch 2/3: 0.572562 sec, 5 copies (server sum 477.569 ms)
  batch 3/3: 0.575124 sec, 5 copies (server sum 480.494 ms)
  slope: pkg 3.277 J/exec (intercept -0.2439 J), wall 0.086451 s/exec (intercept 0.156505 s)
[11/53] queries/tpch/tpch-queries/q05/base.sql (2 warmup [warm ones = N=1 anchor] + 3 x5)
  warmup 1/2: 0.399366 sec, 1 copy (cache prime)
  warmup 2/2: 0.412976 sec, 1 copy (N=1 anchor)
  batch 1/3: 1.343801 sec, 5 copies (server sum 1292.511 ms)
  batch 2/3: 1.389285 sec, 5 copies (server sum 1286.307 ms)
  batch 3/3: 1.373453 sec, 5 copies (server sum 1274.408 ms)
  slope: pkg 3.554 J/exec (intercept 0.6956 J), wall 0.238968 s/exec (intercept 0.174008 s)
[12/53] queries/tpch/tpch-queries/q05/v1_materialized.sql (2 warmup [warm ones = N=1 anchor] + 3 x5)
  warmup 1/2: 0.323175 sec, 1 copy (cache prime)
  warmup 2/2: 0.373629 sec, 1 copy (N=1 anchor)
  batch 1/3: 1.391767 sec, 5 copies (server sum 1284.297 ms)
  batch 2/3: 1.370782 sec, 5 copies (server sum 1269.441 ms)
  batch 3/3: 1.367196 sec, 5 copies (server sum 1268.025 ms)
  slope: pkg 3.534 J/exec (intercept 0.9858 J), wall 0.250738 s/exec (intercept 0.122891 s)
[13/53] queries/tpch/tpch-queries/q06/base.sql (2 warmup [warm ones = N=1 anchor] + 3 x5)
  warmup 1/2: 0.337445 sec, 1 copy (cache prime)
  warmup 2/2: 0.391763 sec, 1 copy (N=1 anchor)
  batch 1/3: 1.319605 sec, 5 copies (server sum 1215.732 ms)
  batch 2/3: 1.354525 sec, 5 copies (server sum 1256.224 ms)
  batch 3/3: 1.332371 sec, 5 copies (server sum 1240.775 ms)
  slope: pkg 7.522 J/exec (intercept 0.2298 J), wall 0.235934 s/exec (intercept 0.155829 s)
[14/53] queries/tpch/tpch-queries/q06/v1_materialized.sql (2 warmup [warm ones = N=1 anchor] + 3 x5)
  warmup 1/2: 0.377751 sec, 1 copy (cache prime)
  warmup 2/2: 0.407920 sec, 1 copy (N=1 anchor)
  batch 1/3: 1.314657 sec, 5 copies (server sum 1224.705 ms)
  batch 2/3: 1.323871 sec, 5 copies (server sum 1270.288 ms)
  batch 3/3: 1.406332 sec, 5 copies (server sum 1305.578 ms)
  slope: pkg 6.993 J/exec (intercept 0.8499 J), wall 0.235092 s/exec (intercept 0.172828 s)
[15/53] queries/tpch/tpch-queries/q07/base.sql (2 warmup [warm ones = N=1 anchor] + 3 x5)
  warmup 1/2: 0.447741 sec, 1 copy (cache prime)
  warmup 2/2: 0.377181 sec, 1 copy (N=1 anchor)
  batch 1/3: 1.623118 sec, 5 copies (server sum 1522.557 ms)
  batch 2/3: 1.606161 sec, 5 copies (server sum 1508.564 ms)
  batch 3/3: 1.603387 sec, 5 copies (server sum 1506.581 ms)
  slope: pkg 4.744 J/exec (intercept 1.303 J), wall 0.308427 s/exec (intercept 0.068754 s)
[16/53] queries/tpch/tpch-queries/q07/v1_materialized.sql (2 warmup [warm ones = N=1 anchor] + 3 x5)
  warmup 1/2: 0.353507 sec, 1 copy (cache prime)
  warmup 2/2: 0.407988 sec, 1 copy (N=1 anchor)
  batch 1/3: 1.598470 sec, 5 copies (server sum 1500.019 ms)
  batch 2/3: 1.607219 sec, 5 copies (server sum 1503.257 ms)
  batch 3/3: 1.595435 sec, 5 copies (server sum 1496.766 ms)
  slope: pkg 4.743 J/exec (intercept 1.376 J), wall 0.298097 s/exec (intercept 0.109892 s)
[17/53] queries/tpch/tpch-queries/q07/v2_union_all.sql (2 warmup [warm ones = N=1 anchor] + 3 x5)
  warmup 1/2: 0.361183 sec, 1 copy (cache prime)
  warmup 2/2: 0.440105 sec, 1 copy (N=1 anchor)
  batch 1/3: 1.631104 sec, 5 copies (server sum 1532.840 ms)
  batch 2/3: 1.623794 sec, 5 copies (server sum 1519.933 ms)
  batch 3/3: 1.651236 sec, 5 copies (server sum 1540.819 ms)
  slope: pkg 4.911 J/exec (intercept 0.9681 J), wall 0.298818 s/exec (intercept 0.141287 s)
[18/53] queries/tpch/tpch-queries/q08/base.sql (2 warmup [warm ones = N=1 anchor] + 3 x5)
  warmup 1/2: 0.493564 sec, 1 copy (cache prime)
  warmup 2/2: 0.497372 sec, 1 copy (N=1 anchor)
  batch 1/3: 1.938842 sec, 5 copies (server sum 1837.974 ms)
  batch 2/3: 1.954960 sec, 5 copies (server sum 1833.297 ms)
  batch 3/3: 1.930168 sec, 5 copies (server sum 1827.651 ms)
  slope: pkg 6.184 J/exec (intercept 1.312 J), wall 0.360988 s/exec (intercept 0.136384 s)
[19/53] queries/tpch/tpch-queries/q08/v1_materialized.sql (2 warmup [warm ones = N=1 anchor] + 3 x5)
  warmup 1/2: 0.489232 sec, 1 copy (cache prime)
  warmup 2/2: 0.498741 sec, 1 copy (N=1 anchor)
  batch 1/3: 1.958294 sec, 5 copies (server sum 1856.947 ms)
  batch 2/3: 1.949701 sec, 5 copies (server sum 1842.037 ms)
  batch 3/3: 1.931286 sec, 5 copies (server sum 1830.185 ms)
  slope: pkg 6.132 J/exec (intercept 1.359 J), wall 0.361922 s/exec (intercept 0.136819 s)
[20/53] queries/tpch/tpch-queries/q08/v2_filter.sql (2 warmup [warm ones = N=1 anchor] + 3 x5)
  warmup 1/2: 0.484442 sec, 1 copy (cache prime)
  warmup 2/2: 0.540536 sec, 1 copy (N=1 anchor)
  batch 1/3: 1.900387 sec, 5 copies (server sum 1840.861 ms)
  batch 2/3: 1.929280 sec, 5 copies (server sum 1827.750 ms)
  batch 3/3: 1.919972 sec, 5 copies (server sum 1819.208 ms)
  slope: pkg 6.043 J/exec (intercept 1.81 J), wall 0.344003 s/exec (intercept 0.196533 s)
[21/53] queries/tpch/tpch-queries/q09/base.sql (2 warmup [warm ones = N=1 anchor] + 3 x5)
  warmup 1/2: 0.995615 sec, 1 copy (cache prime)
  warmup 2/2: 1.010533 sec, 1 copy (N=1 anchor)
  batch 1/3: 4.560454 sec, 5 copies (server sum 4452.620 ms)
  batch 2/3: 4.652884 sec, 5 copies (server sum 4510.020 ms)
  batch 3/3: 4.580710 sec, 5 copies (server sum 4533.186 ms)
  slope: pkg 20.38 J/exec (intercept 0.8905 J), wall 0.896871 s/exec (intercept 0.113663 s)
[22/53] queries/tpch/tpch-queries/q09/v1_materialized.sql (2 warmup [warm ones = N=1 anchor] + 3 x5)
  warmup 1/2: 1.000978 sec, 1 copy (cache prime)
  warmup 2/2: 1.033475 sec, 1 copy (N=1 anchor)
  batch 1/3: 4.635071 sec, 5 copies (server sum 4533.630 ms)
  batch 2/3: 4.718110 sec, 5 copies (server sum 4620.031 ms)
  batch 3/3: 4.612221 sec, 5 copies (server sum 4564.294 ms)
  slope: pkg 19.99 J/exec (intercept 0.7253 J), wall 0.905415 s/exec (intercept 0.128060 s)
[23/53] queries/tpch/tpch-queries/q10/base.sql (2 warmup [warm ones = N=1 anchor] + 3 x5)
  warmup 1/2: 0.353658 sec, 1 copy (cache prime)
  warmup 2/2: 0.378921 sec, 1 copy (N=1 anchor)
  batch 1/3: 1.382245 sec, 5 copies (server sum 1277.498 ms)
  batch 2/3: 1.413668 sec, 5 copies (server sum 1310.638 ms)
  batch 3/3: 1.434365 sec, 5 copies (server sum 1337.448 ms)
  slope: pkg 6.889 J/exec (intercept 1.319 J), wall 0.257793 s/exec (intercept 0.121128 s)
[24/53] queries/tpch/tpch-queries/q10/v1_materialized.sql (2 warmup [warm ones = N=1 anchor] + 3 x5)
  warmup 1/2: 0.399802 sec, 1 copy (cache prime)
  warmup 2/2: 0.408377 sec, 1 copy (N=1 anchor)
  batch 1/3: 1.482235 sec, 5 copies (server sum 1377.989 ms)
  batch 2/3: 1.515051 sec, 5 copies (server sum 1409.976 ms)
  batch 3/3: 1.511772 sec, 5 copies (server sum 1408.380 ms)
  slope: pkg 6.88 J/exec (intercept 1.101 J), wall 0.273660 s/exec (intercept 0.134717 s)
[25/53] queries/tpch/tpch-queries/q11/base.sql (2 warmup [warm ones = N=1 anchor] + 3 x5)
  warmup 1/2: 0.268360 sec, 1 copy (cache prime)
  warmup 2/2: 0.171377 sec, 1 copy (N=1 anchor)
  batch 1/3: 0.531413 sec, 5 copies (server sum 429.387 ms)
  batch 2/3: 0.448977 sec, 5 copies (server sum 404.934 ms)
  batch 3/3: 0.576465 sec, 5 copies (server sum 467.078 ms)
  slope: pkg 2.147 J/exec (intercept 0.7655 J), wall 0.086894 s/exec (intercept 0.084483 s)
[26/53] queries/tpch/tpch-queries/q11/v1_materialized.sql (2 warmup [warm ones = N=1 anchor] + 3 x5)
  warmup 1/2: 0.237512 sec, 1 copy (cache prime)
  warmup 2/2: 0.258399 sec, 1 copy (N=1 anchor)
  batch 1/3: 0.587184 sec, 5 copies (server sum 450.530 ms)
  batch 2/3: 0.529200 sec, 5 copies (server sum 423.798 ms)
  batch 3/3: 0.524404 sec, 5 copies (server sum 421.595 ms)
  slope: pkg 2.426 J/exec (intercept -0.4869 J), wall 0.072133 s/exec (intercept 0.186267 s)
[27/53] queries/tpch/tpch-queries/q11/v2_cte_threshold.sql (2 warmup [warm ones = N=1 anchor] + 3 x5)
  warmup 1/2: 0.225905 sec, 1 copy (cache prime)
  warmup 2/2: 0.257091 sec, 1 copy (N=1 anchor)
  batch 1/3: 0.525218 sec, 5 copies (server sum 418.954 ms)
  batch 2/3: 0.561474 sec, 5 copies (server sum 455.603 ms)
  batch 3/3: 0.584043 sec, 5 copies (server sum 474.060 ms)
  slope: pkg 2.456 J/exec (intercept -0.5107 J), wall 0.074955 s/exec (intercept 0.182136 s)
[28/53] queries/tpch/tpch-queries/q12/base.sql (2 warmup [warm ones = N=1 anchor] + 3 x5)
  warmup 1/2: 0.580546 sec, 1 copy (cache prime)
  warmup 2/2: 0.596915 sec, 1 copy (N=1 anchor)
  batch 1/3: 2.357799 sec, 5 copies (server sum 2239.538 ms)
  batch 2/3: 2.326734 sec, 5 copies (server sum 2226.121 ms)
  batch 3/3: 2.289259 sec, 5 copies (server sum 2236.360 ms)
  slope: pkg 11.85 J/exec (intercept 1.005 J), wall 0.431921 s/exec (intercept 0.164995 s)
[29/53] queries/tpch/tpch-queries/q12/v1_materialized.sql (2 warmup [warm ones = N=1 anchor] + 3 x5)
  warmup 1/2: 0.570626 sec, 1 copy (cache prime)
  warmup 2/2: 0.636344 sec, 1 copy (N=1 anchor)
  batch 1/3: 2.486082 sec, 5 copies (server sum 2368.047 ms)
  batch 2/3: 2.474929 sec, 5 copies (server sum 2372.405 ms)
  batch 3/3: 2.515588 sec, 5 copies (server sum 2355.036 ms)
  slope: pkg 10.62 J/exec (intercept 1.921 J), wall 0.463964 s/exec (intercept 0.172380 s)
[30/53] queries/tpch/tpch-queries/q12/v2_filter.sql (2 warmup [warm ones = N=1 anchor] + 3 x5)
  warmup 1/2: 0.603495 sec, 1 copy (cache prime)
  warmup 2/2: 0.604277 sec, 1 copy (N=1 anchor)
  batch 1/3: 2.457187 sec, 5 copies (server sum 2339.739 ms)
  batch 2/3: 2.479577 sec, 5 copies (server sum 2374.440 ms)
  batch 3/3: 2.463780 sec, 5 copies (server sum 2364.837 ms)
  slope: pkg 10.52 J/exec (intercept 1.961 J), wall 0.465643 s/exec (intercept 0.138635 s)
[31/53] queries/tpch/tpch-queries/q13/base.sql (2 warmup [warm ones = N=1 anchor] + 3 x5)
  warmup 1/2: 1.670212 sec, 1 copy (cache prime)
  warmup 2/2: 1.629936 sec, 1 copy (N=1 anchor)
  batch 1/3: 7.934263 sec, 5 copies (server sum 7835.896 ms)
  batch 2/3: 7.802979 sec, 5 copies (server sum 7702.614 ms)
  batch 3/3: 7.705709 sec, 5 copies (server sum 7605.768 ms)
  slope: pkg 8.829 J/exec (intercept 0.9165 J), wall 1.546095 s/exec (intercept 0.083841 s)
[32/53] queries/tpch/tpch-queries/q13/v1_materialized.sql (2 warmup [warm ones = N=1 anchor] + 3 x5)
  warmup 1/2: 1.684619 sec, 1 copy (cache prime)
  warmup 2/2: 1.642840 sec, 1 copy (N=1 anchor)
  batch 1/3: 7.773250 sec, 5 copies (server sum 7674.658 ms)
  batch 2/3: 7.603340 sec, 5 copies (server sum 7555.883 ms)
  batch 3/3: 7.614476 sec, 5 copies (server sum 7513.314 ms)
  slope: pkg 8.836 J/exec (intercept 0.825 J), wall 1.505212 s/exec (intercept 0.137627 s)
[33/53] queries/tpch/tpch-queries/q13/v2_correlated.sql (2 warmup [warm ones = N=1 anchor] + 3 x5)
  warmup 1/2: 2.304943 sec, 1 copy (cache prime)
  warmup 2/2: 2.193264 sec, 1 copy (N=1 anchor)
  batch 1/3: 10.401920 sec, 5 copies (server sum 10309.141 ms)
  batch 2/3: 10.347410 sec, 5 copies (server sum 10254.614 ms)
  batch 3/3: 10.250511 sec, 5 copies (server sum 10206.997 ms)
  slope: pkg 19.79 J/exec (intercept 0.7209 J), wall 2.035004 s/exec (intercept 0.158260 s)
[34/53] queries/tpch/tpch-queries/q14/base.sql (2 warmup [warm ones = N=1 anchor] + 3 x5)
  warmup 1/2: 0.404133 sec, 1 copy (cache prime)
  warmup 2/2: 0.330899 sec, 1 copy (N=1 anchor)
  batch 1/3: 1.357527 sec, 5 copies (server sum 1252.571 ms)
  batch 2/3: 1.312269 sec, 5 copies (server sum 1215.744 ms)
  batch 3/3: 1.322540 sec, 5 copies (server sum 1228.145 ms)
  slope: pkg 8.574 J/exec (intercept -0.2438 J), wall 0.249970 s/exec (intercept 0.080929 s)
[35/53] queries/tpch/tpch-queries/q14/v1_materialized.sql (2 warmup [warm ones = N=1 anchor] + 3 x5)
  warmup 1/2: 0.359737 sec, 1 copy (cache prime)
  warmup 2/2: 0.430276 sec, 1 copy (N=1 anchor)
  batch 1/3: 1.261991 sec, 5 copies (server sum 1220.306 ms)
  batch 2/3: 1.339129 sec, 5 copies (server sum 1245.448 ms)
  batch 3/3: 1.381367 sec, 5 copies (server sum 1283.534 ms)
  slope: pkg 8.162 J/exec (intercept 0.1353 J), wall 0.224305 s/exec (intercept 0.205971 s)
[36/53] queries/tpch/tpch-queries/q14/v2_filter.sql (2 warmup [warm ones = N=1 anchor] + 3 x5)
  warmup 1/2: 0.378552 sec, 1 copy (cache prime)
  warmup 2/2: 0.411742 sec, 1 copy (N=1 anchor)
  batch 1/3: 1.403870 sec, 5 copies (server sum 1301.921 ms)
  batch 2/3: 1.409780 sec, 5 copies (server sum 1317.628 ms)
  batch 3/3: 1.400435 sec, 5 copies (server sum 1303.002 ms)
  slope: pkg 7.757 J/exec (intercept 0.7023 J), wall 0.248238 s/exec (intercept 0.163504 s)
[37/53] queries/tpch/tpch-queries/q15/base.sql (2 warmup [warm ones = N=1 anchor] + 3 x5)
  warmup 1/2: 0.415183 sec, 1 copy (cache prime)
  warmup 2/2: 0.459867 sec, 1 copy (N=1 anchor)
  batch 1/3: 1.594928 sec, 5 copies (server sum 1495.063 ms)
  batch 2/3: 1.521940 sec, 5 copies (server sum 1477.213 ms)
  batch 3/3: 1.579381 sec, 5 copies (server sum 1485.180 ms)
  slope: pkg 8.084 J/exec (intercept 0.8924 J), wall 0.276387 s/exec (intercept 0.183480 s)
[38/53] queries/tpch/tpch-queries/q15/v1_materialized.sql (2 warmup [warm ones = N=1 anchor] + 3 x5)
  warmup 1/2: 0.442988 sec, 1 copy (cache prime)
  warmup 2/2: 0.468284 sec, 1 copy (N=1 anchor)
  batch 1/3: 1.512163 sec, 5 copies (server sum 1468.004 ms)
  batch 2/3: 1.553093 sec, 5 copies (server sum 1508.461 ms)
  batch 3/3: 1.637424 sec, 5 copies (server sum 1538.970 ms)
  slope: pkg 7.988 J/exec (intercept 0.7326 J), wall 0.274819 s/exec (intercept 0.193465 s)
[39/53] queries/tpch/tpch-queries/q16/base.sql (2 warmup [warm ones = N=1 anchor] + 3 x5)
  warmup 1/2: 0.344309 sec, 1 copy (cache prime)
  warmup 2/2: 0.265845 sec, 1 copy (N=1 anchor)
  batch 1/3: 1.283257 sec, 5 copies (server sum 1181.925 ms)
  batch 2/3: 1.278461 sec, 5 copies (server sum 1181.633 ms)
  batch 3/3: 1.313069 sec, 5 copies (server sum 1209.814 ms)
  slope: pkg 5.404 J/exec (intercept 0.8247 J), wall 0.256438 s/exec (intercept 0.009408 s)
[40/53] queries/tpch/tpch-queries/q16/v1_materialized.sql (2 warmup [warm ones = N=1 anchor] + 3 x5)
  warmup 1/2: 0.331990 sec, 1 copy (cache prime)
  warmup 2/2: 0.330208 sec, 1 copy (N=1 anchor)
  batch 1/3: 1.306212 sec, 5 copies (server sum 1205.344 ms)
  batch 2/3: 1.253093 sec, 5 copies (server sum 1209.977 ms)
  batch 3/3: 1.288234 sec, 5 copies (server sum 1189.917 ms)
  slope: pkg 5.391 J/exec (intercept 1.034 J), wall 0.238076 s/exec (intercept 0.092132 s)
[41/53] queries/tpch/tpch-queries/q16/v2_not_exists.sql (2 warmup [warm ones = N=1 anchor] + 3 x5)
  warmup 1/2: 0.320685 sec, 1 copy (cache prime)
  warmup 2/2: 0.313689 sec, 1 copy (N=1 anchor)
  batch 1/3: 1.207446 sec, 5 copies (server sum 1105.686 ms)
  batch 2/3: 1.227161 sec, 5 copies (server sum 1122.050 ms)
  batch 3/3: 1.199900 sec, 5 copies (server sum 1102.852 ms)
  slope: pkg 4.931 J/exec (intercept 1.029 J), wall 0.224453 s/exec (intercept 0.089235 s)
[42/53] queries/tpch/tpch-queries/q17/v2_decorrelate.sql (2 warmup [warm ones = N=1 anchor] + 3 x5)
  warmup 1/2: 5.552184 sec, 1 copy (cache prime)
  warmup 2/2: 5.540311 sec, 1 copy (N=1 anchor)
  batch 1/3: 27.303075 sec, 5 copies (server sum 27259.961 ms)
  batch 2/3: 27.260557 sec, 5 copies (server sum 27165.869 ms)
  batch 3/3: 27.350528 sec, 5 copies (server sum 27246.593 ms)
  slope: pkg 74.66 J/exec (intercept 1.206 J), wall 5.441102 s/exec (intercept 0.099209 s)
[43/53] queries/tpch/tpch-queries/q18/base.sql (2 warmup [warm ones = N=1 anchor] + 3 x5)
  warmup 1/2: 4.553416 sec, 1 copy (cache prime)
  warmup 2/2: 4.776562 sec, 1 copy (N=1 anchor)
  batch 1/3: 24.105018 sec, 5 copies (server sum 23993.218 ms)
  batch 2/3: 25.054932 sec, 5 copies (server sum 24956.509 ms)
  batch 3/3: 25.000065 sec, 5 copies (server sum 24885.445 ms)
  slope: pkg 108.8 J/exec (intercept 22.19 J), wall 4.985861 s/exec (intercept -0.209298 s)
[44/53] queries/tpch/tpch-queries/q18/v1_materialized.sql (2 warmup [warm ones = N=1 anchor] + 3 x5)
  warmup 1/2: 5.225117 sec, 1 copy (cache prime)
  warmup 2/2: 5.218771 sec, 1 copy (N=1 anchor)
  batch 1/3: 25.243575 sec, 5 copies (server sum 25135.531 ms)
  batch 2/3: 25.050574 sec, 5 copies (server sum 24951.859 ms)
  batch 3/3: 24.986130 sec, 5 copies (server sum 24884.115 ms)
  slope: pkg 109.1 J/exec (intercept 5.392 J), wall 4.968664 s/exec (intercept 0.250107 s)
[45/53] queries/tpch/tpch-queries/q18/v2_join.sql (2 warmup [warm ones = N=1 anchor] + 3 x5)
  warmup 1/2: 5.226582 sec, 1 copy (cache prime)
  warmup 2/2: 5.203359 sec, 1 copy (N=1 anchor)
  batch 1/3: 25.017312 sec, 5 copies (server sum 24912.919 ms)
  batch 2/3: 25.034792 sec, 5 copies (server sum 24932.585 ms)
  batch 3/3: 25.003850 sec, 5 copies (server sum 24893.397 ms)
  slope: pkg 108.7 J/exec (intercept 5.599 J), wall 4.953823 s/exec (intercept 0.249535 s)
[46/53] queries/tpch/tpch-queries/q19/base.sql (2 warmup [warm ones = N=1 anchor] + 3 x5)
  warmup 1/2: 0.577938 sec, 1 copy (cache prime)
  warmup 2/2: 0.606552 sec, 1 copy (N=1 anchor)
  batch 1/3: 2.325312 sec, 5 copies (server sum 2214.187 ms)
  batch 2/3: 2.310007 sec, 5 copies (server sum 2198.690 ms)
  batch 3/3: 2.319140 sec, 5 copies (server sum 2222.272 ms)
  slope: pkg 10.3 J/exec (intercept 1.296 J), wall 0.427900 s/exec (intercept 0.178652 s)
[47/53] queries/tpch/tpch-queries/q19/v1_materialized.sql (2 warmup [warm ones = N=1 anchor] + 3 x5)
  warmup 1/2: 0.608202 sec, 1 copy (cache prime)
  warmup 2/2: 0.612032 sec, 1 copy (N=1 anchor)
  batch 1/3: 2.295338 sec, 5 copies (server sum 2183.816 ms)
  batch 2/3: 2.346717 sec, 5 copies (server sum 2240.840 ms)
  batch 3/3: 2.329497 sec, 5 copies (server sum 2228.289 ms)
  slope: pkg 10.4 J/exec (intercept 0.5203 J), wall 0.427955 s/exec (intercept 0.184078 s)
[48/53] queries/tpch/tpch-queries/q19/v2_union_all.sql (2 warmup [warm ones = N=1 anchor] + 3 x5)
  warmup 1/2: 1.445393 sec, 1 copy (cache prime)
  warmup 2/2: 1.327151 sec, 1 copy (N=1 anchor)
  batch 1/3: 6.489361 sec, 5 copies (server sum 6373.918 ms)
  batch 2/3: 6.465969 sec, 5 copies (server sum 6364.153 ms)
  batch 3/3: 6.479553 sec, 5 copies (server sum 6372.851 ms)
  slope: pkg 27.84 J/exec (intercept 2.7 J), wall 1.287786 s/exec (intercept 0.039365 s)
[49/53] queries/tpch/tpch-queries/q21/base.sql (2 warmup [warm ones = N=1 anchor] + 3 x5)
  warmup 1/2: 0.662737 sec, 1 copy (cache prime)
  warmup 2/2: 0.664611 sec, 1 copy (N=1 anchor)
  batch 1/3: 2.800007 sec, 5 copies (server sum 2697.155 ms)
  batch 2/3: 2.823247 sec, 5 copies (server sum 2717.801 ms)
  batch 3/3: 2.820416 sec, 5 copies (server sum 2715.132 ms)
  slope: pkg 12.12 J/exec (intercept 1.658 J), wall 0.537486 s/exec (intercept 0.127125 s)
[50/53] queries/tpch/tpch-queries/q21/v1_materialized.sql (2 warmup [warm ones = N=1 anchor] + 3 x5)
  warmup 1/2: 0.655321 sec, 1 copy (cache prime)
  warmup 2/2: 0.654150 sec, 1 copy (N=1 anchor)
  batch 1/3: 2.807928 sec, 5 copies (server sum 2702.604 ms)
  batch 2/3: 2.829965 sec, 5 copies (server sum 2728.525 ms)
  batch 3/3: 2.821085 sec, 5 copies (server sum 2719.475 ms)
  slope: pkg 12.09 J/exec (intercept 1.781 J), wall 0.541377 s/exec (intercept 0.112772 s)
[51/53] queries/tpch/tpch-queries/q22/base.sql (2 warmup [warm ones = N=1 anchor] + 3 x5)
  warmup 1/2: 0.161946 sec, 1 copy (cache prime)
  warmup 2/2: 0.106536 sec, 1 copy (N=1 anchor)
  batch 1/3: 0.333033 sec, 5 copies (server sum 283.838 ms)
  batch 2/3: 0.442002 sec, 5 copies (server sum 324.277 ms)
  batch 3/3: 0.357224 sec, 5 copies (server sum 290.507 ms)
  slope: pkg 1.433 J/exec (intercept 0.3956 J), wall 0.067721 s/exec (intercept 0.038815 s)
[52/53] queries/tpch/tpch-queries/q22/v1_materialized.sql (2 warmup [warm ones = N=1 anchor] + 3 x5)
  warmup 1/2: 0.197474 sec, 1 copy (cache prime)
  warmup 2/2: 0.188652 sec, 1 copy (N=1 anchor)
  batch 1/3: 0.404230 sec, 5 copies (server sum 293.517 ms)
  batch 2/3: 0.413427 sec, 5 copies (server sum 306.336 ms)
  batch 3/3: 0.465685 sec, 5 copies (server sum 348.235 ms)
  slope: pkg 1.317 J/exec (intercept 0.7551 J), wall 0.059782 s/exec (intercept 0.128870 s)
[53/53] queries/tpch/tpch-queries/q22/v2_anti_join.sql (2 warmup [warm ones = N=1 anchor] + 3 x5)
  warmup 1/2: 0.206110 sec, 1 copy (cache prime)
  warmup 2/2: 0.245084 sec, 1 copy (N=1 anchor)
  batch 1/3: 0.688784 sec, 5 copies (server sum 566.573 ms)
  batch 2/3: 0.662779 sec, 5 copies (server sum 557.588 ms)
  batch 3/3: 0.686324 sec, 5 copies (server sum 571.263 ms)
  slope: pkg 2.897 J/exec (intercept 0.133 J), wall 0.108553 s/exec (intercept 0.136532 s)

Done. Batch rows appended to logs/effective_cache_size/ecs_8GB/query_timing_tpch.csv
Per-copy samples appended to logs/effective_cache_size/ecs_8GB/query_samples_tpch.csv
Relation sizes appended to logs/effective_cache_size/ecs_8GB/query_catalog_tpch.csv
Per-query slope/intercept appended to logs/effective_cache_size/ecs_8GB/query_slope_tpch.csv
make: Leaving directory '/home/user01/GreenSQL'
