make: Entering directory '/home/user01/GreenSQL'
query_runner configuration:
  QUERY_DIR      = queries/tpch/tpch-queries
  LOG_FILE       = logs/work_mem/wm_64MB/query_timing_tpch_idx.csv
  SAMPLE_FILE    = logs/work_mem/wm_64MB/query_samples_tpch_idx.csv
  CATALOG_FILE   = logs/work_mem/wm_64MB/query_catalog_tpch_idx.csv
  SLOPE_FILE     = logs/work_mem/wm_64MB/query_slope_tpch_idx.csv
  DB_NAME        = tpch_idx
  DB_USER        = postgres
  PGPORT         = 5434
  PG_VERSION     = 18.4  (as reported by the server on that port)
  BATCHNUM       = 5 (slope sizes: 1 copy and 5 copies)
  RUNS           = 3 (measured batches per size)
  WARMUP         = 2 (single-copy; #1 primes cache, warm ones = N=1 anchor)
  WORKERS        = (planner default)
  STATEMENT_TIMEOUT = 900
  SIGLESS_ADDR   = (disabled)
Found 53 queries under queries/tpch/tpch-queries

Catalog snapshot: 37 relations -> logs/work_mem/wm_64MB/query_catalog_tpch_idx.csv
[1/53] queries/tpch/tpch-queries/q01/base.sql (2 warmup [warm ones = N=1 anchor] + 3 x5)
  warmup 1/2: 1.617375 sec, 1 copy (cache prime)
  warmup 2/2: 1.637913 sec, 1 copy (N=1 anchor)
  batch 1/3: 8.452164 sec, 5 copies (server sum 8351.426 ms)
  batch 2/3: 8.481672 sec, 5 copies (server sum 8427.702 ms)
  batch 3/3: 8.522676 sec, 5 copies (server sum 8416.851 ms)
  slope: pkg 36.36 J/exec (intercept 5.152 J), wall 1.711898 s/exec (intercept -0.073984 s)
[2/53] queries/tpch/tpch-queries/q01/v1_materialized.sql (2 warmup [warm ones = N=1 anchor] + 3 x5)
  warmup 1/2: 1.791913 sec, 1 copy (cache prime)
  warmup 2/2: 1.737189 sec, 1 copy (N=1 anchor)
  batch 1/3: 8.506087 sec, 5 copies (server sum 8411.062 ms)
  batch 2/3: 8.461929 sec, 5 copies (server sum 8406.416 ms)
  batch 3/3: 8.533876 sec, 5 copies (server sum 8411.629 ms)
  slope: pkg 37.11 J/exec (intercept 0.9763 J), wall 1.690860 s/exec (intercept 0.046328 s)
[3/53] queries/tpch/tpch-queries/q02/base.sql (2 warmup [warm ones = N=1 anchor] + 3 x5)
  warmup 1/2: 0.262005 sec, 1 copy (cache prime)
  warmup 2/2: 0.294300 sec, 1 copy (N=1 anchor)
  batch 1/3: 0.971474 sec, 5 copies (server sum 871.237 ms)
  batch 2/3: 0.982851 sec, 5 copies (server sum 882.742 ms)
  batch 3/3: 1.031681 sec, 5 copies (server sum 892.771 ms)
  slope: pkg 1.42 J/exec (intercept 1.051 J), wall 0.175259 s/exec (intercept 0.119041 s)
[4/53] queries/tpch/tpch-queries/q02/v1_materialized.sql (2 warmup [warm ones = N=1 anchor] + 3 x5)
  warmup 1/2: 0.331860 sec, 1 copy (cache prime)
  warmup 2/2: 0.342873 sec, 1 copy (N=1 anchor)
  batch 1/3: 1.137684 sec, 5 copies (server sum 1036.729 ms)
  batch 2/3: 1.117941 sec, 5 copies (server sum 1016.287 ms)
  batch 3/3: 1.109092 sec, 5 copies (server sum 1010.102 ms)
  slope: pkg 1.338 J/exec (intercept 0.8457 J), wall 0.194675 s/exec (intercept 0.148199 s)
[5/53] queries/tpch/tpch-queries/q02/v2_decorrelate.sql (2 warmup [warm ones = N=1 anchor] + 3 x5)
  warmup 1/2: 0.313586 sec, 1 copy (cache prime)
  warmup 2/2: 0.329117 sec, 1 copy (N=1 anchor)
  batch 1/3: 1.252470 sec, 5 copies (server sum 1139.345 ms)
  batch 2/3: 1.214368 sec, 5 copies (server sum 1102.485 ms)
  batch 3/3: 1.214827 sec, 5 copies (server sum 1101.124 ms)
  slope: pkg 1.215 J/exec (intercept 0.7237 J), wall 0.224526 s/exec (intercept 0.104591 s)
[6/53] queries/tpch/tpch-queries/q03/base.sql (2 warmup [warm ones = N=1 anchor] + 3 x5)
  warmup 1/2: 0.356586 sec, 1 copy (cache prime)
  warmup 2/2: 0.363094 sec, 1 copy (N=1 anchor)
  batch 1/3: 1.337516 sec, 5 copies (server sum 1235.110 ms)
  batch 2/3: 1.329899 sec, 5 copies (server sum 1232.705 ms)
  batch 3/3: 1.339393 sec, 5 copies (server sum 1242.575 ms)
  slope: pkg 7.78 J/exec (intercept 1.031 J), wall 0.243127 s/exec (intercept 0.119967 s)
[7/53] queries/tpch/tpch-queries/q03/v1_materialized.sql (2 warmup [warm ones = N=1 anchor] + 3 x5)
  warmup 1/2: 0.358383 sec, 1 copy (cache prime)
  warmup 2/2: 0.394780 sec, 1 copy (N=1 anchor)
  batch 1/3: 1.355946 sec, 5 copies (server sum 1254.406 ms)
  batch 2/3: 1.359908 sec, 5 copies (server sum 1263.420 ms)
  batch 3/3: 1.353090 sec, 5 copies (server sum 1256.885 ms)
  slope: pkg 7.764 J/exec (intercept 0.3719 J), wall 0.240384 s/exec (intercept 0.154396 s)
[8/53] queries/tpch/tpch-queries/q04/base.sql (2 warmup [warm ones = N=1 anchor] + 3 x5)
  warmup 1/2: 0.190771 sec, 1 copy (cache prime)
  warmup 2/2: 0.269594 sec, 1 copy (N=1 anchor)
  batch 1/3: 0.608864 sec, 5 copies (server sum 500.920 ms)
  batch 2/3: 0.588286 sec, 5 copies (server sum 476.256 ms)
  batch 3/3: 0.515343 sec, 5 copies (server sum 470.109 ms)
  slope: pkg 3.005 J/exec (intercept -0.2726 J), wall 0.075309 s/exec (intercept 0.194285 s)
[9/53] queries/tpch/tpch-queries/q04/v1_materialized.sql (2 warmup [warm ones = N=1 anchor] + 3 x5)
  warmup 1/2: 0.144346 sec, 1 copy (cache prime)
  warmup 2/2: 0.253579 sec, 1 copy (N=1 anchor)
  batch 1/3: 0.609607 sec, 5 copies (server sum 503.305 ms)
  batch 2/3: 0.556284 sec, 5 copies (server sum 457.678 ms)
  batch 3/3: 0.571459 sec, 5 copies (server sum 470.116 ms)
  slope: pkg 2.863 J/exec (intercept -0.1787 J), wall 0.081384 s/exec (intercept 0.172195 s)
[10/53] queries/tpch/tpch-queries/q04/v2_in.sql (2 warmup [warm ones = N=1 anchor] + 3 x5)
  warmup 1/2: 0.221909 sec, 1 copy (cache prime)
  warmup 2/2: 0.250081 sec, 1 copy (N=1 anchor)
  batch 1/3: 0.582968 sec, 5 copies (server sum 476.762 ms)
  batch 2/3: 0.606803 sec, 5 copies (server sum 505.805 ms)
  batch 3/3: 0.597178 sec, 5 copies (server sum 477.976 ms)
  slope: pkg 2.768 J/exec (intercept -0.1197 J), wall 0.086392 s/exec (intercept 0.163689 s)
[11/53] queries/tpch/tpch-queries/q05/base.sql (2 warmup [warm ones = N=1 anchor] + 3 x5)
  warmup 1/2: 0.318041 sec, 1 copy (cache prime)
  warmup 2/2: 0.391084 sec, 1 copy (N=1 anchor)
  batch 1/3: 1.426082 sec, 5 copies (server sum 1321.403 ms)
  batch 2/3: 1.397842 sec, 5 copies (server sum 1294.813 ms)
  batch 3/3: 1.385880 sec, 5 copies (server sum 1280.273 ms)
  slope: pkg 3.635 J/exec (intercept 0.6943 J), wall 0.253046 s/exec (intercept 0.138038 s)
[12/53] queries/tpch/tpch-queries/q05/v1_materialized.sql (2 warmup [warm ones = N=1 anchor] + 3 x5)
  warmup 1/2: 0.397041 sec, 1 copy (cache prime)
  warmup 2/2: 0.312155 sec, 1 copy (N=1 anchor)
  batch 1/3: 1.403866 sec, 5 copies (server sum 1290.690 ms)
  batch 2/3: 1.390696 sec, 5 copies (server sum 1288.449 ms)
  batch 3/3: 1.442235 sec, 5 copies (server sum 1288.919 ms)
  slope: pkg 3.557 J/exec (intercept 1.099 J), wall 0.275028 s/exec (intercept 0.037127 s)
[13/53] queries/tpch/tpch-queries/q06/base.sql (2 warmup [warm ones = N=1 anchor] + 3 x5)
  warmup 1/2: 0.106132 sec, 1 copy (cache prime)
  warmup 2/2: 0.101363 sec, 1 copy (N=1 anchor)
  batch 1/3: 0.331409 sec, 5 copies (server sum 289.336 ms)
  batch 2/3: 0.337086 sec, 5 copies (server sum 295.799 ms)
  batch 3/3: 0.537773 sec, 5 copies (server sum 372.370 ms)
  slope: pkg 1.872 J/exec (intercept 0.7599 J), wall 0.075182 s/exec (intercept 0.026181 s)
[14/53] queries/tpch/tpch-queries/q06/v1_materialized.sql (2 warmup [warm ones = N=1 anchor] + 3 x5)
  warmup 1/2: 0.185742 sec, 1 copy (cache prime)
  warmup 2/2: 0.224220 sec, 1 copy (N=1 anchor)
  batch 1/3: 0.467758 sec, 5 copies (server sum 355.070 ms)
  batch 2/3: 0.434601 sec, 5 copies (server sum 328.144 ms)
  batch 3/3: 0.458471 sec, 5 copies (server sum 344.756 ms)
  slope: pkg 1.817 J/exec (intercept 0.3522 J), wall 0.057348 s/exec (intercept 0.166872 s)
[15/53] queries/tpch/tpch-queries/q07/base.sql (2 warmup [warm ones = N=1 anchor] + 3 x5)
  warmup 1/2: 0.834264 sec, 1 copy (cache prime)
  warmup 2/2: 0.780386 sec, 1 copy (N=1 anchor)
  batch 1/3: 3.272343 sec, 5 copies (server sum 3158.495 ms)
  batch 2/3: 3.212457 sec, 5 copies (server sum 3098.929 ms)
  batch 3/3: 3.207964 sec, 5 copies (server sum 3093.178 ms)
  slope: pkg 9.224 J/exec (intercept 0.3805 J), wall 0.612634 s/exec (intercept 0.167752 s)
[16/53] queries/tpch/tpch-queries/q07/v1_materialized.sql (2 warmup [warm ones = N=1 anchor] + 3 x5)
  warmup 1/2: 0.737988 sec, 1 copy (cache prime)
  warmup 2/2: 0.673024 sec, 1 copy (N=1 anchor)
  batch 1/3: 3.220334 sec, 5 copies (server sum 3106.628 ms)
  batch 2/3: 3.199312 sec, 5 copies (server sum 3090.000 ms)
  batch 3/3: 3.218516 sec, 5 copies (server sum 3102.757 ms)
  slope: pkg 8.939 J/exec (intercept 1.616 J), wall 0.634924 s/exec (intercept 0.038100 s)
[17/53] queries/tpch/tpch-queries/q07/v2_union_all.sql (2 warmup [warm ones = N=1 anchor] + 3 x5)
  warmup 1/2: 0.718629 sec, 1 copy (cache prime)
  warmup 2/2: 0.695367 sec, 1 copy (N=1 anchor)
  batch 1/3: 3.046755 sec, 5 copies (server sum 2931.568 ms)
  batch 2/3: 3.033693 sec, 5 copies (server sum 2907.584 ms)
  batch 3/3: 3.029244 sec, 5 copies (server sum 2926.011 ms)
  slope: pkg 7.441 J/exec (intercept 2.187 J), wall 0.585299 s/exec (intercept 0.110068 s)
[18/53] queries/tpch/tpch-queries/q08/base.sql (2 warmup [warm ones = N=1 anchor] + 3 x5)
  warmup 1/2: 0.251163 sec, 1 copy (cache prime)
  warmup 2/2: 0.248595 sec, 1 copy (N=1 anchor)
  batch 1/3: 0.803225 sec, 5 copies (server sum 701.386 ms)
  batch 2/3: 0.808990 sec, 5 copies (server sum 703.566 ms)
  batch 3/3: 0.816738 sec, 5 copies (server sum 711.545 ms)
  slope: pkg 2.294 J/exec (intercept 1.433 J), wall 0.140264 s/exec (intercept 0.108331 s)
[19/53] queries/tpch/tpch-queries/q08/v1_materialized.sql (2 warmup [warm ones = N=1 anchor] + 3 x5)
  warmup 1/2: 0.249108 sec, 1 copy (cache prime)
  warmup 2/2: 0.257925 sec, 1 copy (N=1 anchor)
  batch 1/3: 0.810871 sec, 5 copies (server sum 705.829 ms)
  batch 2/3: 0.824827 sec, 5 copies (server sum 715.563 ms)
  batch 3/3: 0.807260 sec, 5 copies (server sum 703.754 ms)
  slope: pkg 2.347 J/exec (intercept 1.14 J), wall 0.139099 s/exec (intercept 0.118826 s)
[20/53] queries/tpch/tpch-queries/q08/v2_filter.sql (2 warmup [warm ones = N=1 anchor] + 3 x5)
  warmup 1/2: 0.255903 sec, 1 copy (cache prime)
  warmup 2/2: 0.244517 sec, 1 copy (N=1 anchor)
  batch 1/3: 0.818970 sec, 5 copies (server sum 704.526 ms)
  batch 2/3: 0.809762 sec, 5 copies (server sum 704.098 ms)
  batch 3/3: 0.814398 sec, 5 copies (server sum 709.377 ms)
  slope: pkg 2.281 J/exec (intercept 1.451 J), wall 0.142465 s/exec (intercept 0.102052 s)
[21/53] queries/tpch/tpch-queries/q09/base.sql (2 warmup [warm ones = N=1 anchor] + 3 x5)
  warmup 1/2: 1.142969 sec, 1 copy (cache prime)
  warmup 2/2: 1.142881 sec, 1 copy (N=1 anchor)
  batch 1/3: 5.195478 sec, 5 copies (server sum 5139.971 ms)
  batch 2/3: 5.226799 sec, 5 copies (server sum 5123.444 ms)
  batch 3/3: 5.294441 sec, 5 copies (server sum 5190.878 ms)
  slope: pkg 21.07 J/exec (intercept 1.424 J), wall 1.024006 s/exec (intercept 0.118874 s)
[22/53] queries/tpch/tpch-queries/q09/v1_materialized.sql (2 warmup [warm ones = N=1 anchor] + 3 x5)
  warmup 1/2: 1.134498 sec, 1 copy (cache prime)
  warmup 2/2: 1.139950 sec, 1 copy (N=1 anchor)
  batch 1/3: 5.589827 sec, 5 copies (server sum 5533.050 ms)
  batch 2/3: 5.752478 sec, 5 copies (server sum 5693.491 ms)
  batch 3/3: 5.796277 sec, 5 copies (server sum 5689.822 ms)
  slope: pkg 19.14 J/exec (intercept 3.622 J), wall 1.143228 s/exec (intercept -0.003278 s)
[23/53] queries/tpch/tpch-queries/q10/base.sql (2 warmup [warm ones = N=1 anchor] + 3 x5)
  warmup 1/2: 0.409734 sec, 1 copy (cache prime)
  warmup 2/2: 0.406908 sec, 1 copy (N=1 anchor)
  batch 1/3: 1.538144 sec, 5 copies (server sum 1440.507 ms)
  batch 2/3: 1.536100 sec, 5 copies (server sum 1437.525 ms)
  batch 3/3: 1.528680 sec, 5 copies (server sum 1429.092 ms)
  slope: pkg 6.51 J/exec (intercept 1.469 J), wall 0.281850 s/exec (intercept 0.125058 s)
[24/53] queries/tpch/tpch-queries/q10/v1_materialized.sql (2 warmup [warm ones = N=1 anchor] + 3 x5)
  warmup 1/2: 0.416520 sec, 1 copy (cache prime)
  warmup 2/2: 0.412002 sec, 1 copy (N=1 anchor)
  batch 1/3: 1.627535 sec, 5 copies (server sum 1483.545 ms)
  batch 2/3: 1.532323 sec, 5 copies (server sum 1476.716 ms)
  batch 3/3: 1.576581 sec, 5 copies (server sum 1479.911 ms)
  slope: pkg 6.268 J/exec (intercept 1.541 J), wall 0.291703 s/exec (intercept 0.120299 s)
[25/53] queries/tpch/tpch-queries/q11/base.sql (2 warmup [warm ones = N=1 anchor] + 3 x5)
  warmup 1/2: 0.130427 sec, 1 copy (cache prime)
  warmup 2/2: 0.193689 sec, 1 copy (N=1 anchor)
  batch 1/3: 0.529401 sec, 5 copies (server sum 422.818 ms)
  batch 2/3: 0.539835 sec, 5 copies (server sum 437.390 ms)
  batch 3/3: 0.535279 sec, 5 copies (server sum 433.481 ms)
  slope: pkg 0.5972 J/exec (intercept 0.7746 J), wall 0.085287 s/exec (intercept 0.108402 s)
[26/53] queries/tpch/tpch-queries/q11/v1_materialized.sql (2 warmup [warm ones = N=1 anchor] + 3 x5)
  warmup 1/2: 0.134980 sec, 1 copy (cache prime)
  warmup 2/2: 0.191125 sec, 1 copy (N=1 anchor)
  batch 1/3: 0.543940 sec, 5 copies (server sum 441.621 ms)
  batch 2/3: 0.547420 sec, 5 copies (server sum 443.744 ms)
  batch 3/3: 0.542810 sec, 5 copies (server sum 439.933 ms)
  slope: pkg 0.5803 J/exec (intercept 0.7774 J), wall 0.088400 s/exec (intercept 0.102726 s)
[27/53] queries/tpch/tpch-queries/q11/v2_cte_threshold.sql (2 warmup [warm ones = N=1 anchor] + 3 x5)
  warmup 1/2: 0.186785 sec, 1 copy (cache prime)
  warmup 2/2: 0.194166 sec, 1 copy (N=1 anchor)
  batch 1/3: 0.559267 sec, 5 copies (server sum 452.851 ms)
  batch 2/3: 0.545480 sec, 5 copies (server sum 442.060 ms)
  batch 3/3: 0.549857 sec, 5 copies (server sum 445.323 ms)
  slope: pkg 0.5561 J/exec (intercept 0.7795 J), wall 0.089342 s/exec (intercept 0.104824 s)
[28/53] queries/tpch/tpch-queries/q12/base.sql (2 warmup [warm ones = N=1 anchor] + 3 x5)
  warmup 1/2: 0.400515 sec, 1 copy (cache prime)
  warmup 2/2: 0.424718 sec, 1 copy (N=1 anchor)
  batch 1/3: 1.583742 sec, 5 copies (server sum 1477.724 ms)
  batch 2/3: 1.523144 sec, 5 copies (server sum 1429.881 ms)
  batch 3/3: 1.457781 sec, 5 copies (server sum 1363.682 ms)
  slope: pkg 7.775 J/exec (intercept 1.07 J), wall 0.274209 s/exec (intercept 0.150509 s)
[29/53] queries/tpch/tpch-queries/q12/v1_materialized.sql (2 warmup [warm ones = N=1 anchor] + 3 x5)
  warmup 1/2: 0.412859 sec, 1 copy (cache prime)
  warmup 2/2: 0.406423 sec, 1 copy (N=1 anchor)
  batch 1/3: 1.473260 sec, 5 copies (server sum 1378.688 ms)
  batch 2/3: 1.448928 sec, 5 copies (server sum 1342.573 ms)
  batch 3/3: 1.488218 sec, 5 copies (server sum 1389.722 ms)
  slope: pkg 7.42 J/exec (intercept 1.361 J), wall 0.265928 s/exec (intercept 0.140495 s)
[30/53] queries/tpch/tpch-queries/q12/v2_filter.sql (2 warmup [warm ones = N=1 anchor] + 3 x5)
  warmup 1/2: 0.400896 sec, 1 copy (cache prime)
  warmup 2/2: 0.346494 sec, 1 copy (N=1 anchor)
  batch 1/3: 1.400325 sec, 5 copies (server sum 1355.155 ms)
  batch 2/3: 1.525622 sec, 5 copies (server sum 1422.593 ms)
  batch 3/3: 1.514006 sec, 5 copies (server sum 1417.157 ms)
  slope: pkg 7.265 J/exec (intercept 1.43 J), wall 0.283373 s/exec (intercept 0.063121 s)
[31/53] queries/tpch/tpch-queries/q13/base.sql (2 warmup [warm ones = N=1 anchor] + 3 x5)
  warmup 1/2: 1.724342 sec, 1 copy (cache prime)
  warmup 2/2: 1.703007 sec, 1 copy (N=1 anchor)
  batch 1/3: 7.914970 sec, 5 copies (server sum 7781.079 ms)
  batch 2/3: 7.743808 sec, 5 copies (server sum 7642.862 ms)
  batch 3/3: 7.654743 sec, 5 copies (server sum 7606.700 ms)
  slope: pkg 9.037 J/exec (intercept 0.6809 J), wall 1.517042 s/exec (intercept 0.185965 s)
[32/53] queries/tpch/tpch-queries/q13/v1_materialized.sql (2 warmup [warm ones = N=1 anchor] + 3 x5)
  warmup 1/2: 1.660859 sec, 1 copy (cache prime)
  warmup 2/2: 1.680710 sec, 1 copy (N=1 anchor)
  batch 1/3: 7.769334 sec, 5 copies (server sum 7671.201 ms)
  batch 2/3: 7.648078 sec, 5 copies (server sum 7600.501 ms)
  batch 3/3: 7.648694 sec, 5 copies (server sum 7547.805 ms)
  slope: pkg 9.059 J/exec (intercept 0.3702 J), wall 1.501998 s/exec (intercept 0.178712 s)
[33/53] queries/tpch/tpch-queries/q13/v2_correlated.sql (2 warmup [warm ones = N=1 anchor] + 3 x5)
  warmup 1/2: 2.290288 sec, 1 copy (cache prime)
  warmup 2/2: 2.230918 sec, 1 copy (N=1 anchor)
  batch 1/3: 10.607153 sec, 5 copies (server sum 10513.493 ms)
  batch 2/3: 10.530292 sec, 5 copies (server sum 10486.202 ms)
  batch 3/3: 10.537802 sec, 5 copies (server sum 10441.143 ms)
  slope: pkg 19.3 J/exec (intercept 1.816 J), wall 2.081874 s/exec (intercept 0.149044 s)
[34/53] queries/tpch/tpch-queries/q14/base.sql (2 warmup [warm ones = N=1 anchor] + 3 x5)
  warmup 1/2: 0.247606 sec, 1 copy (cache prime)
  warmup 2/2: 0.244616 sec, 1 copy (N=1 anchor)
  batch 1/3: 0.754495 sec, 5 copies (server sum 649.997 ms)
  batch 2/3: 0.815502 sec, 5 copies (server sum 705.459 ms)
  batch 3/3: 0.789646 sec, 5 copies (server sum 692.227 ms)
  slope: pkg 3.403 J/exec (intercept 1.351 J), wall 0.135483 s/exec (intercept 0.109133 s)
[35/53] queries/tpch/tpch-queries/q14/v1_materialized.sql (2 warmup [warm ones = N=1 anchor] + 3 x5)
  warmup 1/2: 0.298659 sec, 1 copy (cache prime)
  warmup 2/2: 0.294512 sec, 1 copy (N=1 anchor)
  batch 1/3: 0.728006 sec, 5 copies (server sum 657.369 ms)
  batch 2/3: 0.807351 sec, 5 copies (server sum 702.088 ms)
  batch 3/3: 0.833960 sec, 5 copies (server sum 727.141 ms)
  slope: pkg 3.715 J/exec (intercept -0.1406 J), wall 0.123815 s/exec (intercept 0.170697 s)
[36/53] queries/tpch/tpch-queries/q14/v2_filter.sql (2 warmup [warm ones = N=1 anchor] + 3 x5)
  warmup 1/2: 0.306062 sec, 1 copy (cache prime)
  warmup 2/2: 0.287583 sec, 1 copy (N=1 anchor)
  batch 1/3: 0.787229 sec, 5 copies (server sum 679.474 ms)
  batch 2/3: 0.795695 sec, 5 copies (server sum 693.493 ms)
  batch 3/3: 0.819688 sec, 5 copies (server sum 710.091 ms)
  slope: pkg 3.622 J/exec (intercept 0.04241 J), wall 0.128322 s/exec (intercept 0.159261 s)
[37/53] queries/tpch/tpch-queries/q15/base.sql (2 warmup [warm ones = N=1 anchor] + 3 x5)
  warmup 1/2: 0.402156 sec, 1 copy (cache prime)
  warmup 2/2: 0.385617 sec, 1 copy (N=1 anchor)
  batch 1/3: 1.276806 sec, 5 copies (server sum 1176.512 ms)
  batch 2/3: 1.188252 sec, 5 copies (server sum 1142.458 ms)
  batch 3/3: 1.249790 sec, 5 copies (server sum 1156.539 ms)
  slope: pkg 2.023 J/exec (intercept 1.335 J), wall 0.213166 s/exec (intercept 0.172450 s)
[38/53] queries/tpch/tpch-queries/q15/v1_materialized.sql (2 warmup [warm ones = N=1 anchor] + 3 x5)
  warmup 1/2: 0.373768 sec, 1 copy (cache prime)
  warmup 2/2: 0.340783 sec, 1 copy (N=1 anchor)
  batch 1/3: 1.247815 sec, 5 copies (server sum 1154.066 ms)
  batch 2/3: 1.263488 sec, 5 copies (server sum 1163.259 ms)
  batch 3/3: 1.244041 sec, 5 copies (server sum 1150.253 ms)
  slope: pkg 2.042 J/exec (intercept 1.448 J), wall 0.227750 s/exec (intercept 0.113033 s)
[39/53] queries/tpch/tpch-queries/q16/base.sql (2 warmup [warm ones = N=1 anchor] + 3 x5)
  warmup 1/2: 0.309871 sec, 1 copy (cache prime)
  warmup 2/2: 0.327870 sec, 1 copy (N=1 anchor)
  batch 1/3: 1.231622 sec, 5 copies (server sum 1127.979 ms)
  batch 2/3: 1.227454 sec, 5 copies (server sum 1099.374 ms)
  batch 3/3: 1.181757 sec, 5 copies (server sum 1136.429 ms)
  slope: pkg 6.178 J/exec (intercept 0.4419 J), wall 0.221435 s/exec (intercept 0.106435 s)
[40/53] queries/tpch/tpch-queries/q16/v1_materialized.sql (2 warmup [warm ones = N=1 anchor] + 3 x5)
  warmup 1/2: 0.321908 sec, 1 copy (cache prime)
  warmup 2/2: 0.339940 sec, 1 copy (N=1 anchor)
  batch 1/3: 1.253638 sec, 5 copies (server sum 1136.243 ms)
  batch 2/3: 1.172830 sec, 5 copies (server sum 1127.243 ms)
  batch 3/3: 1.256142 sec, 5 copies (server sum 1149.328 ms)
  slope: pkg 6.204 J/exec (intercept 0.6435 J), wall 0.221899 s/exec (intercept 0.118041 s)
[41/53] queries/tpch/tpch-queries/q16/v2_not_exists.sql (2 warmup [warm ones = N=1 anchor] + 3 x5)
  warmup 1/2: 0.303878 sec, 1 copy (cache prime)
  warmup 2/2: 0.318886 sec, 1 copy (N=1 anchor)
  batch 1/3: 1.158787 sec, 5 copies (server sum 1052.436 ms)
  batch 2/3: 1.155034 sec, 5 copies (server sum 1046.651 ms)
  batch 3/3: 1.164523 sec, 5 copies (server sum 1067.113 ms)
  slope: pkg 4.844 J/exec (intercept 0.5113 J), wall 0.210141 s/exec (intercept 0.108745 s)
[42/53] queries/tpch/tpch-queries/q17/v2_decorrelate.sql (2 warmup [warm ones = N=1 anchor] + 3 x5)
  warmup 1/2: 4.162710 sec, 1 copy (cache prime)
  warmup 2/2: 4.181858 sec, 1 copy (N=1 anchor)
  batch 1/3: 20.288613 sec, 5 copies (server sum 20194.714 ms)
  batch 2/3: 20.204437 sec, 5 copies (server sum 20156.759 ms)
  batch 3/3: 20.460172 sec, 5 copies (server sum 20364.015 ms)
  slope: pkg 18.77 J/exec (intercept 1.314 J), wall 4.033971 s/exec (intercept 0.147888 s)
[43/53] queries/tpch/tpch-queries/q18/base.sql (2 warmup [warm ones = N=1 anchor] + 3 x5)
  warmup 1/2: 4.548454 sec, 1 copy (cache prime)
  warmup 2/2: 4.332510 sec, 1 copy (N=1 anchor)
  batch 1/3: 22.450520 sec, 5 copies (server sum 22337.254 ms)
  batch 2/3: 24.114014 sec, 5 copies (server sum 24001.055 ms)
  batch 3/3: 24.855139 sec, 5 copies (server sum 24744.414 ms)
  slope: pkg 109.4 J/exec (intercept 28.19 J), wall 4.868512 s/exec (intercept -0.536002 s)
[44/53] queries/tpch/tpch-queries/q18/v1_materialized.sql (2 warmup [warm ones = N=1 anchor] + 3 x5)
  warmup 1/2: 5.234025 sec, 1 copy (cache prime)
  warmup 2/2: 5.143718 sec, 1 copy (N=1 anchor)
  batch 1/3: 24.970120 sec, 5 copies (server sum 24817.585 ms)
  batch 2/3: 25.071934 sec, 5 copies (server sum 24917.918 ms)
  batch 3/3: 24.985573 sec, 5 copies (server sum 24838.636 ms)
  slope: pkg 109 J/exec (intercept 3.977 J), wall 4.966373 s/exec (intercept 0.177346 s)
[45/53] queries/tpch/tpch-queries/q18/v2_join.sql (2 warmup [warm ones = N=1 anchor] + 3 x5)
  warmup 1/2: 5.113739 sec, 1 copy (cache prime)
  warmup 2/2: 5.187503 sec, 1 copy (N=1 anchor)
  batch 1/3: 24.639837 sec, 5 copies (server sum 24587.745 ms)
  batch 2/3: 24.891652 sec, 5 copies (server sum 24770.012 ms)
  batch 3/3: 24.818433 sec, 5 copies (server sum 24660.058 ms)
  slope: pkg 107.8 J/exec (intercept 5.37 J), wall 4.898951 s/exec (intercept 0.288552 s)
[46/53] queries/tpch/tpch-queries/q19/base.sql (2 warmup [warm ones = N=1 anchor] + 3 x5)
  warmup 1/2: 0.185505 sec, 1 copy (cache prime)
  warmup 2/2: 0.164124 sec, 1 copy (N=1 anchor)
  batch 1/3: 0.218303 sec, 5 copies (server sum 173.817 ms)
  batch 2/3: 0.271662 sec, 5 copies (server sum 173.300 ms)
  batch 3/3: 0.267360 sec, 5 copies (server sum 171.954 ms)
  slope: pkg 0.92 J/exec (intercept 0.6409 J), wall 0.022079 s/exec (intercept 0.142045 s)
[47/53] queries/tpch/tpch-queries/q19/v1_materialized.sql (2 warmup [warm ones = N=1 anchor] + 3 x5)
  warmup 1/2: 0.146177 sec, 1 copy (cache prime)
  warmup 2/2: 0.080855 sec, 1 copy (N=1 anchor)
  batch 1/3: 0.218353 sec, 5 copies (server sum 173.687 ms)
  batch 2/3: 0.281818 sec, 5 copies (server sum 179.318 ms)
  batch 3/3: 0.279004 sec, 5 copies (server sum 177.012 ms)
  slope: pkg 0.867 J/exec (intercept 0.7364 J), wall 0.044717 s/exec (intercept 0.036137 s)
[48/53] queries/tpch/tpch-queries/q19/v2_union_all.sql (2 warmup [warm ones = N=1 anchor] + 3 x5)
  warmup 1/2: 0.153427 sec, 1 copy (cache prime)
  warmup 2/2: 0.091080 sec, 1 copy (N=1 anchor)
  batch 1/3: 0.270872 sec, 5 copies (server sum 224.771 ms)
  batch 2/3: 0.336210 sec, 5 copies (server sum 234.936 ms)
  batch 3/3: 0.333875 sec, 5 copies (server sum 229.852 ms)
  slope: pkg 1.124 J/exec (intercept 0.8042 J), wall 0.055643 s/exec (intercept 0.035437 s)
[49/53] queries/tpch/tpch-queries/q21/base.sql (2 warmup [warm ones = N=1 anchor] + 3 x5)
  warmup 1/2: 0.582696 sec, 1 copy (cache prime)
  warmup 2/2: 0.685806 sec, 1 copy (N=1 anchor)
  batch 1/3: 2.448790 sec, 5 copies (server sum 2346.492 ms)
  batch 2/3: 2.481647 sec, 5 copies (server sum 2370.529 ms)
  batch 3/3: 2.482417 sec, 5 copies (server sum 2379.874 ms)
  slope: pkg 10.4 J/exec (intercept 0.4172 J), wall 0.446286 s/exec (intercept 0.239520 s)
[50/53] queries/tpch/tpch-queries/q21/v1_materialized.sql (2 warmup [warm ones = N=1 anchor] + 3 x5)
  warmup 1/2: 0.573116 sec, 1 copy (cache prime)
  warmup 2/2: 0.577422 sec, 1 copy (N=1 anchor)
  batch 1/3: 2.439282 sec, 5 copies (server sum 2336.966 ms)
  batch 2/3: 2.463004 sec, 5 copies (server sum 2365.653 ms)
  batch 3/3: 2.457255 sec, 5 copies (server sum 2352.355 ms)
  slope: pkg 10.22 J/exec (intercept 1.403 J), wall 0.468940 s/exec (intercept 0.108482 s)
[51/53] queries/tpch/tpch-queries/q22/base.sql (2 warmup [warm ones = N=1 anchor] + 3 x5)
  warmup 1/2: 0.165030 sec, 1 copy (cache prime)
  warmup 2/2: 0.120090 sec, 1 copy (N=1 anchor)
  batch 1/3: 0.354653 sec, 5 copies (server sum 275.535 ms)
  batch 2/3: 0.421780 sec, 5 copies (server sum 309.827 ms)
  batch 3/3: 0.415316 sec, 5 copies (server sum 308.164 ms)
  slope: pkg 1.459 J/exec (intercept 0.2554 J), wall 0.069290 s/exec (intercept 0.050800 s)
[52/53] queries/tpch/tpch-queries/q22/v1_materialized.sql (2 warmup [warm ones = N=1 anchor] + 3 x5)
  warmup 1/2: 0.179716 sec, 1 copy (cache prime)
  warmup 2/2: 0.113275 sec, 1 copy (N=1 anchor)
  batch 1/3: 0.313571 sec, 5 copies (server sum 269.807 ms)
  batch 2/3: 0.411838 sec, 5 copies (server sum 303.649 ms)
  batch 3/3: 0.410643 sec, 5 copies (server sum 300.935 ms)
  slope: pkg 1.449 J/exec (intercept 0.5992 J), wall 0.066352 s/exec (intercept 0.046923 s)
[53/53] queries/tpch/tpch-queries/q22/v2_anti_join.sql (2 warmup [warm ones = N=1 anchor] + 3 x5)
  warmup 1/2: 0.242329 sec, 1 copy (cache prime)
  warmup 2/2: 0.267757 sec, 1 copy (N=1 anchor)
  batch 1/3: 0.645117 sec, 5 copies (server sum 539.573 ms)
  batch 2/3: 0.647029 sec, 5 copies (server sum 539.948 ms)
  batch 3/3: 0.626295 sec, 5 copies (server sum 527.246 ms)
  slope: pkg 2.982 J/exec (intercept 0.124 J), wall 0.092931 s/exec (intercept 0.174826 s)

Done. Batch rows appended to logs/work_mem/wm_64MB/query_timing_tpch_idx.csv
Per-copy samples appended to logs/work_mem/wm_64MB/query_samples_tpch_idx.csv
Relation sizes appended to logs/work_mem/wm_64MB/query_catalog_tpch_idx.csv
Per-query slope/intercept appended to logs/work_mem/wm_64MB/query_slope_tpch_idx.csv
make: Leaving directory '/home/user01/GreenSQL'
