make: Entering directory '/home/user01/GreenSQL'
query_runner configuration:
  QUERY_DIR      = queries/tpch/tpch-queries
  LOG_FILE       = logs/work_mem/wm_64MB/query_timing_tpch.csv
  SAMPLE_FILE    = logs/work_mem/wm_64MB/query_samples_tpch.csv
  CATALOG_FILE   = logs/work_mem/wm_64MB/query_catalog_tpch.csv
  SLOPE_FILE     = logs/work_mem/wm_64MB/query_slope_tpch.csv
  DB_NAME        = tpch
  DB_USER        = postgres
  PGPORT         = 5434
  PG_VERSION     = 18.4  (as reported by the server on that port)
  BATCHNUM       = 5 (slope sizes: 1 copy and 5 copies)
  RUNS           = 3 (measured batches per size)
  WARMUP         = 2 (single-copy; #1 primes cache, warm ones = N=1 anchor)
  WORKERS        = (planner default)
  STATEMENT_TIMEOUT = 900
  SIGLESS_ADDR   = (disabled)
Found 53 queries under queries/tpch/tpch-queries

Catalog snapshot: 11 relations -> logs/work_mem/wm_64MB/query_catalog_tpch.csv
[1/53] queries/tpch/tpch-queries/q01/base.sql (2 warmup [warm ones = N=1 anchor] + 3 x5)
  warmup 1/2: 1.578096 sec, 1 copy (cache prime)
  warmup 2/2: 1.610725 sec, 1 copy (N=1 anchor)
  batch 1/3: 8.211935 sec, 5 copies (server sum 8105.954 ms)
  batch 2/3: 8.516288 sec, 5 copies (server sum 8404.846 ms)
  batch 3/3: 8.516194 sec, 5 copies (server sum 8395.819 ms)
  slope: pkg 36.77 J/exec (intercept 6.439 J), wall 1.701020 s/exec (intercept -0.090296 s)
[2/53] queries/tpch/tpch-queries/q01/v1_materialized.sql (2 warmup [warm ones = N=1 anchor] + 3 x5)
  warmup 1/2: 1.735497 sec, 1 copy (cache prime)
  warmup 2/2: 1.798971 sec, 1 copy (N=1 anchor)
  batch 1/3: 8.532353 sec, 5 copies (server sum 8401.942 ms)
  batch 2/3: 8.474152 sec, 5 copies (server sum 8403.160 ms)
  batch 3/3: 8.506930 sec, 5 copies (server sum 8398.371 ms)
  slope: pkg 36.78 J/exec (intercept 2.68 J), wall 1.676377 s/exec (intercept 0.122594 s)
[3/53] queries/tpch/tpch-queries/q02/base.sql (2 warmup [warm ones = N=1 anchor] + 3 x5)
  warmup 1/2: 54.896749 sec, 1 copy (cache prime)
  warmup 2/2: 53.938407 sec, 1 copy (N=1 anchor)
  batch 1/3: 267.185808 sec, 5 copies (server sum 267089.528 ms)
  batch 2/3: 269.130141 sec, 5 copies (server sum 269024.228 ms)
  batch 3/3: 267.212491 sec, 5 copies (server sum 267113.135 ms)
  slope: pkg 458 J/exec (intercept -4.161 J), wall 53.476102 s/exec (intercept 0.462305 s)
[4/53] queries/tpch/tpch-queries/q02/v1_materialized.sql (2 warmup [warm ones = N=1 anchor] + 3 x5)
  warmup 1/2: 53.982197 sec, 1 copy (cache prime)
  warmup 2/2: 53.390450 sec, 1 copy (N=1 anchor)
  batch 1/3: 268.048211 sec, 5 copies (server sum 267951.275 ms)
  batch 2/3: 265.091590 sec, 5 copies (server sum 264992.326 ms)
  batch 3/3: 265.037144 sec, 5 copies (server sum 264936.502 ms)
  slope: pkg 455.8 J/exec (intercept 3.354 J), wall 53.167133 s/exec (intercept 0.223317 s)
[5/53] queries/tpch/tpch-queries/q02/v2_decorrelate.sql (2 warmup [warm ones = N=1 anchor] + 3 x5)
  warmup 1/2: 0.312915 sec, 1 copy (cache prime)
  warmup 2/2: 0.319110 sec, 1 copy (N=1 anchor)
  batch 1/3: 1.222142 sec, 5 copies (server sum 1114.532 ms)
  batch 2/3: 1.178406 sec, 5 copies (server sum 1070.064 ms)
  batch 3/3: 1.187467 sec, 5 copies (server sum 1074.494 ms)
  slope: pkg 3.26 J/exec (intercept 0.6573 J), wall 0.219224 s/exec (intercept 0.099887 s)
[6/53] queries/tpch/tpch-queries/q03/base.sql (2 warmup [warm ones = N=1 anchor] + 3 x5)
  warmup 1/2: 0.373032 sec, 1 copy (cache prime)
  warmup 2/2: 0.368697 sec, 1 copy (N=1 anchor)
  batch 1/3: 1.351641 sec, 5 copies (server sum 1249.224 ms)
  batch 2/3: 1.386580 sec, 5 copies (server sum 1288.702 ms)
  batch 3/3: 1.374514 sec, 5 copies (server sum 1276.260 ms)
  slope: pkg 7.632 J/exec (intercept 1.008 J), wall 0.250554 s/exec (intercept 0.118143 s)
[7/53] queries/tpch/tpch-queries/q03/v1_materialized.sql (2 warmup [warm ones = N=1 anchor] + 3 x5)
  warmup 1/2: 0.404556 sec, 1 copy (cache prime)
  warmup 2/2: 0.442640 sec, 1 copy (N=1 anchor)
  batch 1/3: 1.396411 sec, 5 copies (server sum 1294.309 ms)
  batch 2/3: 1.361445 sec, 5 copies (server sum 1263.915 ms)
  batch 3/3: 1.361773 sec, 5 copies (server sum 1263.681 ms)
  slope: pkg 8.032 J/exec (intercept -0.6235 J), wall 0.232643 s/exec (intercept 0.209997 s)
[8/53] queries/tpch/tpch-queries/q04/base.sql (2 warmup [warm ones = N=1 anchor] + 3 x5)
  warmup 1/2: 0.197639 sec, 1 copy (cache prime)
  warmup 2/2: 0.240498 sec, 1 copy (N=1 anchor)
  batch 1/3: 0.598055 sec, 5 copies (server sum 491.359 ms)
  batch 2/3: 0.565684 sec, 5 copies (server sum 466.722 ms)
  batch 3/3: 0.557445 sec, 5 copies (server sum 461.343 ms)
  slope: pkg 3.234 J/exec (intercept -0.2249 J), wall 0.083308 s/exec (intercept 0.157190 s)
[9/53] queries/tpch/tpch-queries/q04/v1_materialized.sql (2 warmup [warm ones = N=1 anchor] + 3 x5)
  warmup 1/2: 0.190387 sec, 1 copy (cache prime)
  warmup 2/2: 0.255121 sec, 1 copy (N=1 anchor)
  batch 1/3: 0.566802 sec, 5 copies (server sum 466.876 ms)
  batch 2/3: 0.618584 sec, 5 copies (server sum 469.293 ms)
  batch 3/3: 0.517229 sec, 5 copies (server sum 466.138 ms)
  slope: pkg 3.256 J/exec (intercept -0.4089 J), wall 0.078104 s/exec (intercept 0.177017 s)
[10/53] queries/tpch/tpch-queries/q04/v2_in.sql (2 warmup [warm ones = N=1 anchor] + 3 x5)
  warmup 1/2: 0.208747 sec, 1 copy (cache prime)
  warmup 2/2: 0.238522 sec, 1 copy (N=1 anchor)
  batch 1/3: 0.592958 sec, 5 copies (server sum 483.943 ms)
  batch 2/3: 0.568028 sec, 5 copies (server sum 468.216 ms)
  batch 3/3: 0.559854 sec, 5 copies (server sum 463.268 ms)
  slope: pkg 3.241 J/exec (intercept -0.3361 J), wall 0.083773 s/exec (intercept 0.154750 s)
[11/53] queries/tpch/tpch-queries/q05/base.sql (2 warmup [warm ones = N=1 anchor] + 3 x5)
  warmup 1/2: 0.352581 sec, 1 copy (cache prime)
  warmup 2/2: 0.393787 sec, 1 copy (N=1 anchor)
  batch 1/3: 1.380285 sec, 5 copies (server sum 1273.564 ms)
  batch 2/3: 1.368674 sec, 5 copies (server sum 1262.387 ms)
  batch 3/3: 1.343430 sec, 5 copies (server sum 1245.863 ms)
  slope: pkg 3.526 J/exec (intercept 0.6055 J), wall 0.242586 s/exec (intercept 0.151201 s)
[12/53] queries/tpch/tpch-queries/q05/v1_materialized.sql (2 warmup [warm ones = N=1 anchor] + 3 x5)
  warmup 1/2: 0.344038 sec, 1 copy (cache prime)
  warmup 2/2: 0.358077 sec, 1 copy (N=1 anchor)
  batch 1/3: 1.339905 sec, 5 copies (server sum 1241.691 ms)
  batch 2/3: 1.343699 sec, 5 copies (server sum 1240.560 ms)
  batch 3/3: 1.349329 sec, 5 copies (server sum 1245.740 ms)
  slope: pkg 3.488 J/exec (intercept 1.086 J), wall 0.246559 s/exec (intercept 0.111518 s)
[13/53] queries/tpch/tpch-queries/q06/base.sql (2 warmup [warm ones = N=1 anchor] + 3 x5)
  warmup 1/2: 0.322780 sec, 1 copy (cache prime)
  warmup 2/2: 0.392102 sec, 1 copy (N=1 anchor)
  batch 1/3: 1.303348 sec, 5 copies (server sum 1200.547 ms)
  batch 2/3: 1.264679 sec, 5 copies (server sum 1172.365 ms)
  batch 3/3: 1.323722 sec, 5 copies (server sum 1225.230 ms)
  slope: pkg 7.454 J/exec (intercept 0.4275 J), wall 0.226287 s/exec (intercept 0.165815 s)
[14/53] queries/tpch/tpch-queries/q06/v1_materialized.sql (2 warmup [warm ones = N=1 anchor] + 3 x5)
  warmup 1/2: 0.373760 sec, 1 copy (cache prime)
  warmup 2/2: 0.393705 sec, 1 copy (N=1 anchor)
  batch 1/3: 1.339206 sec, 5 copies (server sum 1239.080 ms)
  batch 2/3: 1.329906 sec, 5 copies (server sum 1230.253 ms)
  batch 3/3: 1.303244 sec, 5 copies (server sum 1203.904 ms)
  slope: pkg 7.23 J/exec (intercept 0.5754 J), wall 0.232603 s/exec (intercept 0.161102 s)
[15/53] queries/tpch/tpch-queries/q07/base.sql (2 warmup [warm ones = N=1 anchor] + 3 x5)
  warmup 1/2: 0.417911 sec, 1 copy (cache prime)
  warmup 2/2: 0.399053 sec, 1 copy (N=1 anchor)
  batch 1/3: 1.555568 sec, 5 copies (server sum 1457.959 ms)
  batch 2/3: 1.570458 sec, 5 copies (server sum 1461.655 ms)
  batch 3/3: 1.546192 sec, 5 copies (server sum 1450.838 ms)
  slope: pkg 4.801 J/exec (intercept 1.362 J), wall 0.289588 s/exec (intercept 0.109465 s)
[16/53] queries/tpch/tpch-queries/q07/v1_materialized.sql (2 warmup [warm ones = N=1 anchor] + 3 x5)
  warmup 1/2: 0.403112 sec, 1 copy (cache prime)
  warmup 2/2: 0.393101 sec, 1 copy (N=1 anchor)
  batch 1/3: 1.496046 sec, 5 copies (server sum 1449.332 ms)
  batch 2/3: 1.542489 sec, 5 copies (server sum 1444.713 ms)
  batch 3/3: 1.551963 sec, 5 copies (server sum 1450.519 ms)
  slope: pkg 4.812 J/exec (intercept 1.517 J), wall 0.284266 s/exec (intercept 0.108835 s)
[17/53] queries/tpch/tpch-queries/q07/v2_union_all.sql (2 warmup [warm ones = N=1 anchor] + 3 x5)
  warmup 1/2: 0.347388 sec, 1 copy (cache prime)
  warmup 2/2: 0.408023 sec, 1 copy (N=1 anchor)
  batch 1/3: 1.584426 sec, 5 copies (server sum 1486.403 ms)
  batch 2/3: 1.578489 sec, 5 copies (server sum 1479.947 ms)
  batch 3/3: 1.580315 sec, 5 copies (server sum 1479.906 ms)
  slope: pkg 4.924 J/exec (intercept 1.257 J), wall 0.293263 s/exec (intercept 0.114760 s)
[18/53] queries/tpch/tpch-queries/q08/base.sql (2 warmup [warm ones = N=1 anchor] + 3 x5)
  warmup 1/2: 0.424642 sec, 1 copy (cache prime)
  warmup 2/2: 0.473866 sec, 1 copy (N=1 anchor)
  batch 1/3: 1.869868 sec, 5 copies (server sum 1773.248 ms)
  batch 2/3: 1.881462 sec, 5 copies (server sum 1785.787 ms)
  batch 3/3: 1.888615 sec, 5 copies (server sum 1786.004 ms)
  slope: pkg 6.157 J/exec (intercept 1.683 J), wall 0.351529 s/exec (intercept 0.122337 s)
[19/53] queries/tpch/tpch-queries/q08/v1_materialized.sql (2 warmup [warm ones = N=1 anchor] + 3 x5)
  warmup 1/2: 0.482648 sec, 1 copy (cache prime)
  warmup 2/2: 0.474224 sec, 1 copy (N=1 anchor)
  batch 1/3: 1.887228 sec, 5 copies (server sum 1790.337 ms)
  batch 2/3: 1.883158 sec, 5 copies (server sum 1780.269 ms)
  batch 3/3: 1.878656 sec, 5 copies (server sum 1778.641 ms)
  slope: pkg 6.162 J/exec (intercept 1.619 J), wall 0.352198 s/exec (intercept 0.122026 s)
[20/53] queries/tpch/tpch-queries/q08/v2_filter.sql (2 warmup [warm ones = N=1 anchor] + 3 x5)
  warmup 1/2: 0.480199 sec, 1 copy (cache prime)
  warmup 2/2: 0.486099 sec, 1 copy (N=1 anchor)
  batch 1/3: 1.894962 sec, 5 copies (server sum 1792.577 ms)
  batch 2/3: 1.882857 sec, 5 copies (server sum 1785.844 ms)
  batch 3/3: 1.889784 sec, 5 copies (server sum 1785.361 ms)
  slope: pkg 6.203 J/exec (intercept 1.364 J), wall 0.350776 s/exec (intercept 0.135323 s)
[21/53] queries/tpch/tpch-queries/q09/base.sql (2 warmup [warm ones = N=1 anchor] + 3 x5)
  warmup 1/2: 0.984114 sec, 1 copy (cache prime)
  warmup 2/2: 0.933038 sec, 1 copy (N=1 anchor)
  batch 1/3: 4.519738 sec, 5 copies (server sum 4412.519 ms)
  batch 2/3: 4.560497 sec, 5 copies (server sum 4465.020 ms)
  batch 3/3: 4.518566 sec, 5 copies (server sum 4469.871 ms)
  slope: pkg 20.49 J/exec (intercept 0.7806 J), wall 0.899974 s/exec (intercept 0.033064 s)
[22/53] queries/tpch/tpch-queries/q09/v1_materialized.sql (2 warmup [warm ones = N=1 anchor] + 3 x5)
  warmup 1/2: 0.994403 sec, 1 copy (cache prime)
  warmup 2/2: 1.007897 sec, 1 copy (N=1 anchor)
  batch 1/3: 4.656218 sec, 5 copies (server sum 4547.389 ms)
  batch 2/3: 4.629635 sec, 5 copies (server sum 4525.376 ms)
  batch 3/3: 4.609468 sec, 5 copies (server sum 4497.926 ms)
  slope: pkg 20.17 J/exec (intercept 0.8445 J), wall 0.905969 s/exec (intercept 0.101928 s)
[23/53] queries/tpch/tpch-queries/q10/base.sql (2 warmup [warm ones = N=1 anchor] + 3 x5)
  warmup 1/2: 0.353537 sec, 1 copy (cache prime)
  warmup 2/2: 0.379738 sec, 1 copy (N=1 anchor)
  batch 1/3: 1.299014 sec, 5 copies (server sum 1254.238 ms)
  batch 2/3: 1.393313 sec, 5 copies (server sum 1296.852 ms)
  batch 3/3: 1.404935 sec, 5 copies (server sum 1271.543 ms)
  slope: pkg 6.941 J/exec (intercept 1.316 J), wall 0.246504 s/exec (intercept 0.133234 s)
[24/53] queries/tpch/tpch-queries/q10/v1_materialized.sql (2 warmup [warm ones = N=1 anchor] + 3 x5)
  warmup 1/2: 0.409779 sec, 1 copy (cache prime)
  warmup 2/2: 0.333040 sec, 1 copy (N=1 anchor)
  batch 1/3: 1.445480 sec, 5 copies (server sum 1338.527 ms)
  batch 2/3: 1.442558 sec, 5 copies (server sum 1342.877 ms)
  batch 3/3: 1.485740 sec, 5 copies (server sum 1388.136 ms)
  slope: pkg 7.173 J/exec (intercept 0.7851 J), wall 0.281222 s/exec (intercept 0.051818 s)
[25/53] queries/tpch/tpch-queries/q11/base.sql (2 warmup [warm ones = N=1 anchor] + 3 x5)
  warmup 1/2: 0.137679 sec, 1 copy (cache prime)
  warmup 2/2: 0.266866 sec, 1 copy (N=1 anchor)
  batch 1/3: 0.470978 sec, 5 copies (server sum 427.850 ms)
  batch 2/3: 0.585193 sec, 5 copies (server sum 475.051 ms)
  batch 3/3: 0.565334 sec, 5 copies (server sum 447.274 ms)
  slope: pkg 2.444 J/exec (intercept -0.2697 J), wall 0.068409 s/exec (intercept 0.198458 s)
[26/53] queries/tpch/tpch-queries/q11/v1_materialized.sql (2 warmup [warm ones = N=1 anchor] + 3 x5)
  warmup 1/2: 0.211736 sec, 1 copy (cache prime)
  warmup 2/2: 0.235270 sec, 1 copy (N=1 anchor)
  batch 1/3: 0.576189 sec, 5 copies (server sum 428.458 ms)
  batch 2/3: 0.572150 sec, 5 copies (server sum 459.995 ms)
  batch 3/3: 0.559238 sec, 5 copies (server sum 451.200 ms)
  slope: pkg 2.461 J/exec (intercept -0.5204 J), wall 0.083480 s/exec (intercept 0.151790 s)
[27/53] queries/tpch/tpch-queries/q11/v2_cte_threshold.sql (2 warmup [warm ones = N=1 anchor] + 3 x5)
  warmup 1/2: 0.210896 sec, 1 copy (cache prime)
  warmup 2/2: 0.231632 sec, 1 copy (N=1 anchor)
  batch 1/3: 0.553985 sec, 5 copies (server sum 439.506 ms)
  batch 2/3: 0.551994 sec, 5 copies (server sum 446.539 ms)
  batch 3/3: 0.516788 sec, 5 copies (server sum 412.521 ms)
  slope: pkg 2.4 J/exec (intercept -0.2332 J), wall 0.077323 s/exec (intercept 0.154309 s)
[28/53] queries/tpch/tpch-queries/q12/base.sql (2 warmup [warm ones = N=1 anchor] + 3 x5)
  warmup 1/2: 0.589866 sec, 1 copy (cache prime)
  warmup 2/2: 0.583692 sec, 1 copy (N=1 anchor)
  batch 1/3: 2.298513 sec, 5 copies (server sum 2191.302 ms)
  batch 2/3: 2.404528 sec, 5 copies (server sum 2308.827 ms)
  batch 3/3: 2.516481 sec, 5 copies (server sum 2366.416 ms)
  slope: pkg 11.1 J/exec (intercept 1.71 J), wall 0.455704 s/exec (intercept 0.127988 s)
[29/53] queries/tpch/tpch-queries/q12/v1_materialized.sql (2 warmup [warm ones = N=1 anchor] + 3 x5)
  warmup 1/2: 0.527675 sec, 1 copy (cache prime)
  warmup 2/2: 0.620040 sec, 1 copy (N=1 anchor)
  batch 1/3: 2.473741 sec, 5 copies (server sum 2361.853 ms)
  batch 2/3: 2.475143 sec, 5 copies (server sum 2369.080 ms)
  batch 3/3: 2.459923 sec, 5 copies (server sum 2358.732 ms)
  slope: pkg 10.42 J/exec (intercept 2.311 J), wall 0.462391 s/exec (intercept 0.157649 s)
[30/53] queries/tpch/tpch-queries/q12/v2_filter.sql (2 warmup [warm ones = N=1 anchor] + 3 x5)
  warmup 1/2: 0.582542 sec, 1 copy (cache prime)
  warmup 2/2: 0.622493 sec, 1 copy (N=1 anchor)
  batch 1/3: 2.457239 sec, 5 copies (server sum 2344.899 ms)
  batch 2/3: 2.463470 sec, 5 copies (server sum 2358.286 ms)
  batch 3/3: 2.452951 sec, 5 copies (server sum 2354.823 ms)
  slope: pkg 10.38 J/exec (intercept 2.38 J), wall 0.458848 s/exec (intercept 0.163644 s)
[31/53] queries/tpch/tpch-queries/q13/base.sql (2 warmup [warm ones = N=1 anchor] + 3 x5)
  warmup 1/2: 1.743035 sec, 1 copy (cache prime)
  warmup 2/2: 1.715305 sec, 1 copy (N=1 anchor)
  batch 1/3: 7.933543 sec, 5 copies (server sum 7835.852 ms)
  batch 2/3: 7.820186 sec, 5 copies (server sum 7719.350 ms)
  batch 3/3: 7.784769 sec, 5 copies (server sum 7684.850 ms)
  slope: pkg 9.032 J/exec (intercept 0.4658 J), wall 1.532715 s/exec (intercept 0.182590 s)
[32/53] queries/tpch/tpch-queries/q13/v1_materialized.sql (2 warmup [warm ones = N=1 anchor] + 3 x5)
  warmup 1/2: 1.653559 sec, 1 copy (cache prime)
  warmup 2/2: 1.666866 sec, 1 copy (N=1 anchor)
  batch 1/3: 7.778655 sec, 5 copies (server sum 7679.728 ms)
  batch 2/3: 7.720274 sec, 5 copies (server sum 7619.690 ms)
  batch 3/3: 7.647275 sec, 5 copies (server sum 7600.133 ms)
  slope: pkg 8.812 J/exec (intercept 0.8574 J), wall 1.512134 s/exec (intercept 0.154733 s)
[33/53] queries/tpch/tpch-queries/q13/v2_correlated.sql (2 warmup [warm ones = N=1 anchor] + 3 x5)
  warmup 1/2: 2.223608 sec, 1 copy (cache prime)
  warmup 2/2: 2.232953 sec, 1 copy (N=1 anchor)
  batch 1/3: 10.318848 sec, 5 copies (server sum 10275.249 ms)
  batch 2/3: 10.316480 sec, 5 copies (server sum 10220.793 ms)
  batch 3/3: 10.368798 sec, 5 copies (server sum 10272.976 ms)
  slope: pkg 19.22 J/exec (intercept 1.25 J), wall 2.025439 s/exec (intercept 0.207514 s)
[34/53] queries/tpch/tpch-queries/q14/base.sql (2 warmup [warm ones = N=1 anchor] + 3 x5)
  warmup 1/2: 0.302342 sec, 1 copy (cache prime)
  warmup 2/2: 0.373139 sec, 1 copy (N=1 anchor)
  batch 1/3: 1.309455 sec, 5 copies (server sum 1210.555 ms)
  batch 2/3: 1.330254 sec, 5 copies (server sum 1189.197 ms)
  batch 3/3: 1.292470 sec, 5 copies (server sum 1225.237 ms)
  slope: pkg 8.506 J/exec (intercept -0.2614 J), wall 0.234397 s/exec (intercept 0.138742 s)
[35/53] queries/tpch/tpch-queries/q14/v1_materialized.sql (2 warmup [warm ones = N=1 anchor] + 3 x5)
  warmup 1/2: 0.290342 sec, 1 copy (cache prime)
  warmup 2/2: 0.394047 sec, 1 copy (N=1 anchor)
  batch 1/3: 1.326450 sec, 5 copies (server sum 1226.127 ms)
  batch 2/3: 1.298905 sec, 5 copies (server sum 1202.312 ms)
  batch 3/3: 1.366553 sec, 5 copies (server sum 1266.969 ms)
  slope: pkg 8.232 J/exec (intercept -0.03623 J), wall 0.234147 s/exec (intercept 0.159900 s)
[36/53] queries/tpch/tpch-queries/q14/v2_filter.sql (2 warmup [warm ones = N=1 anchor] + 3 x5)
  warmup 1/2: 0.379016 sec, 1 copy (cache prime)
  warmup 2/2: 0.409670 sec, 1 copy (N=1 anchor)
  batch 1/3: 1.361439 sec, 5 copies (server sum 1261.559 ms)
  batch 2/3: 1.377836 sec, 5 copies (server sum 1278.130 ms)
  batch 3/3: 1.348564 sec, 5 copies (server sum 1249.101 ms)
  slope: pkg 7.994 J/exec (intercept 0.2186 J), wall 0.238236 s/exec (intercept 0.171434 s)
[37/53] queries/tpch/tpch-queries/q15/base.sql (2 warmup [warm ones = N=1 anchor] + 3 x5)
  warmup 1/2: 0.433952 sec, 1 copy (cache prime)
  warmup 2/2: 0.452805 sec, 1 copy (N=1 anchor)
  batch 1/3: 1.528588 sec, 5 copies (server sum 1430.214 ms)
  batch 2/3: 1.571878 sec, 5 copies (server sum 1473.532 ms)
  batch 3/3: 1.559738 sec, 5 copies (server sum 1462.428 ms)
  slope: pkg 8.564 J/exec (intercept 0.4016 J), wall 0.275149 s/exec (intercept 0.177657 s)
[38/53] queries/tpch/tpch-queries/q15/v1_materialized.sql (2 warmup [warm ones = N=1 anchor] + 3 x5)
  warmup 1/2: 0.425036 sec, 1 copy (cache prime)
  warmup 2/2: 0.455332 sec, 1 copy (N=1 anchor)
  batch 1/3: 1.579591 sec, 5 copies (server sum 1476.655 ms)
  batch 2/3: 1.603441 sec, 5 copies (server sum 1505.285 ms)
  batch 3/3: 1.648441 sec, 5 copies (server sum 1548.583 ms)
  slope: pkg 7.788 J/exec (intercept 1.934 J), wall 0.288790 s/exec (intercept 0.166542 s)
[39/53] queries/tpch/tpch-queries/q16/base.sql (2 warmup [warm ones = N=1 anchor] + 3 x5)
  warmup 1/2: 0.349041 sec, 1 copy (cache prime)
  warmup 2/2: 0.345432 sec, 1 copy (N=1 anchor)
  batch 1/3: 1.277783 sec, 5 copies (server sum 1173.729 ms)
  batch 2/3: 1.223717 sec, 5 copies (server sum 1119.934 ms)
  batch 3/3: 1.271871 sec, 5 copies (server sum 1174.809 ms)
  slope: pkg 5.699 J/exec (intercept 0.05295 J), wall 0.228090 s/exec (intercept 0.117342 s)
[40/53] queries/tpch/tpch-queries/q16/v1_materialized.sql (2 warmup [warm ones = N=1 anchor] + 3 x5)
  warmup 1/2: 0.332633 sec, 1 copy (cache prime)
  warmup 2/2: 0.333478 sec, 1 copy (N=1 anchor)
  batch 1/3: 1.297308 sec, 5 copies (server sum 1192.884 ms)
  batch 2/3: 1.259633 sec, 5 copies (server sum 1156.979 ms)
  batch 3/3: 1.297847 sec, 5 copies (server sum 1195.244 ms)
  slope: pkg 5.57 J/exec (intercept 0.7803 J), wall 0.237863 s/exec (intercept 0.095615 s)
[41/53] queries/tpch/tpch-queries/q16/v2_not_exists.sql (2 warmup [warm ones = N=1 anchor] + 3 x5)
  warmup 1/2: 0.307000 sec, 1 copy (cache prime)
  warmup 2/2: 0.302764 sec, 1 copy (N=1 anchor)
  batch 1/3: 1.162872 sec, 5 copies (server sum 1058.614 ms)
  batch 2/3: 1.204780 sec, 5 copies (server sum 1103.809 ms)
  batch 3/3: 1.208075 sec, 5 copies (server sum 1108.944 ms)
  slope: pkg 5.013 J/exec (intercept 1.051 J), wall 0.222286 s/exec (intercept 0.080477 s)
[42/53] queries/tpch/tpch-queries/q17/v2_decorrelate.sql (2 warmup [warm ones = N=1 anchor] + 3 x5)
  warmup 1/2: 5.626359 sec, 1 copy (cache prime)
  warmup 2/2: 5.530354 sec, 1 copy (N=1 anchor)
  batch 1/3: 27.112010 sec, 5 copies (server sum 27067.491 ms)
  batch 2/3: 27.041674 sec, 5 copies (server sum 26998.726 ms)
  batch 3/3: 27.151219 sec, 5 copies (server sum 27089.865 ms)
  slope: pkg 74.79 J/exec (intercept 1.057 J), wall 5.392820 s/exec (intercept 0.137534 s)
[43/53] queries/tpch/tpch-queries/q18/base.sql (2 warmup [warm ones = N=1 anchor] + 3 x5)
  warmup 1/2: 4.514740 sec, 1 copy (cache prime)
  warmup 2/2: 4.709481 sec, 1 copy (N=1 anchor)
  batch 1/3: 23.881860 sec, 5 copies (server sum 23771.859 ms)
  batch 2/3: 24.844339 sec, 5 copies (server sum 24792.108 ms)
  batch 3/3: 24.900652 sec, 5 copies (server sum 24786.358 ms)
  slope: pkg 107.1 J/exec (intercept 28.09 J), wall 4.958201 s/exec (intercept -0.248720 s)
[44/53] queries/tpch/tpch-queries/q18/v1_materialized.sql (2 warmup [warm ones = N=1 anchor] + 3 x5)
  warmup 1/2: 5.217602 sec, 1 copy (cache prime)
  warmup 2/2: 5.081738 sec, 1 copy (N=1 anchor)
  batch 1/3: 25.015669 sec, 5 copies (server sum 24919.632 ms)
  batch 2/3: 24.940990 sec, 5 copies (server sum 24831.869 ms)
  batch 3/3: 25.044985 sec, 5 copies (server sum 24928.097 ms)
  slope: pkg 109.1 J/exec (intercept 3.169 J), wall 4.979703 s/exec (intercept 0.102035 s)
[45/53] queries/tpch/tpch-queries/q18/v2_join.sql (2 warmup [warm ones = N=1 anchor] + 3 x5)
  warmup 1/2: 5.185349 sec, 1 copy (cache prime)
  warmup 2/2: 5.172557 sec, 1 copy (N=1 anchor)
  batch 1/3: 25.005531 sec, 5 copies (server sum 24894.074 ms)
  batch 2/3: 24.901671 sec, 5 copies (server sum 24790.952 ms)
  batch 3/3: 24.862465 sec, 5 copies (server sum 24763.447 ms)
  slope: pkg 108.4 J/exec (intercept 5.264 J), wall 4.937666 s/exec (intercept 0.234891 s)
[46/53] queries/tpch/tpch-queries/q19/base.sql (2 warmup [warm ones = N=1 anchor] + 3 x5)
  warmup 1/2: 0.542583 sec, 1 copy (cache prime)
  warmup 2/2: 0.561051 sec, 1 copy (N=1 anchor)
  batch 1/3: 2.287484 sec, 5 copies (server sum 2182.911 ms)
  batch 2/3: 2.347473 sec, 5 copies (server sum 2226.982 ms)
  batch 3/3: 2.348477 sec, 5 copies (server sum 2228.097 ms)
  slope: pkg 10.03 J/exec (intercept 1.683 J), wall 0.441690 s/exec (intercept 0.119361 s)
[47/53] queries/tpch/tpch-queries/q19/v1_materialized.sql (2 warmup [warm ones = N=1 anchor] + 3 x5)
  warmup 1/2: 0.576538 sec, 1 copy (cache prime)
  warmup 2/2: 0.591553 sec, 1 copy (N=1 anchor)
  batch 1/3: 2.267685 sec, 5 copies (server sum 2171.228 ms)
  batch 2/3: 2.340001 sec, 5 copies (server sum 2220.058 ms)
  batch 3/3: 2.336969 sec, 5 copies (server sum 2226.989 ms)
  slope: pkg 9.965 J/exec (intercept 1.739 J), wall 0.430833 s/exec (intercept 0.160720 s)
[48/53] queries/tpch/tpch-queries/q19/v2_union_all.sql (2 warmup [warm ones = N=1 anchor] + 3 x5)
  warmup 1/2: 1.376120 sec, 1 copy (cache prime)
  warmup 2/2: 1.395509 sec, 1 copy (N=1 anchor)
  batch 1/3: 6.431075 sec, 5 copies (server sum 6325.219 ms)
  batch 2/3: 6.422966 sec, 5 copies (server sum 6315.093 ms)
  batch 3/3: 6.438734 sec, 5 copies (server sum 6332.574 ms)
  slope: pkg 27.57 J/exec (intercept 3.11 J), wall 1.258854 s/exec (intercept 0.136655 s)
[49/53] queries/tpch/tpch-queries/q21/base.sql (2 warmup [warm ones = N=1 anchor] + 3 x5)
  warmup 1/2: 0.662215 sec, 1 copy (cache prime)
  warmup 2/2: 0.598634 sec, 1 copy (N=1 anchor)
  batch 1/3: 2.800776 sec, 5 copies (server sum 2690.468 ms)
  batch 2/3: 2.793741 sec, 5 copies (server sum 2686.511 ms)
  batch 3/3: 2.790403 sec, 5 copies (server sum 2683.439 ms)
  slope: pkg 12 J/exec (intercept 1.431 J), wall 0.549085 s/exec (intercept 0.049549 s)
[50/53] queries/tpch/tpch-queries/q21/v1_materialized.sql (2 warmup [warm ones = N=1 anchor] + 3 x5)
  warmup 1/2: 0.651013 sec, 1 copy (cache prime)
  warmup 2/2: 0.663809 sec, 1 copy (N=1 anchor)
  batch 1/3: 2.773471 sec, 5 copies (server sum 2673.102 ms)
  batch 2/3: 2.789912 sec, 5 copies (server sum 2685.901 ms)
  batch 3/3: 2.788852 sec, 5 copies (server sum 2685.821 ms)
  slope: pkg 11.79 J/exec (intercept 2.367 J), wall 0.530067 s/exec (intercept 0.133741 s)
[51/53] queries/tpch/tpch-queries/q22/base.sql (2 warmup [warm ones = N=1 anchor] + 3 x5)
  warmup 1/2: 0.117666 sec, 1 copy (cache prime)
  warmup 2/2: 0.109990 sec, 1 copy (N=1 anchor)
  batch 1/3: 0.337042 sec, 5 copies (server sum 290.822 ms)
  batch 2/3: 0.437444 sec, 5 copies (server sum 315.747 ms)
  batch 3/3: 0.411153 sec, 5 copies (server sum 298.387 ms)
  slope: pkg 1.419 J/exec (intercept 0.5736 J), wall 0.071306 s/exec (intercept 0.038684 s)
[52/53] queries/tpch/tpch-queries/q22/v1_materialized.sql (2 warmup [warm ones = N=1 anchor] + 3 x5)
  warmup 1/2: 0.097205 sec, 1 copy (cache prime)
  warmup 2/2: 0.098579 sec, 1 copy (N=1 anchor)
  batch 1/3: 0.314789 sec, 5 copies (server sum 269.468 ms)
  batch 2/3: 0.415427 sec, 5 copies (server sum 308.268 ms)
  batch 3/3: 0.427105 sec, 5 copies (server sum 316.480 ms)
  slope: pkg 1.389 J/exec (intercept 0.6762 J), wall 0.071799 s/exec (intercept 0.026780 s)
[53/53] queries/tpch/tpch-queries/q22/v2_anti_join.sql (2 warmup [warm ones = N=1 anchor] + 3 x5)
  warmup 1/2: 0.254151 sec, 1 copy (cache prime)
  warmup 2/2: 0.258104 sec, 1 copy (N=1 anchor)
  batch 1/3: 0.660693 sec, 5 copies (server sum 546.833 ms)
  batch 2/3: 0.654020 sec, 5 copies (server sum 547.695 ms)
  batch 3/3: 0.698416 sec, 5 copies (server sum 586.915 ms)
  slope: pkg 3.042 J/exec (intercept -0.2687 J), wall 0.103235 s/exec (intercept 0.154870 s)

Done. Batch rows appended to logs/work_mem/wm_64MB/query_timing_tpch.csv
Per-copy samples appended to logs/work_mem/wm_64MB/query_samples_tpch.csv
Relation sizes appended to logs/work_mem/wm_64MB/query_catalog_tpch.csv
Per-query slope/intercept appended to logs/work_mem/wm_64MB/query_slope_tpch.csv
make: Leaving directory '/home/user01/GreenSQL'
