make: Entering directory '/home/user01/GreenSQL'
query_runner configuration:
  QUERY_DIR      = queries/tpch/tpch-queries
  LOG_FILE       = logs/max_parallel_workers/mpw_0/query_timing_tpch.csv
  SAMPLE_FILE    = logs/max_parallel_workers/mpw_0/query_samples_tpch.csv
  CATALOG_FILE   = logs/max_parallel_workers/mpw_0/query_catalog_tpch.csv
  SLOPE_FILE     = logs/max_parallel_workers/mpw_0/query_slope_tpch.csv
  DB_NAME        = tpch
  DB_USER        = postgres
  PGPORT         = 5434
  PG_VERSION     = 18.4  (as reported by the server on that port)
  BATCHNUM       = 5 (slope sizes: 1 copy and 5 copies)
  RUNS           = 3 (measured batches per size)
  WARMUP         = 2 (single-copy; #1 primes cache, warm ones = N=1 anchor)
  WORKERS        = (planner default)
  STATEMENT_TIMEOUT = 900
  SIGLESS_ADDR   = (disabled)
Found 53 queries under queries/tpch/tpch-queries

Catalog snapshot: 11 relations -> logs/max_parallel_workers/mpw_0/query_catalog_tpch.csv
[1/53] queries/tpch/tpch-queries/q01/base.sql (2 warmup [warm ones = N=1 anchor] + 3 x5)
  warmup 1/2: 5.770280 sec, 1 copy (cache prime)
  warmup 2/2: 5.330100 sec, 1 copy (N=1 anchor)
  batch 1/3: 26.301850 sec, 5 copies (server sum 26210.082 ms)
  batch 2/3: 26.270551 sec, 5 copies (server sum 26228.158 ms)
  batch 3/3: 26.301318 sec, 5 copies (server sum 26258.831 ms)
  slope: pkg 58.13 J/exec (intercept 0.9462 J), wall 5.240285 s/exec (intercept 0.089815 s)
[2/53] queries/tpch/tpch-queries/q01/v1_materialized.sql (2 warmup [warm ones = N=1 anchor] + 3 x5)
  warmup 1/2: 5.310603 sec, 1 copy (cache prime)
  warmup 2/2: 5.347617 sec, 1 copy (N=1 anchor)
  batch 1/3: 26.218682 sec, 5 copies (server sum 26124.878 ms)
  batch 2/3: 26.163239 sec, 5 copies (server sum 26120.767 ms)
  batch 3/3: 26.164293 sec, 5 copies (server sum 26121.711 ms)
  slope: pkg 59.12 J/exec (intercept 1.283 J), wall 5.208614 s/exec (intercept 0.139003 s)
[3/53] queries/tpch/tpch-queries/q02/base.sql (2 warmup [warm ones = N=1 anchor] + 3 x5)
  warmup 1/2: 46.933697 sec, 1 copy (cache prime)
  warmup 2/2: 49.096726 sec, 1 copy (N=1 anchor)
  batch 1/3: 241.629579 sec, 5 copies (server sum 241534.526 ms)
  batch 2/3: 240.366778 sec, 5 copies (server sum 240267.331 ms)
  batch 3/3: 239.420037 sec, 5 copies (server sum 239318.481 ms)
  slope: pkg 520.6 J/exec (intercept 28.29 J), wall 47.843851 s/exec (intercept 1.252875 s)
[4/53] queries/tpch/tpch-queries/q02/v1_materialized.sql (2 warmup [warm ones = N=1 anchor] + 3 x5)
  warmup 1/2: 46.907736 sec, 1 copy (cache prime)
  warmup 2/2: 47.585198 sec, 1 copy (N=1 anchor)
  batch 1/3: 233.406281 sec, 5 copies (server sum 233311.159 ms)
  batch 2/3: 233.138581 sec, 5 copies (server sum 233039.672 ms)
  batch 3/3: 235.027994 sec, 5 copies (server sum 234929.494 ms)
  slope: pkg 522.5 J/exec (intercept 1.562 J), wall 46.568105 s/exec (intercept 1.017093 s)
[5/53] queries/tpch/tpch-queries/q02/v2_decorrelate.sql (2 warmup [warm ones = N=1 anchor] + 3 x5)
  warmup 1/2: 0.333499 sec, 1 copy (cache prime)
  warmup 2/2: 0.381171 sec, 1 copy (N=1 anchor)
  batch 1/3: 1.493542 sec, 5 copies (server sum 1392.765 ms)
  batch 2/3: 1.463216 sec, 5 copies (server sum 1362.634 ms)
  batch 3/3: 1.492330 sec, 5 copies (server sum 1392.678 ms)
  slope: pkg 3.1 J/exec (intercept 0.7296 J), wall 0.275465 s/exec (intercept 0.105706 s)
[6/53] queries/tpch/tpch-queries/q03/base.sql (2 warmup [warm ones = N=1 anchor] + 3 x5)
  warmup 1/2: 1.526584 sec, 1 copy (cache prime)
  warmup 2/2: 1.278725 sec, 1 copy (N=1 anchor)
  batch 1/3: 5.757688 sec, 5 copies (server sum 5664.570 ms)
  batch 2/3: 5.713758 sec, 5 copies (server sum 5618.668 ms)
  batch 3/3: 5.714969 sec, 5 copies (server sum 5620.170 ms)
  slope: pkg 12.68 J/exec (intercept 1.742 J), wall 1.112520 s/exec (intercept 0.166205 s)
[7/53] queries/tpch/tpch-queries/q03/v1_materialized.sql (2 warmup [warm ones = N=1 anchor] + 3 x5)
  warmup 1/2: 1.223502 sec, 1 copy (cache prime)
  warmup 2/2: 1.265984 sec, 1 copy (N=1 anchor)
  batch 1/3: 5.759511 sec, 5 copies (server sum 5666.273 ms)
  batch 2/3: 5.740549 sec, 5 copies (server sum 5645.680 ms)
  batch 3/3: 5.759879 sec, 5 copies (server sum 5664.416 ms)
  slope: pkg 12.68 J/exec (intercept 1.607 J), wall 1.121832 s/exec (intercept 0.144151 s)
[8/53] queries/tpch/tpch-queries/q04/base.sql (2 warmup [warm ones = N=1 anchor] + 3 x5)
  warmup 1/2: 0.497367 sec, 1 copy (cache prime)
  warmup 2/2: 0.358896 sec, 1 copy (N=1 anchor)
  batch 1/3: 1.409548 sec, 5 copies (server sum 1318.471 ms)
  batch 2/3: 1.418131 sec, 5 copies (server sum 1324.294 ms)
  batch 3/3: 1.401702 sec, 5 copies (server sum 1308.634 ms)
  slope: pkg 2.872 J/exec (intercept 1.553 J), wall 0.262724 s/exec (intercept 0.096172 s)
[9/53] queries/tpch/tpch-queries/q04/v1_materialized.sql (2 warmup [warm ones = N=1 anchor] + 3 x5)
  warmup 1/2: 0.357218 sec, 1 copy (cache prime)
  warmup 2/2: 0.364147 sec, 1 copy (N=1 anchor)
  batch 1/3: 1.407232 sec, 5 copies (server sum 1316.053 ms)
  batch 2/3: 1.435270 sec, 5 copies (server sum 1341.339 ms)
  batch 3/3: 1.414935 sec, 5 copies (server sum 1322.887 ms)
  slope: pkg 2.892 J/exec (intercept 1.523 J), wall 0.263749 s/exec (intercept 0.100398 s)
[10/53] queries/tpch/tpch-queries/q04/v2_in.sql (2 warmup [warm ones = N=1 anchor] + 3 x5)
  warmup 1/2: 0.359369 sec, 1 copy (cache prime)
  warmup 2/2: 0.406219 sec, 1 copy (N=1 anchor)
  batch 1/3: 1.442750 sec, 5 copies (server sum 1351.300 ms)
  batch 2/3: 1.407555 sec, 5 copies (server sum 1315.839 ms)
  batch 3/3: 1.421042 sec, 5 copies (server sum 1329.824 ms)
  slope: pkg 2.876 J/exec (intercept 1.662 J), wall 0.254391 s/exec (intercept 0.151828 s)
[11/53] queries/tpch/tpch-queries/q05/base.sql (2 warmup [warm ones = N=1 anchor] + 3 x5)
  warmup 1/2: 0.834112 sec, 1 copy (cache prime)
  warmup 2/2: 0.688812 sec, 1 copy (N=1 anchor)
  batch 1/3: 2.984738 sec, 5 copies (server sum 2887.938 ms)
  batch 2/3: 2.971503 sec, 5 copies (server sum 2874.835 ms)
  batch 3/3: 2.941188 sec, 5 copies (server sum 2844.834 ms)
  slope: pkg 3.478 J/exec (intercept 1.3 J), wall 0.569250 s/exec (intercept 0.119562 s)
[12/53] queries/tpch/tpch-queries/q05/v1_materialized.sql (2 warmup [warm ones = N=1 anchor] + 3 x5)
  warmup 1/2: 0.667212 sec, 1 copy (cache prime)
  warmup 2/2: 0.664420 sec, 1 copy (N=1 anchor)
  batch 1/3: 2.964434 sec, 5 copies (server sum 2867.906 ms)
  batch 2/3: 2.935791 sec, 5 copies (server sum 2838.831 ms)
  batch 3/3: 2.936654 sec, 5 copies (server sum 2840.021 ms)
  slope: pkg 3.406 J/exec (intercept 1.54 J), wall 0.570301 s/exec (intercept 0.094119 s)
[13/53] queries/tpch/tpch-queries/q06/base.sql (2 warmup [warm ones = N=1 anchor] + 3 x5)
  warmup 1/2: 0.806148 sec, 1 copy (cache prime)
  warmup 2/2: 0.845164 sec, 1 copy (N=1 anchor)
  batch 1/3: 3.700126 sec, 5 copies (server sum 3609.013 ms)
  batch 2/3: 3.653544 sec, 5 copies (server sum 3611.819 ms)
  batch 3/3: 3.681592 sec, 5 copies (server sum 3590.990 ms)
  slope: pkg 8.204 J/exec (intercept 1.238 J), wall 0.708314 s/exec (intercept 0.136850 s)
[14/53] queries/tpch/tpch-queries/q06/v1_materialized.sql (2 warmup [warm ones = N=1 anchor] + 3 x5)
  warmup 1/2: 0.805935 sec, 1 copy (cache prime)
  warmup 2/2: 0.849769 sec, 1 copy (N=1 anchor)
  batch 1/3: 3.684605 sec, 5 copies (server sum 3592.859 ms)
  batch 2/3: 3.638048 sec, 5 copies (server sum 3596.029 ms)
  batch 3/3: 3.698204 sec, 5 copies (server sum 3607.465 ms)
  slope: pkg 8.125 J/exec (intercept 1.25 J), wall 0.705962 s/exec (intercept 0.143807 s)
[15/53] queries/tpch/tpch-queries/q07/base.sql (2 warmup [warm ones = N=1 anchor] + 3 x5)
  warmup 1/2: 0.791672 sec, 1 copy (cache prime)
  warmup 2/2: 0.850865 sec, 1 copy (N=1 anchor)
  batch 1/3: 3.581144 sec, 5 copies (server sum 3485.267 ms)
  batch 2/3: 3.537548 sec, 5 copies (server sum 3442.117 ms)
  batch 3/3: 3.491384 sec, 5 copies (server sum 3393.593 ms)
  slope: pkg 4.875 J/exec (intercept 1.453 J), wall 0.671457 s/exec (intercept 0.179408 s)
[16/53] queries/tpch/tpch-queries/q07/v1_materialized.sql (2 warmup [warm ones = N=1 anchor] + 3 x5)
  warmup 1/2: 0.782323 sec, 1 copy (cache prime)
  warmup 2/2: 0.842803 sec, 1 copy (N=1 anchor)
  batch 1/3: 3.566540 sec, 5 copies (server sum 3469.978 ms)
  batch 2/3: 3.543036 sec, 5 copies (server sum 3446.951 ms)
  batch 3/3: 3.529559 sec, 5 copies (server sum 3433.187 ms)
  slope: pkg 4.847 J/exec (intercept 1.567 J), wall 0.675894 s/exec (intercept 0.166909 s)
[17/53] queries/tpch/tpch-queries/q07/v2_union_all.sql (2 warmup [warm ones = N=1 anchor] + 3 x5)
  warmup 1/2: 0.858905 sec, 1 copy (cache prime)
  warmup 2/2: 0.861601 sec, 1 copy (N=1 anchor)
  batch 1/3: 3.624385 sec, 5 copies (server sum 3525.431 ms)
  batch 2/3: 3.499249 sec, 5 copies (server sum 3448.777 ms)
  batch 3/3: 3.538630 sec, 5 copies (server sum 3440.911 ms)
  slope: pkg 4.95 J/exec (intercept 1.553 J), wall 0.673122 s/exec (intercept 0.188479 s)
[18/53] queries/tpch/tpch-queries/q08/base.sql (2 warmup [warm ones = N=1 anchor] + 3 x5)
  warmup 1/2: 1.025920 sec, 1 copy (cache prime)
  warmup 2/2: 0.948096 sec, 1 copy (N=1 anchor)
  batch 1/3: 3.995257 sec, 5 copies (server sum 3897.845 ms)
  batch 2/3: 3.963792 sec, 5 copies (server sum 3864.294 ms)
  batch 3/3: 4.035173 sec, 5 copies (server sum 3935.828 ms)
  slope: pkg 5.206 J/exec (intercept 1.477 J), wall 0.762494 s/exec (intercept 0.185602 s)
[19/53] queries/tpch/tpch-queries/q08/v1_materialized.sql (2 warmup [warm ones = N=1 anchor] + 3 x5)
  warmup 1/2: 0.879078 sec, 1 copy (cache prime)
  warmup 2/2: 0.929865 sec, 1 copy (N=1 anchor)
  batch 1/3: 4.051025 sec, 5 copies (server sum 3953.115 ms)
  batch 2/3: 3.975292 sec, 5 copies (server sum 3877.621 ms)
  batch 3/3: 3.969554 sec, 5 copies (server sum 3869.234 ms)
  slope: pkg 5.162 J/exec (intercept 1.919 J), wall 0.767190 s/exec (intercept 0.162675 s)
[20/53] queries/tpch/tpch-queries/q08/v2_filter.sql (2 warmup [warm ones = N=1 anchor] + 3 x5)
  warmup 1/2: 0.879221 sec, 1 copy (cache prime)
  warmup 2/2: 0.939204 sec, 1 copy (N=1 anchor)
  batch 1/3: 4.020004 sec, 5 copies (server sum 3922.572 ms)
  batch 2/3: 3.983378 sec, 5 copies (server sum 3883.262 ms)
  batch 3/3: 4.017632 sec, 5 copies (server sum 3919.671 ms)
  slope: pkg 5.146 J/exec (intercept 1.484 J), wall 0.766950 s/exec (intercept 0.172254 s)
[21/53] queries/tpch/tpch-queries/q09/base.sql (2 warmup [warm ones = N=1 anchor] + 3 x5)
  warmup 1/2: 2.441064 sec, 1 copy (cache prime)
  warmup 2/2: 2.424721 sec, 1 copy (N=1 anchor)
  batch 1/3: 11.682495 sec, 5 copies (server sum 11587.233 ms)
  batch 2/3: 11.724507 sec, 5 copies (server sum 11626.574 ms)
  batch 3/3: 11.680477 sec, 5 copies (server sum 11582.291 ms)
  slope: pkg 21.18 J/exec (intercept 1.118 J), wall 2.317776 s/exec (intercept 0.106945 s)
[22/53] queries/tpch/tpch-queries/q09/v1_materialized.sql (2 warmup [warm ones = N=1 anchor] + 3 x5)
  warmup 1/2: 2.427969 sec, 1 copy (cache prime)
  warmup 2/2: 2.474768 sec, 1 copy (N=1 anchor)
  batch 1/3: 11.648748 sec, 5 copies (server sum 11552.959 ms)
  batch 2/3: 11.672886 sec, 5 copies (server sum 11574.260 ms)
  batch 3/3: 11.633810 sec, 5 copies (server sum 11585.694 ms)
  slope: pkg 20.88 J/exec (intercept 1.139 J), wall 2.294262 s/exec (intercept 0.180507 s)
[23/53] queries/tpch/tpch-queries/q10/base.sql (2 warmup [warm ones = N=1 anchor] + 3 x5)
  warmup 1/2: 1.257331 sec, 1 copy (cache prime)
  warmup 2/2: 1.305954 sec, 1 copy (N=1 anchor)
  batch 1/3: 5.912700 sec, 5 copies (server sum 5818.589 ms)
  batch 2/3: 5.881033 sec, 5 copies (server sum 5807.343 ms)
  batch 3/3: 5.897674 sec, 5 copies (server sum 5802.761 ms)
  slope: pkg 13 J/exec (intercept 1.377 J), wall 1.147795 s/exec (intercept 0.158159 s)
[24/53] queries/tpch/tpch-queries/q10/v1_materialized.sql (2 warmup [warm ones = N=1 anchor] + 3 x5)
  warmup 1/2: 1.266706 sec, 1 copy (cache prime)
  warmup 2/2: 1.313957 sec, 1 copy (N=1 anchor)
  batch 1/3: 5.965944 sec, 5 copies (server sum 5871.817 ms)
  batch 2/3: 5.959710 sec, 5 copies (server sum 5863.659 ms)
  batch 3/3: 5.903601 sec, 5 copies (server sum 5857.288 ms)
  slope: pkg 13.07 J/exec (intercept 1.392 J), wall 1.157282 s/exec (intercept 0.156675 s)
[25/53] queries/tpch/tpch-queries/q11/base.sql (2 warmup [warm ones = N=1 anchor] + 3 x5)
  warmup 1/2: 0.242925 sec, 1 copy (cache prime)
  warmup 2/2: 0.304993 sec, 1 copy (N=1 anchor)
  batch 1/3: 1.151490 sec, 5 copies (server sum 1053.386 ms)
  batch 2/3: 1.152569 sec, 5 copies (server sum 1055.185 ms)
  batch 3/3: 1.116384 sec, 5 copies (server sum 1017.890 ms)
  slope: pkg 2.254 J/exec (intercept 0.5778 J), wall 0.208789 s/exec (intercept 0.096204 s)
[26/53] queries/tpch/tpch-queries/q11/v1_materialized.sql (2 warmup [warm ones = N=1 anchor] + 3 x5)
  warmup 1/2: 0.246498 sec, 1 copy (cache prime)
  warmup 2/2: 0.303764 sec, 1 copy (N=1 anchor)
  batch 1/3: 1.115724 sec, 5 copies (server sum 1008.257 ms)
  batch 2/3: 1.169682 sec, 5 copies (server sum 1071.237 ms)
  batch 3/3: 1.074910 sec, 5 copies (server sum 977.844 ms)
  slope: pkg 2.201 J/exec (intercept 0.7327 J), wall 0.204085 s/exec (intercept 0.099678 s)
[27/53] queries/tpch/tpch-queries/q11/v2_cte_threshold.sql (2 warmup [warm ones = N=1 anchor] + 3 x5)
  warmup 1/2: 0.255905 sec, 1 copy (cache prime)
  warmup 2/2: 0.311586 sec, 1 copy (N=1 anchor)
  batch 1/3: 1.217683 sec, 5 copies (server sum 1108.387 ms)
  batch 2/3: 1.157136 sec, 5 copies (server sum 1055.324 ms)
  batch 3/3: 1.128792 sec, 5 copies (server sum 1031.981 ms)
  slope: pkg 2.206 J/exec (intercept 0.7043 J), wall 0.214071 s/exec (intercept 0.097515 s)
[28/53] queries/tpch/tpch-queries/q12/base.sql (2 warmup [warm ones = N=1 anchor] + 3 x5)
  warmup 1/2: 1.670055 sec, 1 copy (cache prime)
  warmup 2/2: 1.718769 sec, 1 copy (N=1 anchor)
  batch 1/3: 7.926719 sec, 5 copies (server sum 7835.222 ms)
  batch 2/3: 7.916066 sec, 5 copies (server sum 7822.162 ms)
  batch 3/3: 7.936906 sec, 5 copies (server sum 7842.170 ms)
  slope: pkg 17.09 J/exec (intercept 0.9263 J), wall 1.551949 s/exec (intercept 0.166820 s)
[29/53] queries/tpch/tpch-queries/q12/v1_materialized.sql (2 warmup [warm ones = N=1 anchor] + 3 x5)
  warmup 1/2: 1.660499 sec, 1 copy (cache prime)
  warmup 2/2: 1.713450 sec, 1 copy (N=1 anchor)
  batch 1/3: 7.908479 sec, 5 copies (server sum 7815.912 ms)
  batch 2/3: 7.887900 sec, 5 copies (server sum 7792.620 ms)
  batch 3/3: 7.938332 sec, 5 copies (server sum 7843.656 ms)
  slope: pkg 17.11 J/exec (intercept 0.7994 J), wall 1.549530 s/exec (intercept 0.163920 s)
[30/53] queries/tpch/tpch-queries/q12/v2_filter.sql (2 warmup [warm ones = N=1 anchor] + 3 x5)
  warmup 1/2: 1.659695 sec, 1 copy (cache prime)
  warmup 2/2: 1.709715 sec, 1 copy (N=1 anchor)
  batch 1/3: 7.949108 sec, 5 copies (server sum 7856.928 ms)
  batch 2/3: 7.874324 sec, 5 copies (server sum 7831.109 ms)
  batch 3/3: 7.942044 sec, 5 copies (server sum 7843.865 ms)
  slope: pkg 16.98 J/exec (intercept 1.61 J), wall 1.553028 s/exec (intercept 0.156687 s)
[31/53] queries/tpch/tpch-queries/q13/base.sql (2 warmup [warm ones = N=1 anchor] + 3 x5)
  warmup 1/2: 1.515528 sec, 1 copy (cache prime)
  warmup 2/2: 1.598399 sec, 1 copy (N=1 anchor)
  batch 1/3: 7.366747 sec, 5 copies (server sum 7271.422 ms)
  batch 2/3: 7.243935 sec, 5 copies (server sum 7197.069 ms)
  batch 3/3: 7.274277 sec, 5 copies (server sum 7175.848 ms)
  slope: pkg 9.517 J/exec (intercept 0.2845 J), wall 1.424147 s/exec (intercept 0.174252 s)
[32/53] queries/tpch/tpch-queries/q13/v1_materialized.sql (2 warmup [warm ones = N=1 anchor] + 3 x5)
  warmup 1/2: 1.517006 sec, 1 copy (cache prime)
  warmup 2/2: 1.579980 sec, 1 copy (N=1 anchor)
  batch 1/3: 7.342886 sec, 5 copies (server sum 7246.996 ms)
  batch 2/3: 7.286707 sec, 5 copies (server sum 7186.564 ms)
  batch 3/3: 7.377914 sec, 5 copies (server sum 7280.431 ms)
  slope: pkg 9.488 J/exec (intercept 0.3093 J), wall 1.438964 s/exec (intercept 0.141016 s)
[33/53] queries/tpch/tpch-queries/q13/v2_correlated.sql (2 warmup [warm ones = N=1 anchor] + 3 x5)
  warmup 1/2: 2.043790 sec, 1 copy (cache prime)
  warmup 2/2: 2.084853 sec, 1 copy (N=1 anchor)
  batch 1/3: 9.719776 sec, 5 copies (server sum 9626.617 ms)
  batch 2/3: 9.746533 sec, 5 copies (server sum 9650.894 ms)
  batch 3/3: 9.719285 sec, 5 copies (server sum 9676.645 ms)
  slope: pkg 19.81 J/exec (intercept 1.5 J), wall 1.910920 s/exec (intercept 0.173933 s)
[34/53] queries/tpch/tpch-queries/q14/base.sql (2 warmup [warm ones = N=1 anchor] + 3 x5)
  warmup 1/2: 0.823956 sec, 1 copy (cache prime)
  warmup 2/2: 0.862949 sec, 1 copy (N=1 anchor)
  batch 1/3: 3.763287 sec, 5 copies (server sum 3671.555 ms)
  batch 2/3: 3.684657 sec, 5 copies (server sum 3631.040 ms)
  batch 3/3: 3.728740 sec, 5 copies (server sum 3632.760 ms)
  slope: pkg 8.215 J/exec (intercept 1.382 J), wall 0.715653 s/exec (intercept 0.147296 s)
[35/53] queries/tpch/tpch-queries/q14/v1_materialized.sql (2 warmup [warm ones = N=1 anchor] + 3 x5)
  warmup 1/2: 0.814022 sec, 1 copy (cache prime)
  warmup 2/2: 0.859634 sec, 1 copy (N=1 anchor)
  batch 1/3: 3.718060 sec, 5 copies (server sum 3625.440 ms)
  batch 2/3: 3.679679 sec, 5 copies (server sum 3637.056 ms)
  batch 3/3: 3.720506 sec, 5 copies (server sum 3628.948 ms)
  slope: pkg 8.16 J/exec (intercept 1.334 J), wall 0.711612 s/exec (intercept 0.148022 s)
[36/53] queries/tpch/tpch-queries/q14/v2_filter.sql (2 warmup [warm ones = N=1 anchor] + 3 x5)
  warmup 1/2: 0.815155 sec, 1 copy (cache prime)
  warmup 2/2: 0.857746 sec, 1 copy (N=1 anchor)
  batch 1/3: 3.723664 sec, 5 copies (server sum 3632.261 ms)
  batch 2/3: 3.674373 sec, 5 copies (server sum 3631.933 ms)
  batch 3/3: 3.676546 sec, 5 copies (server sum 3634.129 ms)
  slope: pkg 8.1 J/exec (intercept 1.429 J), wall 0.708445 s/exec (intercept 0.149301 s)
[37/53] queries/tpch/tpch-queries/q15/base.sql (2 warmup [warm ones = N=1 anchor] + 3 x5)
  warmup 1/2: 0.826593 sec, 1 copy (cache prime)
  warmup 2/2: 0.828773 sec, 1 copy (N=1 anchor)
  batch 1/3: 3.836214 sec, 5 copies (server sum 3740.898 ms)
  batch 2/3: 3.829165 sec, 5 copies (server sum 3736.329 ms)
  batch 3/3: 3.813638 sec, 5 copies (server sum 3718.462 ms)
  slope: pkg 8.566 J/exec (intercept 0.936 J), wall 0.749391 s/exec (intercept 0.079381 s)
[38/53] queries/tpch/tpch-queries/q15/v1_materialized.sql (2 warmup [warm ones = N=1 anchor] + 3 x5)
  warmup 1/2: 0.832153 sec, 1 copy (cache prime)
  warmup 2/2: 0.886526 sec, 1 copy (N=1 anchor)
  batch 1/3: 3.875949 sec, 5 copies (server sum 3783.405 ms)
  batch 2/3: 3.796435 sec, 5 copies (server sum 3745.505 ms)
  batch 3/3: 3.865546 sec, 5 copies (server sum 3772.704 ms)
  slope: pkg 8.635 J/exec (intercept 1.271 J), wall 0.739863 s/exec (intercept 0.146663 s)
[39/53] queries/tpch/tpch-queries/q16/base.sql (2 warmup [warm ones = N=1 anchor] + 3 x5)
  warmup 1/2: 0.598671 sec, 1 copy (cache prime)
  warmup 2/2: 0.646623 sec, 1 copy (N=1 anchor)
  batch 1/3: 2.868182 sec, 5 copies (server sum 2775.348 ms)
  batch 2/3: 2.880759 sec, 5 copies (server sum 2782.919 ms)
  batch 3/3: 2.859310 sec, 5 copies (server sum 2765.624 ms)
  slope: pkg 6.653 J/exec (intercept 0.437 J), wall 0.555698 s/exec (intercept 0.090924 s)
[40/53] queries/tpch/tpch-queries/q16/v1_materialized.sql (2 warmup [warm ones = N=1 anchor] + 3 x5)
  warmup 1/2: 0.608157 sec, 1 copy (cache prime)
  warmup 2/2: 0.657397 sec, 1 copy (N=1 anchor)
  batch 1/3: 2.903752 sec, 5 copies (server sum 2809.916 ms)
  batch 2/3: 2.864415 sec, 5 copies (server sum 2768.299 ms)
  batch 3/3: 2.861958 sec, 5 copies (server sum 2764.093 ms)
  slope: pkg 6.61 J/exec (intercept 0.6287 J), wall 0.554828 s/exec (intercept 0.102570 s)
[41/53] queries/tpch/tpch-queries/q16/v2_not_exists.sql (2 warmup [warm ones = N=1 anchor] + 3 x5)
  warmup 1/2: 0.583963 sec, 1 copy (cache prime)
  warmup 2/2: 0.632280 sec, 1 copy (N=1 anchor)
  batch 1/3: 2.753201 sec, 5 copies (server sum 2658.204 ms)
  batch 2/3: 2.691883 sec, 5 copies (server sum 2648.717 ms)
  batch 3/3: 2.696428 sec, 5 copies (server sum 2653.015 ms)
  slope: pkg 6.153 J/exec (intercept 0.9136 J), wall 0.520389 s/exec (intercept 0.111890 s)
[42/53] queries/tpch/tpch-queries/q17/v2_decorrelate.sql (2 warmup [warm ones = N=1 anchor] + 3 x5)
  warmup 1/2: 4.541018 sec, 1 copy (cache prime)
  warmup 2/2: 4.624528 sec, 1 copy (N=1 anchor)
  batch 1/3: 22.271335 sec, 5 copies (server sum 22179.658 ms)
  batch 2/3: 22.445068 sec, 5 copies (server sum 22348.009 ms)
  batch 3/3: 22.316807 sec, 5 copies (server sum 22222.404 ms)
  slope: pkg 24.74 J/exec (intercept 1.087 J), wall 4.429969 s/exec (intercept 0.194559 s)
[43/53] queries/tpch/tpch-queries/q18/base.sql (2 warmup [warm ones = N=1 anchor] + 3 x5)
  warmup 1/2: 4.300263 sec, 1 copy (cache prime)
  warmup 2/2: 4.346712 sec, 1 copy (N=1 anchor)
  batch 1/3: 21.058267 sec, 5 copies (server sum 20963.522 ms)
  batch 2/3: 20.972517 sec, 5 copies (server sum 20876.232 ms)
  batch 3/3: 20.956732 sec, 5 copies (server sum 20860.241 ms)
  slope: pkg 43.92 J/exec (intercept 2.523 J), wall 4.162282 s/exec (intercept 0.184430 s)
[44/53] queries/tpch/tpch-queries/q18/v1_materialized.sql (2 warmup [warm ones = N=1 anchor] + 3 x5)
  warmup 1/2: 4.310880 sec, 1 copy (cache prime)
  warmup 2/2: 4.329918 sec, 1 copy (N=1 anchor)
  batch 1/3: 20.894018 sec, 5 copies (server sum 20800.055 ms)
  batch 2/3: 21.013441 sec, 5 copies (server sum 20919.519 ms)
  batch 3/3: 20.856479 sec, 5 copies (server sum 20811.399 ms)
  slope: pkg 44.1 J/exec (intercept 3.855 J), wall 4.147849 s/exec (intercept 0.182069 s)
[45/53] queries/tpch/tpch-queries/q18/v2_join.sql (2 warmup [warm ones = N=1 anchor] + 3 x5)
  warmup 1/2: 4.320524 sec, 1 copy (cache prime)
  warmup 2/2: 4.352031 sec, 1 copy (N=1 anchor)
  batch 1/3: 20.879485 sec, 5 copies (server sum 20784.476 ms)
  batch 2/3: 20.968389 sec, 5 copies (server sum 20871.125 ms)
  batch 3/3: 20.889829 sec, 5 copies (server sum 20792.771 ms)
  slope: pkg 43.88 J/exec (intercept 3.075 J), wall 4.140134 s/exec (intercept 0.211897 s)
[46/53] queries/tpch/tpch-queries/q19/base.sql (2 warmup [warm ones = N=1 anchor] + 3 x5)
  warmup 1/2: 1.239027 sec, 1 copy (cache prime)
  warmup 2/2: 1.249647 sec, 1 copy (N=1 anchor)
  batch 1/3: 5.851288 sec, 5 copies (server sum 5807.551 ms)
  batch 2/3: 5.903866 sec, 5 copies (server sum 5807.586 ms)
  batch 3/3: 5.907509 sec, 5 copies (server sum 5814.141 ms)
  slope: pkg 13.54 J/exec (intercept 1.363 J), wall 1.159477 s/exec (intercept 0.090170 s)
[47/53] queries/tpch/tpch-queries/q19/v1_materialized.sql (2 warmup [warm ones = N=1 anchor] + 3 x5)
  warmup 1/2: 1.247531 sec, 1 copy (cache prime)
  warmup 2/2: 1.318492 sec, 1 copy (N=1 anchor)
  batch 1/3: 5.902793 sec, 5 copies (server sum 5808.500 ms)
  batch 2/3: 5.898158 sec, 5 copies (server sum 5805.078 ms)
  batch 3/3: 5.879313 sec, 5 copies (server sum 5786.752 ms)
  slope: pkg 13.06 J/exec (intercept 3.62 J), wall 1.143732 s/exec (intercept 0.174760 s)
[48/53] queries/tpch/tpch-queries/q19/v2_union_all.sql (2 warmup [warm ones = N=1 anchor] + 3 x5)
  warmup 1/2: 3.290725 sec, 1 copy (cache prime)
  warmup 2/2: 3.341485 sec, 1 copy (N=1 anchor)
  batch 1/3: 16.029148 sec, 5 copies (server sum 15934.978 ms)
  batch 2/3: 16.080809 sec, 5 copies (server sum 15986.843 ms)
  batch 3/3: 16.068566 sec, 5 copies (server sum 15969.837 ms)
  slope: pkg 35.58 J/exec (intercept 2.011 J), wall 3.179506 s/exec (intercept 0.161979 s)
[49/53] queries/tpch/tpch-queries/q21/base.sql (2 warmup [warm ones = N=1 anchor] + 3 x5)
  warmup 1/2: 1.479282 sec, 1 copy (cache prime)
  warmup 2/2: 1.531742 sec, 1 copy (N=1 anchor)
  batch 1/3: 7.021058 sec, 5 copies (server sum 6924.686 ms)
  batch 2/3: 6.998570 sec, 5 copies (server sum 6900.577 ms)
  batch 3/3: 7.028994 sec, 5 copies (server sum 6933.140 ms)
  slope: pkg 15.49 J/exec (intercept 1.39 J), wall 1.371116 s/exec (intercept 0.160625 s)
[50/53] queries/tpch/tpch-queries/q21/v1_materialized.sql (2 warmup [warm ones = N=1 anchor] + 3 x5)
  warmup 1/2: 1.477196 sec, 1 copy (cache prime)
  warmup 2/2: 1.532301 sec, 1 copy (N=1 anchor)
  batch 1/3: 6.978620 sec, 5 copies (server sum 6883.413 ms)
  batch 2/3: 6.995090 sec, 5 copies (server sum 6900.572 ms)
  batch 3/3: 6.992324 sec, 5 copies (server sum 6897.042 ms)
  slope: pkg 15.38 J/exec (intercept 1.509 J), wall 1.364094 s/exec (intercept 0.168206 s)
[51/53] queries/tpch/tpch-queries/q22/base.sql (2 warmup [warm ones = N=1 anchor] + 3 x5)
  warmup 1/2: 0.167313 sec, 1 copy (cache prime)
  warmup 2/2: 0.216719 sec, 1 copy (N=1 anchor)
  batch 1/3: 0.651809 sec, 5 copies (server sum 608.894 ms)
  batch 2/3: 0.694391 sec, 5 copies (server sum 600.868 ms)
  batch 3/3: 0.699358 sec, 5 copies (server sum 604.641 ms)
  slope: pkg 1.441 J/exec (intercept 0.7453 J), wall 0.116283 s/exec (intercept 0.100436 s)
[52/53] queries/tpch/tpch-queries/q22/v1_materialized.sql (2 warmup [warm ones = N=1 anchor] + 3 x5)
  warmup 1/2: 0.164842 sec, 1 copy (cache prime)
  warmup 2/2: 0.163962 sec, 1 copy (N=1 anchor)
  batch 1/3: 0.698134 sec, 5 copies (server sum 598.009 ms)
  batch 2/3: 0.694669 sec, 5 copies (server sum 599.379 ms)
  batch 3/3: 0.696331 sec, 5 copies (server sum 600.459 ms)
  slope: pkg 1.455 J/exec (intercept 0.5684 J), wall 0.133104 s/exec (intercept 0.030858 s)
[53/53] queries/tpch/tpch-queries/q22/v2_anti_join.sql (2 warmup [warm ones = N=1 anchor] + 3 x5)
  warmup 1/2: 0.322626 sec, 1 copy (cache prime)
  warmup 2/2: 0.324509 sec, 1 copy (N=1 anchor)
  batch 1/3: 1.467830 sec, 5 copies (server sum 1372.380 ms)
  batch 2/3: 1.447638 sec, 5 copies (server sum 1351.739 ms)
  batch 3/3: 1.460090 sec, 5 copies (server sum 1364.659 ms)
  slope: pkg 3.228 J/exec (intercept 0.7122 J), wall 0.283503 s/exec (intercept 0.041006 s)

Done. Batch rows appended to logs/max_parallel_workers/mpw_0/query_timing_tpch.csv
Per-copy samples appended to logs/max_parallel_workers/mpw_0/query_samples_tpch.csv
Relation sizes appended to logs/max_parallel_workers/mpw_0/query_catalog_tpch.csv
Per-query slope/intercept appended to logs/max_parallel_workers/mpw_0/query_slope_tpch.csv
make: Leaving directory '/home/user01/GreenSQL'
