make: Entering directory '/home/user01/GreenSQL'
query_runner configuration:
  QUERY_DIR      = queries/tpch/tpch-queries
  LOG_FILE       = logs/max_parallel_workers/mpw_0/query_timing_tpch_idx.csv
  SAMPLE_FILE    = logs/max_parallel_workers/mpw_0/query_samples_tpch_idx.csv
  CATALOG_FILE   = logs/max_parallel_workers/mpw_0/query_catalog_tpch_idx.csv
  SLOPE_FILE     = logs/max_parallel_workers/mpw_0/query_slope_tpch_idx.csv
  DB_NAME        = tpch_idx
  DB_USER        = postgres
  PGPORT         = 5434
  PG_VERSION     = 18.4  (as reported by the server on that port)
  BATCHNUM       = 5 (slope sizes: 1 copy and 5 copies)
  RUNS           = 3 (measured batches per size)
  WARMUP         = 2 (single-copy; #1 primes cache, warm ones = N=1 anchor)
  WORKERS        = (planner default)
  STATEMENT_TIMEOUT = 900
  SIGLESS_ADDR   = (disabled)
Found 53 queries under queries/tpch/tpch-queries

Catalog snapshot: 37 relations -> logs/max_parallel_workers/mpw_0/query_catalog_tpch_idx.csv
[1/53] queries/tpch/tpch-queries/q01/base.sql (2 warmup [warm ones = N=1 anchor] + 3 x5)
  warmup 1/2: 5.529826 sec, 1 copy (cache prime)
  warmup 2/2: 5.358336 sec, 1 copy (N=1 anchor)
  batch 1/3: 26.558556 sec, 5 copies (server sum 26463.989 ms)
  batch 2/3: 26.431320 sec, 5 copies (server sum 26339.331 ms)
  batch 3/3: 26.509188 sec, 5 copies (server sum 26417.415 ms)
  slope: pkg 62.2 J/exec (intercept 1.038 J), wall 5.285338 s/exec (intercept 0.072998 s)
[2/53] queries/tpch/tpch-queries/q01/v1_materialized.sql (2 warmup [warm ones = N=1 anchor] + 3 x5)
  warmup 1/2: 5.404717 sec, 1 copy (cache prime)
  warmup 2/2: 5.350299 sec, 1 copy (N=1 anchor)
  batch 1/3: 26.413385 sec, 5 copies (server sum 26321.411 ms)
  batch 2/3: 26.434505 sec, 5 copies (server sum 26341.842 ms)
  batch 3/3: 26.429687 sec, 5 copies (server sum 26334.526 ms)
  slope: pkg 61.45 J/exec (intercept 0.9907 J), wall 5.268890 s/exec (intercept 0.081409 s)
[3/53] queries/tpch/tpch-queries/q02/base.sql (2 warmup [warm ones = N=1 anchor] + 3 x5)
  warmup 1/2: 0.760420 sec, 1 copy (cache prime)
  warmup 2/2: 0.222063 sec, 1 copy (N=1 anchor)
  batch 1/3: 0.852707 sec, 5 copies (server sum 804.564 ms)
  batch 2/3: 0.853456 sec, 5 copies (server sum 805.022 ms)
  batch 3/3: 0.840851 sec, 5 copies (server sum 788.772 ms)
  slope: pkg 1.521 J/exec (intercept 0.9952 J), wall 0.156735 s/exec (intercept 0.065328 s)
[4/53] queries/tpch/tpch-queries/q02/v1_materialized.sql (2 warmup [warm ones = N=1 anchor] + 3 x5)
  warmup 1/2: 0.253497 sec, 1 copy (cache prime)
  warmup 2/2: 0.251634 sec, 1 copy (N=1 anchor)
  batch 1/3: 0.942497 sec, 5 copies (server sum 891.537 ms)
  batch 2/3: 0.997338 sec, 5 copies (server sum 897.071 ms)
  batch 3/3: 1.006129 sec, 5 copies (server sum 907.320 ms)
  slope: pkg 1.513 J/exec (intercept 0.8429 J), wall 0.182589 s/exec (intercept 0.069045 s)
[5/53] queries/tpch/tpch-queries/q02/v2_decorrelate.sql (2 warmup [warm ones = N=1 anchor] + 3 x5)
  warmup 1/2: 0.299516 sec, 1 copy (cache prime)
  warmup 2/2: 0.302146 sec, 1 copy (N=1 anchor)
  batch 1/3: 1.145410 sec, 5 copies (server sum 1030.357 ms)
  batch 2/3: 1.139190 sec, 5 copies (server sum 1032.155 ms)
  batch 3/3: 1.124292 sec, 5 copies (server sum 1012.257 ms)
  slope: pkg 1.195 J/exec (intercept 0.9681 J), wall 0.208538 s/exec (intercept 0.093608 s)
[6/53] queries/tpch/tpch-queries/q03/base.sql (2 warmup [warm ones = N=1 anchor] + 3 x5)
  warmup 1/2: 1.570206 sec, 1 copy (cache prime)
  warmup 2/2: 1.273125 sec, 1 copy (N=1 anchor)
  batch 1/3: 5.743951 sec, 5 copies (server sum 5649.372 ms)
  batch 2/3: 5.711333 sec, 5 copies (server sum 5616.333 ms)
  batch 3/3: 5.706530 sec, 5 copies (server sum 5612.285 ms)
  slope: pkg 12.63 J/exec (intercept 1.28 J), wall 1.111870 s/exec (intercept 0.161256 s)
[7/53] queries/tpch/tpch-queries/q03/v1_materialized.sql (2 warmup [warm ones = N=1 anchor] + 3 x5)
  warmup 1/2: 1.217542 sec, 1 copy (cache prime)
  warmup 2/2: 1.266185 sec, 1 copy (N=1 anchor)
  batch 1/3: 5.701199 sec, 5 copies (server sum 5607.883 ms)
  batch 2/3: 5.695720 sec, 5 copies (server sum 5601.009 ms)
  batch 3/3: 5.714284 sec, 5 copies (server sum 5620.016 ms)
  slope: pkg 12.54 J/exec (intercept 1.363 J), wall 1.109387 s/exec (intercept 0.156798 s)
[8/53] queries/tpch/tpch-queries/q04/base.sql (2 warmup [warm ones = N=1 anchor] + 3 x5)
  warmup 1/2: 0.460059 sec, 1 copy (cache prime)
  warmup 2/2: 0.271109 sec, 1 copy (N=1 anchor)
  batch 1/3: 0.936812 sec, 5 copies (server sum 893.291 ms)
  batch 2/3: 0.986878 sec, 5 copies (server sum 894.054 ms)
  batch 3/3: 0.990586 sec, 5 copies (server sum 898.797 ms)
  slope: pkg 1.793 J/exec (intercept 1.491 J), wall 0.175079 s/exec (intercept 0.096030 s)
[9/53] queries/tpch/tpch-queries/q04/v1_materialized.sql (2 warmup [warm ones = N=1 anchor] + 3 x5)
  warmup 1/2: 0.320165 sec, 1 copy (cache prime)
  warmup 2/2: 0.320965 sec, 1 copy (N=1 anchor)
  batch 1/3: 0.996892 sec, 5 copies (server sum 904.283 ms)
  batch 2/3: 1.014308 sec, 5 copies (server sum 921.642 ms)
  batch 3/3: 0.997835 sec, 5 copies (server sum 904.725 ms)
  slope: pkg 1.75 J/exec (intercept 1.64 J), wall 0.170512 s/exec (intercept 0.150454 s)
[10/53] queries/tpch/tpch-queries/q04/v2_in.sql (2 warmup [warm ones = N=1 anchor] + 3 x5)
  warmup 1/2: 0.270470 sec, 1 copy (cache prime)
  warmup 2/2: 0.320613 sec, 1 copy (N=1 anchor)
  batch 1/3: 0.985219 sec, 5 copies (server sum 893.063 ms)
  batch 2/3: 0.995001 sec, 5 copies (server sum 902.400 ms)
  batch 3/3: 0.997269 sec, 5 copies (server sum 904.757 ms)
  slope: pkg 1.734 J/exec (intercept 1.6 J), wall 0.167971 s/exec (intercept 0.152642 s)
[11/53] queries/tpch/tpch-queries/q05/base.sql (2 warmup [warm ones = N=1 anchor] + 3 x5)
  warmup 1/2: 0.447418 sec, 1 copy (cache prime)
  warmup 2/2: 0.447119 sec, 1 copy (N=1 anchor)
  batch 1/3: 1.612223 sec, 5 copies (server sum 1512.447 ms)
  batch 2/3: 1.589608 sec, 5 copies (server sum 1490.152 ms)
  batch 3/3: 1.596303 sec, 5 copies (server sum 1497.000 ms)
  slope: pkg 2.598 J/exec (intercept 1.91 J), wall 0.288065 s/exec (intercept 0.159055 s)
[12/53] queries/tpch/tpch-queries/q05/v1_materialized.sql (2 warmup [warm ones = N=1 anchor] + 3 x5)
  warmup 1/2: 0.438377 sec, 1 copy (cache prime)
  warmup 2/2: 0.442863 sec, 1 copy (N=1 anchor)
  batch 1/3: 1.578416 sec, 5 copies (server sum 1490.021 ms)
  batch 2/3: 1.595345 sec, 5 copies (server sum 1494.979 ms)
  batch 3/3: 1.597411 sec, 5 copies (server sum 1496.729 ms)
  slope: pkg 2.658 J/exec (intercept 1.805 J), wall 0.286882 s/exec (intercept 0.155982 s)
[13/53] queries/tpch/tpch-queries/q06/base.sql (2 warmup [warm ones = N=1 anchor] + 3 x5)
  warmup 1/2: 0.445032 sec, 1 copy (cache prime)
  warmup 2/2: 0.207467 sec, 1 copy (N=1 anchor)
  batch 1/3: 0.867752 sec, 5 copies (server sum 826.187 ms)
  batch 2/3: 0.916397 sec, 5 copies (server sum 823.148 ms)
  batch 3/3: 0.927769 sec, 5 copies (server sum 828.542 ms)
  slope: pkg 1.879 J/exec (intercept 0.6279 J), wall 0.174127 s/exec (intercept 0.033340 s)
[14/53] queries/tpch/tpch-queries/q06/v1_materialized.sql (2 warmup [warm ones = N=1 anchor] + 3 x5)
  warmup 1/2: 0.258453 sec, 1 copy (cache prime)
  warmup 2/2: 0.260839 sec, 1 copy (N=1 anchor)
  batch 1/3: 0.876899 sec, 5 copies (server sum 827.316 ms)
  batch 2/3: 0.920016 sec, 5 copies (server sum 826.793 ms)
  batch 3/3: 0.916685 sec, 5 copies (server sum 823.988 ms)
  slope: pkg 1.858 J/exec (intercept 0.7018 J), wall 0.160923 s/exec (intercept 0.099916 s)
[15/53] queries/tpch/tpch-queries/q07/base.sql (2 warmup [warm ones = N=1 anchor] + 3 x5)
  warmup 1/2: 1.098818 sec, 1 copy (cache prime)
  warmup 2/2: 0.781777 sec, 1 copy (N=1 anchor)
  batch 1/3: 3.498359 sec, 5 copies (server sum 3394.450 ms)
  batch 2/3: 3.502189 sec, 5 copies (server sum 3398.688 ms)
  batch 3/3: 3.561579 sec, 5 copies (server sum 3456.981 ms)
  slope: pkg 3.364 J/exec (intercept 0.9267 J), wall 0.684733 s/exec (intercept 0.097044 s)
[16/53] queries/tpch/tpch-queries/q07/v1_materialized.sql (2 warmup [warm ones = N=1 anchor] + 3 x5)
  warmup 1/2: 0.822369 sec, 1 copy (cache prime)
  warmup 2/2: 0.829417 sec, 1 copy (N=1 anchor)
  batch 1/3: 3.496155 sec, 5 copies (server sum 3391.305 ms)
  batch 2/3: 3.441613 sec, 5 copies (server sum 3381.348 ms)
  batch 3/3: 3.482684 sec, 5 copies (server sum 3378.854 ms)
  slope: pkg 3.18 J/exec (intercept 1.67 J), wall 0.661017 s/exec (intercept 0.168400 s)
[17/53] queries/tpch/tpch-queries/q07/v2_union_all.sql (2 warmup [warm ones = N=1 anchor] + 3 x5)
  warmup 1/2: 0.833629 sec, 1 copy (cache prime)
  warmup 2/2: 0.792769 sec, 1 copy (N=1 anchor)
  batch 1/3: 3.380896 sec, 5 copies (server sum 3275.807 ms)
  batch 2/3: 3.368073 sec, 5 copies (server sum 3263.080 ms)
  batch 3/3: 3.364349 sec, 5 copies (server sum 3259.377 ms)
  slope: pkg 3.03 J/exec (intercept 1.362 J), wall 0.644584 s/exec (intercept 0.148185 s)
[18/53] queries/tpch/tpch-queries/q08/base.sql (2 warmup [warm ones = N=1 anchor] + 3 x5)
  warmup 1/2: 1.495532 sec, 1 copy (cache prime)
  warmup 2/2: 0.373713 sec, 1 copy (N=1 anchor)
  batch 1/3: 1.420940 sec, 5 copies (server sum 1363.970 ms)
  batch 2/3: 1.430450 sec, 5 copies (server sum 1327.621 ms)
  batch 3/3: 1.440174 sec, 5 copies (server sum 1338.341 ms)
  slope: pkg 1.756 J/exec (intercept 1.596 J), wall 0.264202 s/exec (intercept 0.109511 s)
[19/53] queries/tpch/tpch-queries/q08/v1_materialized.sql (2 warmup [warm ones = N=1 anchor] + 3 x5)
  warmup 1/2: 0.412923 sec, 1 copy (cache prime)
  warmup 2/2: 0.415146 sec, 1 copy (N=1 anchor)
  batch 1/3: 1.412608 sec, 5 copies (server sum 1355.608 ms)
  batch 2/3: 1.437791 sec, 5 copies (server sum 1332.850 ms)
  batch 3/3: 1.446844 sec, 5 copies (server sum 1344.054 ms)
  slope: pkg 1.73 J/exec (intercept 1.681 J), wall 0.254317 s/exec (intercept 0.160829 s)
[20/53] queries/tpch/tpch-queries/q08/v2_filter.sql (2 warmup [warm ones = N=1 anchor] + 3 x5)
  warmup 1/2: 0.411062 sec, 1 copy (cache prime)
  warmup 2/2: 0.411477 sec, 1 copy (N=1 anchor)
  batch 1/3: 1.383496 sec, 5 copies (server sum 1328.145 ms)
  batch 2/3: 1.448522 sec, 5 copies (server sum 1346.763 ms)
  batch 3/3: 1.436333 sec, 5 copies (server sum 1333.960 ms)
  slope: pkg 1.745 J/exec (intercept 1.68 J), wall 0.252827 s/exec (intercept 0.158651 s)
[21/53] queries/tpch/tpch-queries/q09/base.sql (2 warmup [warm ones = N=1 anchor] + 3 x5)
  warmup 1/2: 3.144348 sec, 1 copy (cache prime)
  warmup 2/2: 2.793756 sec, 1 copy (N=1 anchor)
  batch 1/3: 13.328275 sec, 5 copies (server sum 13226.472 ms)
  batch 2/3: 13.285345 sec, 5 copies (server sum 13233.086 ms)
  batch 3/3: 13.345495 sec, 5 copies (server sum 13242.043 ms)
  slope: pkg 29.48 J/exec (intercept 1.092 J), wall 2.631487 s/exec (intercept 0.162268 s)
[22/53] queries/tpch/tpch-queries/q09/v1_materialized.sql (2 warmup [warm ones = N=1 anchor] + 3 x5)
  warmup 1/2: 2.791582 sec, 1 copy (cache prime)
  warmup 2/2: 2.787961 sec, 1 copy (N=1 anchor)
  batch 1/3: 13.393946 sec, 5 copies (server sum 13292.494 ms)
  batch 2/3: 13.403323 sec, 5 copies (server sum 13265.663 ms)
  batch 3/3: 13.393832 sec, 5 copies (server sum 13291.984 ms)
  slope: pkg 29.73 J/exec (intercept 1.453 J), wall 2.652268 s/exec (intercept 0.135692 s)
[23/53] queries/tpch/tpch-queries/q10/base.sql (2 warmup [warm ones = N=1 anchor] + 3 x5)
  warmup 1/2: 1.241733 sec, 1 copy (cache prime)
  warmup 2/2: 1.234031 sec, 1 copy (N=1 anchor)
  batch 1/3: 5.577993 sec, 5 copies (server sum 5480.401 ms)
  batch 2/3: 5.596359 sec, 5 copies (server sum 5497.853 ms)
  batch 3/3: 5.545099 sec, 5 copies (server sum 5485.314 ms)
  slope: pkg 12.35 J/exec (intercept 1.427 J), wall 1.084780 s/exec (intercept 0.149251 s)
[24/53] queries/tpch/tpch-queries/q10/v1_materialized.sql (2 warmup [warm ones = N=1 anchor] + 3 x5)
  warmup 1/2: 1.193264 sec, 1 copy (cache prime)
  warmup 2/2: 1.231638 sec, 1 copy (N=1 anchor)
  batch 1/3: 5.560187 sec, 5 copies (server sum 5463.027 ms)
  batch 2/3: 5.550238 sec, 5 copies (server sum 5452.749 ms)
  batch 3/3: 5.561340 sec, 5 copies (server sum 5465.294 ms)
  slope: pkg 12.27 J/exec (intercept 1.556 J), wall 1.081404 s/exec (intercept 0.150234 s)
[25/53] queries/tpch/tpch-queries/q11/base.sql (2 warmup [warm ones = N=1 anchor] + 3 x5)
  warmup 1/2: 0.175707 sec, 1 copy (cache prime)
  warmup 2/2: 0.127547 sec, 1 copy (N=1 anchor)
  batch 1/3: 0.519959 sec, 5 copies (server sum 402.070 ms)
  batch 2/3: 0.501252 sec, 5 copies (server sum 402.377 ms)
  batch 3/3: 0.513197 sec, 5 copies (server sum 412.975 ms)
  slope: pkg 0.6475 J/exec (intercept 0.7079 J), wall 0.095981 s/exec (intercept 0.031566 s)
[26/53] queries/tpch/tpch-queries/q11/v1_materialized.sql (2 warmup [warm ones = N=1 anchor] + 3 x5)
  warmup 1/2: 0.176807 sec, 1 copy (cache prime)
  warmup 2/2: 0.126482 sec, 1 copy (N=1 anchor)
  batch 1/3: 0.472575 sec, 5 copies (server sum 418.180 ms)
  batch 2/3: 0.506426 sec, 5 copies (server sum 406.748 ms)
  batch 3/3: 0.516125 sec, 5 copies (server sum 414.748 ms)
  slope: pkg 0.6302 J/exec (intercept 0.6749 J), wall 0.092973 s/exec (intercept 0.033508 s)
[27/53] queries/tpch/tpch-queries/q11/v2_cte_threshold.sql (2 warmup [warm ones = N=1 anchor] + 3 x5)
  warmup 1/2: 0.175708 sec, 1 copy (cache prime)
  warmup 2/2: 0.127258 sec, 1 copy (N=1 anchor)
  batch 1/3: 0.463919 sec, 5 copies (server sum 411.400 ms)
  batch 2/3: 0.525618 sec, 5 copies (server sum 425.872 ms)
  batch 3/3: 0.547272 sec, 5 copies (server sum 422.521 ms)
  slope: pkg 0.6381 J/exec (intercept 0.6317 J), wall 0.096253 s/exec (intercept 0.031005 s)
[28/53] queries/tpch/tpch-queries/q12/base.sql (2 warmup [warm ones = N=1 anchor] + 3 x5)
  warmup 1/2: 1.081170 sec, 1 copy (cache prime)
  warmup 2/2: 1.018352 sec, 1 copy (N=1 anchor)
  batch 1/3: 4.310228 sec, 5 copies (server sum 4217.215 ms)
  batch 2/3: 4.309186 sec, 5 copies (server sum 4216.387 ms)
  batch 3/3: 4.300179 sec, 5 copies (server sum 4204.548 ms)
  slope: pkg 8.113 J/exec (intercept 1.176 J), wall 0.822045 s/exec (intercept 0.196308 s)
[29/53] queries/tpch/tpch-queries/q12/v1_materialized.sql (2 warmup [warm ones = N=1 anchor] + 3 x5)
  warmup 1/2: 0.987975 sec, 1 copy (cache prime)
  warmup 2/2: 0.997209 sec, 1 copy (N=1 anchor)
  batch 1/3: 4.319663 sec, 5 copies (server sum 4225.077 ms)
  batch 2/3: 4.309972 sec, 5 copies (server sum 4216.480 ms)
  batch 3/3: 4.286489 sec, 5 copies (server sum 4190.305 ms)
  slope: pkg 8.073 J/exec (intercept 1.468 J), wall 0.827041 s/exec (intercept 0.170167 s)
[30/53] queries/tpch/tpch-queries/q12/v2_filter.sql (2 warmup [warm ones = N=1 anchor] + 3 x5)
  warmup 1/2: 0.933771 sec, 1 copy (cache prime)
  warmup 2/2: 0.992098 sec, 1 copy (N=1 anchor)
  batch 1/3: 4.301788 sec, 5 copies (server sum 4209.356 ms)
  batch 2/3: 4.313436 sec, 5 copies (server sum 4220.337 ms)
  batch 3/3: 4.294678 sec, 5 copies (server sum 4201.821 ms)
  slope: pkg 8.083 J/exec (intercept 1.442 J), wall 0.827801 s/exec (intercept 0.164297 s)
[31/53] queries/tpch/tpch-queries/q13/base.sql (2 warmup [warm ones = N=1 anchor] + 3 x5)
  warmup 1/2: 1.583836 sec, 1 copy (cache prime)
  warmup 2/2: 1.571546 sec, 1 copy (N=1 anchor)
  batch 1/3: 7.365970 sec, 5 copies (server sum 7268.897 ms)
  batch 2/3: 7.319091 sec, 5 copies (server sum 7220.695 ms)
  batch 3/3: 7.304722 sec, 5 copies (server sum 7207.720 ms)
  slope: pkg 9.549 J/exec (intercept 0.5892 J), wall 1.439596 s/exec (intercept 0.131950 s)
[32/53] queries/tpch/tpch-queries/q13/v1_materialized.sql (2 warmup [warm ones = N=1 anchor] + 3 x5)
  warmup 1/2: 1.578011 sec, 1 copy (cache prime)
  warmup 2/2: 1.584915 sec, 1 copy (N=1 anchor)
  batch 1/3: 7.349399 sec, 5 copies (server sum 7251.700 ms)
  batch 2/3: 7.314654 sec, 5 copies (server sum 7216.696 ms)
  batch 3/3: 7.208343 sec, 5 copies (server sum 7161.565 ms)
  slope: pkg 9.599 J/exec (intercept 0.3443 J), wall 1.426471 s/exec (intercept 0.158444 s)
[33/53] queries/tpch/tpch-queries/q13/v2_correlated.sql (2 warmup [warm ones = N=1 anchor] + 3 x5)
  warmup 1/2: 2.144442 sec, 1 copy (cache prime)
  warmup 2/2: 2.151511 sec, 1 copy (N=1 anchor)
  batch 1/3: 9.944903 sec, 5 copies (server sum 9850.648 ms)
  batch 2/3: 9.941903 sec, 5 copies (server sum 9847.730 ms)
  batch 3/3: 9.976410 sec, 5 copies (server sum 9881.390 ms)
  slope: pkg 20.1 J/exec (intercept 1.441 J), wall 1.950724 s/exec (intercept 0.200787 s)
[34/53] queries/tpch/tpch-queries/q14/base.sql (2 warmup [warm ones = N=1 anchor] + 3 x5)
  warmup 1/2: 0.327068 sec, 1 copy (cache prime)
  warmup 2/2: 0.312267 sec, 1 copy (N=1 anchor)
  batch 1/3: 1.004646 sec, 5 copies (server sum 911.415 ms)
  batch 2/3: 1.027272 sec, 5 copies (server sum 921.016 ms)
  batch 3/3: 0.995889 sec, 5 copies (server sum 902.539 ms)
  slope: pkg 1.434 J/exec (intercept 1.678 J), wall 0.174251 s/exec (intercept 0.138016 s)
[35/53] queries/tpch/tpch-queries/q14/v1_materialized.sql (2 warmup [warm ones = N=1 anchor] + 3 x5)
  warmup 1/2: 0.309636 sec, 1 copy (cache prime)
  warmup 2/2: 0.300354 sec, 1 copy (N=1 anchor)
  batch 1/3: 1.011092 sec, 5 copies (server sum 917.824 ms)
  batch 2/3: 1.005793 sec, 5 copies (server sum 911.256 ms)
  batch 3/3: 0.995929 sec, 5 copies (server sum 902.318 ms)
  slope: pkg 1.415 J/exec (intercept 1.551 J), wall 0.175979 s/exec (intercept 0.124374 s)
[36/53] queries/tpch/tpch-queries/q14/v2_filter.sql (2 warmup [warm ones = N=1 anchor] + 3 x5)
  warmup 1/2: 0.310859 sec, 1 copy (cache prime)
  warmup 2/2: 0.313960 sec, 1 copy (N=1 anchor)
  batch 1/3: 0.996963 sec, 5 copies (server sum 904.048 ms)
  batch 2/3: 0.996652 sec, 5 copies (server sum 903.011 ms)
  batch 3/3: 0.991192 sec, 5 copies (server sum 898.208 ms)
  slope: pkg 1.401 J/exec (intercept 1.581 J), wall 0.170244 s/exec (intercept 0.143716 s)
[37/53] queries/tpch/tpch-queries/q15/base.sql (2 warmup [warm ones = N=1 anchor] + 3 x5)
  warmup 1/2: 0.360171 sec, 1 copy (cache prime)
  warmup 2/2: 0.372707 sec, 1 copy (N=1 anchor)
  batch 1/3: 1.205396 sec, 5 copies (server sum 1112.492 ms)
  batch 2/3: 1.219665 sec, 5 copies (server sum 1093.283 ms)
  batch 3/3: 1.190856 sec, 5 copies (server sum 1097.286 ms)
  slope: pkg 2.07 J/exec (intercept 1.617 J), wall 0.208150 s/exec (intercept 0.164558 s)
[38/53] queries/tpch/tpch-queries/q15/v1_materialized.sql (2 warmup [warm ones = N=1 anchor] + 3 x5)
  warmup 1/2: 0.326522 sec, 1 copy (cache prime)
  warmup 2/2: 0.379796 sec, 1 copy (N=1 anchor)
  batch 1/3: 1.219465 sec, 5 copies (server sum 1121.636 ms)
  batch 2/3: 1.191713 sec, 5 copies (server sum 1096.053 ms)
  batch 3/3: 1.201827 sec, 5 copies (server sum 1108.577 ms)
  slope: pkg 2.107 J/exec (intercept 1.496 J), wall 0.206135 s/exec (intercept 0.173661 s)
[39/53] queries/tpch/tpch-queries/q16/base.sql (2 warmup [warm ones = N=1 anchor] + 3 x5)
  warmup 1/2: 0.698932 sec, 1 copy (cache prime)
  warmup 2/2: 0.625971 sec, 1 copy (N=1 anchor)
  batch 1/3: 2.724075 sec, 5 copies (server sum 2629.524 ms)
  batch 2/3: 2.725214 sec, 5 copies (server sum 2629.612 ms)
  batch 3/3: 2.725970 sec, 5 copies (server sum 2627.944 ms)
  slope: pkg 6.091 J/exec (intercept 0.853 J), wall 0.524779 s/exec (intercept 0.101193 s)
[40/53] queries/tpch/tpch-queries/q16/v1_materialized.sql (2 warmup [warm ones = N=1 anchor] + 3 x5)
  warmup 1/2: 0.627078 sec, 1 copy (cache prime)
  warmup 2/2: 0.623739 sec, 1 copy (N=1 anchor)
  batch 1/3: 2.739359 sec, 5 copies (server sum 2642.263 ms)
  batch 2/3: 2.743801 sec, 5 copies (server sum 2646.486 ms)
  batch 3/3: 2.737915 sec, 5 copies (server sum 2642.152 ms)
  slope: pkg 6.156 J/exec (intercept 0.7478 J), wall 0.529155 s/exec (intercept 0.094584 s)
[41/53] queries/tpch/tpch-queries/q16/v2_not_exists.sql (2 warmup [warm ones = N=1 anchor] + 3 x5)
  warmup 1/2: 0.547479 sec, 1 copy (cache prime)
  warmup 2/2: 0.548782 sec, 1 copy (N=1 anchor)
  batch 1/3: 2.344481 sec, 5 copies (server sum 2248.222 ms)
  batch 2/3: 2.336433 sec, 5 copies (server sum 2240.355 ms)
  batch 3/3: 2.351190 sec, 5 copies (server sum 2241.102 ms)
  slope: pkg 5.251 J/exec (intercept 0.8841 J), wall 0.448813 s/exec (intercept 0.099968 s)
[42/53] queries/tpch/tpch-queries/q17/v2_decorrelate.sql (2 warmup [warm ones = N=1 anchor] + 3 x5)
  warmup 1/2: 4.164042 sec, 1 copy (cache prime)
  warmup 2/2: 4.056785 sec, 1 copy (N=1 anchor)
  batch 1/3: 19.606394 sec, 5 copies (server sum 19512.751 ms)
  batch 2/3: 19.751333 sec, 5 copies (server sum 19657.150 ms)
  batch 3/3: 19.748546 sec, 5 copies (server sum 19703.596 ms)
  slope: pkg 18.52 J/exec (intercept 0.9624 J), wall 3.911327 s/exec (intercept 0.145458 s)
[43/53] queries/tpch/tpch-queries/q18/base.sql (2 warmup [warm ones = N=1 anchor] + 3 x5)
  warmup 1/2: 4.364679 sec, 1 copy (cache prime)
  warmup 2/2: 4.334137 sec, 1 copy (N=1 anchor)
  batch 1/3: 20.946687 sec, 5 copies (server sum 20850.686 ms)
  batch 2/3: 20.868837 sec, 5 copies (server sum 20821.854 ms)
  batch 3/3: 20.918553 sec, 5 copies (server sum 20822.284 ms)
  slope: pkg 43.19 J/exec (intercept 2.553 J), wall 4.144306 s/exec (intercept 0.189832 s)
[44/53] queries/tpch/tpch-queries/q18/v1_materialized.sql (2 warmup [warm ones = N=1 anchor] + 3 x5)
  warmup 1/2: 4.353071 sec, 1 copy (cache prime)
  warmup 2/2: 4.343398 sec, 1 copy (N=1 anchor)
  batch 1/3: 20.904120 sec, 5 copies (server sum 20808.502 ms)
  batch 2/3: 21.003148 sec, 5 copies (server sum 20907.011 ms)
  batch 3/3: 20.867003 sec, 5 copies (server sum 20766.925 ms)
  slope: pkg 44.06 J/exec (intercept 0.9936 J), wall 4.145340 s/exec (intercept 0.198058 s)
[45/53] queries/tpch/tpch-queries/q18/v2_join.sql (2 warmup [warm ones = N=1 anchor] + 3 x5)
  warmup 1/2: 4.365188 sec, 1 copy (cache prime)
  warmup 2/2: 4.369115 sec, 1 copy (N=1 anchor)
  batch 1/3: 20.948619 sec, 5 copies (server sum 20884.601 ms)
  batch 2/3: 20.928295 sec, 5 copies (server sum 20814.652 ms)
  batch 3/3: 20.910090 sec, 5 copies (server sum 20795.256 ms)
  slope: pkg 44.06 J/exec (intercept 2.515 J), wall 4.139972 s/exec (intercept 0.229143 s)
[46/53] queries/tpch/tpch-queries/q19/base.sql (2 warmup [warm ones = N=1 anchor] + 3 x5)
  warmup 1/2: 0.259678 sec, 1 copy (cache prime)
  warmup 2/2: 0.099732 sec, 1 copy (N=1 anchor)
  batch 1/3: 0.198600 sec, 5 copies (server sum 151.096 ms)
  batch 2/3: 0.259647 sec, 5 copies (server sum 152.162 ms)
  batch 3/3: 0.204488 sec, 5 copies (server sum 151.608 ms)
  slope: pkg 0.2267 J/exec (intercept 0.8067 J), wall 0.030295 s/exec (intercept 0.069437 s)
[47/53] queries/tpch/tpch-queries/q19/v1_materialized.sql (2 warmup [warm ones = N=1 anchor] + 3 x5)
  warmup 1/2: 0.096668 sec, 1 copy (cache prime)
  warmup 2/2: 0.093996 sec, 1 copy (N=1 anchor)
  batch 1/3: 0.200032 sec, 5 copies (server sum 151.561 ms)
  batch 2/3: 0.253863 sec, 5 copies (server sum 153.197 ms)
  batch 3/3: 0.204014 sec, 5 copies (server sum 149.768 ms)
  slope: pkg 0.1931 J/exec (intercept 0.9827 J), wall 0.031327 s/exec (intercept 0.062669 s)
[48/53] queries/tpch/tpch-queries/q19/v2_union_all.sql (2 warmup [warm ones = N=1 anchor] + 3 x5)
  warmup 1/2: 0.096024 sec, 1 copy (cache prime)
  warmup 2/2: 0.094031 sec, 1 copy (N=1 anchor)
  batch 1/3: 0.199326 sec, 5 copies (server sum 149.382 ms)
  batch 2/3: 0.259305 sec, 5 copies (server sum 155.836 ms)
  batch 3/3: 0.205293 sec, 5 copies (server sum 153.656 ms)
  slope: pkg 0.1962 J/exec (intercept 0.9891 J), wall 0.031819 s/exec (intercept 0.062212 s)
[49/53] queries/tpch/tpch-queries/q21/base.sql (2 warmup [warm ones = N=1 anchor] + 3 x5)
  warmup 1/2: 0.981326 sec, 1 copy (cache prime)
  warmup 2/2: 0.818019 sec, 1 copy (N=1 anchor)
  batch 1/3: 3.749827 sec, 5 copies (server sum 3649.779 ms)
  batch 2/3: 3.700089 sec, 5 copies (server sum 3596.831 ms)
  batch 3/3: 3.687430 sec, 5 copies (server sum 3586.460 ms)
  slope: pkg 5.007 J/exec (intercept 1.214 J), wall 0.723607 s/exec (intercept 0.094412 s)
[50/53] queries/tpch/tpch-queries/q21/v1_materialized.sql (2 warmup [warm ones = N=1 anchor] + 3 x5)
  warmup 1/2: 0.839372 sec, 1 copy (cache prime)
  warmup 2/2: 0.858997 sec, 1 copy (N=1 anchor)
  batch 1/3: 3.701843 sec, 5 copies (server sum 3603.612 ms)
  batch 2/3: 3.721014 sec, 5 copies (server sum 3621.962 ms)
  batch 3/3: 3.646734 sec, 5 copies (server sum 3546.022 ms)
  slope: pkg 4.946 J/exec (intercept 1.424 J), wall 0.707717 s/exec (intercept 0.151281 s)
[51/53] queries/tpch/tpch-queries/q22/base.sql (2 warmup [warm ones = N=1 anchor] + 3 x5)
  warmup 1/2: 0.213143 sec, 1 copy (cache prime)
  warmup 2/2: 0.163749 sec, 1 copy (N=1 anchor)
  batch 1/3: 0.684386 sec, 5 copies (server sum 601.405 ms)
  batch 2/3: 0.702344 sec, 5 copies (server sum 608.288 ms)
  batch 3/3: 0.700788 sec, 5 copies (server sum 601.207 ms)
  slope: pkg 1.429 J/exec (intercept 0.4901 J), wall 0.133023 s/exec (intercept 0.030726 s)
[52/53] queries/tpch/tpch-queries/q22/v1_materialized.sql (2 warmup [warm ones = N=1 anchor] + 3 x5)
  warmup 1/2: 0.214462 sec, 1 copy (cache prime)
  warmup 2/2: 0.215264 sec, 1 copy (N=1 anchor)
  batch 1/3: 0.640354 sec, 5 copies (server sum 596.316 ms)
  batch 2/3: 0.694958 sec, 5 copies (server sum 600.143 ms)
  batch 3/3: 0.686059 sec, 5 copies (server sum 598.983 ms)
  slope: pkg 1.394 J/exec (intercept 0.7006 J), wall 0.114631 s/exec (intercept 0.100633 s)
[53/53] queries/tpch/tpch-queries/q22/v2_anti_join.sql (2 warmup [warm ones = N=1 anchor] + 3 x5)
  warmup 1/2: 0.370020 sec, 1 copy (cache prime)
  warmup 2/2: 0.384383 sec, 1 copy (N=1 anchor)
  batch 1/3: 1.474187 sec, 5 copies (server sum 1379.823 ms)
  batch 2/3: 1.462827 sec, 5 copies (server sum 1366.285 ms)
  batch 3/3: 1.462034 sec, 5 copies (server sum 1367.562 ms)
  slope: pkg 3.151 J/exec (intercept 0.8971 J), wall 0.270492 s/exec (intercept 0.113891 s)

Done. Batch rows appended to logs/max_parallel_workers/mpw_0/query_timing_tpch_idx.csv
Per-copy samples appended to logs/max_parallel_workers/mpw_0/query_samples_tpch_idx.csv
Relation sizes appended to logs/max_parallel_workers/mpw_0/query_catalog_tpch_idx.csv
Per-query slope/intercept appended to logs/max_parallel_workers/mpw_0/query_slope_tpch_idx.csv
make: Leaving directory '/home/user01/GreenSQL'
