make: Entering directory '/home/user01/GreenSQL'
query_runner configuration:
  QUERY_DIR      = queries/tpch/tpch-queries
  LOG_FILE       = logs/hash_mem_multiplier/hmm_2/query_timing_tpch_idx.csv
  SAMPLE_FILE    = logs/hash_mem_multiplier/hmm_2/query_samples_tpch_idx.csv
  CATALOG_FILE   = logs/hash_mem_multiplier/hmm_2/query_catalog_tpch_idx.csv
  SLOPE_FILE     = logs/hash_mem_multiplier/hmm_2/query_slope_tpch_idx.csv
  DB_NAME        = tpch_idx
  DB_USER        = postgres
  PGPORT         = 5434
  PG_VERSION     = 18.4  (as reported by the server on that port)
  BATCHNUM       = 5 (slope sizes: 1 copy and 5 copies)
  RUNS           = 3 (measured batches per size)
  WARMUP         = 2 (single-copy; #1 primes cache, warm ones = N=1 anchor)
  WORKERS        = (planner default)
  STATEMENT_TIMEOUT = 900
  SIGLESS_ADDR   = (disabled)
Found 53 queries under queries/tpch/tpch-queries

Catalog snapshot: 37 relations -> logs/hash_mem_multiplier/hmm_2/query_catalog_tpch_idx.csv
[1/53] queries/tpch/tpch-queries/q01/base.sql (2 warmup [warm ones = N=1 anchor] + 3 x5)
  warmup 1/2: 1.847396 sec, 1 copy (cache prime)
  warmup 2/2: 1.684368 sec, 1 copy (N=1 anchor)
  batch 1/3: 8.664538 sec, 5 copies (server sum 8552.300 ms)
  batch 2/3: 8.586375 sec, 5 copies (server sum 8523.319 ms)
  batch 3/3: 8.646794 sec, 5 copies (server sum 8532.022 ms)
  slope: pkg 36.94 J/exec (intercept 4.294 J), wall 1.737050 s/exec (intercept -0.052682 s)
[2/53] queries/tpch/tpch-queries/q01/v1_materialized.sql (2 warmup [warm ones = N=1 anchor] + 3 x5)
  warmup 1/2: 1.798563 sec, 1 copy (cache prime)
  warmup 2/2: 1.833268 sec, 1 copy (N=1 anchor)
  batch 1/3: 8.665880 sec, 5 copies (server sum 8547.442 ms)
  batch 2/3: 8.661285 sec, 5 copies (server sum 8548.844 ms)
  batch 3/3: 8.626125 sec, 5 copies (server sum 8522.764 ms)
  slope: pkg 37.37 J/exec (intercept 2.993 J), wall 1.704457 s/exec (intercept 0.128810 s)
[3/53] queries/tpch/tpch-queries/q02/base.sql (2 warmup [warm ones = N=1 anchor] + 3 x5)
  warmup 1/2: 0.488197 sec, 1 copy (cache prime)
  warmup 2/2: 0.288405 sec, 1 copy (N=1 anchor)
  batch 1/3: 0.934308 sec, 5 copies (server sum 834.365 ms)
  batch 2/3: 0.923073 sec, 5 copies (server sum 824.695 ms)
  batch 3/3: 0.938758 sec, 5 copies (server sum 836.557 ms)
  slope: pkg 1.489 J/exec (intercept 1.124 J), wall 0.160910 s/exec (intercept 0.127494 s)
[4/53] queries/tpch/tpch-queries/q02/v1_materialized.sql (2 warmup [warm ones = N=1 anchor] + 3 x5)
  warmup 1/2: 0.308974 sec, 1 copy (cache prime)
  warmup 2/2: 0.321129 sec, 1 copy (N=1 anchor)
  batch 1/3: 1.065747 sec, 5 copies (server sum 966.033 ms)
  batch 2/3: 1.064123 sec, 5 copies (server sum 964.505 ms)
  batch 3/3: 1.046971 sec, 5 copies (server sum 948.628 ms)
  slope: pkg 1.439 J/exec (intercept 0.8342 J), wall 0.184455 s/exec (intercept 0.136674 s)
[5/53] queries/tpch/tpch-queries/q02/v2_decorrelate.sql (2 warmup [warm ones = N=1 anchor] + 3 x5)
  warmup 1/2: 0.304999 sec, 1 copy (cache prime)
  warmup 2/2: 0.320468 sec, 1 copy (N=1 anchor)
  batch 1/3: 1.193658 sec, 5 copies (server sum 1084.377 ms)
  batch 2/3: 1.181435 sec, 5 copies (server sum 1072.002 ms)
  batch 3/3: 1.157015 sec, 5 copies (server sum 1047.386 ms)
  slope: pkg 1.269 J/exec (intercept 0.6291 J), wall 0.214225 s/exec (intercept 0.106243 s)
[6/53] queries/tpch/tpch-queries/q03/base.sql (2 warmup [warm ones = N=1 anchor] + 3 x5)
  warmup 1/2: 0.370924 sec, 1 copy (cache prime)
  warmup 2/2: 0.366313 sec, 1 copy (N=1 anchor)
  batch 1/3: 1.271700 sec, 5 copies (server sum 1168.406 ms)
  batch 2/3: 1.278891 sec, 5 copies (server sum 1178.525 ms)
  batch 3/3: 1.280632 sec, 5 copies (server sum 1184.740 ms)
  slope: pkg 7.837 J/exec (intercept 0.3554 J), wall 0.227690 s/exec (intercept 0.138622 s)
[7/53] queries/tpch/tpch-queries/q03/v1_materialized.sql (2 warmup [warm ones = N=1 anchor] + 3 x5)
  warmup 1/2: 0.367696 sec, 1 copy (cache prime)
  warmup 2/2: 0.292747 sec, 1 copy (N=1 anchor)
  batch 1/3: 1.213313 sec, 5 copies (server sum 1167.530 ms)
  batch 2/3: 1.288699 sec, 5 copies (server sum 1194.518 ms)
  batch 3/3: 1.281584 sec, 5 copies (server sum 1187.741 ms)
  slope: pkg 7.405 J/exec (intercept 1.58 J), wall 0.242113 s/exec (intercept 0.050634 s)
[8/53] queries/tpch/tpch-queries/q04/base.sql (2 warmup [warm ones = N=1 anchor] + 3 x5)
  warmup 1/2: 0.207123 sec, 1 copy (cache prime)
  warmup 2/2: 0.262831 sec, 1 copy (N=1 anchor)
  batch 1/3: 0.569518 sec, 5 copies (server sum 467.384 ms)
  batch 2/3: 0.496913 sec, 5 copies (server sum 452.741 ms)
  batch 3/3: 0.570657 sec, 5 copies (server sum 472.797 ms)
  slope: pkg 3.049 J/exec (intercept -0.4248 J), wall 0.070716 s/exec (intercept 0.192114 s)
[9/53] queries/tpch/tpch-queries/q04/v1_materialized.sql (2 warmup [warm ones = N=1 anchor] + 3 x5)
  warmup 1/2: 0.252365 sec, 1 copy (cache prime)
  warmup 2/2: 0.237177 sec, 1 copy (N=1 anchor)
  batch 1/3: 0.586750 sec, 5 copies (server sum 481.214 ms)
  batch 2/3: 0.557021 sec, 5 copies (server sum 461.080 ms)
  batch 3/3: 0.557291 sec, 5 copies (server sum 460.794 ms)
  slope: pkg 2.931 J/exec (intercept -0.1509 J), wall 0.082461 s/exec (intercept 0.154716 s)
[10/53] queries/tpch/tpch-queries/q04/v2_in.sql (2 warmup [warm ones = N=1 anchor] + 3 x5)
  warmup 1/2: 0.209559 sec, 1 copy (cache prime)
  warmup 2/2: 0.237194 sec, 1 copy (N=1 anchor)
  batch 1/3: 0.584257 sec, 5 copies (server sum 477.210 ms)
  batch 2/3: 0.700643 sec, 5 copies (server sum 478.680 ms)
  batch 3/3: 0.511064 sec, 5 copies (server sum 464.754 ms)
  slope: pkg 2.941 J/exec (intercept -0.2294 J), wall 0.090365 s/exec (intercept 0.146829 s)
[11/53] queries/tpch/tpch-queries/q05/base.sql (2 warmup [warm ones = N=1 anchor] + 3 x5)
  warmup 1/2: 0.390989 sec, 1 copy (cache prime)
  warmup 2/2: 0.360999 sec, 1 copy (N=1 anchor)
  batch 1/3: 1.409316 sec, 5 copies (server sum 1291.720 ms)
  batch 2/3: 1.371925 sec, 5 copies (server sum 1266.872 ms)
  batch 3/3: 1.359639 sec, 5 copies (server sum 1256.648 ms)
  slope: pkg 3.566 J/exec (intercept 1.304 J), wall 0.254824 s/exec (intercept 0.106176 s)
[12/53] queries/tpch/tpch-queries/q05/v1_materialized.sql (2 warmup [warm ones = N=1 anchor] + 3 x5)
  warmup 1/2: 0.357465 sec, 1 copy (cache prime)
  warmup 2/2: 0.363902 sec, 1 copy (N=1 anchor)
  batch 1/3: 1.369882 sec, 5 copies (server sum 1265.156 ms)
  batch 2/3: 1.344728 sec, 5 copies (server sum 1241.078 ms)
  batch 3/3: 1.379506 sec, 5 copies (server sum 1252.925 ms)
  slope: pkg 3.703 J/exec (intercept 0.9822 J), wall 0.250201 s/exec (intercept 0.113701 s)
[13/53] queries/tpch/tpch-queries/q06/base.sql (2 warmup [warm ones = N=1 anchor] + 3 x5)
  warmup 1/2: 0.128020 sec, 1 copy (cache prime)
  warmup 2/2: 0.096505 sec, 1 copy (N=1 anchor)
  batch 1/3: 0.344129 sec, 5 copies (server sum 301.386 ms)
  batch 2/3: 0.419131 sec, 5 copies (server sum 318.890 ms)
  batch 3/3: 0.454021 sec, 5 copies (server sum 344.231 ms)
  slope: pkg 1.829 J/exec (intercept 0.7974 J), wall 0.077314 s/exec (intercept 0.019191 s)
[14/53] queries/tpch/tpch-queries/q06/v1_materialized.sql (2 warmup [warm ones = N=1 anchor] + 3 x5)
  warmup 1/2: 0.173926 sec, 1 copy (cache prime)
  warmup 2/2: 0.138692 sec, 1 copy (N=1 anchor)
  batch 1/3: 0.435042 sec, 5 copies (server sum 331.211 ms)
  batch 2/3: 0.455361 sec, 5 copies (server sum 348.869 ms)
  batch 3/3: 0.432316 sec, 5 copies (server sum 329.415 ms)
  slope: pkg 1.905 J/exec (intercept 0.08396 J), wall 0.075554 s/exec (intercept 0.063138 s)
[15/53] queries/tpch/tpch-queries/q07/base.sql (2 warmup [warm ones = N=1 anchor] + 3 x5)
  warmup 1/2: 0.780738 sec, 1 copy (cache prime)
  warmup 2/2: 0.737384 sec, 1 copy (N=1 anchor)
  batch 1/3: 3.186780 sec, 5 copies (server sum 3083.881 ms)
  batch 2/3: 3.164982 sec, 5 copies (server sum 3056.217 ms)
  batch 3/3: 3.140587 sec, 5 copies (server sum 3037.706 ms)
  slope: pkg 9.402 J/exec (intercept 1.112 J), wall 0.606683 s/exec (intercept 0.130701 s)
[16/53] queries/tpch/tpch-queries/q07/v1_materialized.sql (2 warmup [warm ones = N=1 anchor] + 3 x5)
  warmup 1/2: 0.739526 sec, 1 copy (cache prime)
  warmup 2/2: 0.727561 sec, 1 copy (N=1 anchor)
  batch 1/3: 3.153847 sec, 5 copies (server sum 3048.167 ms)
  batch 2/3: 3.146465 sec, 5 copies (server sum 3042.257 ms)
  batch 3/3: 3.139730 sec, 5 copies (server sum 3035.369 ms)
  slope: pkg 9.294 J/exec (intercept 1.529 J), wall 0.604780 s/exec (intercept 0.122781 s)
[17/53] queries/tpch/tpch-queries/q07/v2_union_all.sql (2 warmup [warm ones = N=1 anchor] + 3 x5)
  warmup 1/2: 0.709926 sec, 1 copy (cache prime)
  warmup 2/2: 0.714723 sec, 1 copy (N=1 anchor)
  batch 1/3: 3.080301 sec, 5 copies (server sum 2973.557 ms)
  batch 2/3: 3.054128 sec, 5 copies (server sum 2950.372 ms)
  batch 3/3: 3.034329 sec, 5 copies (server sum 2930.010 ms)
  slope: pkg 7.645 J/exec (intercept 1.504 J), wall 0.585382 s/exec (intercept 0.129341 s)
[18/53] queries/tpch/tpch-queries/q08/base.sql (2 warmup [warm ones = N=1 anchor] + 3 x5)
  warmup 1/2: 0.241774 sec, 1 copy (cache prime)
  warmup 2/2: 0.240192 sec, 1 copy (N=1 anchor)
  batch 1/3: 0.791215 sec, 5 copies (server sum 686.435 ms)
  batch 2/3: 0.796845 sec, 5 copies (server sum 694.586 ms)
  batch 3/3: 0.794933 sec, 5 copies (server sum 691.058 ms)
  slope: pkg 2.378 J/exec (intercept 1.552 J), wall 0.138535 s/exec (intercept 0.101657 s)
[19/53] queries/tpch/tpch-queries/q08/v1_materialized.sql (2 warmup [warm ones = N=1 anchor] + 3 x5)
  warmup 1/2: 0.245324 sec, 1 copy (cache prime)
  warmup 2/2: 0.246045 sec, 1 copy (N=1 anchor)
  batch 1/3: 0.800075 sec, 5 copies (server sum 696.835 ms)
  batch 2/3: 0.797985 sec, 5 copies (server sum 694.289 ms)
  batch 3/3: 0.793284 sec, 5 copies (server sum 688.360 ms)
  slope: pkg 2.391 J/exec (intercept 1.453 J), wall 0.137767 s/exec (intercept 0.108278 s)
[20/53] queries/tpch/tpch-queries/q08/v2_filter.sql (2 warmup [warm ones = N=1 anchor] + 3 x5)
  warmup 1/2: 0.246751 sec, 1 copy (cache prime)
  warmup 2/2: 0.243094 sec, 1 copy (N=1 anchor)
  batch 1/3: 0.814845 sec, 5 copies (server sum 703.699 ms)
  batch 2/3: 0.791548 sec, 5 copies (server sum 687.838 ms)
  batch 3/3: 0.800049 sec, 5 copies (server sum 696.460 ms)
  slope: pkg 2.343 J/exec (intercept 1.529 J), wall 0.139763 s/exec (intercept 0.103330 s)
[21/53] queries/tpch/tpch-queries/q09/base.sql (2 warmup [warm ones = N=1 anchor] + 3 x5)
  warmup 1/2: 1.164579 sec, 1 copy (cache prime)
  warmup 2/2: 1.141108 sec, 1 copy (N=1 anchor)
  batch 1/3: 5.138132 sec, 5 copies (server sum 5080.345 ms)
  batch 2/3: 5.184817 sec, 5 copies (server sum 5078.245 ms)
  batch 3/3: 5.222678 sec, 5 copies (server sum 5117.225 ms)
  slope: pkg 21.87 J/exec (intercept 1.147 J), wall 1.010192 s/exec (intercept 0.130916 s)
[22/53] queries/tpch/tpch-queries/q09/v1_materialized.sql (2 warmup [warm ones = N=1 anchor] + 3 x5)
  warmup 1/2: 1.142456 sec, 1 copy (cache prime)
  warmup 2/2: 1.142401 sec, 1 copy (N=1 anchor)
  batch 1/3: 5.253234 sec, 5 copies (server sum 5147.002 ms)
  batch 2/3: 5.225915 sec, 5 copies (server sum 5121.159 ms)
  batch 3/3: 5.206271 sec, 5 copies (server sum 5097.672 ms)
  slope: pkg 21.65 J/exec (intercept 1.382 J), wall 1.021518 s/exec (intercept 0.120883 s)
[23/53] queries/tpch/tpch-queries/q10/base.sql (2 warmup [warm ones = N=1 anchor] + 3 x5)
  warmup 1/2: 0.400767 sec, 1 copy (cache prime)
  warmup 2/2: 0.398664 sec, 1 copy (N=1 anchor)
  batch 1/3: 1.448862 sec, 5 copies (server sum 1389.131 ms)
  batch 2/3: 1.486473 sec, 5 copies (server sum 1389.340 ms)
  batch 3/3: 1.478135 sec, 5 copies (server sum 1380.357 ms)
  slope: pkg 6.402 J/exec (intercept 1.644 J), wall 0.268123 s/exec (intercept 0.130541 s)
[24/53] queries/tpch/tpch-queries/q10/v1_materialized.sql (2 warmup [warm ones = N=1 anchor] + 3 x5)
  warmup 1/2: 0.409869 sec, 1 copy (cache prime)
  warmup 2/2: 0.408351 sec, 1 copy (N=1 anchor)
  batch 1/3: 1.542477 sec, 5 copies (server sum 1445.974 ms)
  batch 2/3: 1.545633 sec, 5 copies (server sum 1449.897 ms)
  batch 3/3: 1.535717 sec, 5 copies (server sum 1439.959 ms)
  slope: pkg 6.26 J/exec (intercept 1.61 J), wall 0.283231 s/exec (intercept 0.125120 s)
[25/53] queries/tpch/tpch-queries/q11/base.sql (2 warmup [warm ones = N=1 anchor] + 3 x5)
  warmup 1/2: 0.174782 sec, 1 copy (cache prime)
  warmup 2/2: 0.130946 sec, 1 copy (N=1 anchor)
  batch 1/3: 0.468401 sec, 5 copies (server sum 414.799 ms)
  batch 2/3: 0.464170 sec, 5 copies (server sum 410.322 ms)
  batch 3/3: 0.510015 sec, 5 copies (server sum 410.661 ms)
  slope: pkg 0.6053 J/exec (intercept 0.7449 J), wall 0.087479 s/exec (intercept 0.043467 s)
[26/53] queries/tpch/tpch-queries/q11/v1_materialized.sql (2 warmup [warm ones = N=1 anchor] + 3 x5)
  warmup 1/2: 0.185736 sec, 1 copy (cache prime)
  warmup 2/2: 0.179806 sec, 1 copy (N=1 anchor)
  batch 1/3: 0.531509 sec, 5 copies (server sum 425.602 ms)
  batch 2/3: 0.517320 sec, 5 copies (server sum 416.389 ms)
  batch 3/3: 0.522546 sec, 5 copies (server sum 421.776 ms)
  slope: pkg 0.596 J/exec (intercept 0.7955 J), wall 0.085997 s/exec (intercept 0.093809 s)
[27/53] queries/tpch/tpch-queries/q11/v2_cte_threshold.sql (2 warmup [warm ones = N=1 anchor] + 3 x5)
  warmup 1/2: 0.177241 sec, 1 copy (cache prime)
  warmup 2/2: 0.140678 sec, 1 copy (N=1 anchor)
  batch 1/3: 0.537640 sec, 5 copies (server sum 423.097 ms)
  batch 2/3: 0.538392 sec, 5 copies (server sum 437.442 ms)
  batch 3/3: 0.530199 sec, 5 copies (server sum 429.077 ms)
  slope: pkg 0.5993 J/exec (intercept 0.6109 J), wall 0.098683 s/exec (intercept 0.041995 s)
[28/53] queries/tpch/tpch-queries/q12/base.sql (2 warmup [warm ones = N=1 anchor] + 3 x5)
  warmup 1/2: 0.408060 sec, 1 copy (cache prime)
  warmup 2/2: 0.382154 sec, 1 copy (N=1 anchor)
  batch 1/3: 1.442706 sec, 5 copies (server sum 1343.291 ms)
  batch 2/3: 1.444895 sec, 5 copies (server sum 1349.885 ms)
  batch 3/3: 1.465284 sec, 5 copies (server sum 1369.163 ms)
  slope: pkg 7.625 J/exec (intercept 1.628 J), wall 0.267202 s/exec (intercept 0.114953 s)
[29/53] queries/tpch/tpch-queries/q12/v1_materialized.sql (2 warmup [warm ones = N=1 anchor] + 3 x5)
  warmup 1/2: 0.403389 sec, 1 copy (cache prime)
  warmup 2/2: 0.379760 sec, 1 copy (N=1 anchor)
  batch 1/3: 1.466704 sec, 5 copies (server sum 1362.843 ms)
  batch 2/3: 1.461694 sec, 5 copies (server sum 1366.992 ms)
  batch 3/3: 1.502959 sec, 5 copies (server sum 1405.584 ms)
  slope: pkg 7.548 J/exec (intercept 1.832 J), wall 0.274340 s/exec (intercept 0.105421 s)
[30/53] queries/tpch/tpch-queries/q12/v2_filter.sql (2 warmup [warm ones = N=1 anchor] + 3 x5)
  warmup 1/2: 0.408254 sec, 1 copy (cache prime)
  warmup 2/2: 0.399626 sec, 1 copy (N=1 anchor)
  batch 1/3: 1.479921 sec, 5 copies (server sum 1381.205 ms)
  batch 2/3: 1.502611 sec, 5 copies (server sum 1407.331 ms)
  batch 3/3: 1.484487 sec, 5 copies (server sum 1389.816 ms)
  slope: pkg 7.426 J/exec (intercept 1.342 J), wall 0.272345 s/exec (intercept 0.127281 s)
[31/53] queries/tpch/tpch-queries/q13/base.sql (2 warmup [warm ones = N=1 anchor] + 3 x5)
  warmup 1/2: 1.558609 sec, 1 copy (cache prime)
  warmup 2/2: 1.603949 sec, 1 copy (N=1 anchor)
  batch 1/3: 7.414467 sec, 5 copies (server sum 7317.281 ms)
  batch 2/3: 7.370777 sec, 5 copies (server sum 7270.668 ms)
  batch 3/3: 7.254494 sec, 5 copies (server sum 7206.704 ms)
  slope: pkg 9.406 J/exec (intercept 0.7079 J), wall 1.435658 s/exec (intercept 0.168291 s)
[32/53] queries/tpch/tpch-queries/q13/v1_materialized.sql (2 warmup [warm ones = N=1 anchor] + 3 x5)
  warmup 1/2: 1.580359 sec, 1 copy (cache prime)
  warmup 2/2: 1.590119 sec, 1 copy (N=1 anchor)
  batch 1/3: 7.419189 sec, 5 copies (server sum 7321.585 ms)
  batch 2/3: 7.309763 sec, 5 copies (server sum 7262.467 ms)
  batch 3/3: 7.337390 sec, 5 copies (server sum 7237.460 ms)
  slope: pkg 9.278 J/exec (intercept 0.4569 J), wall 1.441332 s/exec (intercept 0.148786 s)
[33/53] queries/tpch/tpch-queries/q13/v2_correlated.sql (2 warmup [warm ones = N=1 anchor] + 3 x5)
  warmup 1/2: 2.195766 sec, 1 copy (cache prime)
  warmup 2/2: 2.204371 sec, 1 copy (N=1 anchor)
  batch 1/3: 10.224690 sec, 5 copies (server sum 10130.573 ms)
  batch 2/3: 10.180994 sec, 5 copies (server sum 10087.013 ms)
  batch 3/3: 10.258133 sec, 5 copies (server sum 10165.040 ms)
  slope: pkg 20.1 J/exec (intercept 1.165 J), wall 2.004225 s/exec (intercept 0.200145 s)
[34/53] queries/tpch/tpch-queries/q14/base.sql (2 warmup [warm ones = N=1 anchor] + 3 x5)
  warmup 1/2: 0.233634 sec, 1 copy (cache prime)
  warmup 2/2: 0.242586 sec, 1 copy (N=1 anchor)
  batch 1/3: 0.723363 sec, 5 copies (server sum 620.575 ms)
  batch 2/3: 0.795324 sec, 5 copies (server sum 692.710 ms)
  batch 3/3: 0.754838 sec, 5 copies (server sum 651.959 ms)
  slope: pkg 3.335 J/exec (intercept 1.323 J), wall 0.128814 s/exec (intercept 0.113772 s)
[35/53] queries/tpch/tpch-queries/q14/v1_materialized.sql (2 warmup [warm ones = N=1 anchor] + 3 x5)
  warmup 1/2: 0.314274 sec, 1 copy (cache prime)
  warmup 2/2: 0.187290 sec, 1 copy (N=1 anchor)
  batch 1/3: 0.768430 sec, 5 copies (server sum 662.496 ms)
  batch 2/3: 0.767280 sec, 5 copies (server sum 660.178 ms)
  batch 3/3: 0.780283 sec, 5 copies (server sum 674.893 ms)
  slope: pkg 3.23 J/exec (intercept 1.546 J), wall 0.146177 s/exec (intercept 0.041113 s)
[36/53] queries/tpch/tpch-queries/q14/v2_filter.sql (2 warmup [warm ones = N=1 anchor] + 3 x5)
  warmup 1/2: 0.288745 sec, 1 copy (cache prime)
  warmup 2/2: 0.280037 sec, 1 copy (N=1 anchor)
  batch 1/3: 0.734894 sec, 5 copies (server sum 633.418 ms)
  batch 2/3: 0.812357 sec, 5 copies (server sum 706.157 ms)
  batch 3/3: 0.757486 sec, 5 copies (server sum 655.219 ms)
  slope: pkg 3.454 J/exec (intercept 0.5824 J), wall 0.122052 s/exec (intercept 0.157985 s)
[37/53] queries/tpch/tpch-queries/q15/base.sql (2 warmup [warm ones = N=1 anchor] + 3 x5)
  warmup 1/2: 0.395312 sec, 1 copy (cache prime)
  warmup 2/2: 0.374937 sec, 1 copy (N=1 anchor)
  batch 1/3: 1.168463 sec, 5 copies (server sum 1123.928 ms)
  batch 2/3: 1.215155 sec, 5 copies (server sum 1121.481 ms)
  batch 3/3: 1.204540 sec, 5 copies (server sum 1111.581 ms)
  slope: pkg 2.031 J/exec (intercept 1.533 J), wall 0.205279 s/exec (intercept 0.169658 s)
[38/53] queries/tpch/tpch-queries/q15/v1_materialized.sql (2 warmup [warm ones = N=1 anchor] + 3 x5)
  warmup 1/2: 0.363186 sec, 1 copy (cache prime)
  warmup 2/2: 0.359072 sec, 1 copy (N=1 anchor)
  batch 1/3: 1.223431 sec, 5 copies (server sum 1129.895 ms)
  batch 2/3: 1.205214 sec, 5 copies (server sum 1111.330 ms)
  batch 3/3: 1.147753 sec, 5 copies (server sum 1102.939 ms)
  slope: pkg 2.053 J/exec (intercept 1.629 J), wall 0.208265 s/exec (intercept 0.150807 s)
[39/53] queries/tpch/tpch-queries/q16/base.sql (2 warmup [warm ones = N=1 anchor] + 3 x5)
  warmup 1/2: 0.323218 sec, 1 copy (cache prime)
  warmup 2/2: 0.336371 sec, 1 copy (N=1 anchor)
  batch 1/3: 1.275624 sec, 5 copies (server sum 1168.557 ms)
  batch 2/3: 1.259698 sec, 5 copies (server sum 1153.117 ms)
  batch 3/3: 1.240841 sec, 5 copies (server sum 1134.798 ms)
  slope: pkg 6.245 J/exec (intercept 0.4577 J), wall 0.230587 s/exec (intercept 0.105784 s)
[40/53] queries/tpch/tpch-queries/q16/v1_materialized.sql (2 warmup [warm ones = N=1 anchor] + 3 x5)
  warmup 1/2: 0.271704 sec, 1 copy (cache prime)
  warmup 2/2: 0.329200 sec, 1 copy (N=1 anchor)
  batch 1/3: 1.260964 sec, 5 copies (server sum 1154.196 ms)
  batch 2/3: 1.260990 sec, 5 copies (server sum 1161.910 ms)
  batch 3/3: 1.243234 sec, 5 copies (server sum 1198.072 ms)
  slope: pkg 6.34 J/exec (intercept 0.4953 J), wall 0.231466 s/exec (intercept 0.097734 s)
[41/53] queries/tpch/tpch-queries/q16/v2_not_exists.sql (2 warmup [warm ones = N=1 anchor] + 3 x5)
  warmup 1/2: 0.313163 sec, 1 copy (cache prime)
  warmup 2/2: 0.316108 sec, 1 copy (N=1 anchor)
  batch 1/3: 1.183689 sec, 5 copies (server sum 1084.235 ms)
  batch 2/3: 1.176257 sec, 5 copies (server sum 1079.450 ms)
  batch 3/3: 1.198239 sec, 5 copies (server sum 1084.595 ms)
  slope: pkg 4.957 J/exec (intercept 0.4106 J), wall 0.217488 s/exec (intercept 0.098619 s)
[42/53] queries/tpch/tpch-queries/q17/v2_decorrelate.sql (2 warmup [warm ones = N=1 anchor] + 3 x5)
  warmup 1/2: 4.126041 sec, 1 copy (cache prime)
  warmup 2/2: 4.079298 sec, 1 copy (N=1 anchor)
  batch 1/3: 19.672282 sec, 5 copies (server sum 19578.256 ms)
  batch 2/3: 19.621186 sec, 5 copies (server sum 19574.951 ms)
  batch 3/3: 19.726310 sec, 5 copies (server sum 19630.079 ms)
  slope: pkg 18.14 J/exec (intercept 1.891 J), wall 3.898490 s/exec (intercept 0.180808 s)
[43/53] queries/tpch/tpch-queries/q18/base.sql (2 warmup [warm ones = N=1 anchor] + 3 x5)
  warmup 1/2: 4.303128 sec, 1 copy (cache prime)
  warmup 2/2: 4.428768 sec, 1 copy (N=1 anchor)
  batch 1/3: 22.529504 sec, 5 copies (server sum 22419.894 ms)
  batch 2/3: 24.524221 sec, 5 copies (server sum 24409.659 ms)
  batch 3/3: 24.693519 sec, 5 copies (server sum 24571.273 ms)
  slope: pkg 110.7 J/exec (intercept 27.99 J), wall 4.871745 s/exec (intercept -0.442978 s)
[44/53] queries/tpch/tpch-queries/q18/v1_materialized.sql (2 warmup [warm ones = N=1 anchor] + 3 x5)
  warmup 1/2: 5.108413 sec, 1 copy (cache prime)
  warmup 2/2: 5.092948 sec, 1 copy (N=1 anchor)
  batch 1/3: 24.826029 sec, 5 copies (server sum 24712.109 ms)
  batch 2/3: 24.769721 sec, 5 copies (server sum 24675.277 ms)
  batch 3/3: 24.958536 sec, 5 copies (server sum 24848.621 ms)
  slope: pkg 108.4 J/exec (intercept 3.36 J), wall 4.939620 s/exec (intercept 0.153328 s)
[45/53] queries/tpch/tpch-queries/q18/v2_join.sql (2 warmup [warm ones = N=1 anchor] + 3 x5)
  warmup 1/2: 5.123046 sec, 1 copy (cache prime)
  warmup 2/2: 5.090528 sec, 1 copy (N=1 anchor)
  batch 1/3: 24.881236 sec, 5 copies (server sum 24774.449 ms)
  batch 2/3: 24.949013 sec, 5 copies (server sum 24829.881 ms)
  batch 3/3: 24.874294 sec, 5 copies (server sum 24753.191 ms)
  slope: pkg 108.7 J/exec (intercept 3.119 J), wall 4.952746 s/exec (intercept 0.137782 s)
[46/53] queries/tpch/tpch-queries/q19/base.sql (2 warmup [warm ones = N=1 anchor] + 3 x5)
  warmup 1/2: 0.178985 sec, 1 copy (cache prime)
  warmup 2/2: 0.082459 sec, 1 copy (N=1 anchor)
  batch 1/3: 0.220518 sec, 5 copies (server sum 175.436 ms)
  batch 2/3: 0.274292 sec, 5 copies (server sum 177.295 ms)
  batch 3/3: 0.275650 sec, 5 copies (server sum 175.942 ms)
  slope: pkg 0.9008 J/exec (intercept 0.7433 J), wall 0.043590 s/exec (intercept 0.038868 s)
[47/53] queries/tpch/tpch-queries/q19/v1_materialized.sql (2 warmup [warm ones = N=1 anchor] + 3 x5)
  warmup 1/2: 0.135267 sec, 1 copy (cache prime)
  warmup 2/2: 0.083029 sec, 1 copy (N=1 anchor)
  batch 1/3: 0.221665 sec, 5 copies (server sum 176.243 ms)
  batch 2/3: 0.287458 sec, 5 copies (server sum 182.417 ms)
  batch 3/3: 0.289091 sec, 5 copies (server sum 187.450 ms)
  slope: pkg 0.87 J/exec (intercept 0.7753 J), wall 0.045761 s/exec (intercept 0.037269 s)
[48/53] queries/tpch/tpch-queries/q19/v2_union_all.sql (2 warmup [warm ones = N=1 anchor] + 3 x5)
  warmup 1/2: 0.155686 sec, 1 copy (cache prime)
  warmup 2/2: 0.092758 sec, 1 copy (N=1 anchor)
  batch 1/3: 0.277072 sec, 5 copies (server sum 230.119 ms)
  batch 2/3: 0.345114 sec, 5 copies (server sum 235.896 ms)
  batch 3/3: 0.329981 sec, 5 copies (server sum 231.381 ms)
  slope: pkg 1.167 J/exec (intercept 0.7198 J), wall 0.056158 s/exec (intercept 0.036600 s)
[49/53] queries/tpch/tpch-queries/q21/base.sql (2 warmup [warm ones = N=1 anchor] + 3 x5)
  warmup 1/2: 0.593605 sec, 1 copy (cache prime)
  warmup 2/2: 0.593236 sec, 1 copy (N=1 anchor)
  batch 1/3: 2.455295 sec, 5 copies (server sum 2349.916 ms)
  batch 2/3: 2.435973 sec, 5 copies (server sum 2332.419 ms)
  batch 3/3: 2.449591 sec, 5 copies (server sum 2345.612 ms)
  slope: pkg 10.66 J/exec (intercept 0.2452 J), wall 0.463429 s/exec (intercept 0.129807 s)
[50/53] queries/tpch/tpch-queries/q21/v1_materialized.sql (2 warmup [warm ones = N=1 anchor] + 3 x5)
  warmup 1/2: 0.574199 sec, 1 copy (cache prime)
  warmup 2/2: 0.580359 sec, 1 copy (N=1 anchor)
  batch 1/3: 2.393291 sec, 5 copies (server sum 2292.840 ms)
  batch 2/3: 2.399487 sec, 5 copies (server sum 2298.410 ms)
  batch 3/3: 2.414798 sec, 5 copies (server sum 2314.949 ms)
  slope: pkg 11.07 J/exec (intercept -0.07162 J), wall 0.455541 s/exec (intercept 0.124818 s)
[51/53] queries/tpch/tpch-queries/q22/base.sql (2 warmup [warm ones = N=1 anchor] + 3 x5)
  warmup 1/2: 0.151449 sec, 1 copy (cache prime)
  warmup 2/2: 0.103679 sec, 1 copy (N=1 anchor)
  batch 1/3: 0.333115 sec, 5 copies (server sum 285.217 ms)
  batch 2/3: 0.422847 sec, 5 copies (server sum 316.760 ms)
  batch 3/3: 0.334027 sec, 5 copies (server sum 288.105 ms)
  slope: pkg 1.503 J/exec (intercept 0.3859 J), wall 0.064913 s/exec (intercept 0.038767 s)
[52/53] queries/tpch/tpch-queries/q22/v1_materialized.sql (2 warmup [warm ones = N=1 anchor] + 3 x5)
  warmup 1/2: 0.202600 sec, 1 copy (cache prime)
  warmup 2/2: 0.096031 sec, 1 copy (N=1 anchor)
  batch 1/3: 0.324287 sec, 5 copies (server sum 279.795 ms)
  batch 2/3: 0.402478 sec, 5 copies (server sum 305.552 ms)
  batch 3/3: 0.431178 sec, 5 copies (server sum 323.167 ms)
  slope: pkg 1.404 J/exec (intercept 0.7318 J), wall 0.072488 s/exec (intercept 0.023543 s)
[53/53] queries/tpch/tpch-queries/q22/v2_anti_join.sql (2 warmup [warm ones = N=1 anchor] + 3 x5)
  warmup 1/2: 0.240767 sec, 1 copy (cache prime)
  warmup 2/2: 0.142840 sec, 1 copy (N=1 anchor)
  batch 1/3: 0.638472 sec, 5 copies (server sum 533.271 ms)
  batch 2/3: 0.631287 sec, 5 copies (server sum 528.986 ms)
  batch 3/3: 0.673138 sec, 5 copies (server sum 564.646 ms)
  slope: pkg 2.908 J/exec (intercept 1.013 J), wall 0.126198 s/exec (intercept 0.016642 s)

Done. Batch rows appended to logs/hash_mem_multiplier/hmm_2/query_timing_tpch_idx.csv
Per-copy samples appended to logs/hash_mem_multiplier/hmm_2/query_samples_tpch_idx.csv
Relation sizes appended to logs/hash_mem_multiplier/hmm_2/query_catalog_tpch_idx.csv
Per-query slope/intercept appended to logs/hash_mem_multiplier/hmm_2/query_slope_tpch_idx.csv
make: Leaving directory '/home/user01/GreenSQL'
