make: Entering directory '/home/user01/GreenSQL'
query_runner configuration:
  QUERY_DIR      = queries/tpch/tpch-queries
  LOG_FILE       = logs/hash_mem_multiplier/hmm_2/query_timing_tpch.csv
  SAMPLE_FILE    = logs/hash_mem_multiplier/hmm_2/query_samples_tpch.csv
  CATALOG_FILE   = logs/hash_mem_multiplier/hmm_2/query_catalog_tpch.csv
  SLOPE_FILE     = logs/hash_mem_multiplier/hmm_2/query_slope_tpch.csv
  DB_NAME        = tpch
  DB_USER        = postgres
  PGPORT         = 5434
  PG_VERSION     = 18.4  (as reported by the server on that port)
  BATCHNUM       = 5 (slope sizes: 1 copy and 5 copies)
  RUNS           = 3 (measured batches per size)
  WARMUP         = 2 (single-copy; #1 primes cache, warm ones = N=1 anchor)
  WORKERS        = (planner default)
  STATEMENT_TIMEOUT = 900
  SIGLESS_ADDR   = (disabled)
Found 53 queries under queries/tpch/tpch-queries

Catalog snapshot: 11 relations -> logs/hash_mem_multiplier/hmm_2/query_catalog_tpch.csv
[1/53] queries/tpch/tpch-queries/q01/base.sql (2 warmup [warm ones = N=1 anchor] + 3 x5)
  warmup 1/2: 1.584152 sec, 1 copy (cache prime)
  warmup 2/2: 1.394003 sec, 1 copy (N=1 anchor)
  batch 1/3: 6.721288 sec, 5 copies (server sum 6678.962 ms)
  batch 2/3: 7.168854 sec, 5 copies (server sum 7125.545 ms)
  batch 3/3: 7.519270 sec, 5 copies (server sum 7415.860 ms)
  slope: pkg 48.23 J/exec (intercept 2.408 J), wall 1.435617 s/exec (intercept -0.041614 s)
[2/53] queries/tpch/tpch-queries/q01/v1_materialized.sql (2 warmup [warm ones = N=1 anchor] + 3 x5)
  warmup 1/2: 1.622291 sec, 1 copy (cache prime)
  warmup 2/2: 1.702183 sec, 1 copy (N=1 anchor)
  batch 1/3: 8.010644 sec, 5 copies (server sum 7902.754 ms)
  batch 2/3: 8.606452 sec, 5 copies (server sum 8479.503 ms)
  batch 3/3: 8.533066 sec, 5 copies (server sum 8481.094 ms)
  slope: pkg 38.1 J/exec (intercept 4.558 J), wall 1.670301 s/exec (intercept 0.031882 s)
[3/53] queries/tpch/tpch-queries/q02/base.sql (2 warmup [warm ones = N=1 anchor] + 3 x5)
  warmup 1/2: 47.449745 sec, 1 copy (cache prime)
  warmup 2/2: 46.793724 sec, 1 copy (N=1 anchor)
  batch 1/3: 237.421441 sec, 5 copies (server sum 237326.460 ms)
  batch 2/3: 236.458742 sec, 5 copies (server sum 236358.064 ms)
  batch 3/3: 233.986772 sec, 5 copies (server sum 233881.103 ms)
  slope: pkg 522.9 J/exec (intercept -4.286 J), wall 47.290482 s/exec (intercept -0.496758 s)
[4/53] queries/tpch/tpch-queries/q02/v1_materialized.sql (2 warmup [warm ones = N=1 anchor] + 3 x5)
  warmup 1/2: 46.662296 sec, 1 copy (cache prime)
  warmup 2/2: 46.083507 sec, 1 copy (N=1 anchor)
  batch 1/3: 242.229205 sec, 5 copies (server sum 242133.998 ms)
  batch 2/3: 241.936625 sec, 5 copies (server sum 241835.807 ms)
  batch 3/3: 240.934849 sec, 5 copies (server sum 240836.624 ms)
  slope: pkg 522 J/exec (intercept 5.118 J), wall 48.904180 s/exec (intercept -2.820673 s)
[5/53] queries/tpch/tpch-queries/q02/v2_decorrelate.sql (2 warmup [warm ones = N=1 anchor] + 3 x5)
  warmup 1/2: 0.312373 sec, 1 copy (cache prime)
  warmup 2/2: 0.317819 sec, 1 copy (N=1 anchor)
  batch 1/3: 1.170132 sec, 5 copies (server sum 1057.649 ms)
  batch 2/3: 1.150141 sec, 5 copies (server sum 1044.892 ms)
  batch 3/3: 1.169878 sec, 5 copies (server sum 1062.393 ms)
  slope: pkg 3.295 J/exec (intercept 0.6626 J), wall 0.211391 s/exec (intercept 0.106428 s)
[6/53] queries/tpch/tpch-queries/q03/base.sql (2 warmup [warm ones = N=1 anchor] + 3 x5)
  warmup 1/2: 0.424847 sec, 1 copy (cache prime)
  warmup 2/2: 0.406845 sec, 1 copy (N=1 anchor)
  batch 1/3: 1.342792 sec, 5 copies (server sum 1244.937 ms)
  batch 2/3: 1.309691 sec, 5 copies (server sum 1216.452 ms)
  batch 3/3: 1.313144 sec, 5 copies (server sum 1218.507 ms)
  slope: pkg 7.845 J/exec (intercept -0.3676 J), wall 0.228758 s/exec (intercept 0.178087 s)
[7/53] queries/tpch/tpch-queries/q03/v1_materialized.sql (2 warmup [warm ones = N=1 anchor] + 3 x5)
  warmup 1/2: 0.384644 sec, 1 copy (cache prime)
  warmup 2/2: 0.426720 sec, 1 copy (N=1 anchor)
  batch 1/3: 1.337434 sec, 5 copies (server sum 1239.114 ms)
  batch 2/3: 1.329764 sec, 5 copies (server sum 1233.475 ms)
  batch 3/3: 1.302596 sec, 5 copies (server sum 1209.646 ms)
  slope: pkg 8.056 J/exec (intercept -0.6326 J), wall 0.224136 s/exec (intercept 0.202584 s)
[8/53] queries/tpch/tpch-queries/q04/base.sql (2 warmup [warm ones = N=1 anchor] + 3 x5)
  warmup 1/2: 0.187712 sec, 1 copy (cache prime)
  warmup 2/2: 0.225553 sec, 1 copy (N=1 anchor)
  batch 1/3: 0.600360 sec, 5 copies (server sum 494.857 ms)
  batch 2/3: 0.574180 sec, 5 copies (server sum 477.720 ms)
  batch 3/3: 0.571606 sec, 5 copies (server sum 476.414 ms)
  slope: pkg 3.375 J/exec (intercept -0.2241 J), wall 0.089124 s/exec (intercept 0.136429 s)
[9/53] queries/tpch/tpch-queries/q04/v1_materialized.sql (2 warmup [warm ones = N=1 anchor] + 3 x5)
  warmup 1/2: 0.211163 sec, 1 copy (cache prime)
  warmup 2/2: 0.243469 sec, 1 copy (N=1 anchor)
  batch 1/3: 0.612915 sec, 5 copies (server sum 502.984 ms)
  batch 2/3: 0.574442 sec, 5 copies (server sum 478.790 ms)
  batch 3/3: 0.587852 sec, 5 copies (server sum 489.243 ms)
  slope: pkg 3.364 J/exec (intercept -0.4682 J), wall 0.087067 s/exec (intercept 0.156402 s)
[10/53] queries/tpch/tpch-queries/q04/v2_in.sql (2 warmup [warm ones = N=1 anchor] + 3 x5)
  warmup 1/2: 0.211775 sec, 1 copy (cache prime)
  warmup 2/2: 0.228002 sec, 1 copy (N=1 anchor)
  batch 1/3: 0.620495 sec, 5 copies (server sum 505.367 ms)
  batch 2/3: 0.581936 sec, 5 copies (server sum 484.855 ms)
  batch 3/3: 0.580382 sec, 5 copies (server sum 484.298 ms)
  slope: pkg 3.338 J/exec (intercept -0.2934 J), wall 0.091567 s/exec (intercept 0.136435 s)
[11/53] queries/tpch/tpch-queries/q05/base.sql (2 warmup [warm ones = N=1 anchor] + 3 x5)
  warmup 1/2: 0.406088 sec, 1 copy (cache prime)
  warmup 2/2: 0.380682 sec, 1 copy (N=1 anchor)
  batch 1/3: 1.376317 sec, 5 copies (server sum 1276.479 ms)
  batch 2/3: 1.372454 sec, 5 copies (server sum 1269.575 ms)
  batch 3/3: 1.363490 sec, 5 copies (server sum 1260.767 ms)
  slope: pkg 3.514 J/exec (intercept 1.076 J), wall 0.247518 s/exec (intercept 0.133164 s)
[12/53] queries/tpch/tpch-queries/q05/v1_materialized.sql (2 warmup [warm ones = N=1 anchor] + 3 x5)
  warmup 1/2: 0.370765 sec, 1 copy (cache prime)
  warmup 2/2: 0.357606 sec, 1 copy (N=1 anchor)
  batch 1/3: 1.302322 sec, 5 copies (server sum 1249.124 ms)
  batch 2/3: 1.340296 sec, 5 copies (server sum 1241.681 ms)
  batch 3/3: 1.343618 sec, 5 copies (server sum 1244.287 ms)
  slope: pkg 3.55 J/exec (intercept 1.276 J), wall 0.242785 s/exec (intercept 0.114821 s)
[13/53] queries/tpch/tpch-queries/q06/base.sql (2 warmup [warm ones = N=1 anchor] + 3 x5)
  warmup 1/2: 0.336846 sec, 1 copy (cache prime)
  warmup 2/2: 0.397489 sec, 1 copy (N=1 anchor)
  batch 1/3: 1.305467 sec, 5 copies (server sum 1200.719 ms)
  batch 2/3: 1.188545 sec, 5 copies (server sum 1146.348 ms)
  batch 3/3: 1.308722 sec, 5 copies (server sum 1212.856 ms)
  slope: pkg 7.951 J/exec (intercept 0.02121 J), wall 0.217522 s/exec (intercept 0.179967 s)
[14/53] queries/tpch/tpch-queries/q06/v1_materialized.sql (2 warmup [warm ones = N=1 anchor] + 3 x5)
  warmup 1/2: 0.386623 sec, 1 copy (cache prime)
  warmup 2/2: 0.376025 sec, 1 copy (N=1 anchor)
  batch 1/3: 1.350862 sec, 5 copies (server sum 1246.110 ms)
  batch 2/3: 1.345993 sec, 5 copies (server sum 1246.586 ms)
  batch 3/3: 1.327220 sec, 5 copies (server sum 1232.627 ms)
  slope: pkg 7.49 J/exec (intercept 0.2717 J), wall 0.241333 s/exec (intercept 0.134692 s)
[15/53] queries/tpch/tpch-queries/q07/base.sql (2 warmup [warm ones = N=1 anchor] + 3 x5)
  warmup 1/2: 0.420058 sec, 1 copy (cache prime)
  warmup 2/2: 0.412395 sec, 1 copy (N=1 anchor)
  batch 1/3: 1.583783 sec, 5 copies (server sum 1487.306 ms)
  batch 2/3: 1.577582 sec, 5 copies (server sum 1480.461 ms)
  batch 3/3: 1.585120 sec, 5 copies (server sum 1485.592 ms)
  slope: pkg 4.972 J/exec (intercept 1.125 J), wall 0.292442 s/exec (intercept 0.119953 s)
[16/53] queries/tpch/tpch-queries/q07/v1_materialized.sql (2 warmup [warm ones = N=1 anchor] + 3 x5)
  warmup 1/2: 0.404368 sec, 1 copy (cache prime)
  warmup 2/2: 0.404064 sec, 1 copy (N=1 anchor)
  batch 1/3: 1.577138 sec, 5 copies (server sum 1479.072 ms)
  batch 2/3: 1.569106 sec, 5 copies (server sum 1467.725 ms)
  batch 3/3: 1.568540 sec, 5 copies (server sum 1467.955 ms)
  slope: pkg 5.003 J/exec (intercept 1.342 J), wall 0.291883 s/exec (intercept 0.112181 s)
[17/53] queries/tpch/tpch-queries/q07/v2_union_all.sql (2 warmup [warm ones = N=1 anchor] + 3 x5)
  warmup 1/2: 0.401377 sec, 1 copy (cache prime)
  warmup 2/2: 0.414271 sec, 1 copy (N=1 anchor)
  batch 1/3: 1.592376 sec, 5 copies (server sum 1491.362 ms)
  batch 2/3: 1.612814 sec, 5 copies (server sum 1505.190 ms)
  batch 3/3: 1.597591 sec, 5 copies (server sum 1495.768 ms)
  slope: pkg 5.131 J/exec (intercept 1.109 J), wall 0.296664 s/exec (intercept 0.117607 s)
[18/53] queries/tpch/tpch-queries/q08/base.sql (2 warmup [warm ones = N=1 anchor] + 3 x5)
  warmup 1/2: 0.483829 sec, 1 copy (cache prime)
  warmup 2/2: 0.542202 sec, 1 copy (N=1 anchor)
  batch 1/3: 1.880844 sec, 5 copies (server sum 1824.806 ms)
  batch 2/3: 1.900970 sec, 5 copies (server sum 1801.025 ms)
  batch 3/3: 1.897987 sec, 5 copies (server sum 1800.088 ms)
  slope: pkg 6.214 J/exec (intercept 1.866 J), wall 0.337766 s/exec (intercept 0.204436 s)
[19/53] queries/tpch/tpch-queries/q08/v1_materialized.sql (2 warmup [warm ones = N=1 anchor] + 3 x5)
  warmup 1/2: 0.486936 sec, 1 copy (cache prime)
  warmup 2/2: 0.486088 sec, 1 copy (N=1 anchor)
  batch 1/3: 1.899190 sec, 5 copies (server sum 1800.135 ms)
  batch 2/3: 1.904965 sec, 5 copies (server sum 1805.537 ms)
  batch 3/3: 1.901886 sec, 5 copies (server sum 1798.781 ms)
  slope: pkg 6.384 J/exec (intercept 1.412 J), wall 0.353981 s/exec (intercept 0.132107 s)
[20/53] queries/tpch/tpch-queries/q08/v2_filter.sql (2 warmup [warm ones = N=1 anchor] + 3 x5)
  warmup 1/2: 0.482537 sec, 1 copy (cache prime)
  warmup 2/2: 0.487604 sec, 1 copy (N=1 anchor)
  batch 1/3: 1.907210 sec, 5 copies (server sum 1810.057 ms)
  batch 2/3: 1.898939 sec, 5 copies (server sum 1798.734 ms)
  batch 3/3: 1.898522 sec, 5 copies (server sum 1799.486 ms)
  slope: pkg 6.303 J/exec (intercept 1.547 J), wall 0.353488 s/exec (intercept 0.134116 s)
[21/53] queries/tpch/tpch-queries/q09/base.sql (2 warmup [warm ones = N=1 anchor] + 3 x5)
  warmup 1/2: 0.985791 sec, 1 copy (cache prime)
  warmup 2/2: 0.938111 sec, 1 copy (N=1 anchor)
  batch 1/3: 4.576232 sec, 5 copies (server sum 4477.166 ms)
  batch 2/3: 4.539003 sec, 5 copies (server sum 4442.937 ms)
  batch 3/3: 4.496041 sec, 5 copies (server sum 4447.271 ms)
  slope: pkg 20.74 J/exec (intercept 1.137 J), wall 0.899745 s/exec (intercept 0.038365 s)
[22/53] queries/tpch/tpch-queries/q09/v1_materialized.sql (2 warmup [warm ones = N=1 anchor] + 3 x5)
  warmup 1/2: 1.000000 sec, 1 copy (cache prime)
  warmup 2/2: 1.011865 sec, 1 copy (N=1 anchor)
  batch 1/3: 4.590395 sec, 5 copies (server sum 4487.760 ms)
  batch 2/3: 4.633325 sec, 5 copies (server sum 4532.336 ms)
  batch 3/3: 4.613137 sec, 5 copies (server sum 4514.669 ms)
  slope: pkg 20.51 J/exec (intercept 1.116 J), wall 0.900105 s/exec (intercept 0.111760 s)
[23/53] queries/tpch/tpch-queries/q10/base.sql (2 warmup [warm ones = N=1 anchor] + 3 x5)
  warmup 1/2: 0.305266 sec, 1 copy (cache prime)
  warmup 2/2: 0.380832 sec, 1 copy (N=1 anchor)
  batch 1/3: 1.374864 sec, 5 copies (server sum 1268.747 ms)
  batch 2/3: 1.390519 sec, 5 copies (server sum 1290.985 ms)
  batch 3/3: 1.411132 sec, 5 copies (server sum 1312.566 ms)
  slope: pkg 7.214 J/exec (intercept 0.9385 J), wall 0.252835 s/exec (intercept 0.127997 s)
[24/53] queries/tpch/tpch-queries/q10/v1_materialized.sql (2 warmup [warm ones = N=1 anchor] + 3 x5)
  warmup 1/2: 0.410592 sec, 1 copy (cache prime)
  warmup 2/2: 0.388122 sec, 1 copy (N=1 anchor)
  batch 1/3: 1.487388 sec, 5 copies (server sum 1381.642 ms)
  batch 2/3: 1.547825 sec, 5 copies (server sum 1445.255 ms)
  batch 3/3: 1.534297 sec, 5 copies (server sum 1436.249 ms)
  slope: pkg 6.526 J/exec (intercept 1.901 J), wall 0.283762 s/exec (intercept 0.104360 s)
[25/53] queries/tpch/tpch-queries/q11/base.sql (2 warmup [warm ones = N=1 anchor] + 3 x5)
  warmup 1/2: 0.220118 sec, 1 copy (cache prime)
  warmup 2/2: 0.239738 sec, 1 copy (N=1 anchor)
  batch 1/3: 0.516653 sec, 5 copies (server sum 408.035 ms)
  batch 2/3: 0.536821 sec, 5 copies (server sum 435.461 ms)
  batch 3/3: 0.593133 sec, 5 copies (server sum 481.716 ms)
  slope: pkg 2.453 J/exec (intercept -0.358 J), wall 0.077283 s/exec (intercept 0.162455 s)
[26/53] queries/tpch/tpch-queries/q11/v1_materialized.sql (2 warmup [warm ones = N=1 anchor] + 3 x5)
  warmup 1/2: 0.225596 sec, 1 copy (cache prime)
  warmup 2/2: 0.257843 sec, 1 copy (N=1 anchor)
  batch 1/3: 0.563799 sec, 5 copies (server sum 423.398 ms)
  batch 2/3: 0.529707 sec, 5 copies (server sum 417.604 ms)
  batch 3/3: 0.518292 sec, 5 copies (server sum 414.737 ms)
  slope: pkg 2.575 J/exec (intercept -0.7165 J), wall 0.069856 s/exec (intercept 0.187988 s)
[27/53] queries/tpch/tpch-queries/q11/v2_cte_threshold.sql (2 warmup [warm ones = N=1 anchor] + 3 x5)
  warmup 1/2: 0.200872 sec, 1 copy (cache prime)
  warmup 2/2: 0.233815 sec, 1 copy (N=1 anchor)
  batch 1/3: 0.546748 sec, 5 copies (server sum 435.953 ms)
  batch 2/3: 0.529034 sec, 5 copies (server sum 419.827 ms)
  batch 3/3: 0.537064 sec, 5 copies (server sum 432.873 ms)
  slope: pkg 2.416 J/exec (intercept -0.3307 J), wall 0.075950 s/exec (intercept 0.157865 s)
[28/53] queries/tpch/tpch-queries/q12/base.sql (2 warmup [warm ones = N=1 anchor] + 3 x5)
  warmup 1/2: 0.564737 sec, 1 copy (cache prime)
  warmup 2/2: 0.587036 sec, 1 copy (N=1 anchor)
  batch 1/3: 2.246158 sec, 5 copies (server sum 2145.655 ms)
  batch 2/3: 2.489131 sec, 5 copies (server sum 2328.597 ms)
  batch 3/3: 2.467154 sec, 5 copies (server sum 2358.115 ms)
  slope: pkg 10.97 J/exec (intercept 2.162 J), wall 0.453445 s/exec (intercept 0.133591 s)
[29/53] queries/tpch/tpch-queries/q12/v1_materialized.sql (2 warmup [warm ones = N=1 anchor] + 3 x5)
  warmup 1/2: 0.571444 sec, 1 copy (cache prime)
  warmup 2/2: 0.522040 sec, 1 copy (N=1 anchor)
  batch 1/3: 2.489731 sec, 5 copies (server sum 2329.809 ms)
  batch 2/3: 2.438806 sec, 5 copies (server sum 2339.659 ms)
  batch 3/3: 2.438401 sec, 5 copies (server sum 2336.721 ms)
  slope: pkg 10.55 J/exec (intercept 0.9994 J), wall 0.483401 s/exec (intercept 0.038638 s)
[30/53] queries/tpch/tpch-queries/q12/v2_filter.sql (2 warmup [warm ones = N=1 anchor] + 3 x5)
  warmup 1/2: 0.572047 sec, 1 copy (cache prime)
  warmup 2/2: 0.609517 sec, 1 copy (N=1 anchor)
  batch 1/3: 2.487273 sec, 5 copies (server sum 2329.332 ms)
  batch 2/3: 2.439145 sec, 5 copies (server sum 2338.798 ms)
  batch 3/3: 2.454637 sec, 5 copies (server sum 2351.083 ms)
  slope: pkg 10.31 J/exec (intercept 2.65 J), wall 0.462709 s/exec (intercept 0.146808 s)
[31/53] queries/tpch/tpch-queries/q13/base.sql (2 warmup [warm ones = N=1 anchor] + 3 x5)
  warmup 1/2: 1.673364 sec, 1 copy (cache prime)
  warmup 2/2: 1.649259 sec, 1 copy (N=1 anchor)
  batch 1/3: 7.608092 sec, 5 copies (server sum 7511.286 ms)
  batch 2/3: 7.374559 sec, 5 copies (server sum 7277.754 ms)
  batch 3/3: 7.488927 sec, 5 copies (server sum 7392.301 ms)
  slope: pkg 9.331 J/exec (intercept 0.7854 J), wall 1.460317 s/exec (intercept 0.188942 s)
[32/53] queries/tpch/tpch-queries/q13/v1_materialized.sql (2 warmup [warm ones = N=1 anchor] + 3 x5)
  warmup 1/2: 1.591978 sec, 1 copy (cache prime)
  warmup 2/2: 1.584012 sec, 1 copy (N=1 anchor)
  batch 1/3: 7.479307 sec, 5 copies (server sum 7382.361 ms)
  batch 2/3: 7.378327 sec, 5 copies (server sum 7280.031 ms)
  batch 3/3: 7.364115 sec, 5 copies (server sum 7317.380 ms)
  slope: pkg 9.143 J/exec (intercept 0.884 J), wall 1.455809 s/exec (intercept 0.128203 s)
[33/53] queries/tpch/tpch-queries/q13/v2_correlated.sql (2 warmup [warm ones = N=1 anchor] + 3 x5)
  warmup 1/2: 2.132915 sec, 1 copy (cache prime)
  warmup 2/2: 2.154701 sec, 1 copy (N=1 anchor)
  batch 1/3: 10.024111 sec, 5 copies (server sum 9927.738 ms)
  batch 2/3: 10.012200 sec, 5 copies (server sum 9919.782 ms)
  batch 3/3: 10.076849 sec, 5 copies (server sum 9984.013 ms)
  slope: pkg 20 J/exec (intercept 1.347 J), wall 1.970755 s/exec (intercept 0.183946 s)
[34/53] queries/tpch/tpch-queries/q14/base.sql (2 warmup [warm ones = N=1 anchor] + 3 x5)
  warmup 1/2: 0.341127 sec, 1 copy (cache prime)
  warmup 2/2: 0.385803 sec, 1 copy (N=1 anchor)
  batch 1/3: 1.331091 sec, 5 copies (server sum 1231.023 ms)
  batch 2/3: 1.336517 sec, 5 copies (server sum 1236.269 ms)
  batch 3/3: 1.298949 sec, 5 copies (server sum 1205.777 ms)
  slope: pkg 8.585 J/exec (intercept -0.2152 J), wall 0.234096 s/exec (intercept 0.151707 s)
[35/53] queries/tpch/tpch-queries/q14/v1_materialized.sql (2 warmup [warm ones = N=1 anchor] + 3 x5)
  warmup 1/2: 0.384637 sec, 1 copy (cache prime)
  warmup 2/2: 0.418424 sec, 1 copy (N=1 anchor)
  batch 1/3: 1.233581 sec, 5 copies (server sum 1190.521 ms)
  batch 2/3: 1.311770 sec, 5 copies (server sum 1216.016 ms)
  batch 3/3: 1.347434 sec, 5 copies (server sum 1252.135 ms)
  slope: pkg 8.674 J/exec (intercept -0.5627 J), wall 0.219793 s/exec (intercept 0.198632 s)
[36/53] queries/tpch/tpch-queries/q14/v2_filter.sql (2 warmup [warm ones = N=1 anchor] + 3 x5)
  warmup 1/2: 0.372361 sec, 1 copy (cache prime)
  warmup 2/2: 0.404610 sec, 1 copy (N=1 anchor)
  batch 1/3: 1.356282 sec, 5 copies (server sum 1251.247 ms)
  batch 2/3: 1.355226 sec, 5 copies (server sum 1258.378 ms)
  batch 3/3: 1.401462 sec, 5 copies (server sum 1306.433 ms)
  slope: pkg 8.277 J/exec (intercept -0.2161 J), wall 0.241595 s/exec (intercept 0.163015 s)
[37/53] queries/tpch/tpch-queries/q15/base.sql (2 warmup [warm ones = N=1 anchor] + 3 x5)
  warmup 1/2: 0.405683 sec, 1 copy (cache prime)
  warmup 2/2: 0.456158 sec, 1 copy (N=1 anchor)
  batch 1/3: 1.558943 sec, 5 copies (server sum 1457.525 ms)
  batch 2/3: 1.497456 sec, 5 copies (server sum 1452.796 ms)
  batch 3/3: 1.511343 sec, 5 copies (server sum 1466.959 ms)
  slope: pkg 8.502 J/exec (intercept 0.6836 J), wall 0.266606 s/exec (intercept 0.189552 s)
[38/53] queries/tpch/tpch-queries/q15/v1_materialized.sql (2 warmup [warm ones = N=1 anchor] + 3 x5)
  warmup 1/2: 0.438177 sec, 1 copy (cache prime)
  warmup 2/2: 0.446915 sec, 1 copy (N=1 anchor)
  batch 1/3: 1.589971 sec, 5 copies (server sum 1486.289 ms)
  batch 2/3: 1.538983 sec, 5 copies (server sum 1446.736 ms)
  batch 3/3: 1.625138 sec, 5 copies (server sum 1528.445 ms)
  slope: pkg 8.272 J/exec (intercept 0.5967 J), wall 0.284446 s/exec (intercept 0.162470 s)
[39/53] queries/tpch/tpch-queries/q16/base.sql (2 warmup [warm ones = N=1 anchor] + 3 x5)
  warmup 1/2: 0.344832 sec, 1 copy (cache prime)
  warmup 2/2: 0.351375 sec, 1 copy (N=1 anchor)
  batch 1/3: 1.304258 sec, 5 copies (server sum 1205.985 ms)
  batch 2/3: 1.241994 sec, 5 copies (server sum 1149.576 ms)
  batch 3/3: 1.304862 sec, 5 copies (server sum 1206.909 ms)
  slope: pkg 5.805 J/exec (intercept 0.1009 J), wall 0.233083 s/exec (intercept 0.118292 s)
[40/53] queries/tpch/tpch-queries/q16/v1_materialized.sql (2 warmup [warm ones = N=1 anchor] + 3 x5)
  warmup 1/2: 0.333753 sec, 1 copy (cache prime)
  warmup 2/2: 0.335008 sec, 1 copy (N=1 anchor)
  batch 1/3: 1.194279 sec, 5 copies (server sum 1150.584 ms)
  batch 2/3: 1.267564 sec, 5 copies (server sum 1169.665 ms)
  batch 3/3: 1.302270 sec, 5 copies (server sum 1204.812 ms)
  slope: pkg 5.796 J/exec (intercept 0.9014 J), wall 0.229924 s/exec (intercept 0.105084 s)
[41/53] queries/tpch/tpch-queries/q16/v2_not_exists.sql (2 warmup [warm ones = N=1 anchor] + 3 x5)
  warmup 1/2: 0.308109 sec, 1 copy (cache prime)
  warmup 2/2: 0.316044 sec, 1 copy (N=1 anchor)
  batch 1/3: 1.162852 sec, 5 copies (server sum 1057.396 ms)
  batch 2/3: 1.214146 sec, 5 copies (server sum 1110.564 ms)
  batch 3/3: 1.183447 sec, 5 copies (server sum 1085.145 ms)
  slope: pkg 5.344 J/exec (intercept 0.7271 J), wall 0.217693 s/exec (intercept 0.098351 s)
[42/53] queries/tpch/tpch-queries/q17/v2_decorrelate.sql (2 warmup [warm ones = N=1 anchor] + 3 x5)
  warmup 1/2: 5.540046 sec, 1 copy (cache prime)
  warmup 2/2: 5.449970 sec, 1 copy (N=1 anchor)
  batch 1/3: 26.937672 sec, 5 copies (server sum 26894.643 ms)
  batch 2/3: 27.017820 sec, 5 copies (server sum 26922.145 ms)
  batch 3/3: 26.991151 sec, 5 copies (server sum 26897.888 ms)
  slope: pkg 74.11 J/exec (intercept 1.622 J), wall 5.383061 s/exec (intercept 0.066908 s)
[43/53] queries/tpch/tpch-queries/q18/base.sql (2 warmup [warm ones = N=1 anchor] + 3 x5)
  warmup 1/2: 4.426783 sec, 1 copy (cache prime)
  warmup 2/2: 4.597189 sec, 1 copy (N=1 anchor)
  batch 1/3: 23.784447 sec, 5 copies (server sum 23678.598 ms)
  batch 2/3: 24.744244 sec, 5 copies (server sum 24633.408 ms)
  batch 3/3: 24.727912 sec, 5 copies (server sum 24616.019 ms)
  slope: pkg 106.5 J/exec (intercept 27.7 J), wall 4.955420 s/exec (intercept -0.358231 s)
[44/53] queries/tpch/tpch-queries/q18/v1_materialized.sql (2 warmup [warm ones = N=1 anchor] + 3 x5)
  warmup 1/2: 5.389107 sec, 1 copy (cache prime)
  warmup 2/2: 5.096371 sec, 1 copy (N=1 anchor)
  batch 1/3: 24.873848 sec, 5 copies (server sum 24765.742 ms)
  batch 2/3: 24.869010 sec, 5 copies (server sum 24763.024 ms)
  batch 3/3: 24.856751 sec, 5 copies (server sum 24746.005 ms)
  slope: pkg 107.6 J/exec (intercept 7.621 J), wall 4.942541 s/exec (intercept 0.153829 s)
[45/53] queries/tpch/tpch-queries/q18/v2_join.sql (2 warmup [warm ones = N=1 anchor] + 3 x5)
  warmup 1/2: 5.098572 sec, 1 copy (cache prime)
  warmup 2/2: 5.090846 sec, 1 copy (N=1 anchor)
  batch 1/3: 24.800272 sec, 5 copies (server sum 24701.547 ms)
  batch 2/3: 24.933212 sec, 5 copies (server sum 24818.260 ms)
  batch 3/3: 24.904515 sec, 5 copies (server sum 24789.901 ms)
  slope: pkg 108.6 J/exec (intercept 3.203 J), wall 4.947122 s/exec (intercept 0.143725 s)
[46/53] queries/tpch/tpch-queries/q19/base.sql (2 warmup [warm ones = N=1 anchor] + 3 x5)
  warmup 1/2: 0.532237 sec, 1 copy (cache prime)
  warmup 2/2: 0.593564 sec, 1 copy (N=1 anchor)
  batch 1/3: 2.303833 sec, 5 copies (server sum 2196.002 ms)
  batch 2/3: 2.348715 sec, 5 copies (server sum 2236.735 ms)
  batch 3/3: 2.357102 sec, 5 copies (server sum 2243.280 ms)
  slope: pkg 10.11 J/exec (intercept 1.421 J), wall 0.435746 s/exec (intercept 0.157818 s)
[47/53] queries/tpch/tpch-queries/q19/v1_materialized.sql (2 warmup [warm ones = N=1 anchor] + 3 x5)
  warmup 1/2: 0.584858 sec, 1 copy (cache prime)
  warmup 2/2: 0.544771 sec, 1 copy (N=1 anchor)
  batch 1/3: 2.326230 sec, 5 copies (server sum 2217.672 ms)
  batch 2/3: 2.358671 sec, 5 copies (server sum 2239.076 ms)
  batch 3/3: 2.344464 sec, 5 copies (server sum 2233.618 ms)
  slope: pkg 9.85 J/exec (intercept 2.458 J), wall 0.449588 s/exec (intercept 0.095183 s)
[48/53] queries/tpch/tpch-queries/q19/v2_union_all.sql (2 warmup [warm ones = N=1 anchor] + 3 x5)
  warmup 1/2: 1.419294 sec, 1 copy (cache prime)
  warmup 2/2: 1.386560 sec, 1 copy (N=1 anchor)
  batch 1/3: 6.436246 sec, 5 copies (server sum 6331.926 ms)
  batch 2/3: 6.446257 sec, 5 copies (server sum 6337.769 ms)
  batch 3/3: 6.456290 sec, 5 copies (server sum 6333.686 ms)
  slope: pkg 27.73 J/exec (intercept 2.675 J), wall 1.264926 s/exec (intercept 0.121634 s)
[49/53] queries/tpch/tpch-queries/q21/base.sql (2 warmup [warm ones = N=1 anchor] + 3 x5)
  warmup 1/2: 0.609265 sec, 1 copy (cache prime)
  warmup 2/2: 0.628264 sec, 1 copy (N=1 anchor)
  batch 1/3: 2.724139 sec, 5 copies (server sum 2620.426 ms)
  batch 2/3: 2.735135 sec, 5 copies (server sum 2628.516 ms)
  batch 3/3: 2.734688 sec, 5 copies (server sum 2627.837 ms)
  slope: pkg 11.54 J/exec (intercept 2.343 J), wall 0.525764 s/exec (intercept 0.102500 s)
[50/53] queries/tpch/tpch-queries/q21/v1_materialized.sql (2 warmup [warm ones = N=1 anchor] + 3 x5)
  warmup 1/2: 0.632340 sec, 1 copy (cache prime)
  warmup 2/2: 0.629113 sec, 1 copy (N=1 anchor)
  batch 1/3: 2.739651 sec, 5 copies (server sum 2633.015 ms)
  batch 2/3: 2.741681 sec, 5 copies (server sum 2638.213 ms)
  batch 3/3: 2.727926 sec, 5 copies (server sum 2621.398 ms)
  slope: pkg 11.59 J/exec (intercept 2.201 J), wall 0.526827 s/exec (intercept 0.102286 s)
[51/53] queries/tpch/tpch-queries/q22/base.sql (2 warmup [warm ones = N=1 anchor] + 3 x5)
  warmup 1/2: 0.164497 sec, 1 copy (cache prime)
  warmup 2/2: 0.115901 sec, 1 copy (N=1 anchor)
  batch 1/3: 0.323855 sec, 5 copies (server sum 276.043 ms)
  batch 2/3: 0.417020 sec, 5 copies (server sum 306.005 ms)
  batch 3/3: 0.407423 sec, 5 copies (server sum 300.510 ms)
  slope: pkg 1.501 J/exec (intercept 0.2305 J), wall 0.066716 s/exec (intercept 0.049184 s)
[52/53] queries/tpch/tpch-queries/q22/v1_materialized.sql (2 warmup [warm ones = N=1 anchor] + 3 x5)
  warmup 1/2: 0.188344 sec, 1 copy (cache prime)
  warmup 2/2: 0.183694 sec, 1 copy (N=1 anchor)
  batch 1/3: 0.418270 sec, 5 copies (server sum 281.496 ms)
  batch 2/3: 0.389497 sec, 5 copies (server sum 279.994 ms)
  batch 3/3: 0.406684 sec, 5 copies (server sum 299.577 ms)
  slope: pkg 1.534 J/exec (intercept 0.5632 J), wall 0.055281 s/exec (intercept 0.128414 s)
[53/53] queries/tpch/tpch-queries/q22/v2_anti_join.sql (2 warmup [warm ones = N=1 anchor] + 3 x5)
  warmup 1/2: 0.240783 sec, 1 copy (cache prime)
  warmup 2/2: 0.216071 sec, 1 copy (N=1 anchor)
  batch 1/3: 0.652432 sec, 5 copies (server sum 539.904 ms)
  batch 2/3: 0.648254 sec, 5 copies (server sum 541.817 ms)
  batch 3/3: 0.653918 sec, 5 copies (server sum 543.761 ms)
  slope: pkg 2.953 J/exec (intercept 0.4933 J), wall 0.108866 s/exec (intercept 0.107205 s)

Done. Batch rows appended to logs/hash_mem_multiplier/hmm_2/query_timing_tpch.csv
Per-copy samples appended to logs/hash_mem_multiplier/hmm_2/query_samples_tpch.csv
Relation sizes appended to logs/hash_mem_multiplier/hmm_2/query_catalog_tpch.csv
Per-query slope/intercept appended to logs/hash_mem_multiplier/hmm_2/query_slope_tpch.csv
make: Leaving directory '/home/user01/GreenSQL'
