make: Entering directory '/home/user01/GreenSQL'
query_runner configuration:
  QUERY_DIR      = queries/tpch/tpch-queries
  LOG_FILE       = logs/effective_cache_size/ecs_4GB/query_timing_tpch_idx.csv
  SAMPLE_FILE    = logs/effective_cache_size/ecs_4GB/query_samples_tpch_idx.csv
  CATALOG_FILE   = logs/effective_cache_size/ecs_4GB/query_catalog_tpch_idx.csv
  SLOPE_FILE     = logs/effective_cache_size/ecs_4GB/query_slope_tpch_idx.csv
  DB_NAME        = tpch_idx
  DB_USER        = postgres
  PGPORT         = 5434
  PG_VERSION     = 18.4  (as reported by the server on that port)
  BATCHNUM       = 5 (slope sizes: 1 copy and 5 copies)
  RUNS           = 3 (measured batches per size)
  WARMUP         = 2 (single-copy; #1 primes cache, warm ones = N=1 anchor)
  WORKERS        = (planner default)
  STATEMENT_TIMEOUT = 900
  SIGLESS_ADDR   = (disabled)
Found 53 queries under queries/tpch/tpch-queries

Catalog snapshot: 37 relations -> logs/effective_cache_size/ecs_4GB/query_catalog_tpch_idx.csv
[1/53] queries/tpch/tpch-queries/q01/base.sql (2 warmup [warm ones = N=1 anchor] + 3 x5)
  warmup 1/2: 1.891690 sec, 1 copy (cache prime)
  warmup 2/2: 1.672531 sec, 1 copy (N=1 anchor)
  batch 1/3: 8.359715 sec, 5 copies (server sum 8253.242 ms)
  batch 2/3: 8.519387 sec, 5 copies (server sum 8413.072 ms)
  batch 3/3: 8.547443 sec, 5 copies (server sum 8415.406 ms)
  slope: pkg 37.21 J/exec (intercept 3.006 J), wall 1.700746 s/exec (intercept -0.028215 s)
[2/53] queries/tpch/tpch-queries/q01/v1_materialized.sql (2 warmup [warm ones = N=1 anchor] + 3 x5)
  warmup 1/2: 1.761428 sec, 1 copy (cache prime)
  warmup 2/2: 1.810093 sec, 1 copy (N=1 anchor)
  batch 1/3: 8.608374 sec, 5 copies (server sum 8477.562 ms)
  batch 2/3: 8.473085 sec, 5 copies (server sum 8418.399 ms)
  batch 3/3: 8.596038 sec, 5 copies (server sum 8424.978 ms)
  slope: pkg 36.7 J/exec (intercept 3.941 J), wall 1.687268 s/exec (intercept 0.122825 s)
[3/53] queries/tpch/tpch-queries/q02/base.sql (2 warmup [warm ones = N=1 anchor] + 3 x5)
  warmup 1/2: 0.442946 sec, 1 copy (cache prime)
  warmup 2/2: 0.287166 sec, 1 copy (N=1 anchor)
  batch 1/3: 1.002373 sec, 5 copies (server sum 892.280 ms)
  batch 2/3: 0.969379 sec, 5 copies (server sum 868.587 ms)
  batch 3/3: 0.965683 sec, 5 copies (server sum 866.755 ms)
  slope: pkg 1.381 J/exec (intercept 1.187 J), wall 0.172995 s/exec (intercept 0.114171 s)
[4/53] queries/tpch/tpch-queries/q02/v1_materialized.sql (2 warmup [warm ones = N=1 anchor] + 3 x5)
  warmup 1/2: 0.317507 sec, 1 copy (cache prime)
  warmup 2/2: 0.328312 sec, 1 copy (N=1 anchor)
  batch 1/3: 1.107337 sec, 5 copies (server sum 1001.574 ms)
  batch 2/3: 1.047766 sec, 5 copies (server sum 983.730 ms)
  batch 3/3: 1.077924 sec, 5 copies (server sum 977.871 ms)
  slope: pkg 1.375 J/exec (intercept 1.008 J), wall 0.187341 s/exec (intercept 0.140971 s)
[5/53] queries/tpch/tpch-queries/q02/v2_decorrelate.sql (2 warmup [warm ones = N=1 anchor] + 3 x5)
  warmup 1/2: 0.323894 sec, 1 copy (cache prime)
  warmup 2/2: 0.332754 sec, 1 copy (N=1 anchor)
  batch 1/3: 1.230939 sec, 5 copies (server sum 1119.904 ms)
  batch 2/3: 1.205293 sec, 5 copies (server sum 1096.159 ms)
  batch 3/3: 1.206385 sec, 5 copies (server sum 1094.290 ms)
  slope: pkg 1.245 J/exec (intercept 0.7567 J), wall 0.220363 s/exec (intercept 0.112392 s)
[6/53] queries/tpch/tpch-queries/q03/base.sql (2 warmup [warm ones = N=1 anchor] + 3 x5)
  warmup 1/2: 0.436567 sec, 1 copy (cache prime)
  warmup 2/2: 0.375429 sec, 1 copy (N=1 anchor)
  batch 1/3: 1.298503 sec, 5 copies (server sum 1194.708 ms)
  batch 2/3: 1.309037 sec, 5 copies (server sum 1213.746 ms)
  batch 3/3: 1.333063 sec, 5 copies (server sum 1233.855 ms)
  slope: pkg 7.563 J/exec (intercept 0.5721 J), wall 0.234526 s/exec (intercept 0.140903 s)
[7/53] queries/tpch/tpch-queries/q03/v1_materialized.sql (2 warmup [warm ones = N=1 anchor] + 3 x5)
  warmup 1/2: 0.375237 sec, 1 copy (cache prime)
  warmup 2/2: 0.380832 sec, 1 copy (N=1 anchor)
  batch 1/3: 1.347101 sec, 5 copies (server sum 1248.004 ms)
  batch 2/3: 1.357875 sec, 5 copies (server sum 1259.934 ms)
  batch 3/3: 1.345088 sec, 5 copies (server sum 1249.696 ms)
  slope: pkg 7.076 J/exec (intercept 1.018 J), wall 0.242297 s/exec (intercept 0.138534 s)
[8/53] queries/tpch/tpch-queries/q04/base.sql (2 warmup [warm ones = N=1 anchor] + 3 x5)
  warmup 1/2: 0.142186 sec, 1 copy (cache prime)
  warmup 2/2: 0.233792 sec, 1 copy (N=1 anchor)
  batch 1/3: 0.532424 sec, 5 copies (server sum 458.655 ms)
  batch 2/3: 0.572745 sec, 5 copies (server sum 475.542 ms)
  batch 3/3: 0.555858 sec, 5 copies (server sum 462.175 ms)
  slope: pkg 2.848 J/exec (intercept -0.02923 J), wall 0.079971 s/exec (intercept 0.153821 s)
[9/53] queries/tpch/tpch-queries/q04/v1_materialized.sql (2 warmup [warm ones = N=1 anchor] + 3 x5)
  warmup 1/2: 0.218885 sec, 1 copy (cache prime)
  warmup 2/2: 0.250656 sec, 1 copy (N=1 anchor)
  batch 1/3: 0.593508 sec, 5 copies (server sum 486.532 ms)
  batch 2/3: 0.576994 sec, 5 copies (server sum 476.319 ms)
  batch 3/3: 0.584987 sec, 5 copies (server sum 482.718 ms)
  slope: pkg 2.747 J/exec (intercept -0.06535 J), wall 0.083627 s/exec (intercept 0.167030 s)
[10/53] queries/tpch/tpch-queries/q04/v2_in.sql (2 warmup [warm ones = N=1 anchor] + 3 x5)
  warmup 1/2: 0.195303 sec, 1 copy (cache prime)
  warmup 2/2: 0.249988 sec, 1 copy (N=1 anchor)
  batch 1/3: 0.601576 sec, 5 copies (server sum 492.612 ms)
  batch 2/3: 0.582950 sec, 5 copies (server sum 482.429 ms)
  batch 3/3: 0.584153 sec, 5 copies (server sum 483.971 ms)
  slope: pkg 2.747 J/exec (intercept -0.07931 J), wall 0.084893 s/exec (intercept 0.165095 s)
[11/53] queries/tpch/tpch-queries/q05/base.sql (2 warmup [warm ones = N=1 anchor] + 3 x5)
  warmup 1/2: 0.386506 sec, 1 copy (cache prime)
  warmup 2/2: 0.372958 sec, 1 copy (N=1 anchor)
  batch 1/3: 1.450104 sec, 5 copies (server sum 1324.788 ms)
  batch 2/3: 1.417548 sec, 5 copies (server sum 1303.827 ms)
  batch 3/3: 1.409071 sec, 5 copies (server sum 1300.271 ms)
  slope: pkg 3.451 J/exec (intercept 1.315 J), wall 0.263154 s/exec (intercept 0.109804 s)
[12/53] queries/tpch/tpch-queries/q05/v1_materialized.sql (2 warmup [warm ones = N=1 anchor] + 3 x5)
  warmup 1/2: 0.364625 sec, 1 copy (cache prime)
  warmup 2/2: 0.384270 sec, 1 copy (N=1 anchor)
  batch 1/3: 1.403830 sec, 5 copies (server sum 1298.016 ms)
  batch 2/3: 1.373367 sec, 5 copies (server sum 1270.805 ms)
  batch 3/3: 1.376417 sec, 5 copies (server sum 1274.560 ms)
  slope: pkg 3.633 J/exec (intercept 0.9459 J), wall 0.250067 s/exec (intercept 0.134203 s)
[13/53] queries/tpch/tpch-queries/q06/base.sql (2 warmup [warm ones = N=1 anchor] + 3 x5)
  warmup 1/2: 0.215641 sec, 1 copy (cache prime)
  warmup 2/2: 0.193535 sec, 1 copy (N=1 anchor)
  batch 1/3: 0.327409 sec, 5 copies (server sum 285.697 ms)
  batch 2/3: 0.423566 sec, 5 copies (server sum 318.385 ms)
  batch 3/3: 0.434591 sec, 5 copies (server sum 329.685 ms)
  slope: pkg 1.719 J/exec (intercept 0.9246 J), wall 0.050413 s/exec (intercept 0.143121 s)
[14/53] queries/tpch/tpch-queries/q06/v1_materialized.sql (2 warmup [warm ones = N=1 anchor] + 3 x5)
  warmup 1/2: 0.173483 sec, 1 copy (cache prime)
  warmup 2/2: 0.136494 sec, 1 copy (N=1 anchor)
  batch 1/3: 0.462713 sec, 5 copies (server sum 313.392 ms)
  batch 2/3: 0.440299 sec, 5 copies (server sum 335.872 ms)
  batch 3/3: 0.449982 sec, 5 copies (server sum 339.431 ms)
  slope: pkg 1.852 J/exec (intercept -0.03572 J), wall 0.078626 s/exec (intercept 0.057868 s)
[15/53] queries/tpch/tpch-queries/q07/base.sql (2 warmup [warm ones = N=1 anchor] + 3 x5)
  warmup 1/2: 0.865184 sec, 1 copy (cache prime)
  warmup 2/2: 0.728490 sec, 1 copy (N=1 anchor)
  batch 1/3: 3.286575 sec, 5 copies (server sum 3183.580 ms)
  batch 2/3: 3.234106 sec, 5 copies (server sum 3129.141 ms)
  batch 3/3: 3.243090 sec, 5 copies (server sum 3130.761 ms)
  slope: pkg 9.222 J/exec (intercept 0.1184 J), wall 0.631525 s/exec (intercept 0.096965 s)
[16/53] queries/tpch/tpch-queries/q07/v1_materialized.sql (2 warmup [warm ones = N=1 anchor] + 3 x5)
  warmup 1/2: 0.802409 sec, 1 copy (cache prime)
  warmup 2/2: 0.701648 sec, 1 copy (N=1 anchor)
  batch 1/3: 3.222621 sec, 5 copies (server sum 3119.116 ms)
  batch 2/3: 3.190225 sec, 5 copies (server sum 3081.301 ms)
  batch 3/3: 3.203879 sec, 5 copies (server sum 3092.216 ms)
  slope: pkg 9.505 J/exec (intercept 0.2095 J), wall 0.625982 s/exec (intercept 0.075666 s)
[17/53] queries/tpch/tpch-queries/q07/v2_union_all.sql (2 warmup [warm ones = N=1 anchor] + 3 x5)
  warmup 1/2: 0.750731 sec, 1 copy (cache prime)
  warmup 2/2: 0.640413 sec, 1 copy (N=1 anchor)
  batch 1/3: 3.040460 sec, 5 copies (server sum 2935.312 ms)
  batch 2/3: 3.028619 sec, 5 copies (server sum 2922.833 ms)
  batch 3/3: 3.024525 sec, 5 copies (server sum 2919.059 ms)
  slope: pkg 7.581 J/exec (intercept 1.994 J), wall 0.597697 s/exec (intercept 0.042716 s)
[18/53] queries/tpch/tpch-queries/q08/base.sql (2 warmup [warm ones = N=1 anchor] + 3 x5)
  warmup 1/2: 0.276069 sec, 1 copy (cache prime)
  warmup 2/2: 0.247097 sec, 1 copy (N=1 anchor)
  batch 1/3: 0.810843 sec, 5 copies (server sum 703.033 ms)
  batch 2/3: 0.802358 sec, 5 copies (server sum 699.544 ms)
  batch 3/3: 0.804622 sec, 5 copies (server sum 702.273 ms)
  slope: pkg 2.344 J/exec (intercept 1.435 J), wall 0.139711 s/exec (intercept 0.107386 s)
[19/53] queries/tpch/tpch-queries/q08/v1_materialized.sql (2 warmup [warm ones = N=1 anchor] + 3 x5)
  warmup 1/2: 0.245085 sec, 1 copy (cache prime)
  warmup 2/2: 0.259745 sec, 1 copy (N=1 anchor)
  batch 1/3: 0.820456 sec, 5 copies (server sum 716.275 ms)
  batch 2/3: 0.826256 sec, 5 copies (server sum 708.347 ms)
  batch 3/3: 0.763105 sec, 5 copies (server sum 704.142 ms)
  slope: pkg 2.373 J/exec (intercept 1.142 J), wall 0.135882 s/exec (intercept 0.123864 s)
[20/53] queries/tpch/tpch-queries/q08/v2_filter.sql (2 warmup [warm ones = N=1 anchor] + 3 x5)
  warmup 1/2: 0.244269 sec, 1 copy (cache prime)
  warmup 2/2: 0.261617 sec, 1 copy (N=1 anchor)
  batch 1/3: 0.810896 sec, 5 copies (server sum 707.158 ms)
  batch 2/3: 0.813393 sec, 5 copies (server sum 710.499 ms)
  batch 3/3: 0.810703 sec, 5 copies (server sum 708.497 ms)
  slope: pkg 2.385 J/exec (intercept 1.08 J), wall 0.137512 s/exec (intercept 0.124106 s)
[21/53] queries/tpch/tpch-queries/q09/base.sql (2 warmup [warm ones = N=1 anchor] + 3 x5)
  warmup 1/2: 1.153881 sec, 1 copy (cache prime)
  warmup 2/2: 1.147237 sec, 1 copy (N=1 anchor)
  batch 1/3: 5.251698 sec, 5 copies (server sum 5148.170 ms)
  batch 2/3: 5.215311 sec, 5 copies (server sum 5156.974 ms)
  batch 3/3: 5.745668 sec, 5 copies (server sum 5687.597 ms)
  slope: pkg 20.46 J/exec (intercept 2.013 J), wall 1.064247 s/exec (intercept 0.082990 s)
[22/53] queries/tpch/tpch-queries/q09/v1_materialized.sql (2 warmup [warm ones = N=1 anchor] + 3 x5)
  warmup 1/2: 1.275623 sec, 1 copy (cache prime)
  warmup 2/2: 1.254561 sec, 1 copy (N=1 anchor)
  batch 1/3: 5.832726 sec, 5 copies (server sum 5726.944 ms)
  batch 2/3: 5.806539 sec, 5 copies (server sum 5699.814 ms)
  batch 3/3: 5.825120 sec, 5 copies (server sum 5719.459 ms)
  slope: pkg 19.2 J/exec (intercept 1.601 J), wall 1.141725 s/exec (intercept 0.112836 s)
[23/53] queries/tpch/tpch-queries/q10/base.sql (2 warmup [warm ones = N=1 anchor] + 3 x5)
  warmup 1/2: 0.411664 sec, 1 copy (cache prime)
  warmup 2/2: 0.410631 sec, 1 copy (N=1 anchor)
  batch 1/3: 1.546266 sec, 5 copies (server sum 1448.687 ms)
  batch 2/3: 1.551593 sec, 5 copies (server sum 1453.778 ms)
  batch 3/3: 1.539482 sec, 5 copies (server sum 1441.654 ms)
  slope: pkg 6.408 J/exec (intercept 1.478 J), wall 0.283787 s/exec (intercept 0.126844 s)
[24/53] queries/tpch/tpch-queries/q10/v1_materialized.sql (2 warmup [warm ones = N=1 anchor] + 3 x5)
  warmup 1/2: 0.368291 sec, 1 copy (cache prime)
  warmup 2/2: 0.412762 sec, 1 copy (N=1 anchor)
  batch 1/3: 1.567214 sec, 5 copies (server sum 1471.583 ms)
  batch 2/3: 1.574024 sec, 5 copies (server sum 1477.882 ms)
  batch 3/3: 1.577376 sec, 5 copies (server sum 1481.402 ms)
  slope: pkg 6.294 J/exec (intercept 1.449 J), wall 0.290027 s/exec (intercept 0.122735 s)
[25/53] queries/tpch/tpch-queries/q11/base.sql (2 warmup [warm ones = N=1 anchor] + 3 x5)
  warmup 1/2: 0.180015 sec, 1 copy (cache prime)
  warmup 2/2: 0.205195 sec, 1 copy (N=1 anchor)
  batch 1/3: 0.532014 sec, 5 copies (server sum 428.922 ms)
  batch 2/3: 0.546078 sec, 5 copies (server sum 443.596 ms)
  batch 3/3: 0.544362 sec, 5 copies (server sum 441.648 ms)
  slope: pkg 0.5929 J/exec (intercept 0.7664 J), wall 0.083906 s/exec (intercept 0.121289 s)
[26/53] queries/tpch/tpch-queries/q11/v1_materialized.sql (2 warmup [warm ones = N=1 anchor] + 3 x5)
  warmup 1/2: 0.190374 sec, 1 copy (cache prime)
  warmup 2/2: 0.235208 sec, 1 copy (N=1 anchor)
  batch 1/3: 0.525219 sec, 5 copies (server sum 452.007 ms)
  batch 2/3: 0.564310 sec, 5 copies (server sum 461.755 ms)
  batch 3/3: 0.571826 sec, 5 copies (server sum 467.827 ms)
  slope: pkg 0.4971 J/exec (intercept 1.03 J), wall 0.079644 s/exec (intercept 0.155564 s)
[27/53] queries/tpch/tpch-queries/q11/v2_cte_threshold.sql (2 warmup [warm ones = N=1 anchor] + 3 x5)
  warmup 1/2: 0.184572 sec, 1 copy (cache prime)
  warmup 2/2: 0.208235 sec, 1 copy (N=1 anchor)
  batch 1/3: 0.582415 sec, 5 copies (server sum 465.283 ms)
  batch 2/3: 0.573945 sec, 5 copies (server sum 468.625 ms)
  batch 3/3: 0.569289 sec, 5 copies (server sum 466.999 ms)
  slope: pkg 0.5325 J/exec (intercept 0.7445 J), wall 0.091745 s/exec (intercept 0.116490 s)
[28/53] queries/tpch/tpch-queries/q12/base.sql (2 warmup [warm ones = N=1 anchor] + 3 x5)
  warmup 1/2: 0.413137 sec, 1 copy (cache prime)
  warmup 2/2: 0.411961 sec, 1 copy (N=1 anchor)
  batch 1/3: 1.533287 sec, 5 copies (server sum 1420.351 ms)
  batch 2/3: 1.467171 sec, 5 copies (server sum 1372.552 ms)
  batch 3/3: 1.440044 sec, 5 copies (server sum 1346.984 ms)
  slope: pkg 7.56 J/exec (intercept 1.455 J), wall 0.267052 s/exec (intercept 0.144909 s)
[29/53] queries/tpch/tpch-queries/q12/v1_materialized.sql (2 warmup [warm ones = N=1 anchor] + 3 x5)
  warmup 1/2: 0.399067 sec, 1 copy (cache prime)
  warmup 2/2: 0.390593 sec, 1 copy (N=1 anchor)
  batch 1/3: 1.525086 sec, 5 copies (server sum 1380.040 ms)
  batch 2/3: 1.491070 sec, 5 copies (server sum 1395.563 ms)
  batch 3/3: 1.503970 sec, 5 copies (server sum 1399.521 ms)
  slope: pkg 7.335 J/exec (intercept 1.54 J), wall 0.279029 s/exec (intercept 0.111565 s)
[30/53] queries/tpch/tpch-queries/q12/v2_filter.sql (2 warmup [warm ones = N=1 anchor] + 3 x5)
  warmup 1/2: 0.404152 sec, 1 copy (cache prime)
  warmup 2/2: 0.393836 sec, 1 copy (N=1 anchor)
  batch 1/3: 1.501773 sec, 5 copies (server sum 1406.905 ms)
  batch 2/3: 1.504036 sec, 5 copies (server sum 1409.365 ms)
  batch 3/3: 1.509175 sec, 5 copies (server sum 1415.545 ms)
  slope: pkg 6.952 J/exec (intercept 1.951 J), wall 0.277790 s/exec (intercept 0.116046 s)
[31/53] queries/tpch/tpch-queries/q13/base.sql (2 warmup [warm ones = N=1 anchor] + 3 x5)
  warmup 1/2: 1.718031 sec, 1 copy (cache prime)
  warmup 2/2: 1.701775 sec, 1 copy (N=1 anchor)
  batch 1/3: 7.810340 sec, 5 copies (server sum 7712.833 ms)
  batch 2/3: 7.775643 sec, 5 copies (server sum 7674.941 ms)
  batch 3/3: 7.623179 sec, 5 copies (server sum 7575.142 ms)
  slope: pkg 8.945 J/exec (intercept 0.8435 J), wall 1.508653 s/exec (intercept 0.193123 s)
[32/53] queries/tpch/tpch-queries/q13/v1_materialized.sql (2 warmup [warm ones = N=1 anchor] + 3 x5)
  warmup 1/2: 1.646311 sec, 1 copy (cache prime)
  warmup 2/2: 1.709155 sec, 1 copy (N=1 anchor)
  batch 1/3: 7.693490 sec, 5 copies (server sum 7642.094 ms)
  batch 2/3: 7.672986 sec, 5 copies (server sum 7575.066 ms)
  batch 3/3: 7.677978 sec, 5 copies (server sum 7576.921 ms)
  slope: pkg 8.948 J/exec (intercept 1.015 J), wall 1.493082 s/exec (intercept 0.216073 s)
[33/53] queries/tpch/tpch-queries/q13/v2_correlated.sql (2 warmup [warm ones = N=1 anchor] + 3 x5)
  warmup 1/2: 2.255339 sec, 1 copy (cache prime)
  warmup 2/2: 2.276987 sec, 1 copy (N=1 anchor)
  batch 1/3: 10.411492 sec, 5 copies (server sum 10316.378 ms)
  batch 2/3: 10.432418 sec, 5 copies (server sum 10338.506 ms)
  batch 3/3: 10.424385 sec, 5 copies (server sum 10380.422 ms)
  slope: pkg 19.87 J/exec (intercept 0.8243 J), wall 2.036445 s/exec (intercept 0.240542 s)
[34/53] queries/tpch/tpch-queries/q14/base.sql (2 warmup [warm ones = N=1 anchor] + 3 x5)
  warmup 1/2: 0.244074 sec, 1 copy (cache prime)
  warmup 2/2: 0.245467 sec, 1 copy (N=1 anchor)
  batch 1/3: 0.761616 sec, 5 copies (server sum 658.713 ms)
  batch 2/3: 0.821272 sec, 5 copies (server sum 714.436 ms)
  batch 3/3: 0.791762 sec, 5 copies (server sum 690.861 ms)
  slope: pkg 3.379 J/exec (intercept 1.417 J), wall 0.136521 s/exec (intercept 0.108946 s)
[35/53] queries/tpch/tpch-queries/q14/v1_materialized.sql (2 warmup [warm ones = N=1 anchor] + 3 x5)
  warmup 1/2: 0.302481 sec, 1 copy (cache prime)
  warmup 2/2: 0.297505 sec, 1 copy (N=1 anchor)
  batch 1/3: 0.784282 sec, 5 copies (server sum 678.208 ms)
  batch 2/3: 0.821421 sec, 5 copies (server sum 713.891 ms)
  batch 3/3: 0.776183 sec, 5 copies (server sum 680.535 ms)
  slope: pkg 3.684 J/exec (intercept -0.02204 J), wall 0.124114 s/exec (intercept 0.173391 s)
[36/53] queries/tpch/tpch-queries/q14/v2_filter.sql (2 warmup [warm ones = N=1 anchor] + 3 x5)
  warmup 1/2: 0.364820 sec, 1 copy (cache prime)
  warmup 2/2: 0.230480 sec, 1 copy (N=1 anchor)
  batch 1/3: 0.705263 sec, 5 copies (server sum 659.311 ms)
  batch 2/3: 0.777629 sec, 5 copies (server sum 680.678 ms)
  batch 3/3: 0.814711 sec, 5 copies (server sum 710.643 ms)
  slope: pkg 3.711 J/exec (intercept 0.2099 J), wall 0.133847 s/exec (intercept 0.096633 s)
[37/53] queries/tpch/tpch-queries/q15/base.sql (2 warmup [warm ones = N=1 anchor] + 3 x5)
  warmup 1/2: 0.423196 sec, 1 copy (cache prime)
  warmup 2/2: 0.375655 sec, 1 copy (N=1 anchor)
  batch 1/3: 1.278601 sec, 5 copies (server sum 1180.163 ms)
  batch 2/3: 1.268551 sec, 5 copies (server sum 1175.445 ms)
  batch 3/3: 1.267486 sec, 5 copies (server sum 1174.141 ms)
  slope: pkg 1.987 J/exec (intercept 1.467 J), wall 0.223973 s/exec (intercept 0.151682 s)
[38/53] queries/tpch/tpch-queries/q15/v1_materialized.sql (2 warmup [warm ones = N=1 anchor] + 3 x5)
  warmup 1/2: 0.370194 sec, 1 copy (cache prime)
  warmup 2/2: 0.380461 sec, 1 copy (N=1 anchor)
  batch 1/3: 1.301194 sec, 5 copies (server sum 1206.782 ms)
  batch 2/3: 1.260476 sec, 5 copies (server sum 1167.275 ms)
  batch 3/3: 1.212615 sec, 5 copies (server sum 1166.770 ms)
  slope: pkg 1.951 J/exec (intercept 1.538 J), wall 0.219408 s/exec (intercept 0.161053 s)
[39/53] queries/tpch/tpch-queries/q16/base.sql (2 warmup [warm ones = N=1 anchor] + 3 x5)
  warmup 1/2: 0.317330 sec, 1 copy (cache prime)
  warmup 2/2: 0.332684 sec, 1 copy (N=1 anchor)
  batch 1/3: 1.228326 sec, 5 copies (server sum 1127.947 ms)
  batch 2/3: 1.235967 sec, 5 copies (server sum 1129.439 ms)
  batch 3/3: 1.195742 sec, 5 copies (server sum 1096.408 ms)
  slope: pkg 6.138 J/exec (intercept 0.6634 J), wall 0.221832 s/exec (intercept 0.110853 s)
[40/53] queries/tpch/tpch-queries/q16/v1_materialized.sql (2 warmup [warm ones = N=1 anchor] + 3 x5)
  warmup 1/2: 0.325906 sec, 1 copy (cache prime)
  warmup 2/2: 0.335219 sec, 1 copy (N=1 anchor)
  batch 1/3: 1.267787 sec, 5 copies (server sum 1164.721 ms)
  batch 2/3: 1.233564 sec, 5 copies (server sum 1130.868 ms)
  batch 3/3: 1.300518 sec, 5 copies (server sum 1150.022 ms)
  slope: pkg 6.219 J/exec (intercept 0.5838 J), wall 0.233018 s/exec (intercept 0.102201 s)
[41/53] queries/tpch/tpch-queries/q16/v2_not_exists.sql (2 warmup [warm ones = N=1 anchor] + 3 x5)
  warmup 1/2: 0.268565 sec, 1 copy (cache prime)
  warmup 2/2: 0.252500 sec, 1 copy (N=1 anchor)
  batch 1/3: 1.163180 sec, 5 copies (server sum 1060.389 ms)
  batch 2/3: 1.172129 sec, 5 copies (server sum 1074.642 ms)
  batch 3/3: 1.105128 sec, 5 copies (server sum 1059.543 ms)
  slope: pkg 4.826 J/exec (intercept 0.5645 J), wall 0.223578 s/exec (intercept 0.028922 s)
[42/53] queries/tpch/tpch-queries/q17/v2_decorrelate.sql (2 warmup [warm ones = N=1 anchor] + 3 x5)
  warmup 1/2: 4.225479 sec, 1 copy (cache prime)
  warmup 2/2: 4.183938 sec, 1 copy (N=1 anchor)
  batch 1/3: 20.389018 sec, 5 copies (server sum 20294.822 ms)
  batch 2/3: 20.329647 sec, 5 copies (server sum 20281.995 ms)
  batch 3/3: 20.722001 sec, 5 copies (server sum 20627.255 ms)
  slope: pkg 18.6 J/exec (intercept 1.978 J), wall 4.074071 s/exec (intercept 0.109867 s)
[43/53] queries/tpch/tpch-queries/q18/base.sql (2 warmup [warm ones = N=1 anchor] + 3 x5)
  warmup 1/2: 4.524479 sec, 1 copy (cache prime)
  warmup 2/2: 4.361575 sec, 1 copy (N=1 anchor)
  batch 1/3: 22.544460 sec, 5 copies (server sum 22443.277 ms)
  batch 2/3: 24.309652 sec, 5 copies (server sum 24193.169 ms)
  batch 3/3: 24.890991 sec, 5 copies (server sum 24772.569 ms)
  slope: pkg 109.7 J/exec (intercept 27.92 J), wall 4.888365 s/exec (intercept -0.526789 s)
[44/53] queries/tpch/tpch-queries/q18/v1_materialized.sql (2 warmup [warm ones = N=1 anchor] + 3 x5)
  warmup 1/2: 5.211596 sec, 1 copy (cache prime)
  warmup 2/2: 5.209871 sec, 1 copy (N=1 anchor)
  batch 1/3: 25.051020 sec, 5 copies (server sum 24948.539 ms)
  batch 2/3: 25.291297 sec, 5 copies (server sum 25190.361 ms)
  batch 3/3: 25.102411 sec, 5 copies (server sum 25001.680 ms)
  slope: pkg 109.4 J/exec (intercept 4.899 J), wall 4.984593 s/exec (intercept 0.225278 s)
[45/53] queries/tpch/tpch-queries/q18/v2_join.sql (2 warmup [warm ones = N=1 anchor] + 3 x5)
  warmup 1/2: 5.169300 sec, 1 copy (cache prime)
  warmup 2/2: 5.119022 sec, 1 copy (N=1 anchor)
  batch 1/3: 24.855127 sec, 5 copies (server sum 24805.900 ms)
  batch 2/3: 24.990929 sec, 5 copies (server sum 24877.512 ms)
  batch 3/3: 24.953230 sec, 5 copies (server sum 24843.567 ms)
  slope: pkg 108.8 J/exec (intercept 3.662 J), wall 4.953518 s/exec (intercept 0.165504 s)
[46/53] queries/tpch/tpch-queries/q19/base.sql (2 warmup [warm ones = N=1 anchor] + 3 x5)
  warmup 1/2: 0.153270 sec, 1 copy (cache prime)
  warmup 2/2: 0.088175 sec, 1 copy (N=1 anchor)
  batch 1/3: 0.220328 sec, 5 copies (server sum 175.579 ms)
  batch 2/3: 0.271053 sec, 5 copies (server sum 174.690 ms)
  batch 3/3: 0.268873 sec, 5 copies (server sum 175.028 ms)
  slope: pkg 0.8957 J/exec (intercept 0.6249 J), wall 0.041311 s/exec (intercept 0.046865 s)
[47/53] queries/tpch/tpch-queries/q19/v1_materialized.sql (2 warmup [warm ones = N=1 anchor] + 3 x5)
  warmup 1/2: 0.151011 sec, 1 copy (cache prime)
  warmup 2/2: 0.081838 sec, 1 copy (N=1 anchor)
  batch 1/3: 0.223302 sec, 5 copies (server sum 178.242 ms)
  batch 2/3: 0.226005 sec, 5 copies (server sum 180.809 ms)
  batch 3/3: 0.274328 sec, 5 copies (server sum 178.148 ms)
  slope: pkg 0.8513 J/exec (intercept 0.8206 J), wall 0.039843 s/exec (intercept 0.041995 s)
[48/53] queries/tpch/tpch-queries/q19/v2_union_all.sql (2 warmup [warm ones = N=1 anchor] + 3 x5)
  warmup 1/2: 0.159114 sec, 1 copy (cache prime)
  warmup 2/2: 0.091208 sec, 1 copy (N=1 anchor)
  batch 1/3: 0.275930 sec, 5 copies (server sum 229.698 ms)
  batch 2/3: 0.335606 sec, 5 copies (server sum 230.441 ms)
  batch 3/3: 0.334140 sec, 5 copies (server sum 232.178 ms)
  slope: pkg 1.127 J/exec (intercept 0.7968 J), wall 0.056004 s/exec (intercept 0.035204 s)
[49/53] queries/tpch/tpch-queries/q21/base.sql (2 warmup [warm ones = N=1 anchor] + 3 x5)
  warmup 1/2: 0.588559 sec, 1 copy (cache prime)
  warmup 2/2: 0.606933 sec, 1 copy (N=1 anchor)
  batch 1/3: 2.472559 sec, 5 copies (server sum 2367.641 ms)
  batch 2/3: 2.462076 sec, 5 copies (server sum 2356.128 ms)
  batch 3/3: 2.483448 sec, 5 copies (server sum 2378.849 ms)
  slope: pkg 10.78 J/exec (intercept -0.8096 J), wall 0.466440 s/exec (intercept 0.140493 s)
[50/53] queries/tpch/tpch-queries/q21/v1_materialized.sql (2 warmup [warm ones = N=1 anchor] + 3 x5)
  warmup 1/2: 0.520886 sec, 1 copy (cache prime)
  warmup 2/2: 0.516497 sec, 1 copy (N=1 anchor)
  batch 1/3: 2.460830 sec, 5 copies (server sum 2361.088 ms)
  batch 2/3: 2.469098 sec, 5 copies (server sum 2370.093 ms)
  batch 3/3: 2.443014 sec, 5 copies (server sum 2343.613 ms)
  slope: pkg 10.06 J/exec (intercept 2.224 J), wall 0.485288 s/exec (intercept 0.031209 s)
[51/53] queries/tpch/tpch-queries/q22/base.sql (2 warmup [warm ones = N=1 anchor] + 3 x5)
  warmup 1/2: 0.156723 sec, 1 copy (cache prime)
  warmup 2/2: 0.101875 sec, 1 copy (N=1 anchor)
  batch 1/3: 0.349486 sec, 5 copies (server sum 302.379 ms)
  batch 2/3: 0.426982 sec, 5 copies (server sum 319.113 ms)
  batch 3/3: 0.418872 sec, 5 copies (server sum 308.030 ms)
  slope: pkg 1.334 J/exec (intercept 0.5657 J), wall 0.074143 s/exec (intercept 0.027732 s)
[52/53] queries/tpch/tpch-queries/q22/v1_materialized.sql (2 warmup [warm ones = N=1 anchor] + 3 x5)
  warmup 1/2: 0.196318 sec, 1 copy (cache prime)
  warmup 2/2: 0.159702 sec, 1 copy (N=1 anchor)
  batch 1/3: 0.338392 sec, 5 copies (server sum 294.614 ms)
  batch 2/3: 0.326067 sec, 5 copies (server sum 281.659 ms)
  batch 3/3: 0.443577 sec, 5 copies (server sum 334.223 ms)
  slope: pkg 1.296 J/exec (intercept 0.9147 J), wall 0.052411 s/exec (intercept 0.107291 s)
[53/53] queries/tpch/tpch-queries/q22/v2_anti_join.sql (2 warmup [warm ones = N=1 anchor] + 3 x5)
  warmup 1/2: 0.247339 sec, 1 copy (cache prime)
  warmup 2/2: 0.254004 sec, 1 copy (N=1 anchor)
  batch 1/3: 0.657608 sec, 5 copies (server sum 550.294 ms)
  batch 2/3: 0.657678 sec, 5 copies (server sum 552.109 ms)
  batch 3/3: 0.687672 sec, 5 copies (server sum 580.935 ms)
  slope: pkg 2.798 J/exec (intercept 0.4237 J), wall 0.103412 s/exec (intercept 0.150592 s)

Done. Batch rows appended to logs/effective_cache_size/ecs_4GB/query_timing_tpch_idx.csv
Per-copy samples appended to logs/effective_cache_size/ecs_4GB/query_samples_tpch_idx.csv
Relation sizes appended to logs/effective_cache_size/ecs_4GB/query_catalog_tpch_idx.csv
Per-query slope/intercept appended to logs/effective_cache_size/ecs_4GB/query_slope_tpch_idx.csv
make: Leaving directory '/home/user01/GreenSQL'
