make: Entering directory '/home/user01/GreenSQL'
query_runner configuration:
  QUERY_DIR      = queries/tpch/tpch-queries
  LOG_FILE       = logs/effective_cache_size/ecs_4GB/query_timing_tpch.csv
  SAMPLE_FILE    = logs/effective_cache_size/ecs_4GB/query_samples_tpch.csv
  CATALOG_FILE   = logs/effective_cache_size/ecs_4GB/query_catalog_tpch.csv
  SLOPE_FILE     = logs/effective_cache_size/ecs_4GB/query_slope_tpch.csv
  DB_NAME        = tpch
  DB_USER        = postgres
  PGPORT         = 5434
  PG_VERSION     = 18.4  (as reported by the server on that port)
  BATCHNUM       = 5 (slope sizes: 1 copy and 5 copies)
  RUNS           = 3 (measured batches per size)
  WARMUP         = 2 (single-copy; #1 primes cache, warm ones = N=1 anchor)
  WORKERS        = (planner default)
  STATEMENT_TIMEOUT = 900
  SIGLESS_ADDR   = (disabled)
Found 53 queries under queries/tpch/tpch-queries

Catalog snapshot: 11 relations -> logs/effective_cache_size/ecs_4GB/query_catalog_tpch.csv
[1/53] queries/tpch/tpch-queries/q01/base.sql (2 warmup [warm ones = N=1 anchor] + 3 x5)
  warmup 1/2: 1.566935 sec, 1 copy (cache prime)
  warmup 2/2: 1.374792 sec, 1 copy (N=1 anchor)
  batch 1/3: 6.748127 sec, 5 copies (server sum 6648.502 ms)
  batch 2/3: 7.337687 sec, 5 copies (server sum 7240.147 ms)
  batch 3/3: 7.568380 sec, 5 copies (server sum 7467.585 ms)
  slope: pkg 45.37 J/exec (intercept 4.802 J), wall 1.460818 s/exec (intercept -0.086027 s)
[2/53] queries/tpch/tpch-queries/q01/v1_materialized.sql (2 warmup [warm ones = N=1 anchor] + 3 x5)
  warmup 1/2: 1.636336 sec, 1 copy (cache prime)
  warmup 2/2: 1.663968 sec, 1 copy (N=1 anchor)
  batch 1/3: 7.877420 sec, 5 copies (server sum 7767.781 ms)
  batch 2/3: 8.187021 sec, 5 copies (server sum 8105.684 ms)
  batch 3/3: 8.393298 sec, 5 copies (server sum 8343.446 ms)
  slope: pkg 37.94 J/exec (intercept 5.263 J), wall 1.622153 s/exec (intercept 0.041815 s)
[3/53] queries/tpch/tpch-queries/q02/base.sql (2 warmup [warm ones = N=1 anchor] + 3 x5)
  warmup 1/2: 54.185460 sec, 1 copy (cache prime)
  warmup 2/2: 52.349641 sec, 1 copy (N=1 anchor)
  batch 1/3: 261.577573 sec, 5 copies (server sum 261480.552 ms)
  batch 2/3: 260.834786 sec, 5 copies (server sum 260734.365 ms)
  batch 3/3: 261.864584 sec, 5 copies (server sum 261765.737 ms)
  slope: pkg 449.4 J/exec (intercept -3.587 J), wall 52.269002 s/exec (intercept 0.080640 s)
[4/53] queries/tpch/tpch-queries/q02/v1_materialized.sql (2 warmup [warm ones = N=1 anchor] + 3 x5)
  warmup 1/2: 52.192697 sec, 1 copy (cache prime)
  warmup 2/2: 52.227285 sec, 1 copy (N=1 anchor)
  batch 1/3: 260.161109 sec, 5 copies (server sum 260064.406 ms)
  batch 2/3: 261.296209 sec, 5 copies (server sum 261195.568 ms)
  batch 3/3: 260.415242 sec, 5 copies (server sum 260315.883 ms)
  slope: pkg 452 J/exec (intercept -4.967 J), wall 52.099225 s/exec (intercept 0.128060 s)
[5/53] queries/tpch/tpch-queries/q02/v2_decorrelate.sql (2 warmup [warm ones = N=1 anchor] + 3 x5)
  warmup 1/2: 0.305089 sec, 1 copy (cache prime)
  warmup 2/2: 0.344941 sec, 1 copy (N=1 anchor)
  batch 1/3: 1.273319 sec, 5 copies (server sum 1162.269 ms)
  batch 2/3: 1.207577 sec, 5 copies (server sum 1095.374 ms)
  batch 3/3: 1.173523 sec, 5 copies (server sum 1065.605 ms)
  slope: pkg 3.107 J/exec (intercept 0.8194 J), wall 0.218300 s/exec (intercept 0.126641 s)
[6/53] queries/tpch/tpch-queries/q03/base.sql (2 warmup [warm ones = N=1 anchor] + 3 x5)
  warmup 1/2: 0.464074 sec, 1 copy (cache prime)
  warmup 2/2: 0.399275 sec, 1 copy (N=1 anchor)
  batch 1/3: 1.230935 sec, 5 copies (server sum 1187.375 ms)
  batch 2/3: 1.309599 sec, 5 copies (server sum 1218.021 ms)
  batch 3/3: 1.318603 sec, 5 copies (server sum 1224.178 ms)
  slope: pkg 7.911 J/exec (intercept -0.4085 J), wall 0.221776 s/exec (intercept 0.177498 s)
[7/53] queries/tpch/tpch-queries/q03/v1_materialized.sql (2 warmup [warm ones = N=1 anchor] + 3 x5)
  warmup 1/2: 0.347817 sec, 1 copy (cache prime)
  warmup 2/2: 0.402995 sec, 1 copy (N=1 anchor)
  batch 1/3: 1.340095 sec, 5 copies (server sum 1242.560 ms)
  batch 2/3: 1.229904 sec, 5 copies (server sum 1186.136 ms)
  batch 3/3: 1.298936 sec, 5 copies (server sum 1207.012 ms)
  slope: pkg 8.091 J/exec (intercept -0.5783 J), wall 0.221663 s/exec (intercept 0.181332 s)
[8/53] queries/tpch/tpch-queries/q04/base.sql (2 warmup [warm ones = N=1 anchor] + 3 x5)
  warmup 1/2: 0.185169 sec, 1 copy (cache prime)
  warmup 2/2: 0.225862 sec, 1 copy (N=1 anchor)
  batch 1/3: 0.588168 sec, 5 copies (server sum 486.229 ms)
  batch 2/3: 0.584101 sec, 5 copies (server sum 486.083 ms)
  batch 3/3: 0.572655 sec, 5 copies (server sum 477.631 ms)
  slope: pkg 3.305 J/exec (intercept -0.1855 J), wall 0.088945 s/exec (intercept 0.136917 s)
[9/53] queries/tpch/tpch-queries/q04/v1_materialized.sql (2 warmup [warm ones = N=1 anchor] + 3 x5)
  warmup 1/2: 0.202664 sec, 1 copy (cache prime)
  warmup 2/2: 0.230246 sec, 1 copy (N=1 anchor)
  batch 1/3: 0.507299 sec, 5 copies (server sum 464.631 ms)
  batch 2/3: 0.580803 sec, 5 copies (server sum 482.833 ms)
  batch 3/3: 0.573335 sec, 5 copies (server sum 478.092 ms)
  slope: pkg 3.369 J/exec (intercept -0.2888 J), wall 0.080892 s/exec (intercept 0.149354 s)
[10/53] queries/tpch/tpch-queries/q04/v2_in.sql (2 warmup [warm ones = N=1 anchor] + 3 x5)
  warmup 1/2: 0.199711 sec, 1 copy (cache prime)
  warmup 2/2: 0.242876 sec, 1 copy (N=1 anchor)
  batch 1/3: 0.614966 sec, 5 copies (server sum 503.404 ms)
  batch 2/3: 0.585510 sec, 5 copies (server sum 486.675 ms)
  batch 3/3: 0.587784 sec, 5 copies (server sum 488.684 ms)
  slope: pkg 3.251 J/exec (intercept -0.2419 J), wall 0.088303 s/exec (intercept 0.154573 s)
[11/53] queries/tpch/tpch-queries/q05/base.sql (2 warmup [warm ones = N=1 anchor] + 3 x5)
  warmup 1/2: 0.389591 sec, 1 copy (cache prime)
  warmup 2/2: 0.392238 sec, 1 copy (N=1 anchor)
  batch 1/3: 1.411727 sec, 5 copies (server sum 1312.021 ms)
  batch 2/3: 1.388100 sec, 5 copies (server sum 1288.917 ms)
  batch 3/3: 1.390197 sec, 5 copies (server sum 1291.479 ms)
  slope: pkg 3.473 J/exec (intercept 0.898 J), wall 0.251109 s/exec (intercept 0.141129 s)
[12/53] queries/tpch/tpch-queries/q05/v1_materialized.sql (2 warmup [warm ones = N=1 anchor] + 3 x5)
  warmup 1/2: 0.356570 sec, 1 copy (cache prime)
  warmup 2/2: 0.413921 sec, 1 copy (N=1 anchor)
  batch 1/3: 1.344716 sec, 5 copies (server sum 1296.043 ms)
  batch 2/3: 1.393079 sec, 5 copies (server sum 1285.748 ms)
  batch 3/3: 1.378646 sec, 5 copies (server sum 1276.323 ms)
  slope: pkg 3.441 J/exec (intercept 1.063 J), wall 0.239557 s/exec (intercept 0.174364 s)
[13/53] queries/tpch/tpch-queries/q06/base.sql (2 warmup [warm ones = N=1 anchor] + 3 x5)
  warmup 1/2: 0.346327 sec, 1 copy (cache prime)
  warmup 2/2: 0.401018 sec, 1 copy (N=1 anchor)
  batch 1/3: 1.306930 sec, 5 copies (server sum 1204.270 ms)
  batch 2/3: 1.314429 sec, 5 copies (server sum 1222.921 ms)
  batch 3/3: 1.296025 sec, 5 copies (server sum 1201.219 ms)
  slope: pkg 7.663 J/exec (intercept 0.2495 J), wall 0.226194 s/exec (intercept 0.174824 s)
[14/53] queries/tpch/tpch-queries/q06/v1_materialized.sql (2 warmup [warm ones = N=1 anchor] + 3 x5)
  warmup 1/2: 0.381638 sec, 1 copy (cache prime)
  warmup 2/2: 0.395483 sec, 1 copy (N=1 anchor)
  batch 1/3: 1.339166 sec, 5 copies (server sum 1239.364 ms)
  batch 2/3: 1.376121 sec, 5 copies (server sum 1280.514 ms)
  batch 3/3: 1.386149 sec, 5 copies (server sum 1287.476 ms)
  slope: pkg 7.182 J/exec (intercept 0.5346 J), wall 0.242916 s/exec (intercept 0.152567 s)
[15/53] queries/tpch/tpch-queries/q07/base.sql (2 warmup [warm ones = N=1 anchor] + 3 x5)
  warmup 1/2: 0.417158 sec, 1 copy (cache prime)
  warmup 2/2: 0.416908 sec, 1 copy (N=1 anchor)
  batch 1/3: 1.630722 sec, 5 copies (server sum 1530.491 ms)
  batch 2/3: 1.630477 sec, 5 copies (server sum 1527.236 ms)
  batch 3/3: 1.606685 sec, 5 copies (server sum 1506.175 ms)
  slope: pkg 4.645 J/exec (intercept 1.265 J), wall 0.301430 s/exec (intercept 0.115478 s)
[16/53] queries/tpch/tpch-queries/q07/v1_materialized.sql (2 warmup [warm ones = N=1 anchor] + 3 x5)
  warmup 1/2: 0.406726 sec, 1 copy (cache prime)
  warmup 2/2: 0.424720 sec, 1 copy (N=1 anchor)
  batch 1/3: 1.631468 sec, 5 copies (server sum 1535.688 ms)
  batch 2/3: 1.631470 sec, 5 copies (server sum 1526.035 ms)
  batch 3/3: 1.615298 sec, 5 copies (server sum 1515.989 ms)
  slope: pkg 4.659 J/exec (intercept 1.192 J), wall 0.300340 s/exec (intercept 0.124380 s)
[17/53] queries/tpch/tpch-queries/q07/v2_union_all.sql (2 warmup [warm ones = N=1 anchor] + 3 x5)
  warmup 1/2: 0.411544 sec, 1 copy (cache prime)
  warmup 2/2: 0.437666 sec, 1 copy (N=1 anchor)
  batch 1/3: 1.630775 sec, 5 copies (server sum 1529.487 ms)
  batch 2/3: 1.625794 sec, 5 copies (server sum 1524.436 ms)
  batch 3/3: 1.628598 sec, 5 copies (server sum 1519.269 ms)
  slope: pkg 4.919 J/exec (intercept 0.9033 J), wall 0.297681 s/exec (intercept 0.139985 s)
[18/53] queries/tpch/tpch-queries/q08/base.sql (2 warmup [warm ones = N=1 anchor] + 3 x5)
  warmup 1/2: 0.483555 sec, 1 copy (cache prime)
  warmup 2/2: 0.504596 sec, 1 copy (N=1 anchor)
  batch 1/3: 1.936304 sec, 5 copies (server sum 1839.178 ms)
  batch 2/3: 1.922889 sec, 5 copies (server sum 1822.496 ms)
  batch 3/3: 1.968520 sec, 5 copies (server sum 1821.686 ms)
  slope: pkg 6.297 J/exec (intercept 1.055 J), wall 0.359494 s/exec (intercept 0.145102 s)
[19/53] queries/tpch/tpch-queries/q08/v1_materialized.sql (2 warmup [warm ones = N=1 anchor] + 3 x5)
  warmup 1/2: 0.440489 sec, 1 copy (cache prime)
  warmup 2/2: 0.496091 sec, 1 copy (N=1 anchor)
  batch 1/3: 1.926851 sec, 5 copies (server sum 1829.509 ms)
  batch 2/3: 1.916310 sec, 5 copies (server sum 1818.858 ms)
  batch 3/3: 1.926036 sec, 5 copies (server sum 1828.665 ms)
  slope: pkg 6.259 J/exec (intercept 1.251 J), wall 0.356744 s/exec (intercept 0.139347 s)
[20/53] queries/tpch/tpch-queries/q08/v2_filter.sql (2 warmup [warm ones = N=1 anchor] + 3 x5)
  warmup 1/2: 0.483309 sec, 1 copy (cache prime)
  warmup 2/2: 0.485735 sec, 1 copy (N=1 anchor)
  batch 1/3: 1.950013 sec, 5 copies (server sum 1852.031 ms)
  batch 2/3: 1.915141 sec, 5 copies (server sum 1818.494 ms)
  batch 3/3: 1.915375 sec, 5 copies (server sum 1815.946 ms)
  slope: pkg 6.163 J/exec (intercept 1.57 J), wall 0.360277 s/exec (intercept 0.125457 s)
[21/53] queries/tpch/tpch-queries/q09/base.sql (2 warmup [warm ones = N=1 anchor] + 3 x5)
  warmup 1/2: 0.992755 sec, 1 copy (cache prime)
  warmup 2/2: 1.012858 sec, 1 copy (N=1 anchor)
  batch 1/3: 4.575032 sec, 5 copies (server sum 4467.397 ms)
  batch 2/3: 4.620321 sec, 5 copies (server sum 4525.241 ms)
  batch 3/3: 4.605050 sec, 5 copies (server sum 4509.699 ms)
  slope: pkg 20.47 J/exec (intercept 0.9385 J), wall 0.896819 s/exec (intercept 0.116039 s)
[22/53] queries/tpch/tpch-queries/q09/v1_materialized.sql (2 warmup [warm ones = N=1 anchor] + 3 x5)
  warmup 1/2: 1.009784 sec, 1 copy (cache prime)
  warmup 2/2: 1.017178 sec, 1 copy (N=1 anchor)
  batch 1/3: 4.635555 sec, 5 copies (server sum 4537.022 ms)
  batch 2/3: 4.757378 sec, 5 copies (server sum 4614.021 ms)
  batch 3/3: 4.655112 sec, 5 copies (server sum 4511.436 ms)
  slope: pkg 19.86 J/exec (intercept 1.093 J), wall 0.916376 s/exec (intercept 0.100802 s)
[23/53] queries/tpch/tpch-queries/q10/base.sql (2 warmup [warm ones = N=1 anchor] + 3 x5)
  warmup 1/2: 0.306265 sec, 1 copy (cache prime)
  warmup 2/2: 0.384758 sec, 1 copy (N=1 anchor)
  batch 1/3: 1.389774 sec, 5 copies (server sum 1284.488 ms)
  batch 2/3: 1.335266 sec, 5 copies (server sum 1284.046 ms)
  batch 3/3: 1.378812 sec, 5 copies (server sum 1281.655 ms)
  slope: pkg 6.911 J/exec (intercept 1.215 J), wall 0.245798 s/exec (intercept 0.138960 s)
[24/53] queries/tpch/tpch-queries/q10/v1_materialized.sql (2 warmup [warm ones = N=1 anchor] + 3 x5)
  warmup 1/2: 0.401361 sec, 1 copy (cache prime)
  warmup 2/2: 0.321025 sec, 1 copy (N=1 anchor)
  batch 1/3: 1.467639 sec, 5 copies (server sum 1357.489 ms)
  batch 2/3: 1.471243 sec, 5 copies (server sum 1369.977 ms)
  batch 3/3: 1.477447 sec, 5 copies (server sum 1382.316 ms)
  slope: pkg 7.04 J/exec (intercept 1.136 J), wall 0.287771 s/exec (intercept 0.033254 s)
[25/53] queries/tpch/tpch-queries/q11/base.sql (2 warmup [warm ones = N=1 anchor] + 3 x5)
  warmup 1/2: 0.256700 sec, 1 copy (cache prime)
  warmup 2/2: 0.164669 sec, 1 copy (N=1 anchor)
  batch 1/3: 0.461007 sec, 5 copies (server sum 416.673 ms)
  batch 2/3: 0.539271 sec, 5 copies (server sum 434.244 ms)
  batch 3/3: 0.574547 sec, 5 copies (server sum 466.074 ms)
  slope: pkg 2.384 J/exec (intercept -0.2355 J), wall 0.090068 s/exec (intercept 0.074600 s)
[26/53] queries/tpch/tpch-queries/q11/v1_materialized.sql (2 warmup [warm ones = N=1 anchor] + 3 x5)
  warmup 1/2: 0.247565 sec, 1 copy (cache prime)
  warmup 2/2: 0.260501 sec, 1 copy (N=1 anchor)
  batch 1/3: 0.558585 sec, 5 copies (server sum 444.925 ms)
  batch 2/3: 0.523031 sec, 5 copies (server sum 416.156 ms)
  batch 3/3: 0.525238 sec, 5 copies (server sum 422.254 ms)
  slope: pkg 2.438 J/exec (intercept -0.535 J), wall 0.068779 s/exec (intercept 0.191722 s)
[27/53] queries/tpch/tpch-queries/q11/v2_cte_threshold.sql (2 warmup [warm ones = N=1 anchor] + 3 x5)
  warmup 1/2: 0.210431 sec, 1 copy (cache prime)
  warmup 2/2: 0.250799 sec, 1 copy (N=1 anchor)
  batch 1/3: 0.535877 sec, 5 copies (server sum 425.299 ms)
  batch 2/3: 0.528219 sec, 5 copies (server sum 423.064 ms)
  batch 3/3: 0.535860 sec, 5 copies (server sum 430.648 ms)
  slope: pkg 2.419 J/exec (intercept -0.3212 J), wall 0.070630 s/exec (intercept 0.180169 s)
[28/53] queries/tpch/tpch-queries/q12/base.sql (2 warmup [warm ones = N=1 anchor] + 3 x5)
  warmup 1/2: 0.586238 sec, 1 copy (cache prime)
  warmup 2/2: 0.613431 sec, 1 copy (N=1 anchor)
  batch 1/3: 2.346509 sec, 5 copies (server sum 2229.057 ms)
  batch 2/3: 2.324926 sec, 5 copies (server sum 2226.613 ms)
  batch 3/3: 2.434811 sec, 5 copies (server sum 2334.149 ms)
  slope: pkg 11.54 J/exec (intercept 1.356 J), wall 0.438829 s/exec (intercept 0.174602 s)
[29/53] queries/tpch/tpch-queries/q12/v1_materialized.sql (2 warmup [warm ones = N=1 anchor] + 3 x5)
  warmup 1/2: 0.579539 sec, 1 copy (cache prime)
  warmup 2/2: 0.615268 sec, 1 copy (N=1 anchor)
  batch 1/3: 2.458991 sec, 5 copies (server sum 2349.366 ms)
  batch 2/3: 2.474982 sec, 5 copies (server sum 2369.837 ms)
  batch 3/3: 2.463090 sec, 5 copies (server sum 2361.146 ms)
  slope: pkg 10.47 J/exec (intercept 2.043 J), wall 0.462605 s/exec (intercept 0.152663 s)
[30/53] queries/tpch/tpch-queries/q12/v2_filter.sql (2 warmup [warm ones = N=1 anchor] + 3 x5)
  warmup 1/2: 0.587857 sec, 1 copy (cache prime)
  warmup 2/2: 0.629055 sec, 1 copy (N=1 anchor)
  batch 1/3: 2.475076 sec, 5 copies (server sum 2358.480 ms)
  batch 2/3: 2.495735 sec, 5 copies (server sum 2390.659 ms)
  batch 3/3: 2.489788 sec, 5 copies (server sum 2380.050 ms)
  slope: pkg 10.59 J/exec (intercept 2.114 J), wall 0.464453 s/exec (intercept 0.164602 s)
[31/53] queries/tpch/tpch-queries/q13/base.sql (2 warmup [warm ones = N=1 anchor] + 3 x5)
  warmup 1/2: 1.783271 sec, 1 copy (cache prime)
  warmup 2/2: 1.670730 sec, 1 copy (N=1 anchor)
  batch 1/3: 7.891022 sec, 5 copies (server sum 7794.198 ms)
  batch 2/3: 7.813532 sec, 5 copies (server sum 7713.337 ms)
  batch 3/3: 7.788383 sec, 5 copies (server sum 7691.056 ms)
  slope: pkg 8.944 J/exec (intercept 0.4354 J), wall 1.540062 s/exec (intercept 0.130668 s)
[32/53] queries/tpch/tpch-queries/q13/v1_materialized.sql (2 warmup [warm ones = N=1 anchor] + 3 x5)
  warmup 1/2: 1.662732 sec, 1 copy (cache prime)
  warmup 2/2: 1.684143 sec, 1 copy (N=1 anchor)
  batch 1/3: 7.779331 sec, 5 copies (server sum 7681.966 ms)
  batch 2/3: 7.596679 sec, 5 copies (server sum 7549.258 ms)
  batch 3/3: 7.702559 sec, 5 copies (server sum 7601.780 ms)
  slope: pkg 9.015 J/exec (intercept 0.4786 J), wall 1.502178 s/exec (intercept 0.181965 s)
[33/53] queries/tpch/tpch-queries/q13/v2_correlated.sql (2 warmup [warm ones = N=1 anchor] + 3 x5)
  warmup 1/2: 2.242453 sec, 1 copy (cache prime)
  warmup 2/2: 2.182032 sec, 1 copy (N=1 anchor)
  batch 1/3: 10.496772 sec, 5 copies (server sum 10402.986 ms)
  batch 2/3: 10.361041 sec, 5 copies (server sum 10297.017 ms)
  batch 3/3: 10.437153 sec, 5 copies (server sum 10391.839 ms)
  slope: pkg 19.12 J/exec (intercept 1.941 J), wall 2.062406 s/exec (intercept 0.119626 s)
[34/53] queries/tpch/tpch-queries/q14/base.sql (2 warmup [warm ones = N=1 anchor] + 3 x5)
  warmup 1/2: 0.355904 sec, 1 copy (cache prime)
  warmup 2/2: 0.372568 sec, 1 copy (N=1 anchor)
  batch 1/3: 1.346291 sec, 5 copies (server sum 1242.230 ms)
  batch 2/3: 1.314229 sec, 5 copies (server sum 1218.883 ms)
  batch 3/3: 1.238441 sec, 5 copies (server sum 1196.092 ms)
  slope: pkg 8.554 J/exec (intercept -0.1817 J), wall 0.231771 s/exec (intercept 0.140797 s)
[35/53] queries/tpch/tpch-queries/q14/v1_materialized.sql (2 warmup [warm ones = N=1 anchor] + 3 x5)
  warmup 1/2: 0.397224 sec, 1 copy (cache prime)
  warmup 2/2: 0.395870 sec, 1 copy (N=1 anchor)
  batch 1/3: 1.254957 sec, 5 copies (server sum 1200.083 ms)
  batch 2/3: 1.349334 sec, 5 copies (server sum 1254.590 ms)
  batch 3/3: 1.347753 sec, 5 copies (server sum 1253.663 ms)
  slope: pkg 8.272 J/exec (intercept -0.06672 J), wall 0.230370 s/exec (intercept 0.165501 s)
[36/53] queries/tpch/tpch-queries/q14/v2_filter.sql (2 warmup [warm ones = N=1 anchor] + 3 x5)
  warmup 1/2: 0.398482 sec, 1 copy (cache prime)
  warmup 2/2: 0.388583 sec, 1 copy (N=1 anchor)
  batch 1/3: 1.484730 sec, 5 copies (server sum 1332.381 ms)
  batch 2/3: 1.297135 sec, 5 copies (server sum 1252.295 ms)
  batch 3/3: 1.418209 sec, 5 copies (server sum 1321.843 ms)
  slope: pkg 7.702 J/exec (intercept 0.4945 J), wall 0.252860 s/exec (intercept 0.135723 s)
[37/53] queries/tpch/tpch-queries/q15/base.sql (2 warmup [warm ones = N=1 anchor] + 3 x5)
  warmup 1/2: 0.427167 sec, 1 copy (cache prime)
  warmup 2/2: 0.462961 sec, 1 copy (N=1 anchor)
  batch 1/3: 1.661703 sec, 5 copies (server sum 1511.450 ms)
  batch 2/3: 1.488821 sec, 5 copies (server sum 1444.046 ms)
  batch 3/3: 1.606332 sec, 5 copies (server sum 1513.824 ms)
  slope: pkg 8.09 J/exec (intercept 0.512 J), wall 0.280664 s/exec (intercept 0.182297 s)
[38/53] queries/tpch/tpch-queries/q15/v1_materialized.sql (2 warmup [warm ones = N=1 anchor] + 3 x5)
  warmup 1/2: 0.427925 sec, 1 copy (cache prime)
  warmup 2/2: 0.452593 sec, 1 copy (N=1 anchor)
  batch 1/3: 1.612096 sec, 5 copies (server sum 1509.993 ms)
  batch 2/3: 1.628755 sec, 5 copies (server sum 1535.029 ms)
  batch 3/3: 1.598224 sec, 5 copies (server sum 1503.944 ms)
  slope: pkg 7.989 J/exec (intercept 0.6496 J), wall 0.290108 s/exec (intercept 0.162484 s)
[39/53] queries/tpch/tpch-queries/q16/base.sql (2 warmup [warm ones = N=1 anchor] + 3 x5)
  warmup 1/2: 0.345002 sec, 1 copy (cache prime)
  warmup 2/2: 0.366894 sec, 1 copy (N=1 anchor)
  batch 1/3: 1.286899 sec, 5 copies (server sum 1189.847 ms)
  batch 2/3: 1.285248 sec, 5 copies (server sum 1188.897 ms)
  batch 3/3: 1.225855 sec, 5 copies (server sum 1125.507 ms)
  slope: pkg 5.722 J/exec (intercept -0.2927 J), wall 0.224777 s/exec (intercept 0.142117 s)
[40/53] queries/tpch/tpch-queries/q16/v1_materialized.sql (2 warmup [warm ones = N=1 anchor] + 3 x5)
  warmup 1/2: 0.343573 sec, 1 copy (cache prime)
  warmup 2/2: 0.337221 sec, 1 copy (N=1 anchor)
  batch 1/3: 1.235929 sec, 5 copies (server sum 1135.728 ms)
  batch 2/3: 1.307265 sec, 5 copies (server sum 1210.140 ms)
  batch 3/3: 1.234314 sec, 5 copies (server sum 1137.780 ms)
  slope: pkg 5.629 J/exec (intercept 0.6755 J), wall 0.230487 s/exec (intercept 0.106734 s)
[41/53] queries/tpch/tpch-queries/q16/v2_not_exists.sql (2 warmup [warm ones = N=1 anchor] + 3 x5)
  warmup 1/2: 0.325030 sec, 1 copy (cache prime)
  warmup 2/2: 0.318484 sec, 1 copy (N=1 anchor)
  batch 1/3: 1.181409 sec, 5 copies (server sum 1081.556 ms)
  batch 2/3: 1.186043 sec, 5 copies (server sum 1085.125 ms)
  batch 3/3: 1.152225 sec, 5 copies (server sum 1053.291 ms)
  slope: pkg 5.192 J/exec (intercept 0.6427 J), wall 0.213686 s/exec (intercept 0.104798 s)
[42/53] queries/tpch/tpch-queries/q17/v2_decorrelate.sql (2 warmup [warm ones = N=1 anchor] + 3 x5)
  warmup 1/2: 5.600972 sec, 1 copy (cache prime)
  warmup 2/2: 5.557156 sec, 1 copy (N=1 anchor)
  batch 1/3: 27.352014 sec, 5 copies (server sum 27261.602 ms)
  batch 2/3: 27.137918 sec, 5 copies (server sum 27040.561 ms)
  batch 3/3: 27.100210 sec, 5 copies (server sum 27047.583 ms)
  slope: pkg 74.26 J/exec (intercept 1.73 J), wall 5.409889 s/exec (intercept 0.147267 s)
[43/53] queries/tpch/tpch-queries/q18/base.sql (2 warmup [warm ones = N=1 anchor] + 3 x5)
  warmup 1/2: 4.469399 sec, 1 copy (cache prime)
  warmup 2/2: 4.761172 sec, 1 copy (N=1 anchor)
  batch 1/3: 24.076209 sec, 5 copies (server sum 23965.766 ms)
  batch 2/3: 25.136670 sec, 5 copies (server sum 25038.717 ms)
  batch 3/3: 25.034698 sec, 5 copies (server sum 24932.707 ms)
  slope: pkg 108.6 J/exec (intercept 24.03 J), wall 4.997005 s/exec (intercept -0.235834 s)
[44/53] queries/tpch/tpch-queries/q18/v1_materialized.sql (2 warmup [warm ones = N=1 anchor] + 3 x5)
  warmup 1/2: 5.229690 sec, 1 copy (cache prime)
  warmup 2/2: 5.220948 sec, 1 copy (N=1 anchor)
  batch 1/3: 25.203287 sec, 5 copies (server sum 25113.189 ms)
  batch 2/3: 25.060977 sec, 5 copies (server sum 24955.962 ms)
  batch 3/3: 24.991831 sec, 5 copies (server sum 24840.042 ms)
  slope: pkg 109 J/exec (intercept 5.789 J), wall 4.966104 s/exec (intercept 0.254844 s)
[45/53] queries/tpch/tpch-queries/q18/v2_join.sql (2 warmup [warm ones = N=1 anchor] + 3 x5)
  warmup 1/2: 5.217904 sec, 1 copy (cache prime)
  warmup 2/2: 5.157086 sec, 1 copy (N=1 anchor)
  batch 1/3: 25.021528 sec, 5 copies (server sum 24974.363 ms)
  batch 2/3: 25.118036 sec, 5 copies (server sum 25018.787 ms)
  batch 3/3: 25.096723 sec, 5 copies (server sum 24986.117 ms)
  slope: pkg 109.3 J/exec (intercept 3.925 J), wall 4.980419 s/exec (intercept 0.176667 s)
[46/53] queries/tpch/tpch-queries/q19/base.sql (2 warmup [warm ones = N=1 anchor] + 3 x5)
  warmup 1/2: 0.575740 sec, 1 copy (cache prime)
  warmup 2/2: 0.597706 sec, 1 copy (N=1 anchor)
  batch 1/3: 2.319382 sec, 5 copies (server sum 2208.711 ms)
  batch 2/3: 2.288907 sec, 5 copies (server sum 2188.046 ms)
  batch 3/3: 2.339089 sec, 5 copies (server sum 2227.116 ms)
  slope: pkg 10.37 J/exec (intercept 1.007 J), wall 0.429522 s/exec (intercept 0.168184 s)
[47/53] queries/tpch/tpch-queries/q19/v1_materialized.sql (2 warmup [warm ones = N=1 anchor] + 3 x5)
  warmup 1/2: 0.581844 sec, 1 copy (cache prime)
  warmup 2/2: 0.614935 sec, 1 copy (N=1 anchor)
  batch 1/3: 2.389549 sec, 5 copies (server sum 2224.289 ms)
  batch 2/3: 2.288285 sec, 5 copies (server sum 2216.651 ms)
  batch 3/3: 2.330496 sec, 5 copies (server sum 2228.994 ms)
  slope: pkg 10.4 J/exec (intercept 0.4869 J), wall 0.430294 s/exec (intercept 0.184641 s)
[48/53] queries/tpch/tpch-queries/q19/v2_union_all.sql (2 warmup [warm ones = N=1 anchor] + 3 x5)
  warmup 1/2: 1.338483 sec, 1 copy (cache prime)
  warmup 2/2: 1.396030 sec, 1 copy (N=1 anchor)
  batch 1/3: 6.489887 sec, 5 copies (server sum 6374.884 ms)
  batch 2/3: 6.482105 sec, 5 copies (server sum 6372.560 ms)
  batch 3/3: 6.465142 sec, 5 copies (server sum 6361.113 ms)
  slope: pkg 27.82 J/exec (intercept 2.825 J), wall 1.270754 s/exec (intercept 0.125276 s)
[49/53] queries/tpch/tpch-queries/q21/base.sql (2 warmup [warm ones = N=1 anchor] + 3 x5)
  warmup 1/2: 0.666498 sec, 1 copy (cache prime)
  warmup 2/2: 0.660884 sec, 1 copy (N=1 anchor)
  batch 1/3: 2.723708 sec, 5 copies (server sum 2669.432 ms)
  batch 2/3: 2.803483 sec, 5 copies (server sum 2700.580 ms)
  batch 3/3: 2.810153 sec, 5 copies (server sum 2702.375 ms)
  slope: pkg 12.01 J/exec (intercept 1.734 J), wall 0.529558 s/exec (intercept 0.131327 s)
[50/53] queries/tpch/tpch-queries/q21/v1_materialized.sql (2 warmup [warm ones = N=1 anchor] + 3 x5)
  warmup 1/2: 0.661832 sec, 1 copy (cache prime)
  warmup 2/2: 0.657175 sec, 1 copy (N=1 anchor)
  batch 1/3: 2.829925 sec, 5 copies (server sum 2678.326 ms)
  batch 2/3: 2.760168 sec, 5 copies (server sum 2703.502 ms)
  batch 3/3: 2.806746 sec, 5 copies (server sum 2704.917 ms)
  slope: pkg 12.03 J/exec (intercept 1.794 J), wall 0.535443 s/exec (intercept 0.121732 s)
[51/53] queries/tpch/tpch-queries/q22/base.sql (2 warmup [warm ones = N=1 anchor] + 3 x5)
  warmup 1/2: 0.117621 sec, 1 copy (cache prime)
  warmup 2/2: 0.111077 sec, 1 copy (N=1 anchor)
  batch 1/3: 0.348489 sec, 5 copies (server sum 299.665 ms)
  batch 2/3: 0.435986 sec, 5 copies (server sum 325.749 ms)
  batch 3/3: 0.435628 sec, 5 copies (server sum 318.360 ms)
  slope: pkg 1.303 J/exec (intercept 0.6544 J), wall 0.073906 s/exec (intercept 0.037171 s)
[52/53] queries/tpch/tpch-queries/q22/v1_materialized.sql (2 warmup [warm ones = N=1 anchor] + 3 x5)
  warmup 1/2: 0.199385 sec, 1 copy (cache prime)
  warmup 2/2: 0.165768 sec, 1 copy (N=1 anchor)
  batch 1/3: 0.332668 sec, 5 copies (server sum 288.022 ms)
  batch 2/3: 0.409660 sec, 5 copies (server sum 302.358 ms)
  batch 3/3: 0.415722 sec, 5 copies (server sum 307.397 ms)
  slope: pkg 1.31 J/exec (intercept 0.8329 J), wall 0.055062 s/exec (intercept 0.110706 s)
[53/53] queries/tpch/tpch-queries/q22/v2_anti_join.sql (2 warmup [warm ones = N=1 anchor] + 3 x5)
  warmup 1/2: 0.246614 sec, 1 copy (cache prime)
  warmup 2/2: 0.255972 sec, 1 copy (N=1 anchor)
  batch 1/3: 0.593359 sec, 5 copies (server sum 545.850 ms)
  batch 2/3: 0.668932 sec, 5 copies (server sum 564.372 ms)
  batch 3/3: 0.662846 sec, 5 copies (server sum 547.301 ms)
  slope: pkg 2.984 J/exec (intercept -0.07983 J), wall 0.096435 s/exec (intercept 0.159536 s)

Done. Batch rows appended to logs/effective_cache_size/ecs_4GB/query_timing_tpch.csv
Per-copy samples appended to logs/effective_cache_size/ecs_4GB/query_samples_tpch.csv
Relation sizes appended to logs/effective_cache_size/ecs_4GB/query_catalog_tpch.csv
Per-query slope/intercept appended to logs/effective_cache_size/ecs_4GB/query_slope_tpch.csv
make: Leaving directory '/home/user01/GreenSQL'
