make: Entering directory '/home/user01/GreenSQL'
query_runner configuration:
  QUERY_DIR      = queries/tpch/tpch-queries
  LOG_FILE       = logs/shared_buffers/sb_512MB/query_timing_tpch.csv
  SAMPLE_FILE    = logs/shared_buffers/sb_512MB/query_samples_tpch.csv
  CATALOG_FILE   = logs/shared_buffers/sb_512MB/query_catalog_tpch.csv
  SLOPE_FILE     = logs/shared_buffers/sb_512MB/query_slope_tpch.csv
  DB_NAME        = tpch
  DB_USER        = postgres
  PGPORT         = 5434
  PG_VERSION     = 18.4  (as reported by the server on that port)
  BATCHNUM       = 5 (slope sizes: 1 copy and 5 copies)
  RUNS           = 3 (measured batches per size)
  WARMUP         = 2 (single-copy; #1 primes cache, warm ones = N=1 anchor)
  WORKERS        = (planner default)
  STATEMENT_TIMEOUT = 900
  SIGLESS_ADDR   = (disabled)
Found 53 queries under queries/tpch/tpch-queries

Catalog snapshot: 11 relations -> logs/shared_buffers/sb_512MB/query_catalog_tpch.csv
[1/53] queries/tpch/tpch-queries/q01/base.sql (2 warmup [warm ones = N=1 anchor] + 3 x5)
  warmup 1/2: 1.863553 sec, 1 copy (cache prime)
  warmup 2/2: 1.962790 sec, 1 copy (N=1 anchor)
  batch 1/3: 9.951079 sec, 5 copies (server sum 9854.144 ms)
  batch 2/3: 10.477450 sec, 5 copies (server sum 10358.854 ms)
  batch 3/3: 10.264167 sec, 5 copies (server sum 10165.989 ms)
  slope: pkg 45.24 J/exec (intercept 8.274 J), wall 2.067027 s/exec (intercept -0.104238 s)
[2/53] queries/tpch/tpch-queries/q01/v1_materialized.sql (2 warmup [warm ones = N=1 anchor] + 3 x5)
  warmup 1/2: 2.139511 sec, 1 copy (cache prime)
  warmup 2/2: 2.155212 sec, 1 copy (N=1 anchor)
  batch 1/3: 10.293730 sec, 5 copies (server sum 10179.142 ms)
  batch 2/3: 10.349493 sec, 5 copies (server sum 10302.225 ms)
  batch 3/3: 10.295927 sec, 5 copies (server sum 10177.087 ms)
  slope: pkg 44.75 J/exec (intercept 2.564 J), wall 2.039460 s/exec (intercept 0.115752 s)
[3/53] queries/tpch/tpch-queries/q02/base.sql (2 warmup [warm ones = N=1 anchor] + 3 x5)
  warmup 1/2: 50.951956 sec, 1 copy (cache prime)
  warmup 2/2: 51.605082 sec, 1 copy (N=1 anchor)
  batch 1/3: 270.934318 sec, 5 copies (server sum 270831.804 ms)
  batch 2/3: 285.607828 sec, 5 copies (server sum 285507.646 ms)
  batch 3/3: 293.040670 sec, 5 copies (server sum 292906.108 ms)
  slope: pkg 794.1 J/exec (intercept 225.3 J), wall 57.897297 s/exec (intercept -6.292215 s)
[4/53] queries/tpch/tpch-queries/q02/v1_materialized.sql (2 warmup [warm ones = N=1 anchor] + 3 x5)
  warmup 1/2: 63.977568 sec, 1 copy (cache prime)
  warmup 2/2: 62.653483 sec, 1 copy (N=1 anchor)
  batch 1/3: 311.919214 sec, 5 copies (server sum 311818.109 ms)
  batch 2/3: 346.224811 sec, 5 copies (server sum 346116.384 ms)
  batch 3/3: 277.487650 sec, 5 copies (server sum 277384.742 ms)
  slope: pkg 516.6 J/exec (intercept 129.9 J), wall 62.305935 s/exec (intercept 0.347548 s)
[5/53] queries/tpch/tpch-queries/q02/v2_decorrelate.sql (2 warmup [warm ones = N=1 anchor] + 3 x5)
  warmup 1/2: 0.339662 sec, 1 copy (cache prime)
  warmup 2/2: 0.271895 sec, 1 copy (N=1 anchor)
  batch 1/3: 1.291963 sec, 5 copies (server sum 1179.537 ms)
  batch 2/3: 1.242030 sec, 5 copies (server sum 1145.125 ms)
  batch 3/3: 1.234569 sec, 5 copies (server sum 1126.596 ms)
  slope: pkg 3.32 J/exec (intercept 0.5926 J), wall 0.246073 s/exec (intercept 0.025822 s)
[6/53] queries/tpch/tpch-queries/q03/base.sql (2 warmup [warm ones = N=1 anchor] + 3 x5)
  warmup 1/2: 0.624531 sec, 1 copy (cache prime)
  warmup 2/2: 0.592616 sec, 1 copy (N=1 anchor)
  batch 1/3: 2.380464 sec, 5 copies (server sum 2281.199 ms)
  batch 2/3: 2.384832 sec, 5 copies (server sum 2285.018 ms)
  batch 3/3: 2.370494 sec, 5 copies (server sum 2275.051 ms)
  slope: pkg 11.83 J/exec (intercept 0.8861 J), wall 0.446495 s/exec (intercept 0.146120 s)
[7/53] queries/tpch/tpch-queries/q03/v1_materialized.sql (2 warmup [warm ones = N=1 anchor] + 3 x5)
  warmup 1/2: 0.600143 sec, 1 copy (cache prime)
  warmup 2/2: 0.571552 sec, 1 copy (N=1 anchor)
  batch 1/3: 2.429273 sec, 5 copies (server sum 2320.755 ms)
  batch 2/3: 2.391431 sec, 5 copies (server sum 2291.338 ms)
  batch 3/3: 2.396468 sec, 5 copies (server sum 2288.535 ms)
  slope: pkg 11.92 J/exec (intercept 1.262 J), wall 0.458543 s/exec (intercept 0.113009 s)
[8/53] queries/tpch/tpch-queries/q04/base.sql (2 warmup [warm ones = N=1 anchor] + 3 x5)
  warmup 1/2: 0.276655 sec, 1 copy (cache prime)
  warmup 2/2: 0.283949 sec, 1 copy (N=1 anchor)
  batch 1/3: 0.822895 sec, 5 copies (server sum 709.962 ms)
  batch 2/3: 0.785894 sec, 5 copies (server sum 677.748 ms)
  batch 3/3: 0.778021 sec, 5 copies (server sum 673.662 ms)
  slope: pkg 3.722 J/exec (intercept 0.09757 J), wall 0.127913 s/exec (intercept 0.156036 s)
[9/53] queries/tpch/tpch-queries/q04/v1_materialized.sql (2 warmup [warm ones = N=1 anchor] + 3 x5)
  warmup 1/2: 0.257044 sec, 1 copy (cache prime)
  warmup 2/2: 0.254296 sec, 1 copy (N=1 anchor)
  batch 1/3: 0.778439 sec, 5 copies (server sum 670.762 ms)
  batch 2/3: 0.824365 sec, 5 copies (server sum 708.361 ms)
  batch 3/3: 0.742863 sec, 5 copies (server sum 640.139 ms)
  slope: pkg 3.639 J/exec (intercept 0.2239 J), wall 0.131898 s/exec (intercept 0.122397 s)
[10/53] queries/tpch/tpch-queries/q04/v2_in.sql (2 warmup [warm ones = N=1 anchor] + 3 x5)
  warmup 1/2: 0.251808 sec, 1 copy (cache prime)
  warmup 2/2: 0.298114 sec, 1 copy (N=1 anchor)
  batch 1/3: 0.694010 sec, 5 copies (server sum 651.567 ms)
  batch 2/3: 0.801444 sec, 5 copies (server sum 685.116 ms)
  batch 3/3: 0.716745 sec, 5 copies (server sum 647.575 ms)
  slope: pkg 3.864 J/exec (intercept -0.3396 J), wall 0.109821 s/exec (intercept 0.188292 s)
[11/53] queries/tpch/tpch-queries/q05/base.sql (2 warmup [warm ones = N=1 anchor] + 3 x5)
  warmup 1/2: 0.537528 sec, 1 copy (cache prime)
  warmup 2/2: 0.416566 sec, 1 copy (N=1 anchor)
  batch 1/3: 1.705964 sec, 5 copies (server sum 1588.907 ms)
  batch 2/3: 1.675029 sec, 5 copies (server sum 1574.323 ms)
  batch 3/3: 1.658012 sec, 5 copies (server sum 1553.260 ms)
  slope: pkg 4.582 J/exec (intercept 0.822 J), wall 0.315776 s/exec (intercept 0.100791 s)
[12/53] queries/tpch/tpch-queries/q05/v1_materialized.sql (2 warmup [warm ones = N=1 anchor] + 3 x5)
  warmup 1/2: 0.417524 sec, 1 copy (cache prime)
  warmup 2/2: 0.464992 sec, 1 copy (N=1 anchor)
  batch 1/3: 1.688245 sec, 5 copies (server sum 1568.084 ms)
  batch 2/3: 1.590366 sec, 5 copies (server sum 1538.973 ms)
  batch 3/3: 1.678061 sec, 5 copies (server sum 1561.203 ms)
  slope: pkg 4.771 J/exec (intercept 0.3134 J), wall 0.296808 s/exec (intercept 0.168183 s)
[13/53] queries/tpch/tpch-queries/q06/base.sql (2 warmup [warm ones = N=1 anchor] + 3 x5)
  warmup 1/2: 0.536219 sec, 1 copy (cache prime)
  warmup 2/2: 0.551043 sec, 1 copy (N=1 anchor)
  batch 1/3: 2.369468 sec, 5 copies (server sum 2258.331 ms)
  batch 2/3: 2.224984 sec, 5 copies (server sum 2120.225 ms)
  batch 3/3: 2.220583 sec, 5 copies (server sum 2121.030 ms)
  slope: pkg 13.22 J/exec (intercept -0.6604 J), wall 0.430159 s/exec (intercept 0.120885 s)
[14/53] queries/tpch/tpch-queries/q06/v1_materialized.sql (2 warmup [warm ones = N=1 anchor] + 3 x5)
  warmup 1/2: 0.574339 sec, 1 copy (cache prime)
  warmup 2/2: 0.599123 sec, 1 copy (N=1 anchor)
  batch 1/3: 2.136165 sec, 5 copies (server sum 2032.753 ms)
  batch 2/3: 2.128124 sec, 5 copies (server sum 2023.172 ms)
  batch 3/3: 2.055525 sec, 5 copies (server sum 1950.681 ms)
  slope: pkg 11.07 J/exec (intercept 2.853 J), wall 0.376871 s/exec (intercept 0.222252 s)
[15/53] queries/tpch/tpch-queries/q07/base.sql (2 warmup [warm ones = N=1 anchor] + 3 x5)
  warmup 1/2: 0.687472 sec, 1 copy (cache prime)
  warmup 2/2: 0.571612 sec, 1 copy (N=1 anchor)
  batch 1/3: 2.314172 sec, 5 copies (server sum 2267.241 ms)
  batch 2/3: 2.399064 sec, 5 copies (server sum 2287.860 ms)
  batch 3/3: 2.389119 sec, 5 copies (server sum 2290.317 ms)
  slope: pkg 8.531 J/exec (intercept 1.195 J), wall 0.448960 s/exec (intercept 0.122652 s)
[16/53] queries/tpch/tpch-queries/q07/v1_materialized.sql (2 warmup [warm ones = N=1 anchor] + 3 x5)
  warmup 1/2: 0.572327 sec, 1 copy (cache prime)
  warmup 2/2: 0.577136 sec, 1 copy (N=1 anchor)
  batch 1/3: 2.410430 sec, 5 copies (server sum 2297.870 ms)
  batch 2/3: 2.415804 sec, 5 copies (server sum 2308.712 ms)
  batch 3/3: 2.412887 sec, 5 copies (server sum 2300.968 ms)
  slope: pkg 8.511 J/exec (intercept 1.001 J), wall 0.458976 s/exec (intercept 0.118160 s)
[17/53] queries/tpch/tpch-queries/q07/v2_union_all.sql (2 warmup [warm ones = N=1 anchor] + 3 x5)
  warmup 1/2: 0.570380 sec, 1 copy (cache prime)
  warmup 2/2: 0.626118 sec, 1 copy (N=1 anchor)
  batch 1/3: 2.415352 sec, 5 copies (server sum 2302.275 ms)
  batch 2/3: 2.416711 sec, 5 copies (server sum 2312.377 ms)
  batch 3/3: 2.326518 sec, 5 copies (server sum 2276.358 ms)
  slope: pkg 8.949 J/exec (intercept 0.1433 J), wall 0.440019 s/exec (intercept 0.186099 s)
[18/53] queries/tpch/tpch-queries/q08/base.sql (2 warmup [warm ones = N=1 anchor] + 3 x5)
  warmup 1/2: 0.602478 sec, 1 copy (cache prime)
  warmup 2/2: 0.596225 sec, 1 copy (N=1 anchor)
  batch 1/3: 2.497273 sec, 5 copies (server sum 2377.678 ms)
  batch 2/3: 2.453368 sec, 5 copies (server sum 2349.229 ms)
  batch 3/3: 2.516912 sec, 5 copies (server sum 2367.329 ms)
  slope: pkg 8.611 J/exec (intercept 0.979 J), wall 0.473240 s/exec (intercept 0.122985 s)
[19/53] queries/tpch/tpch-queries/q08/v1_materialized.sql (2 warmup [warm ones = N=1 anchor] + 3 x5)
  warmup 1/2: 0.594307 sec, 1 copy (cache prime)
  warmup 2/2: 0.602243 sec, 1 copy (N=1 anchor)
  batch 1/3: 2.474486 sec, 5 copies (server sum 2372.350 ms)
  batch 2/3: 2.478773 sec, 5 copies (server sum 2362.297 ms)
  batch 3/3: 2.474453 sec, 5 copies (server sum 2369.952 ms)
  slope: pkg 8.665 J/exec (intercept 0.896 J), wall 0.468415 s/exec (intercept 0.133827 s)
[20/53] queries/tpch/tpch-queries/q08/v2_filter.sql (2 warmup [warm ones = N=1 anchor] + 3 x5)
  warmup 1/2: 0.607906 sec, 1 copy (cache prime)
  warmup 2/2: 0.589563 sec, 1 copy (N=1 anchor)
  batch 1/3: 2.480134 sec, 5 copies (server sum 2367.907 ms)
  batch 2/3: 2.451207 sec, 5 copies (server sum 2347.766 ms)
  batch 3/3: 2.454783 sec, 5 copies (server sum 2355.751 ms)
  slope: pkg 8.669 J/exec (intercept 1.179 J), wall 0.468120 s/exec (intercept 0.121443 s)
[21/53] queries/tpch/tpch-queries/q09/base.sql (2 warmup [warm ones = N=1 anchor] + 3 x5)
  warmup 1/2: 1.372717 sec, 1 copy (cache prime)
  warmup 2/2: 1.428154 sec, 1 copy (N=1 anchor)
  batch 1/3: 6.449076 sec, 5 copies (server sum 6345.042 ms)
  batch 2/3: 6.455653 sec, 5 copies (server sum 6344.447 ms)
  batch 3/3: 6.481496 sec, 5 copies (server sum 6379.364 ms)
  slope: pkg 30.38 J/exec (intercept 2.637 J), wall 1.258480 s/exec (intercept 0.169674 s)
[22/53] queries/tpch/tpch-queries/q09/v1_materialized.sql (2 warmup [warm ones = N=1 anchor] + 3 x5)
  warmup 1/2: 1.374789 sec, 1 copy (cache prime)
  warmup 2/2: 1.439713 sec, 1 copy (N=1 anchor)
  batch 1/3: 6.597737 sec, 5 copies (server sum 6498.614 ms)
  batch 2/3: 6.467894 sec, 5 copies (server sum 6358.378 ms)
  batch 3/3: 6.443092 sec, 5 copies (server sum 6340.354 ms)
  slope: pkg 28.85 J/exec (intercept 2.131 J), wall 1.265799 s/exec (intercept 0.173914 s)
[23/53] queries/tpch/tpch-queries/q10/base.sql (2 warmup [warm ones = N=1 anchor] + 3 x5)
  warmup 1/2: 0.568016 sec, 1 copy (cache prime)
  warmup 2/2: 0.474509 sec, 1 copy (N=1 anchor)
  batch 1/3: 2.023131 sec, 5 copies (server sum 1917.719 ms)
  batch 2/3: 2.011025 sec, 5 copies (server sum 1912.349 ms)
  batch 3/3: 1.990806 sec, 5 copies (server sum 1939.393 ms)
  slope: pkg 8.643 J/exec (intercept 1.374 J), wall 0.383453 s/exec (intercept 0.091056 s)
[24/53] queries/tpch/tpch-queries/q10/v1_materialized.sql (2 warmup [warm ones = N=1 anchor] + 3 x5)
  warmup 1/2: 0.521401 sec, 1 copy (cache prime)
  warmup 2/2: 0.575453 sec, 1 copy (N=1 anchor)
  batch 1/3: 2.004421 sec, 5 copies (server sum 1960.187 ms)
  batch 2/3: 2.054942 sec, 5 copies (server sum 1978.199 ms)
  batch 3/3: 2.238796 sec, 5 copies (server sum 2142.864 ms)
  slope: pkg 8.958 J/exec (intercept 1.172 J), wall 0.380983 s/exec (intercept 0.194470 s)
[25/53] queries/tpch/tpch-queries/q11/base.sql (2 warmup [warm ones = N=1 anchor] + 3 x5)
  warmup 1/2: 0.222951 sec, 1 copy (cache prime)
  warmup 2/2: 0.221955 sec, 1 copy (N=1 anchor)
  batch 1/3: 0.649189 sec, 5 copies (server sum 552.922 ms)
  batch 2/3: 0.657008 sec, 5 copies (server sum 556.657 ms)
  batch 3/3: 0.602514 sec, 5 copies (server sum 501.668 ms)
  slope: pkg 2.638 J/exec (intercept 1.624 J), wall 0.103571 s/exec (intercept 0.118384 s)
[26/53] queries/tpch/tpch-queries/q11/v1_materialized.sql (2 warmup [warm ones = N=1 anchor] + 3 x5)
  warmup 1/2: 0.226325 sec, 1 copy (cache prime)
  warmup 2/2: 0.212005 sec, 1 copy (N=1 anchor)
  batch 1/3: 0.616614 sec, 5 copies (server sum 511.651 ms)
  batch 2/3: 0.529851 sec, 5 copies (server sum 486.626 ms)
  batch 3/3: 0.572437 sec, 5 copies (server sum 528.807 ms)
  slope: pkg 2.613 J/exec (intercept 0.8136 J), wall 0.090241 s/exec (intercept 0.121764 s)
[27/53] queries/tpch/tpch-queries/q11/v2_cte_threshold.sql (2 warmup [warm ones = N=1 anchor] + 3 x5)
  warmup 1/2: 0.140652 sec, 1 copy (cache prime)
  warmup 2/2: 0.212343 sec, 1 copy (N=1 anchor)
  batch 1/3: 0.604334 sec, 5 copies (server sum 498.187 ms)
  batch 2/3: 0.615434 sec, 5 copies (server sum 510.491 ms)
  batch 3/3: 0.618445 sec, 5 copies (server sum 514.598 ms)
  slope: pkg 2.528 J/exec (intercept 0.8403 J), wall 0.100099 s/exec (intercept 0.112244 s)
[28/53] queries/tpch/tpch-queries/q12/base.sql (2 warmup [warm ones = N=1 anchor] + 3 x5)
  warmup 1/2: 0.885359 sec, 1 copy (cache prime)
  warmup 2/2: 0.870453 sec, 1 copy (N=1 anchor)
  batch 1/3: 3.756680 sec, 5 copies (server sum 3708.714 ms)
  batch 2/3: 3.786739 sec, 5 copies (server sum 3738.993 ms)
  batch 3/3: 3.712866 sec, 5 copies (server sum 3598.401 ms)
  slope: pkg 15.49 J/exec (intercept 4.536 J), wall 0.720410 s/exec (intercept 0.150043 s)
[29/53] queries/tpch/tpch-queries/q12/v1_materialized.sql (2 warmup [warm ones = N=1 anchor] + 3 x5)
  warmup 1/2: 0.810466 sec, 1 copy (cache prime)
  warmup 2/2: 0.814516 sec, 1 copy (N=1 anchor)
  batch 1/3: 3.568363 sec, 5 copies (server sum 3452.307 ms)
  batch 2/3: 3.555226 sec, 5 copies (server sum 3439.465 ms)
  batch 3/3: 3.529746 sec, 5 copies (server sum 3478.050 ms)
  slope: pkg 15.02 J/exec (intercept 2.81 J), wall 0.684149 s/exec (intercept 0.130368 s)
[30/53] queries/tpch/tpch-queries/q12/v2_filter.sql (2 warmup [warm ones = N=1 anchor] + 3 x5)
  warmup 1/2: 0.810398 sec, 1 copy (cache prime)
  warmup 2/2: 0.818091 sec, 1 copy (N=1 anchor)
  batch 1/3: 3.446779 sec, 5 copies (server sum 3397.711 ms)
  batch 2/3: 3.374750 sec, 5 copies (server sum 3244.844 ms)
  batch 3/3: 3.299831 sec, 5 copies (server sum 3203.898 ms)
  slope: pkg 14.06 J/exec (intercept 3.784 J), wall 0.638924 s/exec (intercept 0.179167 s)
[31/53] queries/tpch/tpch-queries/q13/base.sql (2 warmup [warm ones = N=1 anchor] + 3 x5)
  warmup 1/2: 0.842872 sec, 1 copy (cache prime)
  warmup 2/2: 0.836163 sec, 1 copy (N=1 anchor)
  batch 1/3: 3.638657 sec, 5 copies (server sum 3533.542 ms)
  batch 2/3: 3.532198 sec, 5 copies (server sum 3488.970 ms)
  batch 3/3: 3.626495 sec, 5 copies (server sum 3520.012 ms)
  slope: pkg 10.65 J/exec (intercept 0.5565 J), wall 0.690738 s/exec (intercept 0.145424 s)
[32/53] queries/tpch/tpch-queries/q13/v1_materialized.sql (2 warmup [warm ones = N=1 anchor] + 3 x5)
  warmup 1/2: 0.806375 sec, 1 copy (cache prime)
  warmup 2/2: 0.827320 sec, 1 copy (N=1 anchor)
  batch 1/3: 3.570402 sec, 5 copies (server sum 3467.158 ms)
  batch 2/3: 3.562929 sec, 5 copies (server sum 3455.137 ms)
  batch 3/3: 3.614383 sec, 5 copies (server sum 3513.772 ms)
  slope: pkg 10.67 J/exec (intercept 0.5691 J), wall 0.688813 s/exec (intercept 0.138507 s)
[33/53] queries/tpch/tpch-queries/q13/v2_correlated.sql (2 warmup [warm ones = N=1 anchor] + 3 x5)
  warmup 1/2: 2.293445 sec, 1 copy (cache prime)
  warmup 2/2: 2.286925 sec, 1 copy (N=1 anchor)
  batch 1/3: 10.488684 sec, 5 copies (server sum 10396.452 ms)
  batch 2/3: 10.355806 sec, 5 copies (server sum 10263.867 ms)
  batch 3/3: 10.348490 sec, 5 copies (server sum 10255.881 ms)
  slope: pkg 19.61 J/exec (intercept 0.8084 J), wall 2.027684 s/exec (intercept 0.259241 s)
[34/53] queries/tpch/tpch-queries/q14/base.sql (2 warmup [warm ones = N=1 anchor] + 3 x5)
  warmup 1/2: 0.493516 sec, 1 copy (cache prime)
  warmup 2/2: 0.502081 sec, 1 copy (N=1 anchor)
  batch 1/3: 1.929623 sec, 5 copies (server sum 1819.399 ms)
  batch 2/3: 1.835028 sec, 5 copies (server sum 1727.093 ms)
  batch 3/3: 1.906443 sec, 5 copies (server sum 1802.467 ms)
  slope: pkg 10.71 J/exec (intercept 0.3388 J), wall 0.347071 s/exec (intercept 0.155010 s)
[35/53] queries/tpch/tpch-queries/q14/v1_materialized.sql (2 warmup [warm ones = N=1 anchor] + 3 x5)
  warmup 1/2: 0.465633 sec, 1 copy (cache prime)
  warmup 2/2: 0.501404 sec, 1 copy (N=1 anchor)
  batch 1/3: 1.808821 sec, 5 copies (server sum 1702.745 ms)
  batch 2/3: 1.915914 sec, 5 copies (server sum 1811.983 ms)
  batch 3/3: 1.811461 sec, 5 copies (server sum 1715.773 ms)
  slope: pkg 10.37 J/exec (intercept 0.8206 J), wall 0.335999 s/exec (intercept 0.165405 s)
[36/53] queries/tpch/tpch-queries/q14/v2_filter.sql (2 warmup [warm ones = N=1 anchor] + 3 x5)
  warmup 1/2: 0.475685 sec, 1 copy (cache prime)
  warmup 2/2: 0.477007 sec, 1 copy (N=1 anchor)
  batch 1/3: 1.723466 sec, 5 copies (server sum 1681.930 ms)
  batch 2/3: 1.845281 sec, 5 copies (server sum 1741.565 ms)
  batch 3/3: 1.867383 sec, 5 copies (server sum 1770.389 ms)
  slope: pkg 9.806 J/exec (intercept 1.061 J), wall 0.333759 s/exec (intercept 0.143248 s)
[37/53] queries/tpch/tpch-queries/q15/base.sql (2 warmup [warm ones = N=1 anchor] + 3 x5)
  warmup 1/2: 0.487347 sec, 1 copy (cache prime)
  warmup 2/2: 0.496359 sec, 1 copy (N=1 anchor)
  batch 1/3: 1.970064 sec, 5 copies (server sum 1858.289 ms)
  batch 2/3: 1.935950 sec, 5 copies (server sum 1832.169 ms)
  batch 3/3: 1.996142 sec, 5 copies (server sum 1884.592 ms)
  slope: pkg 10.08 J/exec (intercept 1.374 J), wall 0.367757 s/exec (intercept 0.128602 s)
[38/53] queries/tpch/tpch-queries/q15/v1_materialized.sql (2 warmup [warm ones = N=1 anchor] + 3 x5)
  warmup 1/2: 0.484458 sec, 1 copy (cache prime)
  warmup 2/2: 0.489618 sec, 1 copy (N=1 anchor)
  batch 1/3: 1.994486 sec, 5 copies (server sum 1889.175 ms)
  batch 2/3: 2.004976 sec, 5 copies (server sum 1901.737 ms)
  batch 3/3: 1.993108 sec, 5 copies (server sum 1884.090 ms)
  slope: pkg 9.892 J/exec (intercept 1.252 J), wall 0.376976 s/exec (intercept 0.112641 s)
[39/53] queries/tpch/tpch-queries/q16/base.sql (2 warmup [warm ones = N=1 anchor] + 3 x5)
  warmup 1/2: 0.430533 sec, 1 copy (cache prime)
  warmup 2/2: 0.376988 sec, 1 copy (N=1 anchor)
  batch 1/3: 1.444500 sec, 5 copies (server sum 1402.410 ms)
  batch 2/3: 1.493852 sec, 5 copies (server sum 1401.217 ms)
  batch 3/3: 1.405233 sec, 5 copies (server sum 1312.305 ms)
  slope: pkg 6.162 J/exec (intercept 1.023 J), wall 0.267718 s/exec (intercept 0.109269 s)
[40/53] queries/tpch/tpch-queries/q16/v1_materialized.sql (2 warmup [warm ones = N=1 anchor] + 3 x5)
  warmup 1/2: 0.357094 sec, 1 copy (cache prime)
  warmup 2/2: 0.306544 sec, 1 copy (N=1 anchor)
  batch 1/3: 1.408293 sec, 5 copies (server sum 1304.857 ms)
  batch 2/3: 1.430862 sec, 5 copies (server sum 1336.648 ms)
  batch 3/3: 1.426069 sec, 5 copies (server sum 1318.572 ms)
  slope: pkg 5.969 J/exec (intercept 0.8198 J), wall 0.278799 s/exec (intercept 0.027745 s)
[41/53] queries/tpch/tpch-queries/q16/v2_not_exists.sql (2 warmup [warm ones = N=1 anchor] + 3 x5)
  warmup 1/2: 0.344139 sec, 1 copy (cache prime)
  warmup 2/2: 0.342182 sec, 1 copy (N=1 anchor)
  batch 1/3: 1.249414 sec, 5 copies (server sum 1207.033 ms)
  batch 2/3: 1.318075 sec, 5 copies (server sum 1225.087 ms)
  batch 3/3: 1.321440 sec, 5 copies (server sum 1226.718 ms)
  slope: pkg 5.381 J/exec (intercept 0.7503 J), wall 0.238532 s/exec (intercept 0.103651 s)
[42/53] queries/tpch/tpch-queries/q17/v2_decorrelate.sql (2 warmup [warm ones = N=1 anchor] + 3 x5)
  warmup 1/2: 2.841893 sec, 1 copy (cache prime)
  warmup 2/2: 2.842764 sec, 1 copy (N=1 anchor)
  batch 1/3: 13.633688 sec, 5 copies (server sum 13531.551 ms)
  batch 2/3: 13.602277 sec, 5 copies (server sum 13508.144 ms)
  batch 3/3: 13.480995 sec, 5 copies (server sum 13387.110 ms)
  slope: pkg 58.03 J/exec (intercept 4.493 J), wall 2.682389 s/exec (intercept 0.160375 s)
[43/53] queries/tpch/tpch-queries/q18/base.sql (2 warmup [warm ones = N=1 anchor] + 3 x5)
  warmup 1/2: 3.272244 sec, 1 copy (cache prime)
  warmup 2/2: 3.445271 sec, 1 copy (N=1 anchor)
  batch 1/3: 16.525260 sec, 5 copies (server sum 16401.066 ms)
  batch 2/3: 16.439298 sec, 5 copies (server sum 16293.283 ms)
  batch 3/3: 16.443801 sec, 5 copies (server sum 16388.559 ms)
  slope: pkg 71.46 J/exec (intercept 4.003 J), wall 3.256046 s/exec (intercept 0.189225 s)
[44/53] queries/tpch/tpch-queries/q18/v1_materialized.sql (2 warmup [warm ones = N=1 anchor] + 3 x5)
  warmup 1/2: 3.697543 sec, 1 copy (cache prime)
  warmup 2/2: 3.668449 sec, 1 copy (N=1 anchor)
  batch 1/3: 17.311519 sec, 5 copies (server sum 17197.047 ms)
  batch 2/3: 17.128302 sec, 5 copies (server sum 17027.805 ms)
  batch 3/3: 17.573233 sec, 5 copies (server sum 17449.762 ms)
  slope: pkg 74.97 J/exec (intercept 5.624 J), wall 3.417309 s/exec (intercept 0.251140 s)
[45/53] queries/tpch/tpch-queries/q18/v2_join.sql (2 warmup [warm ones = N=1 anchor] + 3 x5)
  warmup 1/2: 3.398031 sec, 1 copy (cache prime)
  warmup 2/2: 3.420024 sec, 1 copy (N=1 anchor)
  batch 1/3: 16.418229 sec, 5 copies (server sum 16300.790 ms)
  batch 2/3: 16.618962 sec, 5 copies (server sum 16518.369 ms)
  batch 3/3: 16.139432 sec, 5 copies (server sum 16025.526 ms)
  slope: pkg 71.14 J/exec (intercept 3.935 J), wall 3.243046 s/exec (intercept 0.176978 s)
[46/53] queries/tpch/tpch-queries/q19/base.sql (2 warmup [warm ones = N=1 anchor] + 3 x5)
  warmup 1/2: 0.632779 sec, 1 copy (cache prime)
  warmup 2/2: 0.632387 sec, 1 copy (N=1 anchor)
  batch 1/3: 2.850111 sec, 5 copies (server sum 2733.808 ms)
  batch 2/3: 2.816111 sec, 5 copies (server sum 2699.301 ms)
  batch 3/3: 2.803588 sec, 5 copies (server sum 2692.194 ms)
  slope: pkg 11.98 J/exec (intercept 2.021 J), wall 0.547721 s/exec (intercept 0.084667 s)
[47/53] queries/tpch/tpch-queries/q19/v1_materialized.sql (2 warmup [warm ones = N=1 anchor] + 3 x5)
  warmup 1/2: 0.641861 sec, 1 copy (cache prime)
  warmup 2/2: 0.633084 sec, 1 copy (N=1 anchor)
  batch 1/3: 2.793845 sec, 5 copies (server sum 2674.619 ms)
  batch 2/3: 2.810068 sec, 5 copies (server sum 2711.419 ms)
  batch 3/3: 2.804699 sec, 5 copies (server sum 2706.904 ms)
  slope: pkg 11.89 J/exec (intercept 2.049 J), wall 0.542447 s/exec (intercept 0.090637 s)
[48/53] queries/tpch/tpch-queries/q19/v2_union_all.sql (2 warmup [warm ones = N=1 anchor] + 3 x5)
  warmup 1/2: 1.925447 sec, 1 copy (cache prime)
  warmup 2/2: 1.888141 sec, 1 copy (N=1 anchor)
  batch 1/3: 8.867112 sec, 5 copies (server sum 8762.046 ms)
  batch 2/3: 9.175259 sec, 5 copies (server sum 9058.585 ms)
  batch 3/3: 9.235061 sec, 5 copies (server sum 9122.053 ms)
  slope: pkg 39.42 J/exec (intercept 2.345 J), wall 1.801084 s/exec (intercept 0.087057 s)
[49/53] queries/tpch/tpch-queries/q21/base.sql (2 warmup [warm ones = N=1 anchor] + 3 x5)
  warmup 1/2: 0.920533 sec, 1 copy (cache prime)
  warmup 2/2: 0.977836 sec, 1 copy (N=1 anchor)
  batch 1/3: 4.448525 sec, 5 copies (server sum 4342.096 ms)
  batch 2/3: 4.451893 sec, 5 copies (server sum 4352.265 ms)
  batch 3/3: 4.444828 sec, 5 copies (server sum 4344.780 ms)
  slope: pkg 18.74 J/exec (intercept 3.913 J), wall 0.867645 s/exec (intercept 0.110191 s)
[50/53] queries/tpch/tpch-queries/q21/v1_materialized.sql (2 warmup [warm ones = N=1 anchor] + 3 x5)
  warmup 1/2: 0.918863 sec, 1 copy (cache prime)
  warmup 2/2: 0.947280 sec, 1 copy (N=1 anchor)
  batch 1/3: 4.314466 sec, 5 copies (server sum 4209.054 ms)
  batch 2/3: 4.141806 sec, 5 copies (server sum 4089.458 ms)
  batch 3/3: 4.390907 sec, 5 copies (server sum 4286.364 ms)
  slope: pkg 18.31 J/exec (intercept 2.374 J), wall 0.833778 s/exec (intercept 0.113502 s)
[51/53] queries/tpch/tpch-queries/q22/base.sql (2 warmup [warm ones = N=1 anchor] + 3 x5)
  warmup 1/2: 0.210011 sec, 1 copy (cache prime)
  warmup 2/2: 0.162559 sec, 1 copy (N=1 anchor)
  batch 1/3: 0.309675 sec, 5 copies (server sum 267.274 ms)
  batch 2/3: 0.426517 sec, 5 copies (server sum 322.468 ms)
  batch 3/3: 0.375667 sec, 5 copies (server sum 274.400 ms)
  slope: pkg 1.516 J/exec (intercept 0.7259 J), wall 0.052015 s/exec (intercept 0.110543 s)
[52/53] queries/tpch/tpch-queries/q22/v1_materialized.sql (2 warmup [warm ones = N=1 anchor] + 3 x5)
  warmup 1/2: 0.192709 sec, 1 copy (cache prime)
  warmup 2/2: 0.160273 sec, 1 copy (N=1 anchor)
  batch 1/3: 0.322204 sec, 5 copies (server sum 279.749 ms)
  batch 2/3: 0.422131 sec, 5 copies (server sum 308.908 ms)
  batch 3/3: 0.421429 sec, 5 copies (server sum 309.390 ms)
  slope: pkg 1.447 J/exec (intercept 0.7876 J), wall 0.057079 s/exec (intercept 0.103194 s)
[53/53] queries/tpch/tpch-queries/q22/v2_anti_join.sql (2 warmup [warm ones = N=1 anchor] + 3 x5)
  warmup 1/2: 0.277265 sec, 1 copy (cache prime)
  warmup 2/2: 0.296751 sec, 1 copy (N=1 anchor)
  batch 1/3: 0.838505 sec, 5 copies (server sum 729.918 ms)
  batch 2/3: 0.855326 sec, 5 copies (server sum 749.464 ms)
  batch 3/3: 0.704114 sec, 5 copies (server sum 661.636 ms)
  slope: pkg 3.962 J/exec (intercept 0.1072 J), wall 0.125641 s/exec (intercept 0.171110 s)

Done. Batch rows appended to logs/shared_buffers/sb_512MB/query_timing_tpch.csv
Per-copy samples appended to logs/shared_buffers/sb_512MB/query_samples_tpch.csv
Relation sizes appended to logs/shared_buffers/sb_512MB/query_catalog_tpch.csv
Per-query slope/intercept appended to logs/shared_buffers/sb_512MB/query_slope_tpch.csv
make: Leaving directory '/home/user01/GreenSQL'
