make: Entering directory '/home/user01/GreenSQL'
query_runner configuration:
  QUERY_DIR      = queries/tpch/tpch-queries
  LOG_FILE       = logs/shared_buffers/sb_512MB/query_timing_tpch_idx.csv
  SAMPLE_FILE    = logs/shared_buffers/sb_512MB/query_samples_tpch_idx.csv
  CATALOG_FILE   = logs/shared_buffers/sb_512MB/query_catalog_tpch_idx.csv
  SLOPE_FILE     = logs/shared_buffers/sb_512MB/query_slope_tpch_idx.csv
  DB_NAME        = tpch_idx
  DB_USER        = postgres
  PGPORT         = 5434
  PG_VERSION     = 18.4  (as reported by the server on that port)
  BATCHNUM       = 5 (slope sizes: 1 copy and 5 copies)
  RUNS           = 3 (measured batches per size)
  WARMUP         = 2 (single-copy; #1 primes cache, warm ones = N=1 anchor)
  WORKERS        = (planner default)
  STATEMENT_TIMEOUT = 900
  SIGLESS_ADDR   = (disabled)
Found 53 queries under queries/tpch/tpch-queries

Catalog snapshot: 37 relations -> logs/shared_buffers/sb_512MB/query_catalog_tpch_idx.csv
[1/53] queries/tpch/tpch-queries/q01/base.sql (2 warmup [warm ones = N=1 anchor] + 3 x5)
  warmup 1/2: 1.990263 sec, 1 copy (cache prime)
  warmup 2/2: 2.075014 sec, 1 copy (N=1 anchor)
  batch 1/3: 10.359060 sec, 5 copies (server sum 10227.659 ms)
  batch 2/3: 10.357189 sec, 5 copies (server sum 10261.042 ms)
  batch 3/3: 10.290907 sec, 5 copies (server sum 10174.670 ms)
  slope: pkg 44.91 J/exec (intercept 1.985 J), wall 2.065176 s/exec (intercept 0.009838 s)
[2/53] queries/tpch/tpch-queries/q01/v1_materialized.sql (2 warmup [warm ones = N=1 anchor] + 3 x5)
  warmup 1/2: 2.131838 sec, 1 copy (cache prime)
  warmup 2/2: 2.150544 sec, 1 copy (N=1 anchor)
  batch 1/3: 10.324703 sec, 5 copies (server sum 10207.362 ms)
  batch 2/3: 10.341960 sec, 5 copies (server sum 10231.432 ms)
  batch 3/3: 10.350274 sec, 5 copies (server sum 10241.196 ms)
  slope: pkg 44.91 J/exec (intercept 2.343 J), wall 2.047109 s/exec (intercept 0.103436 s)
[3/53] queries/tpch/tpch-queries/q02/base.sql (2 warmup [warm ones = N=1 anchor] + 3 x5)
  warmup 1/2: 0.427588 sec, 1 copy (cache prime)
  warmup 2/2: 0.301732 sec, 1 copy (N=1 anchor)
  batch 1/3: 1.155274 sec, 5 copies (server sum 1044.198 ms)
  batch 2/3: 1.100356 sec, 5 copies (server sum 997.807 ms)
  batch 3/3: 1.082707 sec, 5 copies (server sum 983.246 ms)
  slope: pkg 1.962 J/exec (intercept 0.937 J), wall 0.202762 s/exec (intercept 0.098970 s)
[4/53] queries/tpch/tpch-queries/q02/v1_materialized.sql (2 warmup [warm ones = N=1 anchor] + 3 x5)
  warmup 1/2: 0.334048 sec, 1 copy (cache prime)
  warmup 2/2: 0.328530 sec, 1 copy (N=1 anchor)
  batch 1/3: 1.364613 sec, 5 copies (server sum 1257.959 ms)
  batch 2/3: 1.245446 sec, 5 copies (server sum 1141.871 ms)
  batch 3/3: 1.213991 sec, 5 copies (server sum 1113.450 ms)
  slope: pkg 1.797 J/exec (intercept 0.9064 J), wall 0.236538 s/exec (intercept 0.091992 s)
[5/53] queries/tpch/tpch-queries/q02/v2_decorrelate.sql (2 warmup [warm ones = N=1 anchor] + 3 x5)
  warmup 1/2: 0.323567 sec, 1 copy (cache prime)
  warmup 2/2: 0.322717 sec, 1 copy (N=1 anchor)
  batch 1/3: 1.197224 sec, 5 copies (server sum 1074.819 ms)
  batch 2/3: 1.243038 sec, 5 copies (server sum 1139.888 ms)
  batch 3/3: 1.187320 sec, 5 copies (server sum 1084.730 ms)
  slope: pkg 1.407 J/exec (intercept 0.8359 J), wall 0.221619 s/exec (intercept 0.101098 s)
[6/53] queries/tpch/tpch-queries/q03/base.sql (2 warmup [warm ones = N=1 anchor] + 3 x5)
  warmup 1/2: 0.603341 sec, 1 copy (cache prime)
  warmup 2/2: 0.575639 sec, 1 copy (N=1 anchor)
  batch 1/3: 2.392909 sec, 5 copies (server sum 2281.764 ms)
  batch 2/3: 2.357133 sec, 5 copies (server sum 2261.188 ms)
  batch 3/3: 2.339908 sec, 5 copies (server sum 2243.722 ms)
  slope: pkg 12.13 J/exec (intercept 0.6222 J), wall 0.446919 s/exec (intercept 0.128719 s)
[7/53] queries/tpch/tpch-queries/q03/v1_materialized.sql (2 warmup [warm ones = N=1 anchor] + 3 x5)
  warmup 1/2: 0.585474 sec, 1 copy (cache prime)
  warmup 2/2: 0.596212 sec, 1 copy (N=1 anchor)
  batch 1/3: 2.378548 sec, 5 copies (server sum 2270.846 ms)
  batch 2/3: 2.425381 sec, 5 copies (server sum 2279.763 ms)
  batch 3/3: 2.393670 sec, 5 copies (server sum 2288.459 ms)
  slope: pkg 11.99 J/exec (intercept 0.9412 J), wall 0.450747 s/exec (intercept 0.145465 s)
[8/53] queries/tpch/tpch-queries/q04/base.sql (2 warmup [warm ones = N=1 anchor] + 3 x5)
  warmup 1/2: 0.286612 sec, 1 copy (cache prime)
  warmup 2/2: 0.322528 sec, 1 copy (N=1 anchor)
  batch 1/3: 1.010903 sec, 5 copies (server sum 903.839 ms)
  batch 2/3: 0.987170 sec, 5 copies (server sum 882.839 ms)
  batch 3/3: 1.056959 sec, 5 copies (server sum 955.291 ms)
  slope: pkg 5.562 J/exec (intercept -0.38 J), wall 0.173954 s/exec (intercept 0.148574 s)
[9/53] queries/tpch/tpch-queries/q04/v1_materialized.sql (2 warmup [warm ones = N=1 anchor] + 3 x5)
  warmup 1/2: 0.299959 sec, 1 copy (cache prime)
  warmup 2/2: 0.313685 sec, 1 copy (N=1 anchor)
  batch 1/3: 1.030764 sec, 5 copies (server sum 929.113 ms)
  batch 2/3: 1.085792 sec, 5 copies (server sum 979.156 ms)
  batch 3/3: 1.047186 sec, 5 copies (server sum 939.164 ms)
  slope: pkg 5.191 J/exec (intercept 0.746 J), wall 0.185224 s/exec (intercept 0.128462 s)
[10/53] queries/tpch/tpch-queries/q04/v2_in.sql (2 warmup [warm ones = N=1 anchor] + 3 x5)
  warmup 1/2: 0.362239 sec, 1 copy (cache prime)
  warmup 2/2: 0.323351 sec, 1 copy (N=1 anchor)
  batch 1/3: 1.055621 sec, 5 copies (server sum 954.800 ms)
  batch 2/3: 1.041116 sec, 5 copies (server sum 936.986 ms)
  batch 3/3: 1.012419 sec, 5 copies (server sum 917.571 ms)
  slope: pkg 5.516 J/exec (intercept -0.2994 J), wall 0.178259 s/exec (intercept 0.145093 s)
[11/53] queries/tpch/tpch-queries/q05/base.sql (2 warmup [warm ones = N=1 anchor] + 3 x5)
  warmup 1/2: 0.386815 sec, 1 copy (cache prime)
  warmup 2/2: 0.398484 sec, 1 copy (N=1 anchor)
  batch 1/3: 1.708828 sec, 5 copies (server sum 1579.355 ms)
  batch 2/3: 1.709292 sec, 5 copies (server sum 1580.804 ms)
  batch 3/3: 1.710526 sec, 5 copies (server sum 1583.789 ms)
  slope: pkg 4.683 J/exec (intercept 0.5484 J), wall 0.327766 s/exec (intercept 0.070718 s)
[12/53] queries/tpch/tpch-queries/q05/v1_materialized.sql (2 warmup [warm ones = N=1 anchor] + 3 x5)
  warmup 1/2: 0.458208 sec, 1 copy (cache prime)
  warmup 2/2: 0.454937 sec, 1 copy (N=1 anchor)
  batch 1/3: 1.697093 sec, 5 copies (server sum 1573.883 ms)
  batch 2/3: 1.697869 sec, 5 copies (server sum 1570.856 ms)
  batch 3/3: 1.714500 sec, 5 copies (server sum 1577.694 ms)
  slope: pkg 4.691 J/exec (intercept 0.4207 J), wall 0.312054 s/exec (intercept 0.142882 s)
[13/53] queries/tpch/tpch-queries/q06/base.sql (2 warmup [warm ones = N=1 anchor] + 3 x5)
  warmup 1/2: 0.182963 sec, 1 copy (cache prime)
  warmup 2/2: 0.194903 sec, 1 copy (N=1 anchor)
  batch 1/3: 0.448918 sec, 5 copies (server sum 348.300 ms)
  batch 2/3: 0.460938 sec, 5 copies (server sum 357.431 ms)
  batch 3/3: 0.467328 sec, 5 copies (server sum 363.878 ms)
  slope: pkg 1.876 J/exec (intercept 0.5133 J), wall 0.066040 s/exec (intercept 0.128863 s)
[14/53] queries/tpch/tpch-queries/q06/v1_materialized.sql (2 warmup [warm ones = N=1 anchor] + 3 x5)
  warmup 1/2: 0.198721 sec, 1 copy (cache prime)
  warmup 2/2: 0.181184 sec, 1 copy (N=1 anchor)
  batch 1/3: 0.447467 sec, 5 copies (server sum 342.013 ms)
  batch 2/3: 0.462201 sec, 5 copies (server sum 360.102 ms)
  batch 3/3: 0.461833 sec, 5 copies (server sum 355.910 ms)
  slope: pkg 1.908 J/exec (intercept 0.4541 J), wall 0.068996 s/exec (intercept 0.112189 s)
[15/53] queries/tpch/tpch-queries/q07/base.sql (2 warmup [warm ones = N=1 anchor] + 3 x5)
  warmup 1/2: 2.339955 sec, 1 copy (cache prime)
  warmup 2/2: 2.266132 sec, 1 copy (N=1 anchor)
  batch 1/3: 10.963322 sec, 5 copies (server sum 10846.890 ms)
  batch 2/3: 10.889427 sec, 5 copies (server sum 10768.163 ms)
  batch 3/3: 10.849907 sec, 5 copies (server sum 10735.874 ms)
  slope: pkg 47.72 J/exec (intercept 2.394 J), wall 2.158688 s/exec (intercept 0.107444 s)
[16/53] queries/tpch/tpch-queries/q07/v1_materialized.sql (2 warmup [warm ones = N=1 anchor] + 3 x5)
  warmup 1/2: 2.285369 sec, 1 copy (cache prime)
  warmup 2/2: 2.351765 sec, 1 copy (N=1 anchor)
  batch 1/3: 10.748240 sec, 5 copies (server sum 10627.781 ms)
  batch 2/3: 10.935711 sec, 5 copies (server sum 10818.062 ms)
  batch 3/3: 11.023360 sec, 5 copies (server sum 10897.105 ms)
  slope: pkg 48.55 J/exec (intercept -0.4386 J), wall 2.137668 s/exec (intercept 0.214097 s)
[17/53] queries/tpch/tpch-queries/q07/v2_union_all.sql (2 warmup [warm ones = N=1 anchor] + 3 x5)
  warmup 1/2: 1.702900 sec, 1 copy (cache prime)
  warmup 2/2: 1.584742 sec, 1 copy (N=1 anchor)
  batch 1/3: 7.514968 sec, 5 copies (server sum 7408.120 ms)
  batch 2/3: 7.511922 sec, 5 copies (server sum 7386.063 ms)
  batch 3/3: 7.518941 sec, 5 copies (server sum 7395.845 ms)
  slope: pkg 27.18 J/exec (intercept 2.771 J), wall 1.482634 s/exec (intercept 0.102108 s)
[18/53] queries/tpch/tpch-queries/q08/base.sql (2 warmup [warm ones = N=1 anchor] + 3 x5)
  warmup 1/2: 0.327694 sec, 1 copy (cache prime)
  warmup 2/2: 0.298690 sec, 1 copy (N=1 anchor)
  batch 1/3: 1.111188 sec, 5 copies (server sum 999.699 ms)
  batch 2/3: 1.135406 sec, 5 copies (server sum 1009.299 ms)
  batch 3/3: 1.117983 sec, 5 copies (server sum 999.850 ms)
  slope: pkg 3.559 J/exec (intercept 1.114 J), wall 0.205709 s/exec (intercept 0.092981 s)
[19/53] queries/tpch/tpch-queries/q08/v1_materialized.sql (2 warmup [warm ones = N=1 anchor] + 3 x5)
  warmup 1/2: 0.329398 sec, 1 copy (cache prime)
  warmup 2/2: 0.300389 sec, 1 copy (N=1 anchor)
  batch 1/3: 1.061897 sec, 5 copies (server sum 1005.510 ms)
  batch 2/3: 1.119489 sec, 5 copies (server sum 1013.461 ms)
  batch 3/3: 1.137986 sec, 5 copies (server sum 1016.803 ms)
  slope: pkg 3.489 J/exec (intercept 1.383 J), wall 0.201517 s/exec (intercept 0.098872 s)
[20/53] queries/tpch/tpch-queries/q08/v2_filter.sql (2 warmup [warm ones = N=1 anchor] + 3 x5)
  warmup 1/2: 0.302155 sec, 1 copy (cache prime)
  warmup 2/2: 0.338656 sec, 1 copy (N=1 anchor)
  batch 1/3: 1.131916 sec, 5 copies (server sum 1015.021 ms)
  batch 2/3: 1.148316 sec, 5 copies (server sum 1025.762 ms)
  batch 3/3: 1.136459 sec, 5 copies (server sum 1013.308 ms)
  slope: pkg 3.523 J/exec (intercept 0.9248 J), wall 0.200060 s/exec (intercept 0.138596 s)
[21/53] queries/tpch/tpch-queries/q09/base.sql (2 warmup [warm ones = N=1 anchor] + 3 x5)
  warmup 1/2: 1.614284 sec, 1 copy (cache prime)
  warmup 2/2: 1.621858 sec, 1 copy (N=1 anchor)
  batch 1/3: 7.459011 sec, 5 copies (server sum 7349.755 ms)
  batch 2/3: 7.612780 sec, 5 copies (server sum 7499.594 ms)
  batch 3/3: 7.520352 sec, 5 copies (server sum 7378.566 ms)
  slope: pkg 32.49 J/exec (intercept -0.488 J), wall 1.477214 s/exec (intercept 0.144644 s)
[22/53] queries/tpch/tpch-queries/q09/v1_materialized.sql (2 warmup [warm ones = N=1 anchor] + 3 x5)
  warmup 1/2: 1.694007 sec, 1 copy (cache prime)
  warmup 2/2: 1.581583 sec, 1 copy (N=1 anchor)
  batch 1/3: 7.467542 sec, 5 copies (server sum 7347.913 ms)
  batch 2/3: 7.576900 sec, 5 copies (server sum 7456.806 ms)
  batch 3/3: 7.528501 sec, 5 copies (server sum 7413.603 ms)
  slope: pkg 32.53 J/exec (intercept -0.4957 J), wall 1.485683 s/exec (intercept 0.095901 s)
[23/53] queries/tpch/tpch-queries/q10/base.sql (2 warmup [warm ones = N=1 anchor] + 3 x5)
  warmup 1/2: 0.537417 sec, 1 copy (cache prime)
  warmup 2/2: 0.548961 sec, 1 copy (N=1 anchor)
  batch 1/3: 1.912372 sec, 5 copies (server sum 1864.909 ms)
  batch 2/3: 2.126935 sec, 5 copies (server sum 2013.443 ms)
  batch 3/3: 1.954162 sec, 5 copies (server sum 1904.790 ms)
  slope: pkg 9.507 J/exec (intercept 2.027 J), wall 0.362215 s/exec (intercept 0.186746 s)
[24/53] queries/tpch/tpch-queries/q10/v1_materialized.sql (2 warmup [warm ones = N=1 anchor] + 3 x5)
  warmup 1/2: 0.526338 sec, 1 copy (cache prime)
  warmup 2/2: 0.530179 sec, 1 copy (N=1 anchor)
  batch 1/3: 2.160846 sec, 5 copies (server sum 2051.717 ms)
  batch 2/3: 2.062294 sec, 5 copies (server sum 2015.060 ms)
  batch 3/3: 2.225816 sec, 5 copies (server sum 2115.889 ms)
  slope: pkg 9.638 J/exec (intercept 1.399 J), wall 0.404868 s/exec (intercept 0.125310 s)
[25/53] queries/tpch/tpch-queries/q11/base.sql (2 warmup [warm ones = N=1 anchor] + 3 x5)
  warmup 1/2: 0.255330 sec, 1 copy (cache prime)
  warmup 2/2: 0.187317 sec, 1 copy (N=1 anchor)
  batch 1/3: 0.505199 sec, 5 copies (server sum 403.412 ms)
  batch 2/3: 0.537435 sec, 5 copies (server sum 441.516 ms)
  batch 3/3: 0.555486 sec, 5 copies (server sum 455.148 ms)
  slope: pkg 0.6431 J/exec (intercept 0.8842 J), wall 0.086347 s/exec (intercept 0.100970 s)
[26/53] queries/tpch/tpch-queries/q11/v1_materialized.sql (2 warmup [warm ones = N=1 anchor] + 3 x5)
  warmup 1/2: 0.194782 sec, 1 copy (cache prime)
  warmup 2/2: 0.198492 sec, 1 copy (N=1 anchor)
  batch 1/3: 0.613153 sec, 5 copies (server sum 515.788 ms)
  batch 2/3: 0.558227 sec, 5 copies (server sum 459.352 ms)
  batch 3/3: 0.531968 sec, 5 copies (server sum 434.455 ms)
  slope: pkg 0.6231 J/exec (intercept 0.7917 J), wall 0.092323 s/exec (intercept 0.106170 s)
[27/53] queries/tpch/tpch-queries/q11/v2_cte_threshold.sql (2 warmup [warm ones = N=1 anchor] + 3 x5)
  warmup 1/2: 0.191980 sec, 1 copy (cache prime)
  warmup 2/2: 0.199282 sec, 1 copy (N=1 anchor)
  batch 1/3: 0.558315 sec, 5 copies (server sum 452.322 ms)
  batch 2/3: 0.522129 sec, 5 copies (server sum 424.677 ms)
  batch 3/3: 0.553135 sec, 5 copies (server sum 456.864 ms)
  slope: pkg 0.6221 J/exec (intercept 0.7438 J), wall 0.086311 s/exec (intercept 0.112970 s)
[28/53] queries/tpch/tpch-queries/q12/base.sql (2 warmup [warm ones = N=1 anchor] + 3 x5)
  warmup 1/2: 0.705659 sec, 1 copy (cache prime)
  warmup 2/2: 0.687340 sec, 1 copy (N=1 anchor)
  batch 1/3: 3.038515 sec, 5 copies (server sum 2924.162 ms)
  batch 2/3: 3.028853 sec, 5 copies (server sum 2920.266 ms)
  batch 3/3: 3.183223 sec, 5 copies (server sum 3070.582 ms)
  slope: pkg 16.84 J/exec (intercept 0.3175 J), wall 0.599048 s/exec (intercept 0.088292 s)
[29/53] queries/tpch/tpch-queries/q12/v1_materialized.sql (2 warmup [warm ones = N=1 anchor] + 3 x5)
  warmup 1/2: 0.839940 sec, 1 copy (cache prime)
  warmup 2/2: 0.741042 sec, 1 copy (N=1 anchor)
  batch 1/3: 3.588870 sec, 5 copies (server sum 3541.179 ms)
  batch 2/3: 3.648485 sec, 5 copies (server sum 3591.468 ms)
  batch 3/3: 3.709137 sec, 5 copies (server sum 3655.274 ms)
  slope: pkg 16.41 J/exec (intercept 0.7186 J), wall 0.726947 s/exec (intercept 0.014094 s)
[30/53] queries/tpch/tpch-queries/q12/v2_filter.sql (2 warmup [warm ones = N=1 anchor] + 3 x5)
  warmup 1/2: 0.848457 sec, 1 copy (cache prime)
  warmup 2/2: 0.858156 sec, 1 copy (N=1 anchor)
  batch 1/3: 3.390926 sec, 5 copies (server sum 3336.305 ms)
  batch 2/3: 3.247694 sec, 5 copies (server sum 3116.145 ms)
  batch 3/3: 3.361276 sec, 5 copies (server sum 3247.348 ms)
  slope: pkg 13.55 J/exec (intercept 5.195 J), wall 0.618786 s/exec (intercept 0.239370 s)
[31/53] queries/tpch/tpch-queries/q13/base.sql (2 warmup [warm ones = N=1 anchor] + 3 x5)
  warmup 1/2: 0.882741 sec, 1 copy (cache prime)
  warmup 2/2: 0.841910 sec, 1 copy (N=1 anchor)
  batch 1/3: 3.707649 sec, 5 copies (server sum 3664.746 ms)
  batch 2/3: 3.643940 sec, 5 copies (server sum 3600.824 ms)
  batch 3/3: 3.674821 sec, 5 copies (server sum 3569.883 ms)
  slope: pkg 11.14 J/exec (intercept 0.9196 J), wall 0.708390 s/exec (intercept 0.133520 s)
[32/53] queries/tpch/tpch-queries/q13/v1_materialized.sql (2 warmup [warm ones = N=1 anchor] + 3 x5)
  warmup 1/2: 0.836697 sec, 1 copy (cache prime)
  warmup 2/2: 0.834242 sec, 1 copy (N=1 anchor)
  batch 1/3: 3.645470 sec, 5 copies (server sum 3536.423 ms)
  batch 2/3: 3.606417 sec, 5 copies (server sum 3500.042 ms)
  batch 3/3: 3.531414 sec, 5 copies (server sum 3488.164 ms)
  slope: pkg 11.07 J/exec (intercept 0.6837 J), wall 0.690048 s/exec (intercept 0.144194 s)
[33/53] queries/tpch/tpch-queries/q13/v2_correlated.sql (2 warmup [warm ones = N=1 anchor] + 3 x5)
  warmup 1/2: 2.266452 sec, 1 copy (cache prime)
  warmup 2/2: 2.356528 sec, 1 copy (N=1 anchor)
  batch 1/3: 10.572296 sec, 5 copies (server sum 10478.580 ms)
  batch 2/3: 10.412968 sec, 5 copies (server sum 10369.551 ms)
  batch 3/3: 10.481592 sec, 5 copies (server sum 10388.710 ms)
  slope: pkg 19.83 J/exec (intercept 0.8389 J), wall 2.033106 s/exec (intercept 0.323422 s)
[34/53] queries/tpch/tpch-queries/q14/base.sql (2 warmup [warm ones = N=1 anchor] + 3 x5)
  warmup 1/2: 0.318851 sec, 1 copy (cache prime)
  warmup 2/2: 0.295821 sec, 1 copy (N=1 anchor)
  batch 1/3: 0.813740 sec, 5 copies (server sum 703.645 ms)
  batch 2/3: 0.713540 sec, 5 copies (server sum 665.711 ms)
  batch 3/3: 0.762433 sec, 5 copies (server sum 665.600 ms)
  slope: pkg 2.104 J/exec (intercept 3.606 J), wall 0.116854 s/exec (intercept 0.178967 s)
[35/53] queries/tpch/tpch-queries/q14/v1_materialized.sql (2 warmup [warm ones = N=1 anchor] + 3 x5)
  warmup 1/2: 0.245269 sec, 1 copy (cache prime)
  warmup 2/2: 0.248539 sec, 1 copy (N=1 anchor)
  batch 1/3: 0.803883 sec, 5 copies (server sum 671.811 ms)
  batch 2/3: 0.788339 sec, 5 copies (server sum 676.162 ms)
  batch 3/3: 0.723141 sec, 5 copies (server sum 674.223 ms)
  slope: pkg 2.525 J/exec (intercept 1.057 J), wall 0.130812 s/exec (intercept 0.117727 s)
[36/53] queries/tpch/tpch-queries/q14/v2_filter.sql (2 warmup [warm ones = N=1 anchor] + 3 x5)
  warmup 1/2: 0.263814 sec, 1 copy (cache prime)
  warmup 2/2: 0.250454 sec, 1 copy (N=1 anchor)
  batch 1/3: 0.785234 sec, 5 copies (server sum 671.345 ms)
  batch 2/3: 0.777482 sec, 5 copies (server sum 672.858 ms)
  batch 3/3: 0.765772 sec, 5 copies (server sum 670.437 ms)
  slope: pkg 2.574 J/exec (intercept 1.002 J), wall 0.131427 s/exec (intercept 0.119027 s)
[37/53] queries/tpch/tpch-queries/q15/base.sql (2 warmup [warm ones = N=1 anchor] + 3 x5)
  warmup 1/2: 0.519878 sec, 1 copy (cache prime)
  warmup 2/2: 0.499170 sec, 1 copy (N=1 anchor)
  batch 1/3: 1.730952 sec, 5 copies (server sum 1619.129 ms)
  batch 2/3: 1.647639 sec, 5 copies (server sum 1542.197 ms)
  batch 3/3: 1.762522 sec, 5 copies (server sum 1660.338 ms)
  slope: pkg 8.943 J/exec (intercept 2.095 J), wall 0.303634 s/exec (intercept 0.195536 s)
[38/53] queries/tpch/tpch-queries/q15/v1_materialized.sql (2 warmup [warm ones = N=1 anchor] + 3 x5)
  warmup 1/2: 0.498328 sec, 1 copy (cache prime)
  warmup 2/2: 0.423259 sec, 1 copy (N=1 anchor)
  batch 1/3: 1.703935 sec, 5 copies (server sum 1601.119 ms)
  batch 2/3: 1.721469 sec, 5 copies (server sum 1619.531 ms)
  batch 3/3: 1.681483 sec, 5 copies (server sum 1578.010 ms)
  slope: pkg 9.705 J/exec (intercept -1.004 J), wall 0.319759 s/exec (intercept 0.103500 s)
[39/53] queries/tpch/tpch-queries/q16/base.sql (2 warmup [warm ones = N=1 anchor] + 3 x5)
  warmup 1/2: 0.366420 sec, 1 copy (cache prime)
  warmup 2/2: 0.346282 sec, 1 copy (N=1 anchor)
  batch 1/3: 1.310018 sec, 5 copies (server sum 1215.382 ms)
  batch 2/3: 1.321134 sec, 5 copies (server sum 1221.301 ms)
  batch 3/3: 1.338082 sec, 5 copies (server sum 1236.494 ms)
  slope: pkg 5.894 J/exec (intercept 0.6472 J), wall 0.244199 s/exec (intercept 0.102083 s)
[40/53] queries/tpch/tpch-queries/q16/v1_materialized.sql (2 warmup [warm ones = N=1 anchor] + 3 x5)
  warmup 1/2: 0.343531 sec, 1 copy (cache prime)
  warmup 2/2: 0.344766 sec, 1 copy (N=1 anchor)
  batch 1/3: 1.329194 sec, 5 copies (server sum 1232.761 ms)
  batch 2/3: 1.338442 sec, 5 copies (server sum 1240.498 ms)
  batch 3/3: 1.347868 sec, 5 copies (server sum 1236.520 ms)
  slope: pkg 5.905 J/exec (intercept 0.6946 J), wall 0.248434 s/exec (intercept 0.096332 s)
[41/53] queries/tpch/tpch-queries/q16/v2_not_exists.sql (2 warmup [warm ones = N=1 anchor] + 3 x5)
  warmup 1/2: 0.306504 sec, 1 copy (cache prime)
  warmup 2/2: 0.316671 sec, 1 copy (N=1 anchor)
  batch 1/3: 1.174350 sec, 5 copies (server sum 1076.273 ms)
  batch 2/3: 1.160247 sec, 5 copies (server sum 1049.943 ms)
  batch 3/3: 1.156040 sec, 5 copies (server sum 1052.351 ms)
  slope: pkg 4.784 J/exec (intercept 0.6036 J), wall 0.211719 s/exec (intercept 0.104952 s)
[42/53] queries/tpch/tpch-queries/q17/v2_decorrelate.sql (2 warmup [warm ones = N=1 anchor] + 3 x5)
  warmup 1/2: 2.385773 sec, 1 copy (cache prime)
  warmup 2/2: 2.296349 sec, 1 copy (N=1 anchor)
  batch 1/3: 11.502530 sec, 5 copies (server sum 11393.381 ms)
  batch 2/3: 11.388331 sec, 5 copies (server sum 11292.238 ms)
  batch 3/3: 11.518477 sec, 5 copies (server sum 11356.601 ms)
  slope: pkg 48.07 J/exec (intercept 2.147 J), wall 2.293358 s/exec (intercept 0.002991 s)
[43/53] queries/tpch/tpch-queries/q18/base.sql (2 warmup [warm ones = N=1 anchor] + 3 x5)
  warmup 1/2: 3.011025 sec, 1 copy (cache prime)
  warmup 2/2: 3.170829 sec, 1 copy (N=1 anchor)
  batch 1/3: 14.866886 sec, 5 copies (server sum 14745.676 ms)
  batch 2/3: 15.023087 sec, 5 copies (server sum 14907.750 ms)
  batch 3/3: 14.913226 sec, 5 copies (server sum 14857.807 ms)
  slope: pkg 63.47 J/exec (intercept 13.84 J), wall 2.940893 s/exec (intercept 0.229937 s)
[44/53] queries/tpch/tpch-queries/q18/v1_materialized.sql (2 warmup [warm ones = N=1 anchor] + 3 x5)
  warmup 1/2: 2.782894 sec, 1 copy (cache prime)
  warmup 2/2: 2.842380 sec, 1 copy (N=1 anchor)
  batch 1/3: 13.364263 sec, 5 copies (server sum 13297.455 ms)
  batch 2/3: 13.364289 sec, 5 copies (server sum 13241.099 ms)
  batch 3/3: 13.301752 sec, 5 copies (server sum 13181.846 ms)
  slope: pkg 57.39 J/exec (intercept 5.635 J), wall 2.625264 s/exec (intercept 0.217116 s)
[45/53] queries/tpch/tpch-queries/q18/v2_join.sql (2 warmup [warm ones = N=1 anchor] + 3 x5)
  warmup 1/2: 3.336414 sec, 1 copy (cache prime)
  warmup 2/2: 3.339181 sec, 1 copy (N=1 anchor)
  batch 1/3: 14.890464 sec, 5 copies (server sum 14788.500 ms)
  batch 2/3: 14.955314 sec, 5 copies (server sum 14828.144 ms)
  batch 3/3: 14.972524 sec, 5 copies (server sum 14838.360 ms)
  slope: pkg 63.59 J/exec (intercept 9.813 J), wall 2.900063 s/exec (intercept 0.439118 s)
[46/53] queries/tpch/tpch-queries/q19/base.sql (2 warmup [warm ones = N=1 anchor] + 3 x5)
  warmup 1/2: 0.180389 sec, 1 copy (cache prime)
  warmup 2/2: 0.160965 sec, 1 copy (N=1 anchor)
  batch 1/3: 0.218291 sec, 5 copies (server sum 172.263 ms)
  batch 2/3: 0.283349 sec, 5 copies (server sum 172.875 ms)
  batch 3/3: 0.278630 sec, 5 copies (server sum 172.418 ms)
  slope: pkg 0.6661 J/exec (intercept 0.7992 J), wall 0.024781 s/exec (intercept 0.136184 s)
[47/53] queries/tpch/tpch-queries/q19/v1_materialized.sql (2 warmup [warm ones = N=1 anchor] + 3 x5)
  warmup 1/2: 0.132000 sec, 1 copy (cache prime)
  warmup 2/2: 0.079905 sec, 1 copy (N=1 anchor)
  batch 1/3: 0.223926 sec, 5 copies (server sum 176.252 ms)
  batch 2/3: 0.291997 sec, 5 copies (server sum 179.476 ms)
  batch 3/3: 0.284194 sec, 5 copies (server sum 175.963 ms)
  slope: pkg 0.6351 J/exec (intercept 0.8346 J), wall 0.046700 s/exec (intercept 0.033205 s)
[48/53] queries/tpch/tpch-queries/q19/v2_union_all.sql (2 warmup [warm ones = N=1 anchor] + 3 x5)
  warmup 1/2: 0.158432 sec, 1 copy (cache prime)
  warmup 2/2: 0.092352 sec, 1 copy (N=1 anchor)
  batch 1/3: 0.293479 sec, 5 copies (server sum 243.374 ms)
  batch 2/3: 0.322535 sec, 5 copies (server sum 211.863 ms)
  batch 3/3: 0.317200 sec, 5 copies (server sum 209.314 ms)
  slope: pkg 0.9085 J/exec (intercept 0.7707 J), wall 0.054680 s/exec (intercept 0.037672 s)
[49/53] queries/tpch/tpch-queries/q21/base.sql (2 warmup [warm ones = N=1 anchor] + 3 x5)
  warmup 1/2: 1.416185 sec, 1 copy (cache prime)
  warmup 2/2: 1.524529 sec, 1 copy (N=1 anchor)
  batch 1/3: 6.423951 sec, 5 copies (server sum 6306.901 ms)
  batch 2/3: 6.432955 sec, 5 copies (server sum 6321.080 ms)
  batch 3/3: 6.596148 sec, 5 copies (server sum 6481.816 ms)
  slope: pkg 29.39 J/exec (intercept 1.473 J), wall 1.239956 s/exec (intercept 0.284574 s)
[50/53] queries/tpch/tpch-queries/q21/v1_materialized.sql (2 warmup [warm ones = N=1 anchor] + 3 x5)
  warmup 1/2: 1.448380 sec, 1 copy (cache prime)
  warmup 2/2: 1.425570 sec, 1 copy (N=1 anchor)
  batch 1/3: 6.557392 sec, 5 copies (server sum 6452.762 ms)
  batch 2/3: 6.561174 sec, 5 copies (server sum 6455.586 ms)
  batch 3/3: 6.531699 sec, 5 copies (server sum 6425.043 ms)
  slope: pkg 28.15 J/exec (intercept 3.041 J), wall 1.281129 s/exec (intercept 0.144441 s)
[51/53] queries/tpch/tpch-queries/q22/base.sql (2 warmup [warm ones = N=1 anchor] + 3 x5)
  warmup 1/2: 0.200922 sec, 1 copy (cache prime)
  warmup 2/2: 0.189849 sec, 1 copy (N=1 anchor)
  batch 1/3: 0.393161 sec, 5 copies (server sum 288.985 ms)
  batch 2/3: 0.427211 sec, 5 copies (server sum 316.561 ms)
  batch 3/3: 0.430731 sec, 5 copies (server sum 324.941 ms)
  slope: pkg 1.528 J/exec (intercept 0.6608 J), wall 0.056796 s/exec (intercept 0.133053 s)
[52/53] queries/tpch/tpch-queries/q22/v1_materialized.sql (2 warmup [warm ones = N=1 anchor] + 3 x5)
  warmup 1/2: 0.198743 sec, 1 copy (cache prime)
  warmup 2/2: 0.159482 sec, 1 copy (N=1 anchor)
  batch 1/3: 0.324544 sec, 5 copies (server sum 281.237 ms)
  batch 2/3: 0.422089 sec, 5 copies (server sum 317.068 ms)
  batch 3/3: 0.422797 sec, 5 copies (server sum 317.001 ms)
  slope: pkg 1.532 J/exec (intercept 0.6558 J), wall 0.057582 s/exec (intercept 0.101900 s)
[53/53] queries/tpch/tpch-queries/q22/v2_anti_join.sql (2 warmup [warm ones = N=1 anchor] + 3 x5)
  warmup 1/2: 0.354257 sec, 1 copy (cache prime)
  warmup 2/2: 0.246583 sec, 1 copy (N=1 anchor)
  batch 1/3: 0.755905 sec, 5 copies (server sum 645.896 ms)
  batch 2/3: 0.688135 sec, 5 copies (server sum 642.105 ms)
  batch 3/3: 0.796766 sec, 5 copies (server sum 682.895 ms)
  slope: pkg 2.487 J/exec (intercept 0.8937 J), wall 0.125088 s/exec (intercept 0.121495 s)

Done. Batch rows appended to logs/shared_buffers/sb_512MB/query_timing_tpch_idx.csv
Per-copy samples appended to logs/shared_buffers/sb_512MB/query_samples_tpch_idx.csv
Relation sizes appended to logs/shared_buffers/sb_512MB/query_catalog_tpch_idx.csv
Per-query slope/intercept appended to logs/shared_buffers/sb_512MB/query_slope_tpch_idx.csv
make: Leaving directory '/home/user01/GreenSQL'
