make: Entering directory '/home/user01/GreenSQL'
query_runner configuration:
  QUERY_DIR      = queries/tpch/tpch-queries
  LOG_FILE       = logs/work_mem/wm_16MB/query_timing_tpch_idx.csv
  SAMPLE_FILE    = logs/work_mem/wm_16MB/query_samples_tpch_idx.csv
  CATALOG_FILE   = logs/work_mem/wm_16MB/query_catalog_tpch_idx.csv
  SLOPE_FILE     = logs/work_mem/wm_16MB/query_slope_tpch_idx.csv
  DB_NAME        = tpch_idx
  DB_USER        = postgres
  PGPORT         = 5434
  PG_VERSION     = 18.4  (as reported by the server on that port)
  BATCHNUM       = 5 (slope sizes: 1 copy and 5 copies)
  RUNS           = 3 (measured batches per size)
  WARMUP         = 2 (single-copy; #1 primes cache, warm ones = N=1 anchor)
  WORKERS        = (planner default)
  STATEMENT_TIMEOUT = 900
  SIGLESS_ADDR   = (disabled)
Found 53 queries under queries/tpch/tpch-queries

Catalog snapshot: 37 relations -> logs/work_mem/wm_16MB/query_catalog_tpch_idx.csv
[1/53] queries/tpch/tpch-queries/q01/base.sql (2 warmup [warm ones = N=1 anchor] + 3 x5)
  warmup 1/2: 1.555320 sec, 1 copy (cache prime)
  warmup 2/2: 1.632092 sec, 1 copy (N=1 anchor)
  batch 1/3: 8.536313 sec, 5 copies (server sum 8415.558 ms)
  batch 2/3: 8.525889 sec, 5 copies (server sum 8412.310 ms)
  batch 3/3: 8.499458 sec, 5 copies (server sum 8391.812 ms)
  slope: pkg 36.29 J/exec (intercept 5.121 J), wall 1.722115 s/exec (intercept -0.090023 s)
[2/53] queries/tpch/tpch-queries/q01/v1_materialized.sql (2 warmup [warm ones = N=1 anchor] + 3 x5)
  warmup 1/2: 1.802312 sec, 1 copy (cache prime)
  warmup 2/2: 1.798088 sec, 1 copy (N=1 anchor)
  batch 1/3: 8.514921 sec, 5 copies (server sum 8395.909 ms)
  batch 2/3: 8.528200 sec, 5 copies (server sum 8393.458 ms)
  batch 3/3: 8.461312 sec, 5 copies (server sum 8404.427 ms)
  slope: pkg 36.73 J/exec (intercept 2.83 J), wall 1.675847 s/exec (intercept 0.122240 s)
[3/53] queries/tpch/tpch-queries/q02/base.sql (2 warmup [warm ones = N=1 anchor] + 3 x5)
  warmup 1/2: 0.333082 sec, 1 copy (cache prime)
  warmup 2/2: 0.307468 sec, 1 copy (N=1 anchor)
  batch 1/3: 1.066401 sec, 5 copies (server sum 967.150 ms)
  batch 2/3: 0.975214 sec, 5 copies (server sum 925.357 ms)
  batch 3/3: 1.027080 sec, 5 copies (server sum 920.728 ms)
  slope: pkg 1.752 J/exec (intercept 1.134 J), wall 0.178858 s/exec (intercept 0.128610 s)
[4/53] queries/tpch/tpch-queries/q02/v1_materialized.sql (2 warmup [warm ones = N=1 anchor] + 3 x5)
  warmup 1/2: 0.323425 sec, 1 copy (cache prime)
  warmup 2/2: 0.341018 sec, 1 copy (N=1 anchor)
  batch 1/3: 1.195029 sec, 5 copies (server sum 1096.113 ms)
  batch 2/3: 1.177053 sec, 5 copies (server sum 1076.663 ms)
  batch 3/3: 1.115913 sec, 5 copies (server sum 1066.568 ms)
  slope: pkg 1.663 J/exec (intercept 0.8919 J), wall 0.205412 s/exec (intercept 0.135606 s)
[5/53] queries/tpch/tpch-queries/q02/v2_decorrelate.sql (2 warmup [warm ones = N=1 anchor] + 3 x5)
  warmup 1/2: 0.320236 sec, 1 copy (cache prime)
  warmup 2/2: 0.328815 sec, 1 copy (N=1 anchor)
  batch 1/3: 1.204718 sec, 5 copies (server sum 1094.079 ms)
  batch 2/3: 1.191402 sec, 5 copies (server sum 1080.567 ms)
  batch 3/3: 1.201139 sec, 5 copies (server sum 1090.673 ms)
  slope: pkg 1.252 J/exec (intercept 0.8005 J), wall 0.217568 s/exec (intercept 0.111247 s)
[6/53] queries/tpch/tpch-queries/q03/base.sql (2 warmup [warm ones = N=1 anchor] + 3 x5)
  warmup 1/2: 0.360036 sec, 1 copy (cache prime)
  warmup 2/2: 0.377751 sec, 1 copy (N=1 anchor)
  batch 1/3: 1.359835 sec, 5 copies (server sum 1252.050 ms)
  batch 2/3: 1.379775 sec, 5 copies (server sum 1279.841 ms)
  batch 3/3: 1.381999 sec, 5 copies (server sum 1283.289 ms)
  slope: pkg 7.736 J/exec (intercept 1.138 J), wall 0.249030 s/exec (intercept 0.128722 s)
[7/53] queries/tpch/tpch-queries/q03/v1_materialized.sql (2 warmup [warm ones = N=1 anchor] + 3 x5)
  warmup 1/2: 0.312360 sec, 1 copy (cache prime)
  warmup 2/2: 0.400506 sec, 1 copy (N=1 anchor)
  batch 1/3: 1.386550 sec, 5 copies (server sum 1278.966 ms)
  batch 2/3: 1.387562 sec, 5 copies (server sum 1292.226 ms)
  batch 3/3: 1.389941 sec, 5 copies (server sum 1291.376 ms)
  slope: pkg 7.704 J/exec (intercept 0.8821 J), wall 0.246878 s/exec (intercept 0.153629 s)
[8/53] queries/tpch/tpch-queries/q04/base.sql (2 warmup [warm ones = N=1 anchor] + 3 x5)
  warmup 1/2: 0.209137 sec, 1 copy (cache prime)
  warmup 2/2: 0.142481 sec, 1 copy (N=1 anchor)
  batch 1/3: 0.598767 sec, 5 copies (server sum 491.554 ms)
  batch 2/3: 0.555233 sec, 5 copies (server sum 457.071 ms)
  batch 3/3: 0.573499 sec, 5 copies (server sum 473.220 ms)
  slope: pkg 2.572 J/exec (intercept 1.321 J), wall 0.108338 s/exec (intercept 0.034143 s)
[9/53] queries/tpch/tpch-queries/q04/v1_materialized.sql (2 warmup [warm ones = N=1 anchor] + 3 x5)
  warmup 1/2: 0.204391 sec, 1 copy (cache prime)
  warmup 2/2: 0.142931 sec, 1 copy (N=1 anchor)
  batch 1/3: 0.603505 sec, 5 copies (server sum 491.113 ms)
  batch 2/3: 0.570044 sec, 5 copies (server sum 468.679 ms)
  batch 3/3: 0.556478 sec, 5 copies (server sum 458.992 ms)
  slope: pkg 2.549 J/exec (intercept 1.3 J), wall 0.108436 s/exec (intercept 0.034495 s)
[10/53] queries/tpch/tpch-queries/q04/v2_in.sql (2 warmup [warm ones = N=1 anchor] + 3 x5)
  warmup 1/2: 0.218610 sec, 1 copy (cache prime)
  warmup 2/2: 0.136458 sec, 1 copy (N=1 anchor)
  batch 1/3: 0.577454 sec, 5 copies (server sum 477.760 ms)
  batch 2/3: 0.585617 sec, 5 copies (server sum 484.657 ms)
  batch 3/3: 0.583187 sec, 5 copies (server sum 475.866 ms)
  slope: pkg 2.522 J/exec (intercept 1.284 J), wall 0.111407 s/exec (intercept 0.025051 s)
[11/53] queries/tpch/tpch-queries/q05/base.sql (2 warmup [warm ones = N=1 anchor] + 3 x5)
  warmup 1/2: 0.352694 sec, 1 copy (cache prime)
  warmup 2/2: 0.372704 sec, 1 copy (N=1 anchor)
  batch 1/3: 1.410402 sec, 5 copies (server sum 1295.606 ms)
  batch 2/3: 1.392904 sec, 5 copies (server sum 1282.211 ms)
  batch 3/3: 1.394994 sec, 5 copies (server sum 1283.923 ms)
  slope: pkg 3.575 J/exec (intercept 1.064 J), wall 0.256682 s/exec (intercept 0.116022 s)
[12/53] queries/tpch/tpch-queries/q05/v1_materialized.sql (2 warmup [warm ones = N=1 anchor] + 3 x5)
  warmup 1/2: 0.379554 sec, 1 copy (cache prime)
  warmup 2/2: 0.373578 sec, 1 copy (N=1 anchor)
  batch 1/3: 1.389607 sec, 5 copies (server sum 1286.890 ms)
  batch 2/3: 1.391447 sec, 5 copies (server sum 1287.850 ms)
  batch 3/3: 1.393639 sec, 5 copies (server sum 1283.331 ms)
  slope: pkg 3.57 J/exec (intercept 1.132 J), wall 0.254497 s/exec (intercept 0.119082 s)
[13/53] queries/tpch/tpch-queries/q06/base.sql (2 warmup [warm ones = N=1 anchor] + 3 x5)
  warmup 1/2: 0.098548 sec, 1 copy (cache prime)
  warmup 2/2: 0.096532 sec, 1 copy (N=1 anchor)
  batch 1/3: 0.329722 sec, 5 copies (server sum 288.203 ms)
  batch 2/3: 0.327486 sec, 5 copies (server sum 285.757 ms)
  batch 3/3: 0.455492 sec, 5 copies (server sum 352.063 ms)
  slope: pkg 1.854 J/exec (intercept 0.7469 J), wall 0.068592 s/exec (intercept 0.027940 s)
[14/53] queries/tpch/tpch-queries/q06/v1_materialized.sql (2 warmup [warm ones = N=1 anchor] + 3 x5)
  warmup 1/2: 0.172911 sec, 1 copy (cache prime)
  warmup 2/2: 0.125892 sec, 1 copy (N=1 anchor)
  batch 1/3: 0.345270 sec, 5 copies (server sum 299.200 ms)
  batch 2/3: 0.433059 sec, 5 copies (server sum 327.010 ms)
  batch 3/3: 0.424341 sec, 5 copies (server sum 318.928 ms)
  slope: pkg 1.981 J/exec (intercept -0.1766 J), wall 0.068750 s/exec (intercept 0.057142 s)
[15/53] queries/tpch/tpch-queries/q07/base.sql (2 warmup [warm ones = N=1 anchor] + 3 x5)
  warmup 1/2: 0.806786 sec, 1 copy (cache prime)
  warmup 2/2: 0.763998 sec, 1 copy (N=1 anchor)
  batch 1/3: 3.273528 sec, 5 copies (server sum 3164.049 ms)
  batch 2/3: 3.210616 sec, 5 copies (server sum 3107.423 ms)
  batch 3/3: 3.234304 sec, 5 copies (server sum 3126.242 ms)
  slope: pkg 9.186 J/exec (intercept 0.6372 J), wall 0.618871 s/exec (intercept 0.145127 s)
[16/53] queries/tpch/tpch-queries/q07/v1_materialized.sql (2 warmup [warm ones = N=1 anchor] + 3 x5)
  warmup 1/2: 0.748583 sec, 1 copy (cache prime)
  warmup 2/2: 0.756516 sec, 1 copy (N=1 anchor)
  batch 1/3: 3.245231 sec, 5 copies (server sum 3135.970 ms)
  batch 2/3: 3.234866 sec, 5 copies (server sum 3121.602 ms)
  batch 3/3: 3.227719 sec, 5 copies (server sum 3123.729 ms)
  slope: pkg 9.054 J/exec (intercept 1.018 J), wall 0.619856 s/exec (intercept 0.136660 s)
[17/53] queries/tpch/tpch-queries/q07/v2_union_all.sql (2 warmup [warm ones = N=1 anchor] + 3 x5)
  warmup 1/2: 0.699556 sec, 1 copy (cache prime)
  warmup 2/2: 0.705154 sec, 1 copy (N=1 anchor)
  batch 1/3: 3.058424 sec, 5 copies (server sum 2954.274 ms)
  batch 2/3: 3.078983 sec, 5 copies (server sum 2975.336 ms)
  batch 3/3: 3.175217 sec, 5 copies (server sum 3068.612 ms)
  slope: pkg 8.151 J/exec (intercept 1.274 J), wall 0.599763 s/exec (intercept 0.105391 s)
[18/53] queries/tpch/tpch-queries/q08/base.sql (2 warmup [warm ones = N=1 anchor] + 3 x5)
  warmup 1/2: 0.276506 sec, 1 copy (cache prime)
  warmup 2/2: 0.243725 sec, 1 copy (N=1 anchor)
  batch 1/3: 0.752518 sec, 5 copies (server sum 699.216 ms)
  batch 2/3: 0.811610 sec, 5 copies (server sum 706.282 ms)
  batch 3/3: 0.815652 sec, 5 copies (server sum 708.667 ms)
  slope: pkg 2.277 J/exec (intercept 1.641 J), wall 0.137384 s/exec (intercept 0.106342 s)
[19/53] queries/tpch/tpch-queries/q08/v1_materialized.sql (2 warmup [warm ones = N=1 anchor] + 3 x5)
  warmup 1/2: 0.248925 sec, 1 copy (cache prime)
  warmup 2/2: 0.260347 sec, 1 copy (N=1 anchor)
  batch 1/3: 0.767963 sec, 5 copies (server sum 712.260 ms)
  batch 2/3: 0.816035 sec, 5 copies (server sum 711.437 ms)
  batch 3/3: 0.820027 sec, 5 copies (server sum 712.639 ms)
  slope: pkg 2.349 J/exec (intercept 1.147 J), wall 0.135249 s/exec (intercept 0.125098 s)
[20/53] queries/tpch/tpch-queries/q08/v2_filter.sql (2 warmup [warm ones = N=1 anchor] + 3 x5)
  warmup 1/2: 0.256350 sec, 1 copy (cache prime)
  warmup 2/2: 0.246562 sec, 1 copy (N=1 anchor)
  batch 1/3: 0.759918 sec, 5 copies (server sum 705.810 ms)
  batch 2/3: 0.813759 sec, 5 copies (server sum 707.237 ms)
  batch 3/3: 0.804269 sec, 5 copies (server sum 699.561 ms)
  slope: pkg 2.374 J/exec (intercept 1.37 J), wall 0.136521 s/exec (intercept 0.110041 s)
[21/53] queries/tpch/tpch-queries/q09/base.sql (2 warmup [warm ones = N=1 anchor] + 3 x5)
  warmup 1/2: 1.149617 sec, 1 copy (cache prime)
  warmup 2/2: 1.163680 sec, 1 copy (N=1 anchor)
  batch 1/3: 5.508681 sec, 5 copies (server sum 5452.414 ms)
  batch 2/3: 5.842236 sec, 5 copies (server sum 5736.852 ms)
  batch 3/3: 5.839148 sec, 5 copies (server sum 5731.332 ms)
  slope: pkg 19.46 J/exec (intercept 2.976 J), wall 1.141585 s/exec (intercept 0.022095 s)
[22/53] queries/tpch/tpch-queries/q09/v1_materialized.sql (2 warmup [warm ones = N=1 anchor] + 3 x5)
  warmup 1/2: 1.203057 sec, 1 copy (cache prime)
  warmup 2/2: 1.258508 sec, 1 copy (N=1 anchor)
  batch 1/3: 5.851673 sec, 5 copies (server sum 5746.287 ms)
  batch 2/3: 5.863911 sec, 5 copies (server sum 5756.386 ms)
  batch 3/3: 5.478906 sec, 5 copies (server sum 5372.136 ms)
  slope: pkg 20.01 J/exec (intercept 1.137 J), wall 1.118247 s/exec (intercept 0.140261 s)
[23/53] queries/tpch/tpch-queries/q10/base.sql (2 warmup [warm ones = N=1 anchor] + 3 x5)
  warmup 1/2: 0.342848 sec, 1 copy (cache prime)
  warmup 2/2: 0.391853 sec, 1 copy (N=1 anchor)
  batch 1/3: 1.458085 sec, 5 copies (server sum 1363.010 ms)
  batch 2/3: 1.460341 sec, 5 copies (server sum 1364.567 ms)
  batch 3/3: 1.464342 sec, 5 copies (server sum 1368.649 ms)
  slope: pkg 6.474 J/exec (intercept 1.448 J), wall 0.267267 s/exec (intercept 0.124586 s)
[24/53] queries/tpch/tpch-queries/q10/v1_materialized.sql (2 warmup [warm ones = N=1 anchor] + 3 x5)
  warmup 1/2: 0.353520 sec, 1 copy (cache prime)
  warmup 2/2: 0.402304 sec, 1 copy (N=1 anchor)
  batch 1/3: 1.520851 sec, 5 copies (server sum 1425.320 ms)
  batch 2/3: 1.573751 sec, 5 copies (server sum 1475.708 ms)
  batch 3/3: 1.544950 sec, 5 copies (server sum 1428.864 ms)
  slope: pkg 6.304 J/exec (intercept 1.605 J), wall 0.286053 s/exec (intercept 0.116251 s)
[25/53] queries/tpch/tpch-queries/q11/base.sql (2 warmup [warm ones = N=1 anchor] + 3 x5)
  warmup 1/2: 0.170601 sec, 1 copy (cache prime)
  warmup 2/2: 0.121310 sec, 1 copy (N=1 anchor)
  batch 1/3: 0.440395 sec, 5 copies (server sum 384.951 ms)
  batch 2/3: 0.490876 sec, 5 copies (server sum 392.521 ms)
  batch 3/3: 0.494995 sec, 5 copies (server sum 396.072 ms)
  slope: pkg 0.6985 J/exec (intercept 0.7465 J), wall 0.088528 s/exec (intercept 0.032782 s)
[26/53] queries/tpch/tpch-queries/q11/v1_materialized.sql (2 warmup [warm ones = N=1 anchor] + 3 x5)
  warmup 1/2: 0.217788 sec, 1 copy (cache prime)
  warmup 2/2: 0.125822 sec, 1 copy (N=1 anchor)
  batch 1/3: 0.460591 sec, 5 copies (server sum 408.048 ms)
  batch 2/3: 0.496302 sec, 5 copies (server sum 395.814 ms)
  batch 3/3: 0.507325 sec, 5 copies (server sum 399.975 ms)
  slope: pkg 0.7365 J/exec (intercept 0.6269 J), wall 0.090563 s/exec (intercept 0.035259 s)
[27/53] queries/tpch/tpch-queries/q11/v2_cte_threshold.sql (2 warmup [warm ones = N=1 anchor] + 3 x5)
  warmup 1/2: 0.180526 sec, 1 copy (cache prime)
  warmup 2/2: 0.122591 sec, 1 copy (N=1 anchor)
  batch 1/3: 0.446496 sec, 5 copies (server sum 392.432 ms)
  batch 2/3: 0.499155 sec, 5 copies (server sum 399.084 ms)
  batch 3/3: 0.500721 sec, 5 copies (server sum 400.189 ms)
  slope: pkg 0.6679 J/exec (intercept 0.6853 J), wall 0.089883 s/exec (intercept 0.032707 s)
[28/53] queries/tpch/tpch-queries/q12/base.sql (2 warmup [warm ones = N=1 anchor] + 3 x5)
  warmup 1/2: 0.388856 sec, 1 copy (cache prime)
  warmup 2/2: 0.443093 sec, 1 copy (N=1 anchor)
  batch 1/3: 1.459952 sec, 5 copies (server sum 1358.660 ms)
  batch 2/3: 1.449416 sec, 5 copies (server sum 1354.277 ms)
  batch 3/3: 1.460843 sec, 5 copies (server sum 1368.787 ms)
  slope: pkg 7.563 J/exec (intercept 1.64 J), wall 0.253411 s/exec (intercept 0.189682 s)
[29/53] queries/tpch/tpch-queries/q12/v1_materialized.sql (2 warmup [warm ones = N=1 anchor] + 3 x5)
  warmup 1/2: 0.340067 sec, 1 copy (cache prime)
  warmup 2/2: 0.340351 sec, 1 copy (N=1 anchor)
  batch 1/3: 1.490225 sec, 5 copies (server sum 1385.203 ms)
  batch 2/3: 1.517043 sec, 5 copies (server sum 1419.706 ms)
  batch 3/3: 1.466260 sec, 5 copies (server sum 1371.680 ms)
  slope: pkg 7.442 J/exec (intercept 1.5 J), wall 0.287706 s/exec (intercept 0.052645 s)
[30/53] queries/tpch/tpch-queries/q12/v2_filter.sql (2 warmup [warm ones = N=1 anchor] + 3 x5)
  warmup 1/2: 0.352296 sec, 1 copy (cache prime)
  warmup 2/2: 0.403121 sec, 1 copy (N=1 anchor)
  batch 1/3: 1.549531 sec, 5 copies (server sum 1412.011 ms)
  batch 2/3: 1.522273 sec, 5 copies (server sum 1414.395 ms)
  batch 3/3: 1.516891 sec, 5 copies (server sum 1422.924 ms)
  slope: pkg 7.258 J/exec (intercept 1.191 J), wall 0.281611 s/exec (intercept 0.121510 s)
[31/53] queries/tpch/tpch-queries/q13/base.sql (2 warmup [warm ones = N=1 anchor] + 3 x5)
  warmup 1/2: 1.690190 sec, 1 copy (cache prime)
  warmup 2/2: 1.707871 sec, 1 copy (N=1 anchor)
  batch 1/3: 7.901849 sec, 5 copies (server sum 7803.031 ms)
  batch 2/3: 7.838281 sec, 5 copies (server sum 7736.497 ms)
  batch 3/3: 7.783711 sec, 5 copies (server sum 7684.054 ms)
  slope: pkg 9.268 J/exec (intercept 0.779 J), wall 1.533352 s/exec (intercept 0.174518 s)
[32/53] queries/tpch/tpch-queries/q13/v1_materialized.sql (2 warmup [warm ones = N=1 anchor] + 3 x5)
  warmup 1/2: 1.600210 sec, 1 copy (cache prime)
  warmup 2/2: 1.670957 sec, 1 copy (N=1 anchor)
  batch 1/3: 7.722988 sec, 5 copies (server sum 7625.088 ms)
  batch 2/3: 7.598487 sec, 5 copies (server sum 7550.793 ms)
  batch 3/3: 7.716624 sec, 5 copies (server sum 7615.664 ms)
  slope: pkg 9.157 J/exec (intercept 0.758 J), wall 1.502102 s/exec (intercept 0.168854 s)
[33/53] queries/tpch/tpch-queries/q13/v2_correlated.sql (2 warmup [warm ones = N=1 anchor] + 3 x5)
  warmup 1/2: 2.298017 sec, 1 copy (cache prime)
  warmup 2/2: 2.225617 sec, 1 copy (N=1 anchor)
  batch 1/3: 10.764772 sec, 5 copies (server sum 10670.465 ms)
  batch 2/3: 10.613649 sec, 5 copies (server sum 10569.342 ms)
  batch 3/3: 10.629176 sec, 5 copies (server sum 10536.836 ms)
  slope: pkg 19.34 J/exec (intercept 1.792 J), wall 2.110896 s/exec (intercept 0.114721 s)
[34/53] queries/tpch/tpch-queries/q14/base.sql (2 warmup [warm ones = N=1 anchor] + 3 x5)
  warmup 1/2: 0.200807 sec, 1 copy (cache prime)
  warmup 2/2: 0.249443 sec, 1 copy (N=1 anchor)
  batch 1/3: 0.760881 sec, 5 copies (server sum 653.350 ms)
  batch 2/3: 0.700776 sec, 5 copies (server sum 654.824 ms)
  batch 3/3: 0.775627 sec, 5 copies (server sum 677.078 ms)
  slope: pkg 3.541 J/exec (intercept 1.311 J), wall 0.124080 s/exec (intercept 0.125363 s)
[35/53] queries/tpch/tpch-queries/q14/v1_materialized.sql (2 warmup [warm ones = N=1 anchor] + 3 x5)
  warmup 1/2: 0.279499 sec, 1 copy (cache prime)
  warmup 2/2: 0.292217 sec, 1 copy (N=1 anchor)
  batch 1/3: 0.801215 sec, 5 copies (server sum 694.872 ms)
  batch 2/3: 0.820560 sec, 5 copies (server sum 712.877 ms)
  batch 3/3: 0.809993 sec, 5 copies (server sum 693.433 ms)
  slope: pkg 3.563 J/exec (intercept 0.295 J), wall 0.129593 s/exec (intercept 0.162624 s)
[36/53] queries/tpch/tpch-queries/q14/v2_filter.sql (2 warmup [warm ones = N=1 anchor] + 3 x5)
  warmup 1/2: 0.305388 sec, 1 copy (cache prime)
  warmup 2/2: 0.271942 sec, 1 copy (N=1 anchor)
  batch 1/3: 0.694459 sec, 5 copies (server sum 649.146 ms)
  batch 2/3: 0.824693 sec, 5 copies (server sum 662.082 ms)
  batch 3/3: 0.695249 sec, 5 copies (server sum 650.382 ms)
  slope: pkg 3.719 J/exec (intercept 0.7815 J), wall 0.116548 s/exec (intercept 0.155394 s)
[37/53] queries/tpch/tpch-queries/q15/base.sql (2 warmup [warm ones = N=1 anchor] + 3 x5)
  warmup 1/2: 0.404989 sec, 1 copy (cache prime)
  warmup 2/2: 0.373892 sec, 1 copy (N=1 anchor)
  batch 1/3: 1.271463 sec, 5 copies (server sum 1175.323 ms)
  batch 2/3: 1.260411 sec, 5 copies (server sum 1167.320 ms)
  batch 3/3: 1.239832 sec, 5 copies (server sum 1144.877 ms)
  slope: pkg 1.998 J/exec (intercept 1.534 J), wall 0.220836 s/exec (intercept 0.153056 s)
[38/53] queries/tpch/tpch-queries/q15/v1_materialized.sql (2 warmup [warm ones = N=1 anchor] + 3 x5)
  warmup 1/2: 0.371552 sec, 1 copy (cache prime)
  warmup 2/2: 0.371563 sec, 1 copy (N=1 anchor)
  batch 1/3: 1.270773 sec, 5 copies (server sum 1176.314 ms)
  batch 2/3: 1.209868 sec, 5 copies (server sum 1163.307 ms)
  batch 3/3: 1.239045 sec, 5 copies (server sum 1144.696 ms)
  slope: pkg 2 J/exec (intercept 1.499 J), wall 0.217083 s/exec (intercept 0.154480 s)
[39/53] queries/tpch/tpch-queries/q16/base.sql (2 warmup [warm ones = N=1 anchor] + 3 x5)
  warmup 1/2: 0.317325 sec, 1 copy (cache prime)
  warmup 2/2: 0.326121 sec, 1 copy (N=1 anchor)
  batch 1/3: 1.220483 sec, 5 copies (server sum 1114.835 ms)
  batch 2/3: 1.200183 sec, 5 copies (server sum 1096.427 ms)
  batch 3/3: 1.203188 sec, 5 copies (server sum 1097.462 ms)
  slope: pkg 6.158 J/exec (intercept 0.5524 J), wall 0.220457 s/exec (intercept 0.105664 s)
[40/53] queries/tpch/tpch-queries/q16/v1_materialized.sql (2 warmup [warm ones = N=1 anchor] + 3 x5)
  warmup 1/2: 0.324905 sec, 1 copy (cache prime)
  warmup 2/2: 0.335892 sec, 1 copy (N=1 anchor)
  batch 1/3: 1.272031 sec, 5 copies (server sum 1164.053 ms)
  batch 2/3: 1.234355 sec, 5 copies (server sum 1127.048 ms)
  batch 3/3: 1.237256 sec, 5 copies (server sum 1130.868 ms)
  slope: pkg 6.167 J/exec (intercept 0.74 J), wall 0.227997 s/exec (intercept 0.107894 s)
[41/53] queries/tpch/tpch-queries/q16/v2_not_exists.sql (2 warmup [warm ones = N=1 anchor] + 3 x5)
  warmup 1/2: 0.304988 sec, 1 copy (cache prime)
  warmup 2/2: 0.301903 sec, 1 copy (N=1 anchor)
  batch 1/3: 1.158185 sec, 5 copies (server sum 1050.795 ms)
  batch 2/3: 1.153693 sec, 5 copies (server sum 1057.332 ms)
  batch 3/3: 1.169744 sec, 5 copies (server sum 1054.304 ms)
  slope: pkg 4.805 J/exec (intercept 0.7386 J), wall 0.214659 s/exec (intercept 0.087244 s)
[42/53] queries/tpch/tpch-queries/q17/v2_decorrelate.sql (2 warmup [warm ones = N=1 anchor] + 3 x5)
  warmup 1/2: 2.050589 sec, 1 copy (cache prime)
  warmup 2/2: 2.187678 sec, 1 copy (N=1 anchor)
  batch 1/3: 10.140216 sec, 5 copies (server sum 10043.255 ms)
  batch 2/3: 10.033692 sec, 5 copies (server sum 9929.090 ms)
  batch 3/3: 10.199837 sec, 5 copies (server sum 10085.586 ms)
  slope: pkg 37.86 J/exec (intercept 0.5072 J), wall 1.984226 s/exec (intercept 0.203452 s)
[43/53] queries/tpch/tpch-queries/q18/base.sql (2 warmup [warm ones = N=1 anchor] + 3 x5)
  warmup 1/2: 2.335988 sec, 1 copy (cache prime)
  warmup 2/2: 2.491102 sec, 1 copy (N=1 anchor)
  batch 1/3: 11.987207 sec, 5 copies (server sum 11875.289 ms)
  batch 2/3: 12.715919 sec, 5 copies (server sum 12592.491 ms)
  batch 3/3: 12.871899 sec, 5 copies (server sum 12720.107 ms)
  slope: pkg 56.01 J/exec (intercept 12.69 J), wall 2.508477 s/exec (intercept -0.017375 s)
[44/53] queries/tpch/tpch-queries/q18/v1_materialized.sql (2 warmup [warm ones = N=1 anchor] + 3 x5)
  warmup 1/2: 2.780629 sec, 1 copy (cache prime)
  warmup 2/2: 2.744607 sec, 1 copy (N=1 anchor)
  batch 1/3: 12.847095 sec, 5 copies (server sum 12791.224 ms)
  batch 2/3: 12.812418 sec, 5 copies (server sum 12692.891 ms)
  batch 3/3: 13.146515 sec, 5 copies (server sum 12920.707 ms)
  slope: pkg 55.73 J/exec (intercept 4.623 J), wall 2.547684 s/exec (intercept 0.196923 s)
[45/53] queries/tpch/tpch-queries/q18/v2_join.sql (2 warmup [warm ones = N=1 anchor] + 3 x5)
  warmup 1/2: 2.605342 sec, 1 copy (cache prime)
  warmup 2/2: 2.657348 sec, 1 copy (N=1 anchor)
  batch 1/3: 12.770205 sec, 5 copies (server sum 12647.880 ms)
  batch 2/3: 12.916259 sec, 5 copies (server sum 12799.810 ms)
  batch 3/3: 12.983431 sec, 5 copies (server sum 12870.538 ms)
  slope: pkg 56.03 J/exec (intercept 2.455 J), wall 2.558154 s/exec (intercept 0.099194 s)
[46/53] queries/tpch/tpch-queries/q19/base.sql (2 warmup [warm ones = N=1 anchor] + 3 x5)
  warmup 1/2: 0.144166 sec, 1 copy (cache prime)
  warmup 2/2: 0.084942 sec, 1 copy (N=1 anchor)
  batch 1/3: 0.238157 sec, 5 copies (server sum 191.312 ms)
  batch 2/3: 0.297563 sec, 5 copies (server sum 195.094 ms)
  batch 3/3: 0.295042 sec, 5 copies (server sum 193.884 ms)
  slope: pkg 0.8158 J/exec (intercept 0.8302 J), wall 0.047995 s/exec (intercept 0.036947 s)
[47/53] queries/tpch/tpch-queries/q19/v1_materialized.sql (2 warmup [warm ones = N=1 anchor] + 3 x5)
  warmup 1/2: 0.142312 sec, 1 copy (cache prime)
  warmup 2/2: 0.085146 sec, 1 copy (N=1 anchor)
  batch 1/3: 0.238498 sec, 5 copies (server sum 191.666 ms)
  batch 2/3: 0.300040 sec, 5 copies (server sum 197.016 ms)
  batch 3/3: 0.304824 sec, 5 copies (server sum 197.445 ms)
  slope: pkg 0.777 J/exec (intercept 0.919 J), wall 0.048994 s/exec (intercept 0.036153 s)
[48/53] queries/tpch/tpch-queries/q19/v2_union_all.sql (2 warmup [warm ones = N=1 anchor] + 3 x5)
  warmup 1/2: 0.159454 sec, 1 copy (cache prime)
  warmup 2/2: 0.098656 sec, 1 copy (N=1 anchor)
  batch 1/3: 0.302671 sec, 5 copies (server sum 252.990 ms)
  batch 2/3: 0.269451 sec, 5 copies (server sum 222.192 ms)
  batch 3/3: 0.323410 sec, 5 copies (server sum 226.283 ms)
  slope: pkg 1.141 J/exec (intercept 0.7131 J), wall 0.049964 s/exec (intercept 0.048692 s)
[49/53] queries/tpch/tpch-queries/q21/base.sql (2 warmup [warm ones = N=1 anchor] + 3 x5)
  warmup 1/2: 0.589962 sec, 1 copy (cache prime)
  warmup 2/2: 0.594840 sec, 1 copy (N=1 anchor)
  batch 1/3: 2.466961 sec, 5 copies (server sum 2364.997 ms)
  batch 2/3: 2.435128 sec, 5 copies (server sum 2333.066 ms)
  batch 3/3: 2.443912 sec, 5 copies (server sum 2331.399 ms)
  slope: pkg 10.88 J/exec (intercept 0.04981 J), wall 0.463457 s/exec (intercept 0.131384 s)
[50/53] queries/tpch/tpch-queries/q21/v1_materialized.sql (2 warmup [warm ones = N=1 anchor] + 3 x5)
  warmup 1/2: 0.576565 sec, 1 copy (cache prime)
  warmup 2/2: 0.519331 sec, 1 copy (N=1 anchor)
  batch 1/3: 2.358168 sec, 5 copies (server sum 2308.885 ms)
  batch 2/3: 2.451731 sec, 5 copies (server sum 2349.252 ms)
  batch 3/3: 2.459217 sec, 5 copies (server sum 2348.925 ms)
  slope: pkg 10.36 J/exec (intercept 1.768 J), wall 0.475927 s/exec (intercept 0.043405 s)
[51/53] queries/tpch/tpch-queries/q22/base.sql (2 warmup [warm ones = N=1 anchor] + 3 x5)
  warmup 1/2: 0.155634 sec, 1 copy (cache prime)
  warmup 2/2: 0.108656 sec, 1 copy (N=1 anchor)
  batch 1/3: 0.336158 sec, 5 copies (server sum 289.505 ms)
  batch 2/3: 0.406619 sec, 5 copies (server sum 300.317 ms)
  batch 3/3: 0.433645 sec, 5 copies (server sum 332.645 ms)
  slope: pkg 1.458 J/exec (intercept 0.4725 J), wall 0.070871 s/exec (intercept 0.037785 s)
[52/53] queries/tpch/tpch-queries/q22/v1_materialized.sql (2 warmup [warm ones = N=1 anchor] + 3 x5)
  warmup 1/2: 0.165315 sec, 1 copy (cache prime)
  warmup 2/2: 0.102085 sec, 1 copy (N=1 anchor)
  batch 1/3: 0.312605 sec, 5 copies (server sum 269.126 ms)
  batch 2/3: 0.420389 sec, 5 copies (server sum 308.876 ms)
  batch 3/3: 0.418603 sec, 5 copies (server sum 307.189 ms)
  slope: pkg 1.367 J/exec (intercept 0.854 J), wall 0.070445 s/exec (intercept 0.031639 s)
[53/53] queries/tpch/tpch-queries/q22/v2_anti_join.sql (2 warmup [warm ones = N=1 anchor] + 3 x5)
  warmup 1/2: 0.237875 sec, 1 copy (cache prime)
  warmup 2/2: 0.255891 sec, 1 copy (N=1 anchor)
  batch 1/3: 0.658097 sec, 5 copies (server sum 546.407 ms)
  batch 2/3: 0.646523 sec, 5 copies (server sum 539.746 ms)
  batch 3/3: 0.643468 sec, 5 copies (server sum 537.798 ms)
  slope: pkg 2.965 J/exec (intercept 0.1601 J), wall 0.098368 s/exec (intercept 0.157523 s)

Done. Batch rows appended to logs/work_mem/wm_16MB/query_timing_tpch_idx.csv
Per-copy samples appended to logs/work_mem/wm_16MB/query_samples_tpch_idx.csv
Relation sizes appended to logs/work_mem/wm_16MB/query_catalog_tpch_idx.csv
Per-query slope/intercept appended to logs/work_mem/wm_16MB/query_slope_tpch_idx.csv
make: Leaving directory '/home/user01/GreenSQL'
