make: Entering directory '/home/user01/GreenSQL'
query_runner configuration:
  QUERY_DIR      = queries/tpch/tpch-queries
  LOG_FILE       = logs/work_mem/wm_16MB/query_timing_tpch.csv
  SAMPLE_FILE    = logs/work_mem/wm_16MB/query_samples_tpch.csv
  CATALOG_FILE   = logs/work_mem/wm_16MB/query_catalog_tpch.csv
  SLOPE_FILE     = logs/work_mem/wm_16MB/query_slope_tpch.csv
  DB_NAME        = tpch
  DB_USER        = postgres
  PGPORT         = 5434
  PG_VERSION     = 18.4  (as reported by the server on that port)
  BATCHNUM       = 5 (slope sizes: 1 copy and 5 copies)
  RUNS           = 3 (measured batches per size)
  WARMUP         = 2 (single-copy; #1 primes cache, warm ones = N=1 anchor)
  WORKERS        = (planner default)
  STATEMENT_TIMEOUT = 900
  SIGLESS_ADDR   = (disabled)
Found 53 queries under queries/tpch/tpch-queries

Catalog snapshot: 11 relations -> logs/work_mem/wm_16MB/query_catalog_tpch.csv
[1/53] queries/tpch/tpch-queries/q01/base.sql (2 warmup [warm ones = N=1 anchor] + 3 x5)
  warmup 1/2: 1.549740 sec, 1 copy (cache prime)
  warmup 2/2: 1.629665 sec, 1 copy (N=1 anchor)
  batch 1/3: 8.547591 sec, 5 copies (server sum 8419.873 ms)
  batch 2/3: 8.534427 sec, 5 copies (server sum 8412.754 ms)
  batch 3/3: 8.502760 sec, 5 copies (server sum 8395.186 ms)
  slope: pkg 36.21 J/exec (intercept 5.756 J), wall 1.724649 s/exec (intercept -0.094983 s)
[2/53] queries/tpch/tpch-queries/q01/v1_materialized.sql (2 warmup [warm ones = N=1 anchor] + 3 x5)
  warmup 1/2: 1.787972 sec, 1 copy (cache prime)
  warmup 2/2: 1.845845 sec, 1 copy (N=1 anchor)
  batch 1/3: 8.499192 sec, 5 copies (server sum 8428.522 ms)
  batch 2/3: 8.527655 sec, 5 copies (server sum 8405.902 ms)
  batch 3/3: 8.517085 sec, 5 copies (server sum 8404.271 ms)
  slope: pkg 36.83 J/exec (intercept 2.933 J), wall 1.667200 s/exec (intercept 0.178645 s)
[3/53] queries/tpch/tpch-queries/q02/base.sql (2 warmup [warm ones = N=1 anchor] + 3 x5)
  warmup 1/2: 55.632858 sec, 1 copy (cache prime)
  warmup 2/2: 55.228769 sec, 1 copy (N=1 anchor)
  batch 1/3: 272.896745 sec, 5 copies (server sum 272795.644 ms)
  batch 2/3: 271.648143 sec, 5 copies (server sum 271541.826 ms)
  batch 3/3: 266.577485 sec, 5 copies (server sum 266476.424 ms)
  slope: pkg 451.3 J/exec (intercept 4.829 J), wall 53.786339 s/exec (intercept 1.442430 s)
[4/53] queries/tpch/tpch-queries/q02/v1_materialized.sql (2 warmup [warm ones = N=1 anchor] + 3 x5)
  warmup 1/2: 55.442455 sec, 1 copy (cache prime)
  warmup 2/2: 54.612425 sec, 1 copy (N=1 anchor)
  batch 1/3: 269.152977 sec, 5 copies (server sum 269049.582 ms)
  batch 2/3: 266.483958 sec, 5 copies (server sum 266384.577 ms)
  batch 3/3: 268.731839 sec, 5 copies (server sum 268633.964 ms)
  slope: pkg 452 J/exec (intercept 15.8 J), wall 53.377625 s/exec (intercept 1.234801 s)
[5/53] queries/tpch/tpch-queries/q02/v2_decorrelate.sql (2 warmup [warm ones = N=1 anchor] + 3 x5)
  warmup 1/2: 0.325574 sec, 1 copy (cache prime)
  warmup 2/2: 0.322877 sec, 1 copy (N=1 anchor)
  batch 1/3: 1.186298 sec, 5 copies (server sum 1074.929 ms)
  batch 2/3: 1.226939 sec, 5 copies (server sum 1106.078 ms)
  batch 3/3: 1.241633 sec, 5 copies (server sum 1136.171 ms)
  slope: pkg 3.177 J/exec (intercept 0.7749 J), wall 0.223853 s/exec (intercept 0.099024 s)
[6/53] queries/tpch/tpch-queries/q03/base.sql (2 warmup [warm ones = N=1 anchor] + 3 x5)
  warmup 1/2: 0.373397 sec, 1 copy (cache prime)
  warmup 2/2: 0.377872 sec, 1 copy (N=1 anchor)
  batch 1/3: 1.380846 sec, 5 copies (server sum 1274.783 ms)
  batch 2/3: 1.418839 sec, 5 copies (server sum 1316.744 ms)
  batch 3/3: 1.424979 sec, 5 copies (server sum 1322.467 ms)
  slope: pkg 7.487 J/exec (intercept 1.142 J), wall 0.257587 s/exec (intercept 0.120285 s)
[7/53] queries/tpch/tpch-queries/q03/v1_materialized.sql (2 warmup [warm ones = N=1 anchor] + 3 x5)
  warmup 1/2: 0.421298 sec, 1 copy (cache prime)
  warmup 2/2: 0.406026 sec, 1 copy (N=1 anchor)
  batch 1/3: 1.387217 sec, 5 copies (server sum 1280.263 ms)
  batch 2/3: 1.481674 sec, 5 copies (server sum 1345.728 ms)
  batch 3/3: 1.401521 sec, 5 copies (server sum 1305.603 ms)
  slope: pkg 7.683 J/exec (intercept 0.8515 J), wall 0.254361 s/exec (intercept 0.151665 s)
[8/53] queries/tpch/tpch-queries/q04/base.sql (2 warmup [warm ones = N=1 anchor] + 3 x5)
  warmup 1/2: 0.197360 sec, 1 copy (cache prime)
  warmup 2/2: 0.142829 sec, 1 copy (N=1 anchor)
  batch 1/3: 0.593707 sec, 5 copies (server sum 489.651 ms)
  batch 2/3: 0.560491 sec, 5 copies (server sum 463.415 ms)
  batch 3/3: 0.565397 sec, 5 copies (server sum 466.720 ms)
  slope: pkg 2.966 J/exec (intercept 1.042 J), wall 0.107592 s/exec (intercept 0.035236 s)
[9/53] queries/tpch/tpch-queries/q04/v1_materialized.sql (2 warmup [warm ones = N=1 anchor] + 3 x5)
  warmup 1/2: 0.199800 sec, 1 copy (cache prime)
  warmup 2/2: 0.134027 sec, 1 copy (N=1 anchor)
  batch 1/3: 0.592554 sec, 5 copies (server sum 481.407 ms)
  batch 2/3: 0.557966 sec, 5 copies (server sum 461.357 ms)
  batch 3/3: 0.547392 sec, 5 copies (server sum 454.487 ms)
  slope: pkg 3.035 J/exec (intercept 0.8405 J), wall 0.107986 s/exec (intercept 0.026042 s)
[10/53] queries/tpch/tpch-queries/q04/v2_in.sql (2 warmup [warm ones = N=1 anchor] + 3 x5)
  warmup 1/2: 0.209063 sec, 1 copy (cache prime)
  warmup 2/2: 0.137390 sec, 1 copy (N=1 anchor)
  batch 1/3: 0.579265 sec, 5 copies (server sum 474.942 ms)
  batch 2/3: 0.558213 sec, 5 copies (server sum 461.348 ms)
  batch 3/3: 0.557804 sec, 5 copies (server sum 460.128 ms)
  slope: pkg 3.021 J/exec (intercept 0.9072 J), wall 0.106926 s/exec (intercept 0.030465 s)
[11/53] queries/tpch/tpch-queries/q05/base.sql (2 warmup [warm ones = N=1 anchor] + 3 x5)
  warmup 1/2: 0.375416 sec, 1 copy (cache prime)
  warmup 2/2: 0.384265 sec, 1 copy (N=1 anchor)
  batch 1/3: 1.387511 sec, 5 copies (server sum 1278.899 ms)
  batch 2/3: 1.366941 sec, 5 copies (server sum 1262.569 ms)
  batch 3/3: 1.348976 sec, 5 copies (server sum 1245.952 ms)
  slope: pkg 3.516 J/exec (intercept 0.6718 J), wall 0.245886 s/exec (intercept 0.138379 s)
[12/53] queries/tpch/tpch-queries/q05/v1_materialized.sql (2 warmup [warm ones = N=1 anchor] + 3 x5)
  warmup 1/2: 0.353516 sec, 1 copy (cache prime)
  warmup 2/2: 0.364314 sec, 1 copy (N=1 anchor)
  batch 1/3: 1.369924 sec, 5 copies (server sum 1261.962 ms)
  batch 2/3: 1.369170 sec, 5 copies (server sum 1264.827 ms)
  batch 3/3: 1.396437 sec, 5 copies (server sum 1245.484 ms)
  slope: pkg 3.44 J/exec (intercept 1.035 J), wall 0.253549 s/exec (intercept 0.110764 s)
[13/53] queries/tpch/tpch-queries/q06/base.sql (2 warmup [warm ones = N=1 anchor] + 3 x5)
  warmup 1/2: 0.328179 sec, 1 copy (cache prime)
  warmup 2/2: 0.376272 sec, 1 copy (N=1 anchor)
  batch 1/3: 1.155247 sec, 5 copies (server sum 1114.073 ms)
  batch 2/3: 1.298851 sec, 5 copies (server sum 1198.769 ms)
  batch 3/3: 1.311823 sec, 5 copies (server sum 1213.058 ms)
  slope: pkg 7.715 J/exec (intercept 0.1788 J), wall 0.219759 s/exec (intercept 0.156513 s)
[14/53] queries/tpch/tpch-queries/q06/v1_materialized.sql (2 warmup [warm ones = N=1 anchor] + 3 x5)
  warmup 1/2: 0.374063 sec, 1 copy (cache prime)
  warmup 2/2: 0.435280 sec, 1 copy (N=1 anchor)
  batch 1/3: 1.235055 sec, 5 copies (server sum 1188.603 ms)
  batch 2/3: 1.301671 sec, 5 copies (server sum 1200.868 ms)
  batch 3/3: 1.323114 sec, 5 copies (server sum 1227.596 ms)
  slope: pkg 7.293 J/exec (intercept 0.7277 J), wall 0.212833 s/exec (intercept 0.222447 s)
[15/53] queries/tpch/tpch-queries/q07/base.sql (2 warmup [warm ones = N=1 anchor] + 3 x5)
  warmup 1/2: 0.446184 sec, 1 copy (cache prime)
  warmup 2/2: 0.417636 sec, 1 copy (N=1 anchor)
  batch 1/3: 1.564052 sec, 5 copies (server sum 1466.165 ms)
  batch 2/3: 1.554489 sec, 5 copies (server sum 1455.895 ms)
  batch 3/3: 1.549360 sec, 5 copies (server sum 1452.735 ms)
  slope: pkg 4.905 J/exec (intercept 0.91 J), wall 0.284583 s/exec (intercept 0.133054 s)
[16/53] queries/tpch/tpch-queries/q07/v1_materialized.sql (2 warmup [warm ones = N=1 anchor] + 3 x5)
  warmup 1/2: 0.397482 sec, 1 copy (cache prime)
  warmup 2/2: 0.440998 sec, 1 copy (N=1 anchor)
  batch 1/3: 1.565424 sec, 5 copies (server sum 1467.139 ms)
  batch 2/3: 1.492094 sec, 5 copies (server sum 1445.657 ms)
  batch 3/3: 1.559628 sec, 5 copies (server sum 1458.202 ms)
  slope: pkg 4.722 J/exec (intercept 1.43 J), wall 0.274513 s/exec (intercept 0.166485 s)
[17/53] queries/tpch/tpch-queries/q07/v2_union_all.sql (2 warmup [warm ones = N=1 anchor] + 3 x5)
  warmup 1/2: 0.399719 sec, 1 copy (cache prime)
  warmup 2/2: 0.430063 sec, 1 copy (N=1 anchor)
  batch 1/3: 1.593634 sec, 5 copies (server sum 1490.082 ms)
  batch 2/3: 1.575797 sec, 5 copies (server sum 1475.639 ms)
  batch 3/3: 1.573773 sec, 5 copies (server sum 1470.381 ms)
  slope: pkg 5.034 J/exec (intercept 0.6966 J), wall 0.287751 s/exec (intercept 0.142312 s)
[18/53] queries/tpch/tpch-queries/q08/base.sql (2 warmup [warm ones = N=1 anchor] + 3 x5)
  warmup 1/2: 0.481851 sec, 1 copy (cache prime)
  warmup 2/2: 0.477814 sec, 1 copy (N=1 anchor)
  batch 1/3: 1.883954 sec, 5 copies (server sum 1780.793 ms)
  batch 2/3: 1.865558 sec, 5 copies (server sum 1768.053 ms)
  batch 3/3: 1.875402 sec, 5 copies (server sum 1775.761 ms)
  slope: pkg 6.196 J/exec (intercept 1.695 J), wall 0.349289 s/exec (intercept 0.128525 s)
[19/53] queries/tpch/tpch-queries/q08/v1_materialized.sql (2 warmup [warm ones = N=1 anchor] + 3 x5)
  warmup 1/2: 0.476392 sec, 1 copy (cache prime)
  warmup 2/2: 0.480261 sec, 1 copy (N=1 anchor)
  batch 1/3: 1.871711 sec, 5 copies (server sum 1774.559 ms)
  batch 2/3: 1.874112 sec, 5 copies (server sum 1776.586 ms)
  batch 3/3: 1.832247 sec, 5 copies (server sum 1764.641 ms)
  slope: pkg 6.229 J/exec (intercept 1.531 J), wall 0.344774 s/exec (intercept 0.135487 s)
[20/53] queries/tpch/tpch-queries/q08/v2_filter.sql (2 warmup [warm ones = N=1 anchor] + 3 x5)
  warmup 1/2: 0.480372 sec, 1 copy (cache prime)
  warmup 2/2: 0.475880 sec, 1 copy (N=1 anchor)
  batch 1/3: 1.870950 sec, 5 copies (server sum 1772.214 ms)
  batch 2/3: 1.881384 sec, 5 copies (server sum 1781.762 ms)
  batch 3/3: 1.867144 sec, 5 copies (server sum 1770.728 ms)
  slope: pkg 6.232 J/exec (intercept 1.543 J), wall 0.349320 s/exec (intercept 0.126560 s)
[21/53] queries/tpch/tpch-queries/q09/base.sql (2 warmup [warm ones = N=1 anchor] + 3 x5)
  warmup 1/2: 0.984493 sec, 1 copy (cache prime)
  warmup 2/2: 0.989201 sec, 1 copy (N=1 anchor)
  batch 1/3: 4.453422 sec, 5 copies (server sum 4406.687 ms)
  batch 2/3: 4.553743 sec, 5 copies (server sum 4458.102 ms)
  batch 3/3: 4.570133 sec, 5 copies (server sum 4469.892 ms)
  slope: pkg 20.44 J/exec (intercept 1.296 J), wall 0.884141 s/exec (intercept 0.105060 s)
[22/53] queries/tpch/tpch-queries/q09/v1_materialized.sql (2 warmup [warm ones = N=1 anchor] + 3 x5)
  warmup 1/2: 0.999589 sec, 1 copy (cache prime)
  warmup 2/2: 1.007726 sec, 1 copy (N=1 anchor)
  batch 1/3: 4.594703 sec, 5 copies (server sum 4485.504 ms)
  batch 2/3: 4.610762 sec, 5 copies (server sum 4508.730 ms)
  batch 3/3: 4.618133 sec, 5 copies (server sum 4569.252 ms)
  slope: pkg 20.18 J/exec (intercept 0.8801 J), wall 0.900035 s/exec (intercept 0.107691 s)
[23/53] queries/tpch/tpch-queries/q10/base.sql (2 warmup [warm ones = N=1 anchor] + 3 x5)
  warmup 1/2: 0.366445 sec, 1 copy (cache prime)
  warmup 2/2: 0.322686 sec, 1 copy (N=1 anchor)
  batch 1/3: 1.368959 sec, 5 copies (server sum 1264.048 ms)
  batch 2/3: 1.382853 sec, 5 copies (server sum 1284.325 ms)
  batch 3/3: 1.395687 sec, 5 copies (server sum 1298.316 ms)
  slope: pkg 6.981 J/exec (intercept 1.382 J), wall 0.264953 s/exec (intercept 0.057733 s)
[24/53] queries/tpch/tpch-queries/q10/v1_materialized.sql (2 warmup [warm ones = N=1 anchor] + 3 x5)
  warmup 1/2: 0.449511 sec, 1 copy (cache prime)
  warmup 2/2: 0.349427 sec, 1 copy (N=1 anchor)
  batch 1/3: 1.466955 sec, 5 copies (server sum 1357.471 ms)
  batch 2/3: 1.450359 sec, 5 copies (server sum 1351.101 ms)
  batch 3/3: 1.505132 sec, 5 copies (server sum 1402.258 ms)
  slope: pkg 7.153 J/exec (intercept 0.8896 J), wall 0.281180 s/exec (intercept 0.068247 s)
[25/53] queries/tpch/tpch-queries/q11/base.sql (2 warmup [warm ones = N=1 anchor] + 3 x5)
  warmup 1/2: 0.219155 sec, 1 copy (cache prime)
  warmup 2/2: 0.230808 sec, 1 copy (N=1 anchor)
  batch 1/3: 0.478930 sec, 5 copies (server sum 436.039 ms)
  batch 2/3: 0.480090 sec, 5 copies (server sum 436.767 ms)
  batch 3/3: 0.525324 sec, 5 copies (server sum 419.867 ms)
  slope: pkg 2.409 J/exec (intercept -0.1332 J), wall 0.065993 s/exec (intercept 0.164814 s)
[26/53] queries/tpch/tpch-queries/q11/v1_materialized.sql (2 warmup [warm ones = N=1 anchor] + 3 x5)
  warmup 1/2: 0.204213 sec, 1 copy (cache prime)
  warmup 2/2: 0.149622 sec, 1 copy (N=1 anchor)
  batch 1/3: 0.558923 sec, 5 copies (server sum 456.923 ms)
  batch 2/3: 0.581490 sec, 5 copies (server sum 470.179 ms)
  batch 3/3: 0.534423 sec, 5 copies (server sum 423.686 ms)
  slope: pkg 2.315 J/exec (intercept 0.1512 J), wall 0.102164 s/exec (intercept 0.047458 s)
[27/53] queries/tpch/tpch-queries/q11/v2_cte_threshold.sql (2 warmup [warm ones = N=1 anchor] + 3 x5)
  warmup 1/2: 0.209760 sec, 1 copy (cache prime)
  warmup 2/2: 0.128004 sec, 1 copy (N=1 anchor)
  batch 1/3: 0.482977 sec, 5 copies (server sum 438.946 ms)
  batch 2/3: 0.522104 sec, 5 copies (server sum 416.354 ms)
  batch 3/3: 0.554240 sec, 5 copies (server sum 448.981 ms)
  slope: pkg 2.208 J/exec (intercept 0.789 J), wall 0.097942 s/exec (intercept 0.030062 s)
[28/53] queries/tpch/tpch-queries/q12/base.sql (2 warmup [warm ones = N=1 anchor] + 3 x5)
  warmup 1/2: 0.627459 sec, 1 copy (cache prime)
  warmup 2/2: 0.567884 sec, 1 copy (N=1 anchor)
  batch 1/3: 2.351972 sec, 5 copies (server sum 2245.494 ms)
  batch 2/3: 2.482264 sec, 5 copies (server sum 2373.932 ms)
  batch 3/3: 2.465499 sec, 5 copies (server sum 2358.030 ms)
  slope: pkg 10.72 J/exec (intercept 2.058 J), wall 0.466340 s/exec (intercept 0.101544 s)
[29/53] queries/tpch/tpch-queries/q12/v1_materialized.sql (2 warmup [warm ones = N=1 anchor] + 3 x5)
  warmup 1/2: 0.574635 sec, 1 copy (cache prime)
  warmup 2/2: 0.632856 sec, 1 copy (N=1 anchor)
  batch 1/3: 2.401432 sec, 5 copies (server sum 2353.183 ms)
  batch 2/3: 2.463101 sec, 5 copies (server sum 2357.578 ms)
  batch 3/3: 2.485552 sec, 5 copies (server sum 2373.371 ms)
  slope: pkg 10.2 J/exec (intercept 2.972 J), wall 0.454293 s/exec (intercept 0.178563 s)
[30/53] queries/tpch/tpch-queries/q12/v2_filter.sql (2 warmup [warm ones = N=1 anchor] + 3 x5)
  warmup 1/2: 0.587105 sec, 1 copy (cache prime)
  warmup 2/2: 0.632394 sec, 1 copy (N=1 anchor)
  batch 1/3: 2.456722 sec, 5 copies (server sum 2341.445 ms)
  batch 2/3: 2.461629 sec, 5 copies (server sum 2355.841 ms)
  batch 3/3: 2.422719 sec, 5 copies (server sum 2370.001 ms)
  slope: pkg 10.24 J/exec (intercept 2.839 J), wall 0.453657 s/exec (intercept 0.178737 s)
[31/53] queries/tpch/tpch-queries/q13/base.sql (2 warmup [warm ones = N=1 anchor] + 3 x5)
  warmup 1/2: 1.724930 sec, 1 copy (cache prime)
  warmup 2/2: 1.679202 sec, 1 copy (N=1 anchor)
  batch 1/3: 7.884518 sec, 5 copies (server sum 7787.052 ms)
  batch 2/3: 7.864387 sec, 5 copies (server sum 7762.393 ms)
  batch 3/3: 7.733820 sec, 5 copies (server sum 7635.543 ms)
  slope: pkg 9.007 J/exec (intercept 0.9876 J), wall 1.537093 s/exec (intercept 0.142109 s)
[32/53] queries/tpch/tpch-queries/q13/v1_materialized.sql (2 warmup [warm ones = N=1 anchor] + 3 x5)
  warmup 1/2: 1.668539 sec, 1 copy (cache prime)
  warmup 2/2: 1.680115 sec, 1 copy (N=1 anchor)
  batch 1/3: 7.722051 sec, 5 copies (server sum 7614.030 ms)
  batch 2/3: 7.727789 sec, 5 copies (server sum 7628.696 ms)
  batch 3/3: 7.675322 sec, 5 copies (server sum 7578.405 ms)
  slope: pkg 8.945 J/exec (intercept 0.6343 J), wall 1.507068 s/exec (intercept 0.173047 s)
[33/53] queries/tpch/tpch-queries/q13/v2_correlated.sql (2 warmup [warm ones = N=1 anchor] + 3 x5)
  warmup 1/2: 2.228363 sec, 1 copy (cache prime)
  warmup 2/2: 2.174930 sec, 1 copy (N=1 anchor)
  batch 1/3: 10.436222 sec, 5 copies (server sum 10342.103 ms)
  batch 2/3: 10.309831 sec, 5 copies (server sum 10216.266 ms)
  batch 3/3: 10.410090 sec, 5 copies (server sum 10316.340 ms)
  slope: pkg 19.28 J/exec (intercept 1.453 J), wall 2.052613 s/exec (intercept 0.122317 s)
[34/53] queries/tpch/tpch-queries/q14/base.sql (2 warmup [warm ones = N=1 anchor] + 3 x5)
  warmup 1/2: 0.354382 sec, 1 copy (cache prime)
  warmup 2/2: 0.386878 sec, 1 copy (N=1 anchor)
  batch 1/3: 1.338691 sec, 5 copies (server sum 1233.994 ms)
  batch 2/3: 1.298583 sec, 5 copies (server sum 1204.031 ms)
  batch 3/3: 1.315905 sec, 5 copies (server sum 1216.015 ms)
  slope: pkg 8.472 J/exec (intercept -0.2659 J), wall 0.232712 s/exec (intercept 0.154166 s)
[35/53] queries/tpch/tpch-queries/q14/v1_materialized.sql (2 warmup [warm ones = N=1 anchor] + 3 x5)
  warmup 1/2: 0.367079 sec, 1 copy (cache prime)
  warmup 2/2: 0.418833 sec, 1 copy (N=1 anchor)
  batch 1/3: 1.338546 sec, 5 copies (server sum 1237.382 ms)
  batch 2/3: 1.296649 sec, 5 copies (server sum 1200.296 ms)
  batch 3/3: 1.329956 sec, 5 copies (server sum 1237.228 ms)
  slope: pkg 8.335 J/exec (intercept -0.3358 J), wall 0.225721 s/exec (intercept 0.193112 s)
[36/53] queries/tpch/tpch-queries/q14/v2_filter.sql (2 warmup [warm ones = N=1 anchor] + 3 x5)
  warmup 1/2: 0.381918 sec, 1 copy (cache prime)
  warmup 2/2: 0.413250 sec, 1 copy (N=1 anchor)
  batch 1/3: 1.391994 sec, 5 copies (server sum 1288.501 ms)
  batch 2/3: 1.325618 sec, 5 copies (server sum 1229.113 ms)
  batch 3/3: 1.373056 sec, 5 copies (server sum 1273.676 ms)
  slope: pkg 8.074 J/exec (intercept 0.04674 J), wall 0.237576 s/exec (intercept 0.175673 s)
[37/53] queries/tpch/tpch-queries/q15/base.sql (2 warmup [warm ones = N=1 anchor] + 3 x5)
  warmup 1/2: 0.416848 sec, 1 copy (cache prime)
  warmup 2/2: 0.459186 sec, 1 copy (N=1 anchor)
  batch 1/3: 1.458195 sec, 5 copies (server sum 1415.489 ms)
  batch 2/3: 1.515803 sec, 5 copies (server sum 1421.985 ms)
  batch 3/3: 1.553582 sec, 5 copies (server sum 1455.714 ms)
  slope: pkg 8.486 J/exec (intercept 0.2405 J), wall 0.262502 s/exec (intercept 0.196684 s)
[38/53] queries/tpch/tpch-queries/q15/v1_materialized.sql (2 warmup [warm ones = N=1 anchor] + 3 x5)
  warmup 1/2: 0.430486 sec, 1 copy (cache prime)
  warmup 2/2: 0.415315 sec, 1 copy (N=1 anchor)
  batch 1/3: 1.589653 sec, 5 copies (server sum 1492.137 ms)
  batch 2/3: 1.573402 sec, 5 copies (server sum 1477.758 ms)
  batch 3/3: 1.581195 sec, 5 copies (server sum 1481.861 ms)
  slope: pkg 8.073 J/exec (intercept 0.7707 J), wall 0.291525 s/exec (intercept 0.123790 s)
[39/53] queries/tpch/tpch-queries/q16/base.sql (2 warmup [warm ones = N=1 anchor] + 3 x5)
  warmup 1/2: 0.335115 sec, 1 copy (cache prime)
  warmup 2/2: 0.332422 sec, 1 copy (N=1 anchor)
  batch 1/3: 1.249373 sec, 5 copies (server sum 1145.800 ms)
  batch 2/3: 1.279579 sec, 5 copies (server sum 1179.181 ms)
  batch 3/3: 1.245625 sec, 5 copies (server sum 1148.732 ms)
  slope: pkg 5.73 J/exec (intercept 0.155 J), wall 0.231442 s/exec (intercept 0.100980 s)
[40/53] queries/tpch/tpch-queries/q16/v1_materialized.sql (2 warmup [warm ones = N=1 anchor] + 3 x5)
  warmup 1/2: 0.339753 sec, 1 copy (cache prime)
  warmup 2/2: 0.326938 sec, 1 copy (N=1 anchor)
  batch 1/3: 1.232080 sec, 5 copies (server sum 1130.878 ms)
  batch 2/3: 1.260024 sec, 5 copies (server sum 1155.321 ms)
  batch 3/3: 1.225689 sec, 5 copies (server sum 1161.697 ms)
  slope: pkg 5.712 J/exec (intercept 0.8656 J), wall 0.228082 s/exec (intercept 0.098856 s)
[41/53] queries/tpch/tpch-queries/q16/v2_not_exists.sql (2 warmup [warm ones = N=1 anchor] + 3 x5)
  warmup 1/2: 0.255743 sec, 1 copy (cache prime)
  warmup 2/2: 0.320658 sec, 1 copy (N=1 anchor)
  batch 1/3: 1.172402 sec, 5 copies (server sum 1071.191 ms)
  batch 2/3: 1.141838 sec, 5 copies (server sum 1044.469 ms)
  batch 3/3: 1.178497 sec, 5 copies (server sum 1077.568 ms)
  slope: pkg 5.187 J/exec (intercept 0.7155 J), wall 0.210897 s/exec (intercept 0.109761 s)
[42/53] queries/tpch/tpch-queries/q17/v2_decorrelate.sql (2 warmup [warm ones = N=1 anchor] + 3 x5)
  warmup 1/2: 2.583249 sec, 1 copy (cache prime)
  warmup 2/2: 2.590847 sec, 1 copy (N=1 anchor)
  batch 1/3: 12.379929 sec, 5 copies (server sum 12287.100 ms)
  batch 2/3: 12.350536 sec, 5 copies (server sum 12255.571 ms)
  batch 3/3: 12.268279 sec, 5 copies (server sum 12181.208 ms)
  slope: pkg 49.67 J/exec (intercept 1.362 J), wall 2.435517 s/exec (intercept 0.155331 s)
[43/53] queries/tpch/tpch-queries/q18/base.sql (2 warmup [warm ones = N=1 anchor] + 3 x5)
  warmup 1/2: 2.588498 sec, 1 copy (cache prime)
  warmup 2/2: 2.643615 sec, 1 copy (N=1 anchor)
  batch 1/3: 12.842790 sec, 5 copies (server sum 12737.763 ms)
  batch 2/3: 13.057103 sec, 5 copies (server sum 12944.936 ms)
  batch 3/3: 12.933341 sec, 5 copies (server sum 12823.820 ms)
  slope: pkg 53 J/exec (intercept 20.42 J), wall 2.575199 s/exec (intercept 0.068416 s)
[44/53] queries/tpch/tpch-queries/q18/v1_materialized.sql (2 warmup [warm ones = N=1 anchor] + 3 x5)
  warmup 1/2: 2.814197 sec, 1 copy (cache prime)
  warmup 2/2: 2.843337 sec, 1 copy (N=1 anchor)
  batch 1/3: 13.256538 sec, 5 copies (server sum 13146.815 ms)
  batch 2/3: 13.191547 sec, 5 copies (server sum 13088.428 ms)
  batch 3/3: 13.024603 sec, 5 copies (server sum 12911.740 ms)
  slope: pkg 56.56 J/exec (intercept 5.847 J), wall 2.578556 s/exec (intercept 0.264781 s)
[45/53] queries/tpch/tpch-queries/q18/v2_join.sql (2 warmup [warm ones = N=1 anchor] + 3 x5)
  warmup 1/2: 2.818886 sec, 1 copy (cache prime)
  warmup 2/2: 2.830842 sec, 1 copy (N=1 anchor)
  batch 1/3: 13.149200 sec, 5 copies (server sum 13031.726 ms)
  batch 2/3: 13.011516 sec, 5 copies (server sum 12901.501 ms)
  batch 3/3: 12.824814 sec, 5 copies (server sum 12694.092 ms)
  slope: pkg 55.65 J/exec (intercept 6.591 J), wall 2.541084 s/exec (intercept 0.289758 s)
[46/53] queries/tpch/tpch-queries/q19/base.sql (2 warmup [warm ones = N=1 anchor] + 3 x5)
  warmup 1/2: 0.542544 sec, 1 copy (cache prime)
  warmup 2/2: 0.574658 sec, 1 copy (N=1 anchor)
  batch 1/3: 2.239629 sec, 5 copies (server sum 2193.008 ms)
  batch 2/3: 2.318035 sec, 5 copies (server sum 2211.636 ms)
  batch 3/3: 2.276966 sec, 5 copies (server sum 2215.086 ms)
  slope: pkg 9.658 J/exec (intercept 2.268 J), wall 0.425888 s/exec (intercept 0.148770 s)
[47/53] queries/tpch/tpch-queries/q19/v1_materialized.sql (2 warmup [warm ones = N=1 anchor] + 3 x5)
  warmup 1/2: 0.581777 sec, 1 copy (cache prime)
  warmup 2/2: 0.558289 sec, 1 copy (N=1 anchor)
  batch 1/3: 2.284215 sec, 5 copies (server sum 2173.225 ms)
  batch 2/3: 2.310815 sec, 5 copies (server sum 2206.426 ms)
  batch 3/3: 2.327950 sec, 5 copies (server sum 2216.696 ms)
  slope: pkg 10.04 J/exec (intercept 1.293 J), wall 0.437343 s/exec (intercept 0.120947 s)
[48/53] queries/tpch/tpch-queries/q19/v2_union_all.sql (2 warmup [warm ones = N=1 anchor] + 3 x5)
  warmup 1/2: 1.373474 sec, 1 copy (cache prime)
  warmup 2/2: 1.368364 sec, 1 copy (N=1 anchor)
  batch 1/3: 6.418582 sec, 5 copies (server sum 6307.183 ms)
  batch 2/3: 6.408002 sec, 5 copies (server sum 6305.106 ms)
  batch 3/3: 6.400926 sec, 5 copies (server sum 6298.616 ms)
  slope: pkg 27.6 J/exec (intercept 2.492 J), wall 1.260201 s/exec (intercept 0.108163 s)
[49/53] queries/tpch/tpch-queries/q21/base.sql (2 warmup [warm ones = N=1 anchor] + 3 x5)
  warmup 1/2: 0.662668 sec, 1 copy (cache prime)
  warmup 2/2: 0.643399 sec, 1 copy (N=1 anchor)
  batch 1/3: 2.783245 sec, 5 copies (server sum 2677.974 ms)
  batch 2/3: 2.792202 sec, 5 copies (server sum 2683.300 ms)
  batch 3/3: 2.784681 sec, 5 copies (server sum 2679.012 ms)
  slope: pkg 11.8 J/exec (intercept 2.328 J), wall 0.535828 s/exec (intercept 0.107571 s)
[50/53] queries/tpch/tpch-queries/q21/v1_materialized.sql (2 warmup [warm ones = N=1 anchor] + 3 x5)
  warmup 1/2: 0.641798 sec, 1 copy (cache prime)
  warmup 2/2: 0.644826 sec, 1 copy (N=1 anchor)
  batch 1/3: 2.764771 sec, 5 copies (server sum 2661.119 ms)
  batch 2/3: 2.785080 sec, 5 copies (server sum 2678.751 ms)
  batch 3/3: 2.784226 sec, 5 copies (server sum 2681.144 ms)
  slope: pkg 11.79 J/exec (intercept 2.162 J), wall 0.533300 s/exec (intercept 0.111526 s)
[51/53] queries/tpch/tpch-queries/q22/base.sql (2 warmup [warm ones = N=1 anchor] + 3 x5)
  warmup 1/2: 0.166786 sec, 1 copy (cache prime)
  warmup 2/2: 0.108453 sec, 1 copy (N=1 anchor)
  batch 1/3: 0.340430 sec, 5 copies (server sum 288.751 ms)
  batch 2/3: 0.437673 sec, 5 copies (server sum 320.130 ms)
  batch 3/3: 0.421220 sec, 5 copies (server sum 308.870 ms)
  slope: pkg 1.471 J/exec (intercept 0.2289 J), wall 0.072830 s/exec (intercept 0.035623 s)
[52/53] queries/tpch/tpch-queries/q22/v1_materialized.sql (2 warmup [warm ones = N=1 anchor] + 3 x5)
  warmup 1/2: 0.191431 sec, 1 copy (cache prime)
  warmup 2/2: 0.102776 sec, 1 copy (N=1 anchor)
  batch 1/3: 0.321484 sec, 5 copies (server sum 276.602 ms)
  batch 2/3: 0.429972 sec, 5 copies (server sum 320.159 ms)
  batch 3/3: 0.441219 sec, 5 copies (server sum 328.722 ms)
  slope: pkg 1.368 J/exec (intercept 0.6151 J), wall 0.073696 s/exec (intercept 0.029080 s)
[53/53] queries/tpch/tpch-queries/q22/v2_anti_join.sql (2 warmup [warm ones = N=1 anchor] + 3 x5)
  warmup 1/2: 0.246257 sec, 1 copy (cache prime)
  warmup 2/2: 0.150595 sec, 1 copy (N=1 anchor)
  batch 1/3: 0.652134 sec, 5 copies (server sum 552.399 ms)
  batch 2/3: 0.666804 sec, 5 copies (server sum 558.151 ms)
  batch 3/3: 0.680330 sec, 5 copies (server sum 569.207 ms)
  slope: pkg 2.856 J/exec (intercept 0.9983 J), wall 0.128957 s/exec (intercept 0.021639 s)

Done. Batch rows appended to logs/work_mem/wm_16MB/query_timing_tpch.csv
Per-copy samples appended to logs/work_mem/wm_16MB/query_samples_tpch.csv
Relation sizes appended to logs/work_mem/wm_16MB/query_catalog_tpch.csv
Per-query slope/intercept appended to logs/work_mem/wm_16MB/query_slope_tpch.csv
make: Leaving directory '/home/user01/GreenSQL'
